%Warning-EOFNEWLINE: rtl/vendor/jt5205/hdl\jt5205.v:94:10: Missing newline at end of file (POSIX 3.206).
                                                         : ... Suggest add newline.
   94 | endmodule
      |          ^
                     ... For warning description see https://verilator.org/warn/EOFNEWLINE?v=5.051
                     ... Use "/* verilator lint_off EOFNEWLINE */" and lint_on around source to disable this message.
%Warning-EOFNEWLINE: rtl/vendor/jt5205/hdl\jt5205_timing.v:72:10: Missing newline at end of file (POSIX 3.206).
                                                                : ... Suggest add newline.
   72 | endmodule
      |          ^
%Warning-EOFNEWLINE: rtl/derived\jt5205_adpcm.v:120:10: Missing newline at end of file (POSIX 3.206).
                                                      : ... Suggest add newline.
  120 | endmodule
      |          ^
%Warning-DECLFILENAME: rtl\drmicro_clock_en.sv:2:8: Filename 'drmicro_clock_en' does not match MODULE name: 'drmicro_ce'
    2 | module drmicro_ce #(parameter integer RATE=3072000, CLOCK=50000000, INITIAL_PHASE=0)(
      |        ^~~~~~~~~~
                       ... For warning description see https://verilator.org/warn/DECLFILENAME?v=5.051
                       ... Use "/* verilator lint_off DECLFILENAME */" and lint_on around source to disable this message.
%Warning-PINCONNECTEMPTY: rtl\drmicro_sound.sv:13:112: Instance pin connected by name with empty reference: 'digital'
   13 |  sn76496_jt89 sn0(.clk(clk),.reset(reset),.ce(psg_ce),.write(io_write&&port_addr==0),.data(data),.sound(psg0),.digital(),.noise_state());
      |                                                                                                                ^~~~~~~
                          ... For warning description see https://verilator.org/warn/PINCONNECTEMPTY?v=5.051
                          ... Use "/* verilator lint_off PINCONNECTEMPTY */" and lint_on around source to disable this message.
%Warning-PINCONNECTEMPTY: rtl\drmicro_sound.sv:13:123: Instance pin connected by name with empty reference: 'noise_state'
   13 |  sn76496_jt89 sn0(.clk(clk),.reset(reset),.ce(psg_ce),.write(io_write&&port_addr==0),.data(data),.sound(psg0),.digital(),.noise_state());
      |                                                                                                                           ^~~~~~~~~~~
%Warning-PINCONNECTEMPTY: rtl\drmicro_sound.sv:14:112: Instance pin connected by name with empty reference: 'digital'
   14 |  sn76496_jt89 sn1(.clk(clk),.reset(reset),.ce(psg_ce),.write(io_write&&port_addr==1),.data(data),.sound(psg1),.digital(),.noise_state());
      |                                                                                                                ^~~~~~~
%Warning-PINCONNECTEMPTY: rtl\drmicro_sound.sv:14:123: Instance pin connected by name with empty reference: 'noise_state'
   14 |  sn76496_jt89 sn1(.clk(clk),.reset(reset),.ce(psg_ce),.write(io_write&&port_addr==1),.data(data),.sound(psg1),.digital(),.noise_state());
      |                                                                                                                           ^~~~~~~~~~~
%Warning-PINCONNECTEMPTY: rtl\drmicro_sound.sv:15:112: Instance pin connected by name with empty reference: 'digital'
   15 |  sn76496_jt89 sn2(.clk(clk),.reset(reset),.ce(psg_ce),.write(io_write&&port_addr==2),.data(data),.sound(psg2),.digital(),.noise_state());
      |                                                                                                                ^~~~~~~
%Warning-PINCONNECTEMPTY: rtl\drmicro_sound.sv:15:123: Instance pin connected by name with empty reference: 'noise_state'
   15 |  sn76496_jt89 sn2(.clk(clk),.reset(reset),.ce(psg_ce),.write(io_write&&port_addr==2),.data(data),.sound(psg2),.digital(),.noise_state());
      |                                                                                                                           ^~~~~~~~~~~
%Warning-PINCONNECTEMPTY: rtl\drmicro_sound.sv:19:155: Instance pin connected by name with empty reference: 'irq'
   19 |  jt5205 #(.INTERPOL(0),.VCLK_CEN(1)) decoder(.rst(reset|pcm_reset),.clk(clk),.cen(adpcm_ce),.sel(2'd1),.din(nibble),.sound(adpcm),.sample(sample_strobe),.irq(),.vclk_o(vclk));
      |                                                                                                                                                           ^~~
%Warning-PINCONNECTEMPTY: rtl\drmicro_core.sv:47:274: Instance pin connected by name with empty reference: 'busak_n'
   47 |  tv80s #(.Mode(0),.T2Write(0),.IOWait(1)) cpu(.clk(clk),.cen(cpu_ce),.reset_n(running),.wait_n(1'b1),.int_n(1'b1),.nmi_n(nmi_n),.busrq_n(1'b1),.di(di),.dout(dout),.A(addr),.mreq_n(mreq_n),.iorq_n(iorq_n),.rd_n(rd_n),.wr_n(wr_n),.rfsh_n(rfsh_n),.m1_n(m1_n),.halt_n(halt_n),.busak_n());
      |                                                                                                                                                                                                                                                                                  ^~~~~~~
%Warning-PINCONNECTEMPTY: rtl\drmicro_core.sv:65:247: Instance pin connected by name with empty reference: 'sample_strobe'
   65 |  drmicro_sound sound(.clk(clk),.reset(!running),.psg_ce(cpu_ce),.adpcm_ce(adpcm_ce),.io_write(io_write&&running),.port_addr(addr[7:0]),.data(dout),.sample_addr(sa),.sample_data(sd),.audio(audio),.psg0(psg0),.psg1(psg1),.psg2(psg2),.adpcm(adpcm),.sample_strobe(),.sample_position());
      |                                                                                                                                                                                                                                                       ^~~~~~~~~~~~~
%Warning-PINCONNECTEMPTY: rtl\drmicro_core.sv:65:264: Instance pin connected by name with empty reference: 'sample_position'
   65 |  drmicro_sound sound(.clk(clk),.reset(!running),.psg_ce(cpu_ce),.adpcm_ce(adpcm_ce),.io_write(io_write&&running),.port_addr(addr[7:0]),.data(dout),.sample_addr(sa),.sample_data(sd),.audio(audio),.psg0(psg0),.psg1(psg1),.psg2(psg2),.adpcm(adpcm),.sample_strobe(),.sample_position());
      |                                                                                                                                                                                                                                                                        ^~~~~~~~~~~~~~~
%Warning-PINCONNECTEMPTY: rtl/vendor/tv80\tv80s.v:88:7: Instance pin connected by name with empty reference: 'IntE'
   88 |      .IntE (),
      |       ^~~~
%Warning-PINCONNECTEMPTY: rtl/vendor/tv80\tv80s.v:89:7: Instance pin connected by name with empty reference: 'stop'
   89 |      .stop (),
      |       ^~~~
%Warning-PINCONNECTEMPTY: rtl/vendor/jt5205/hdl\jt5205.v:64:6: Instance pin connected by name with empty reference: 'cenb_lo'
   64 |     .cenb_lo(           ),
      |      ^~~~~~~
%Warning-GENUNNAMED: rtl/vendor/jt5205/hdl\jt5205.v:78:25: Unnamed generate block 'genblk1' (IEEE 1800-2023 27.6)
                                                         : ... Suggest assign a label with 'begin : gen_<label_name>'
   78 |     if( INTERPOL == 1 ) begin
      |                         ^~~~~
                     ... For warning description see https://verilator.org/warn/GENUNNAMED?v=5.051
                     ... Use "/* verilator lint_off GENUNNAMED */" and lint_on around source to disable this message.
%Warning-GENUNNAMED: rtl/vendor/jt5205/hdl\jt5205.v:87:14: Unnamed generate block 'genblk1' (IEEE 1800-2023 27.6)
                                                         : ... Suggest assign a label with 'begin : gen_<label_name>'
   87 |     end else begin
      |              ^~~~~
%Warning-UNUSEDSIGNAL: rtl\drmicro_inputs.sv:4:21: Bits of signal are not used: 'joy0'[31:9]
                                                 : ... note: In instance 'drmicro_core.inputs'
    4 |  input logic [31:0] joy0,joy1,
      |                     ^~~~
                       ... For warning description see https://verilator.org/warn/UNUSEDSIGNAL?v=5.051
                       ... Use "/* verilator lint_off UNUSEDSIGNAL */" and lint_on around source to disable this message.
%Warning-UNUSEDSIGNAL: rtl\drmicro_inputs.sv:4:26: Bits of signal are not used: 'joy1'[31:7]
                                                 : ... note: In instance 'drmicro_core.inputs'
    4 |  input logic [31:0] joy0,joy1,
      |                          ^~~~
%Warning-UNUSEDSIGNAL: rtl\drmicro_inputs.sv:9:15: Bits of signal are not used: 'keys'[15:14]
                                                 : ... note: In instance 'drmicro_core.inputs'
    9 |  logic [15:0] keys;
      |               ^~~~
%Warning-UNUSEDSIGNAL: rtl\drmicro_video.sv:28:42: Bits of signal are not used: 'sattr'[5:4]
                                                 : ... note: In instance 'drmicro_core.video'
   28 |  logic [7:0] target,code,attr,sy,sx,schr,sattr;
      |                                          ^~~~~
%Warning-UNUSEDSIGNAL: rtl\drmicro_video.sv:39:14: Bits of signal are not used: 'sample_x'[3]
                                                 : ... note: In instance 'drmicro_core.video'
   39 |  logic [3:0] sample_x;
      |              ^~~~~~~~
%Warning-UNUSEDSIGNAL: rtl/vendor/tv80\tv80s.v:67:17: Bits of signal are not used: 'mcycle'[6:1]
                                                    : ... note: In instance 'drmicro_core.cpu'
   67 |   wire [6:0]    mcycle;
      |                 ^~~~~~
%Warning-UNUSEDSIGNAL: rtl/vendor/tv80\tv80s.v:68:17: Bits of signal are not used: 'tstate'[6:4,0]
                                                    : ... note: In instance 'drmicro_core.cpu'
   68 |   wire [6:0]    tstate;
      |                 ^~~~~~
%Warning-UNUSEDPARAM: rtl\drmicro_pkg.sv:3:20: Parameter is not used: 'ROM_MAINCPU_BASE'
                                             : ... note: In instance 'drmicro_core.pixel_clock'
    3 | localparam integer ROM_MAINCPU_BASE=0, ROM_MAINCPU_SIZE=49152;
      |                    ^~~~~~~~~~~~~~~~
                      ... For warning description see https://verilator.org/warn/UNUSEDPARAM?v=5.051
                      ... Use "/* verilator lint_off UNUSEDPARAM */" and lint_on around source to disable this message.
%Warning-UNUSEDPARAM: rtl\drmicro_pkg.sv:3:40: Parameter is not used: 'ROM_MAINCPU_SIZE'
                                             : ... note: In instance 'drmicro_core.pixel_clock'
    3 | localparam integer ROM_MAINCPU_BASE=0, ROM_MAINCPU_SIZE=49152;
      |                                        ^~~~~~~~~~~~~~~~
%Warning-UNUSEDPARAM: rtl\drmicro_pkg.sv:4:41: Parameter is not used: 'ROM_GFX1_SIZE'
                                             : ... note: In instance 'drmicro_core.pixel_clock'
    4 | localparam integer ROM_GFX1_BASE=49152, ROM_GFX1_SIZE=16384;
      |                                         ^~~~~~~~~~~~~
%Warning-UNUSEDPARAM: rtl\drmicro_pkg.sv:5:41: Parameter is not used: 'ROM_GFX2_SIZE'
                                             : ... note: In instance 'drmicro_core.pixel_clock'
    5 | localparam integer ROM_GFX2_BASE=65536, ROM_GFX2_SIZE=24576;
      |                                         ^~~~~~~~~~~~~
%Warning-UNUSEDPARAM: rtl\drmicro_pkg.sv:6:42: Parameter is not used: 'ROM_ADPCM_SIZE'
                                             : ... note: In instance 'drmicro_core.pixel_clock'
    6 | localparam integer ROM_ADPCM_BASE=90112, ROM_ADPCM_SIZE=16384;
      |                                          ^~~~~~~~~~~~~~
%Warning-UNUSEDPARAM: rtl\drmicro_pkg.sv:7:43: Parameter is not used: 'ROM_PROMS_SIZE'
                                             : ... note: In instance 'drmicro_core.pixel_clock'
    7 | localparam integer ROM_PROMS_BASE=106496, ROM_PROMS_SIZE=544;
      |                                           ^~~~~~~~~~~~~~
%Warning-UNUSEDPARAM: rtl\drmicro_pkg.sv:9:24: Parameter is not used: 'DIP1_DEFAULT'
                                             : ... note: In instance 'drmicro_core.pixel_clock'
    9 | localparam logic [7:0] DIP1_DEFAULT=8'h4d, DIP2_DEFAULT=8'h00;
      |                        ^~~~~~~~~~~~
%Warning-UNUSEDPARAM: rtl\drmicro_pkg.sv:9:44: Parameter is not used: 'DIP2_DEFAULT'
                                             : ... note: In instance 'drmicro_core.pixel_clock'
    9 | localparam logic [7:0] DIP1_DEFAULT=8'h4d, DIP2_DEFAULT=8'h00;
      |                                            ^~~~~~~~~~~~
%Warning-UNUSEDSIGNAL: rtl\drmicro_adpcm_ctrl.sv:5:20: Bits of signal are not used: 'command'[7:6]
                                                     : ... note: In instance 'drmicro_core.sound.ctrl'
    5 |  input logic [7:0] command,
      |                    ^~~~~~~
%Warning-UNUSEDSIGNAL: rtl/vendor/jt5205/hdl\jt5205.v:46:28: Signal is not used: 'cen_mid'
                                                           : ... note: In instance 'drmicro_core.sound.decoder'
   46 | wire               cen_lo, cen_mid;
      |                            ^~~~~~~
%Warning-UNUSEDPARAM: rtl/derived\tv80_core.v:87:17: Parameter is not used: 'aNone'
                                                   : ... note: In instance 'drmicro_core.cpu.i_tv80_core'
   87 |   parameter     aNone    = 3'b111;
      |                 ^~~~~
%Warning-UNUSEDPARAM: rtl/derived\tv80_mcode.v:40:25: Parameter is not used: 'Flag_N'
                                                    : ... note: In instance 'drmicro_core.cpu.i_tv80_core.i_mcode'
   40 |   parameter             Flag_N = 1;
      |                         ^~~~~~
%Warning-UNUSEDPARAM: rtl/derived\tv80_mcode.v:41:25: Parameter is not used: 'Flag_P'
                                                    : ... note: In instance 'drmicro_core.cpu.i_tv80_core.i_mcode'
   41 |   parameter             Flag_P = 2;
      |                         ^~~~~~
%Warning-UNUSEDPARAM: rtl/derived\tv80_mcode.v:42:25: Parameter is not used: 'Flag_X'
                                                    : ... note: In instance 'drmicro_core.cpu.i_tv80_core.i_mcode'
   42 |   parameter             Flag_X = 3;
      |                         ^~~~~~
%Warning-UNUSEDPARAM: rtl/derived\tv80_mcode.v:43:25: Parameter is not used: 'Flag_H'
                                                    : ... note: In instance 'drmicro_core.cpu.i_tv80_core.i_mcode'
   43 |   parameter             Flag_H = 4;
      |                         ^~~~~~
%Warning-UNUSEDPARAM: rtl/derived\tv80_mcode.v:44:25: Parameter is not used: 'Flag_Y'
                                                    : ... note: In instance 'drmicro_core.cpu.i_tv80_core.i_mcode'
   44 |   parameter             Flag_Y = 5;
      |                         ^~~~~~
%Warning-UNUSEDPARAM: rtl/derived\tv80_mcode.v:46:25: Parameter is not used: 'Flag_S'
                                                    : ... note: In instance 'drmicro_core.cpu.i_tv80_core.i_mcode'
   46 |   parameter             Flag_S = 7;
      |                         ^~~~~~
%Warning-UNUSEDSIGNAL: rtl/derived\tv80_mcode.v:165:17: Bits of function variable are not used: 'FF'[5,3,1]
                                                      : ... note: In instance 'drmicro_core.cpu.i_tv80_core.i_mcode'
  165 |     input [7:0] FF;
      |                 ^~
%Warning-UNUSEDSIGNAL: rtl/vendor/tv80\tv80_reg.v:65:14: Signal is not used: 'B'
                                                       : ... note: In instance 'drmicro_core.cpu.i_tv80_core.i_reg'
   65 |   wire [7:0] B = RegsH[0];
      |              ^
%Warning-UNUSEDSIGNAL: rtl/vendor/tv80\tv80_reg.v:66:14: Signal is not used: 'C'
                                                       : ... note: In instance 'drmicro_core.cpu.i_tv80_core.i_reg'
   66 |   wire [7:0] C = RegsL[0];
      |              ^
%Warning-UNUSEDSIGNAL: rtl/vendor/tv80\tv80_reg.v:67:14: Signal is not used: 'D'
                                                       : ... note: In instance 'drmicro_core.cpu.i_tv80_core.i_reg'
   67 |   wire [7:0] D = RegsH[1];
      |              ^
%Warning-UNUSEDSIGNAL: rtl/vendor/tv80\tv80_reg.v:68:14: Signal is not used: 'E'
                                                       : ... note: In instance 'drmicro_core.cpu.i_tv80_core.i_reg'
   68 |   wire [7:0] E = RegsL[1];
      |              ^
%Warning-UNUSEDSIGNAL: rtl/vendor/tv80\tv80_reg.v:69:14: Signal is not used: 'H'
                                                       : ... note: In instance 'drmicro_core.cpu.i_tv80_core.i_reg'
   69 |   wire [7:0] H = RegsH[2];
      |              ^
%Warning-UNUSEDSIGNAL: rtl/vendor/tv80\tv80_reg.v:70:14: Signal is not used: 'L'
                                                       : ... note: In instance 'drmicro_core.cpu.i_tv80_core.i_reg'
   70 |   wire [7:0] L = RegsL[2];
      |              ^
%Warning-UNUSEDSIGNAL: rtl/vendor/tv80\tv80_reg.v:72:15: Signal is not used: 'IX'
                                                       : ... note: In instance 'drmicro_core.cpu.i_tv80_core.i_reg'
   72 |   wire [15:0] IX = { RegsH[3], RegsL[3] };
      |               ^~
%Warning-UNUSEDSIGNAL: rtl/vendor/tv80\tv80_reg.v:73:15: Signal is not used: 'IY'
                                                       : ... note: In instance 'drmicro_core.cpu.i_tv80_core.i_reg'
   73 |   wire [15:0] IY = { RegsH[7], RegsL[7] };
      |               ^~
%Warning-PROCASSINIT: rtl/vendor/jt5205/hdl\jt5205_timing.v:31:15: Procedural assignment to declaration with initial value: 'cnt'
                                                                 : ... note: In instance 'drmicro_core.sound.decoder.u_timing'
                                                                 : ... Location of variable initialization
   31 | reg [6:0] cnt=0;
      |               ^
                      rtl/vendor/jt5205/hdl\jt5205_timing.v:46:7: ... Location of variable process write
                                                                : ... Perhaps should initialize instead using a reset in this process
   46 |       cnt    <= 0;
      |       ^~~
                      ... For warning description see https://verilator.org/warn/PROCASSINIT?v=5.051
                      ... Use "/* verilator lint_off PROCASSINIT */" and lint_on around source to disable this message.
%Warning-PROCASSINIT: rtl/vendor/jt5205/hdl\jt5205_timing.v:32:15: Procedural assignment to declaration with initial value: 'pre'
                                                                 : ... note: In instance 'drmicro_core.sound.decoder.u_timing'
                                                                 : ... Location of variable initialization
   32 | reg       pre=0, preb=0;
      |               ^
                      rtl/vendor/jt5205/hdl\jt5205_timing.v:52:9: ... Location of variable process write
                                                                : ... Perhaps should initialize instead using a reset in this process
   52 |         pre    <= 0;
      |         ^~~
%Warning-PROCASSINIT: rtl/vendor/jt5205/hdl\jt5205_timing.v:32:23: Procedural assignment to declaration with initial value: 'preb'
                                                                 : ... note: In instance 'drmicro_core.sound.decoder.u_timing'
                                                                 : ... Location of variable initialization
   32 | reg       pre=0, preb=0;
      |                       ^
                      rtl/vendor/jt5205/hdl\jt5205_timing.v:53:9: ... Location of variable process write
                                                                : ... Perhaps should initialize instead using a reset in this process
   53 |         preb   <= 0;
      |         ^~~~
%Warning-VARHIDDEN: rtl/vendor/tv80\tv80_alu.v:56:17: Declaration of signal hides declaration in upper scope: 'A'
                                                    : ... note: In instance 'drmicro_core.cpu.i_tv80_core'
   56 |     input [3:0] A;
      |                 ^
                    rtl/derived\tv80_core.v:62:17: ... Location of original declaration
   62 |   output [15:0] A;
      |                 ^
                    ... For warning description see https://verilator.org/warn/VARHIDDEN?v=5.051
                    ... Use "/* verilator lint_off VARHIDDEN */" and lint_on around source to disable this message.
%Warning-VARHIDDEN: rtl/vendor/tv80\tv80_alu.v:66:17: Declaration of signal hides declaration in upper scope: 'A'
                                                    : ... note: In instance 'drmicro_core.cpu.i_tv80_core'
   66 |     input [2:0] A;
      |                 ^
                    rtl/derived\tv80_core.v:62:17: ... Location of original declaration
   62 |   output [15:0] A;
      |                 ^
%Warning-VARHIDDEN: rtl/vendor/tv80\tv80_alu.v:76:11: Declaration of signal hides declaration in upper scope: 'A'
                                                    : ... note: In instance 'drmicro_core.cpu.i_tv80_core'
   76 |     input A;
      |           ^
                    rtl/derived\tv80_core.v:62:17: ... Location of original declaration
   62 |   output [15:0] A;
      |                 ^
%Warning-SYNCASYNCNET: rtl\drmicro_core.sv:17:33: Signal flopped as both synchronous and async: 'running'
                       rtl/vendor/tv80\tv80s.v:101:12: ... Location of async usage
  101 |       if (!reset_n)
      |            ^~~~~~~
                       rtl\drmicro_core.sv:52:7: ... Location of sync usage
   52 |   if(!running)begin nmi_enable<=0;flip<=0;nmi_hold<=0;end
      |       ^~~~~~~
                       ... For warning description see https://verilator.org/warn/SYNCASYNCNET?v=5.051
                       ... Use "/* verilator lint_off SYNCASYNCNET */" and lint_on around source to disable this message.
%Warning-SYNCASYNCNET: rtl/vendor/jt5205/hdl\jt5205.v:20:28: Signal flopped as both synchronous and async: 'drmicro_core.sound.__Vcellinp__decoder__rst'
                                                           : ... note: In instance 'drmicro_core'
                       rtl/derived\jt5205_adpcm.v:46:9: ... Location of async usage
   46 |     if( rst ) begin
      |         ^~~
                       rtl/derived\jt5205_adpcm.v:72:9: ... Location of sync usage
   72 |     if( rst ) begin
      |         ^~~
- V e r i l a t i o n   R e p o r t: Verilator 5.051 devel rev v5.050-312-gb1c06fdb0 (mod)
- Verilator: Built from 1.781 MB sources in 21 modules, into 1.231 MB in 12 C++ files needing 0.000 MB
- Verilator: Walltime 0.448 s (elab=0.022, cvt=0.370, bld=0.000); cpu 0.000 s on 1 threads; allocated 79.832 MB
