----------------
; Command Info ;
----------------
Report Timing: Found 5 setup paths (0 violated).  Worst case slack is 0.580 

Tcl Command:
    report_timing -setup -file reports/quartus_corner_0_setup.rpt -npaths 5 -detail full_path

Options:
    -setup 
    -npaths 5 
    -detail full_path 
    -file {reports/quartus_corner_0_setup.rpt} 

Delay Model:
    Slow 1100mV 100C Model

+----------------------------------------------------------------------------------------------------------------------------------------------------------------------------------------------------------------------------------------------------------------------------------------+
; Summary of Paths                                                                                                                                                                                                                                                                       ;
+-------+-------------------------------+-------------------------------+-----------------------------------------------------------------------------------+-----------------------------------------------------------------------------------+--------------+------------+------------+
; Slack ; From Node                     ; To Node                       ; Launch Clock                                                                      ; Latch Clock                                                                       ; Relationship ; Clock Skew ; Data Delay ;
+-------+-------------------------------+-------------------------------+-----------------------------------------------------------------------------------+-----------------------------------------------------------------------------------+--------------+------------+------------+
; 0.580 ; ascal:ascal|o_h_poly_t.g1[10] ; ascal:ascal|o_h_poly_pix.g[3] ; pll_hdmi|pll_hdmi_inst|altera_pll_i|cyclonev_pll|counter[0].output_counter|divclk ; pll_hdmi|pll_hdmi_inst|altera_pll_i|cyclonev_pll|counter[0].output_counter|divclk ; 6.732        ; -0.876     ; 5.076      ;
; 0.580 ; ascal:ascal|o_h_poly_t.g1[10] ; ascal:ascal|o_h_poly_pix.g[5] ; pll_hdmi|pll_hdmi_inst|altera_pll_i|cyclonev_pll|counter[0].output_counter|divclk ; pll_hdmi|pll_hdmi_inst|altera_pll_i|cyclonev_pll|counter[0].output_counter|divclk ; 6.732        ; -0.876     ; 5.076      ;
; 0.580 ; ascal:ascal|o_h_poly_t.g1[10] ; ascal:ascal|o_h_poly_pix.g[7] ; pll_hdmi|pll_hdmi_inst|altera_pll_i|cyclonev_pll|counter[0].output_counter|divclk ; pll_hdmi|pll_hdmi_inst|altera_pll_i|cyclonev_pll|counter[0].output_counter|divclk ; 6.732        ; -0.876     ; 5.076      ;
; 0.585 ; ascal:ascal|o_h_poly_t.g1[10] ; ascal:ascal|o_h_poly_pix.g[0] ; pll_hdmi|pll_hdmi_inst|altera_pll_i|cyclonev_pll|counter[0].output_counter|divclk ; pll_hdmi|pll_hdmi_inst|altera_pll_i|cyclonev_pll|counter[0].output_counter|divclk ; 6.732        ; -0.871     ; 5.076      ;
; 0.585 ; ascal:ascal|o_h_poly_t.g1[10] ; ascal:ascal|o_h_poly_pix.g[1] ; pll_hdmi|pll_hdmi_inst|altera_pll_i|cyclonev_pll|counter[0].output_counter|divclk ; pll_hdmi|pll_hdmi_inst|altera_pll_i|cyclonev_pll|counter[0].output_counter|divclk ; 6.732        ; -0.871     ; 5.076      ;
+-------+-------------------------------+-------------------------------+-----------------------------------------------------------------------------------+-----------------------------------------------------------------------------------+--------------+------------+------------+

Path #1: Setup slack is 0.580 
===============================================================================
+--------------------------------------------------------------------------------------------------------+
; Path Summary                                                                                           ;
+--------------------+-----------------------------------------------------------------------------------+
; Property           ; Value                                                                             ;
+--------------------+-----------------------------------------------------------------------------------+
; From Node          ; ascal:ascal|o_h_poly_t.g1[10]                                                     ;
; To Node            ; ascal:ascal|o_h_poly_pix.g[3]                                                     ;
; Launch Clock       ; pll_hdmi|pll_hdmi_inst|altera_pll_i|cyclonev_pll|counter[0].output_counter|divclk ;
; Latch Clock        ; pll_hdmi|pll_hdmi_inst|altera_pll_i|cyclonev_pll|counter[0].output_counter|divclk ;
; Data Arrival Time  ; 14.095                                                                            ;
; Data Required Time ; 14.675                                                                            ;
; Slack              ; 0.580                                                                             ;
+--------------------+-----------------------------------------------------------------------------------+

+--------------------------------------------------------------------------------------+
; Statistics                                                                           ;
+------------------------+--------+-------+-------------+------------+--------+--------+
; Property               ; Value  ; Count ; Total Delay ; % of Total ; Min    ; Max    ;
+------------------------+--------+-------+-------------+------------+--------+--------+
; Setup Relationship     ; 6.732  ;       ;             ;            ;        ;        ;
; Clock Skew             ; -0.876 ;       ;             ;            ;        ;        ;
; Data Delay             ; 5.076  ;       ;             ;            ;        ;        ;
; Number of Logic Levels ;        ; 1     ;             ;            ;        ;        ;
; Physical Delays        ;        ;       ;             ;            ;        ;        ;
;  Arrival Path          ;        ;       ;             ;            ;        ;        ;
;   Clock                ;        ;       ;             ;            ;        ;        ;
;    IC                  ;        ; 6     ; 4.799       ; 53         ; 0.000  ; 2.332  ;
;    Cell                ;        ; 6     ; 4.220       ; 47         ; 0.185  ; 1.745  ;
;   Data                 ;        ;       ;             ;            ;        ;        ;
;    IC                  ;        ; 18    ; 2.160       ; 43         ; 0.000  ; 1.557  ;
;    Cell                ;        ; 19    ; 2.916       ; 57         ; 0.000  ; 0.796  ;
;    uTco                ;        ; 1     ; 0.000       ; 0          ; 0.000  ; 0.000  ;
;  Required Path         ;        ;       ;             ;            ;        ;        ;
;   Clock                ;        ;       ;             ;            ;        ;        ;
;    IC                  ;        ; 6     ; 4.012       ; 55         ; 0.000  ; 1.846  ;
;    Cell                ;        ; 5     ; 3.316       ; 45         ; 0.279  ; 1.466  ;
;    PLL Compensation    ;        ; 1     ; -0.151      ; 0          ; -0.151 ; -0.151 ;
+------------------------+--------+-------+-------------+------------+--------+--------+
Note: Negative delays are omitted from totals when calculating percentages

+------------------------------------------------------------------------------------------------------------------------------------------------------------+
; Data Arrival Path                                                                                                                                          ;
+----------+---------+----+------+--------+---------------------------+--------------------------------------------------------------------------------------+
; Total    ; Incr    ; RF ; Type ; Fanout ; Location                  ; Element                                                                              ;
+----------+---------+----+------+--------+---------------------------+--------------------------------------------------------------------------------------+
; 0.000    ; 0.000   ;    ;      ;        ;                           ; launch edge time                                                                     ;
; 9.019    ; 9.019   ;    ;      ;        ;                           ; clock path                                                                           ;
;   0.000  ;   0.000 ;    ;      ;        ;                           ; source latency                                                                       ;
;   0.000  ;   0.000 ;    ;      ; 1      ; PIN_V11                   ; FPGA_CLK1_50                                                                         ;
;   0.000  ;   0.000 ; RR ; IC   ; 1      ; IOIBUF_X32_Y0_N1          ; FPGA_CLK1_50~input|i                                                                 ;
;   0.761  ;   0.761 ; RR ; CELL ; 2      ; IOIBUF_X32_Y0_N1          ; FPGA_CLK1_50~input|o                                                                 ;
;   2.086  ;   1.325 ; RR ; IC   ; 1      ; PLLREFCLKSELECT_X0_Y7_N0  ; pll_hdmi|pll_hdmi_inst|altera_pll_i|cyclonev_pll|fpll_0|REFCLK_SELECT|clkin[0]       ;
;   2.419  ;   0.333 ; RR ; CELL ; 1      ; PLLREFCLKSELECT_X0_Y7_N0  ; pll_hdmi|pll_hdmi_inst|altera_pll_i|cyclonev_pll|fpll_0|REFCLK_SELECT|clkout         ;
;   2.419  ;   0.000 ; RR ; IC   ; 10     ; FRACTIONALPLL_X0_Y1_N0    ; pll_hdmi|pll_hdmi_inst|altera_pll_i|cyclonev_pll|fpll_0|fpll|refclkin                ;
;   2.604  ;   0.185 ; RR ; CELL ; 1      ; FRACTIONALPLL_X0_Y1_N0    ; pll_hdmi|pll_hdmi_inst|altera_pll_i|cyclonev_pll|fpll_0|fpll|vcoph[0]                ;
;   2.604  ;   0.000 ; RR ; IC   ; 1      ; PLLOUTPUTCOUNTER_X0_Y5_N1 ; pll_hdmi|pll_hdmi_inst|altera_pll_i|cyclonev_pll|counter[0].output_counter|vco0ph[0] ;
;   4.349  ;   1.745 ; RR ; CELL ; 3      ; PLLOUTPUTCOUNTER_X0_Y5_N1 ; pll_hdmi|pll_hdmi_inst|altera_pll_i|cyclonev_pll|counter[0].output_counter|divclk    ;
;   5.491  ;   1.142 ; RR ; IC   ; 1      ; CLKCTRL_G4                ; pll_hdmi|pll_hdmi_inst|altera_pll_i|cyclonev_pll|divclk[0]~CLKENA0|inclk             ;
;   5.795  ;   0.304 ; RR ; CELL ; 3637   ; CLKCTRL_G4                ; pll_hdmi|pll_hdmi_inst|altera_pll_i|cyclonev_pll|divclk[0]~CLKENA0|outclk            ;
;   8.127  ;   2.332 ; RR ; IC   ; 54     ; DSP_X32_Y37_N0            ; ascal|Add171~8|clk[0]                                                                ;
;   9.019  ;   0.892 ; RR ; CELL ; 1      ; DSP_X32_Y37_N0            ; ascal:ascal|o_h_poly_t.g1[10]                                                        ;
; 14.095   ; 5.076   ;    ;      ;        ;                           ; data path                                                                            ;
;   9.019  ;   0.000 ;    ; uTco ; 1      ; DSP_X32_Y37_N0            ; ascal:ascal|o_h_poly_t.g1[10]                                                        ;
;   9.748  ;   0.729 ; RF ; CELL ; 1      ; DSP_X32_Y37_N0            ; ascal|Add171~8|resulta[10]                                                           ;
;   11.305 ;   1.557 ; FF ; IC   ; 1      ; LABCELL_X33_Y35_N6        ; ascal|Add175~66|datad                                                                ;
;   11.925 ;   0.620 ; FF ; CELL ; 1      ; LABCELL_X33_Y35_N6        ; ascal|Add175~66|cout                                                                 ;
;   11.925 ;   0.000 ; FF ; IC   ; 1      ; LABCELL_X33_Y35_N9        ; ascal|Add175~62|cin                                                                  ;
;   11.925 ;   0.000 ; FF ; CELL ; 1      ; LABCELL_X33_Y35_N9        ; ascal|Add175~62|cout                                                                 ;
;   11.925 ;   0.000 ; FF ; IC   ; 1      ; LABCELL_X33_Y35_N12       ; ascal|Add175~58|cin                                                                  ;
;   11.970 ;   0.045 ; FF ; CELL ; 1      ; LABCELL_X33_Y35_N12       ; ascal|Add175~58|cout                                                                 ;
;   11.970 ;   0.000 ; FF ; IC   ; 1      ; LABCELL_X33_Y35_N15       ; ascal|Add175~54|cin                                                                  ;
;   11.970 ;   0.000 ; FF ; CELL ; 1      ; LABCELL_X33_Y35_N15       ; ascal|Add175~54|cout                                                                 ;
;   11.970 ;   0.000 ; FF ; IC   ; 1      ; LABCELL_X33_Y35_N18       ; ascal|Add175~50|cin                                                                  ;
;   12.015 ;   0.045 ; FF ; CELL ; 1      ; LABCELL_X33_Y35_N18       ; ascal|Add175~50|cout                                                                 ;
;   12.015 ;   0.000 ; FF ; IC   ; 2      ; LABCELL_X33_Y35_N21       ; ascal|Add175~17|cin                                                                  ;
;   12.015 ;   0.000 ; FF ; CELL ; 1      ; LABCELL_X33_Y35_N21       ; ascal|Add175~17|cout                                                                 ;
;   12.015 ;   0.000 ; FF ; IC   ; 2      ; LABCELL_X33_Y35_N24       ; ascal|Add175~21|cin                                                                  ;
;   12.072 ;   0.057 ; FF ; CELL ; 1      ; LABCELL_X33_Y35_N24       ; ascal|Add175~21|cout                                                                 ;
;   12.072 ;   0.000 ; FF ; IC   ; 2      ; LABCELL_X33_Y35_N27       ; ascal|Add175~25|cin                                                                  ;
;   12.072 ;   0.000 ; FF ; CELL ; 1      ; LABCELL_X33_Y35_N27       ; ascal|Add175~25|cout                                                                 ;
;   12.072 ;   0.000 ; FF ; IC   ; 2      ; LABCELL_X33_Y35_N30       ; ascal|Add175~29|cin                                                                  ;
;   12.190 ;   0.118 ; FF ; CELL ; 1      ; LABCELL_X33_Y35_N30       ; ascal|Add175~29|cout                                                                 ;
;   12.190 ;   0.000 ; FF ; IC   ; 2      ; LABCELL_X33_Y35_N33       ; ascal|Add175~33|cin                                                                  ;
;   12.190 ;   0.000 ; FF ; CELL ; 1      ; LABCELL_X33_Y35_N33       ; ascal|Add175~33|cout                                                                 ;
;   12.190 ;   0.000 ; FF ; IC   ; 2      ; LABCELL_X33_Y35_N36       ; ascal|Add175~37|cin                                                                  ;
;   12.235 ;   0.045 ; FF ; CELL ; 1      ; LABCELL_X33_Y35_N36       ; ascal|Add175~37|cout                                                                 ;
;   12.235 ;   0.000 ; FF ; IC   ; 2      ; LABCELL_X33_Y35_N39       ; ascal|Add175~41|cin                                                                  ;
;   12.235 ;   0.000 ; FF ; CELL ; 1      ; LABCELL_X33_Y35_N39       ; ascal|Add175~41|cout                                                                 ;
;   12.235 ;   0.000 ; FF ; IC   ; 2      ; LABCELL_X33_Y35_N42       ; ascal|Add175~45|cin                                                                  ;
;   12.280 ;   0.045 ; FF ; CELL ; 1      ; LABCELL_X33_Y35_N42       ; ascal|Add175~45|cout                                                                 ;
;   12.280 ;   0.000 ; FF ; IC   ; 2      ; LABCELL_X33_Y35_N45       ; ascal|Add175~1|cin                                                                   ;
;   12.280 ;   0.000 ; FF ; CELL ; 1      ; LABCELL_X33_Y35_N45       ; ascal|Add175~1|cout                                                                  ;
;   12.280 ;   0.000 ; FF ; IC   ; 2      ; LABCELL_X33_Y35_N48       ; ascal|Add175~5|cin                                                                   ;
;   12.325 ;   0.045 ; FF ; CELL ; 1      ; LABCELL_X33_Y35_N48       ; ascal|Add175~5|cout                                                                  ;
;   12.325 ;   0.000 ; FF ; IC   ; 2      ; LABCELL_X33_Y35_N51       ; ascal|Add175~9|cin                                                                   ;
;   12.325 ;   0.000 ; FF ; CELL ; 1      ; LABCELL_X33_Y35_N51       ; ascal|Add175~9|cout                                                                  ;
;   12.325 ;   0.000 ; FF ; IC   ; 1      ; LABCELL_X33_Y35_N54       ; ascal|Add175~13|cin                                                                  ;
;   12.696 ;   0.371 ; FR ; CELL ; 16     ; LABCELL_X33_Y35_N54       ; ascal|Add175~13|sumout                                                               ;
;   13.299 ;   0.603 ; RR ; IC   ; 1      ; FF_X34_Y35_N22            ; ascal|o_h_poly_pix.g[3]|sclr                                                         ;
;   14.095 ;   0.796 ; RF ; CELL ; 1      ; FF_X34_Y35_N22            ; ascal:ascal|o_h_poly_pix.g[3]                                                        ;
+----------+---------+----+------+--------+---------------------------+--------------------------------------------------------------------------------------+

+-------------------------------------------------------------------------------------------------------------------------------------------------------------+
; Data Required Path                                                                                                                                          ;
+----------+----------+----+------+--------+---------------------------+--------------------------------------------------------------------------------------+
; Total    ; Incr     ; RF ; Type ; Fanout ; Location                  ; Element                                                                              ;
+----------+----------+----+------+--------+---------------------------+--------------------------------------------------------------------------------------+
; 6.732    ; 6.732    ;    ;      ;        ;                           ; latch edge time                                                                      ;
; 14.875   ; 8.143    ;    ;      ;        ;                           ; clock path                                                                           ;
;   6.732  ;   0.000  ;    ;      ;        ;                           ; source latency                                                                       ;
;   6.732  ;   0.000  ;    ;      ; 1      ; PIN_V11                   ; FPGA_CLK1_50                                                                         ;
;   6.732  ;   0.000  ; RR ; IC   ; 1      ; IOIBUF_X32_Y0_N1          ; FPGA_CLK1_50~input|i                                                                 ;
;   7.493  ;   0.761  ; RR ; CELL ; 2      ; IOIBUF_X32_Y0_N1          ; FPGA_CLK1_50~input|o                                                                 ;
;   8.654  ;   1.161  ; RR ; IC   ; 1      ; PLLREFCLKSELECT_X0_Y7_N0  ; pll_hdmi|pll_hdmi_inst|altera_pll_i|cyclonev_pll|fpll_0|REFCLK_SELECT|clkin[0]       ;
;   8.962  ;   0.308  ; RR ; CELL ; 1      ; PLLREFCLKSELECT_X0_Y7_N0  ; pll_hdmi|pll_hdmi_inst|altera_pll_i|cyclonev_pll|fpll_0|REFCLK_SELECT|clkout         ;
;   8.962  ;   0.000  ; RR ; IC   ; 10     ; FRACTIONALPLL_X0_Y1_N0    ; pll_hdmi|pll_hdmi_inst|altera_pll_i|cyclonev_pll|fpll_0|fpll|refclkin                ;
;   8.811  ;   -0.151 ; RR ; COMP ; 1      ; FRACTIONALPLL_X0_Y1_N0    ; pll_hdmi|pll_hdmi_inst|altera_pll_i|cyclonev_pll|fpll_0|fpll|vcoph[0]                ;
;   8.811  ;   0.000  ; RR ; IC   ; 1      ; PLLOUTPUTCOUNTER_X0_Y5_N1 ; pll_hdmi|pll_hdmi_inst|altera_pll_i|cyclonev_pll|counter[0].output_counter|vco0ph[0] ;
;   10.277 ;   1.466  ; RR ; CELL ; 3      ; PLLOUTPUTCOUNTER_X0_Y5_N1 ; pll_hdmi|pll_hdmi_inst|altera_pll_i|cyclonev_pll|counter[0].output_counter|divclk    ;
;   11.282 ;   1.005  ; RR ; IC   ; 1      ; CLKCTRL_G4                ; pll_hdmi|pll_hdmi_inst|altera_pll_i|cyclonev_pll|divclk[0]~CLKENA0|inclk             ;
;   11.561 ;   0.279  ; RR ; CELL ; 3637   ; CLKCTRL_G4                ; pll_hdmi|pll_hdmi_inst|altera_pll_i|cyclonev_pll|divclk[0]~CLKENA0|outclk            ;
;   13.407 ;   1.846  ; RR ; IC   ; 1      ; FF_X34_Y35_N22            ; ascal|o_h_poly_pix.g[3]|clk                                                          ;
;   13.909 ;   0.502  ; RR ; CELL ; 1      ; FF_X34_Y35_N22            ; ascal:ascal|o_h_poly_pix.g[3]                                                        ;
;   14.875 ;   0.966  ;    ;      ;        ;                           ; clock pessimism removed                                                              ;
; 14.675   ; -0.200   ;    ;      ;        ;                           ; clock uncertainty                                                                    ;
; 14.675   ; 0.000    ;    ; uTsu ; 1      ; FF_X34_Y35_N22            ; ascal:ascal|o_h_poly_pix.g[3]                                                        ;
+----------+----------+----+------+--------+---------------------------+--------------------------------------------------------------------------------------+

----------------------------
; Extra Fitter Information ;
----------------------------
HTML report is unavailable in plain text report export.


Path #2: Setup slack is 0.580 
===============================================================================
+--------------------------------------------------------------------------------------------------------+
; Path Summary                                                                                           ;
+--------------------+-----------------------------------------------------------------------------------+
; Property           ; Value                                                                             ;
+--------------------+-----------------------------------------------------------------------------------+
; From Node          ; ascal:ascal|o_h_poly_t.g1[10]                                                     ;
; To Node            ; ascal:ascal|o_h_poly_pix.g[5]                                                     ;
; Launch Clock       ; pll_hdmi|pll_hdmi_inst|altera_pll_i|cyclonev_pll|counter[0].output_counter|divclk ;
; Latch Clock        ; pll_hdmi|pll_hdmi_inst|altera_pll_i|cyclonev_pll|counter[0].output_counter|divclk ;
; Data Arrival Time  ; 14.095                                                                            ;
; Data Required Time ; 14.675                                                                            ;
; Slack              ; 0.580                                                                             ;
+--------------------+-----------------------------------------------------------------------------------+

+--------------------------------------------------------------------------------------+
; Statistics                                                                           ;
+------------------------+--------+-------+-------------+------------+--------+--------+
; Property               ; Value  ; Count ; Total Delay ; % of Total ; Min    ; Max    ;
+------------------------+--------+-------+-------------+------------+--------+--------+
; Setup Relationship     ; 6.732  ;       ;             ;            ;        ;        ;
; Clock Skew             ; -0.876 ;       ;             ;            ;        ;        ;
; Data Delay             ; 5.076  ;       ;             ;            ;        ;        ;
; Number of Logic Levels ;        ; 1     ;             ;            ;        ;        ;
; Physical Delays        ;        ;       ;             ;            ;        ;        ;
;  Arrival Path          ;        ;       ;             ;            ;        ;        ;
;   Clock                ;        ;       ;             ;            ;        ;        ;
;    IC                  ;        ; 6     ; 4.799       ; 53         ; 0.000  ; 2.332  ;
;    Cell                ;        ; 6     ; 4.220       ; 47         ; 0.185  ; 1.745  ;
;   Data                 ;        ;       ;             ;            ;        ;        ;
;    IC                  ;        ; 18    ; 2.160       ; 43         ; 0.000  ; 1.557  ;
;    Cell                ;        ; 19    ; 2.916       ; 57         ; 0.000  ; 0.796  ;
;    uTco                ;        ; 1     ; 0.000       ; 0          ; 0.000  ; 0.000  ;
;  Required Path         ;        ;       ;             ;            ;        ;        ;
;   Clock                ;        ;       ;             ;            ;        ;        ;
;    IC                  ;        ; 6     ; 4.012       ; 55         ; 0.000  ; 1.846  ;
;    Cell                ;        ; 5     ; 3.316       ; 45         ; 0.279  ; 1.466  ;
;    PLL Compensation    ;        ; 1     ; -0.151      ; 0          ; -0.151 ; -0.151 ;
+------------------------+--------+-------+-------------+------------+--------+--------+
Note: Negative delays are omitted from totals when calculating percentages

+------------------------------------------------------------------------------------------------------------------------------------------------------------+
; Data Arrival Path                                                                                                                                          ;
+----------+---------+----+------+--------+---------------------------+--------------------------------------------------------------------------------------+
; Total    ; Incr    ; RF ; Type ; Fanout ; Location                  ; Element                                                                              ;
+----------+---------+----+------+--------+---------------------------+--------------------------------------------------------------------------------------+
; 0.000    ; 0.000   ;    ;      ;        ;                           ; launch edge time                                                                     ;
; 9.019    ; 9.019   ;    ;      ;        ;                           ; clock path                                                                           ;
;   0.000  ;   0.000 ;    ;      ;        ;                           ; source latency                                                                       ;
;   0.000  ;   0.000 ;    ;      ; 1      ; PIN_V11                   ; FPGA_CLK1_50                                                                         ;
;   0.000  ;   0.000 ; RR ; IC   ; 1      ; IOIBUF_X32_Y0_N1          ; FPGA_CLK1_50~input|i                                                                 ;
;   0.761  ;   0.761 ; RR ; CELL ; 2      ; IOIBUF_X32_Y0_N1          ; FPGA_CLK1_50~input|o                                                                 ;
;   2.086  ;   1.325 ; RR ; IC   ; 1      ; PLLREFCLKSELECT_X0_Y7_N0  ; pll_hdmi|pll_hdmi_inst|altera_pll_i|cyclonev_pll|fpll_0|REFCLK_SELECT|clkin[0]       ;
;   2.419  ;   0.333 ; RR ; CELL ; 1      ; PLLREFCLKSELECT_X0_Y7_N0  ; pll_hdmi|pll_hdmi_inst|altera_pll_i|cyclonev_pll|fpll_0|REFCLK_SELECT|clkout         ;
;   2.419  ;   0.000 ; RR ; IC   ; 10     ; FRACTIONALPLL_X0_Y1_N0    ; pll_hdmi|pll_hdmi_inst|altera_pll_i|cyclonev_pll|fpll_0|fpll|refclkin                ;
;   2.604  ;   0.185 ; RR ; CELL ; 1      ; FRACTIONALPLL_X0_Y1_N0    ; pll_hdmi|pll_hdmi_inst|altera_pll_i|cyclonev_pll|fpll_0|fpll|vcoph[0]                ;
;   2.604  ;   0.000 ; RR ; IC   ; 1      ; PLLOUTPUTCOUNTER_X0_Y5_N1 ; pll_hdmi|pll_hdmi_inst|altera_pll_i|cyclonev_pll|counter[0].output_counter|vco0ph[0] ;
;   4.349  ;   1.745 ; RR ; CELL ; 3      ; PLLOUTPUTCOUNTER_X0_Y5_N1 ; pll_hdmi|pll_hdmi_inst|altera_pll_i|cyclonev_pll|counter[0].output_counter|divclk    ;
;   5.491  ;   1.142 ; RR ; IC   ; 1      ; CLKCTRL_G4                ; pll_hdmi|pll_hdmi_inst|altera_pll_i|cyclonev_pll|divclk[0]~CLKENA0|inclk             ;
;   5.795  ;   0.304 ; RR ; CELL ; 3637   ; CLKCTRL_G4                ; pll_hdmi|pll_hdmi_inst|altera_pll_i|cyclonev_pll|divclk[0]~CLKENA0|outclk            ;
;   8.127  ;   2.332 ; RR ; IC   ; 54     ; DSP_X32_Y37_N0            ; ascal|Add171~8|clk[0]                                                                ;
;   9.019  ;   0.892 ; RR ; CELL ; 1      ; DSP_X32_Y37_N0            ; ascal:ascal|o_h_poly_t.g1[10]                                                        ;
; 14.095   ; 5.076   ;    ;      ;        ;                           ; data path                                                                            ;
;   9.019  ;   0.000 ;    ; uTco ; 1      ; DSP_X32_Y37_N0            ; ascal:ascal|o_h_poly_t.g1[10]                                                        ;
;   9.748  ;   0.729 ; RF ; CELL ; 1      ; DSP_X32_Y37_N0            ; ascal|Add171~8|resulta[10]                                                           ;
;   11.305 ;   1.557 ; FF ; IC   ; 1      ; LABCELL_X33_Y35_N6        ; ascal|Add175~66|datad                                                                ;
;   11.925 ;   0.620 ; FF ; CELL ; 1      ; LABCELL_X33_Y35_N6        ; ascal|Add175~66|cout                                                                 ;
;   11.925 ;   0.000 ; FF ; IC   ; 1      ; LABCELL_X33_Y35_N9        ; ascal|Add175~62|cin                                                                  ;
;   11.925 ;   0.000 ; FF ; CELL ; 1      ; LABCELL_X33_Y35_N9        ; ascal|Add175~62|cout                                                                 ;
;   11.925 ;   0.000 ; FF ; IC   ; 1      ; LABCELL_X33_Y35_N12       ; ascal|Add175~58|cin                                                                  ;
;   11.970 ;   0.045 ; FF ; CELL ; 1      ; LABCELL_X33_Y35_N12       ; ascal|Add175~58|cout                                                                 ;
;   11.970 ;   0.000 ; FF ; IC   ; 1      ; LABCELL_X33_Y35_N15       ; ascal|Add175~54|cin                                                                  ;
;   11.970 ;   0.000 ; FF ; CELL ; 1      ; LABCELL_X33_Y35_N15       ; ascal|Add175~54|cout                                                                 ;
;   11.970 ;   0.000 ; FF ; IC   ; 1      ; LABCELL_X33_Y35_N18       ; ascal|Add175~50|cin                                                                  ;
;   12.015 ;   0.045 ; FF ; CELL ; 1      ; LABCELL_X33_Y35_N18       ; ascal|Add175~50|cout                                                                 ;
;   12.015 ;   0.000 ; FF ; IC   ; 2      ; LABCELL_X33_Y35_N21       ; ascal|Add175~17|cin                                                                  ;
;   12.015 ;   0.000 ; FF ; CELL ; 1      ; LABCELL_X33_Y35_N21       ; ascal|Add175~17|cout                                                                 ;
;   12.015 ;   0.000 ; FF ; IC   ; 2      ; LABCELL_X33_Y35_N24       ; ascal|Add175~21|cin                                                                  ;
;   12.072 ;   0.057 ; FF ; CELL ; 1      ; LABCELL_X33_Y35_N24       ; ascal|Add175~21|cout                                                                 ;
;   12.072 ;   0.000 ; FF ; IC   ; 2      ; LABCELL_X33_Y35_N27       ; ascal|Add175~25|cin                                                                  ;
;   12.072 ;   0.000 ; FF ; CELL ; 1      ; LABCELL_X33_Y35_N27       ; ascal|Add175~25|cout                                                                 ;
;   12.072 ;   0.000 ; FF ; IC   ; 2      ; LABCELL_X33_Y35_N30       ; ascal|Add175~29|cin                                                                  ;
;   12.190 ;   0.118 ; FF ; CELL ; 1      ; LABCELL_X33_Y35_N30       ; ascal|Add175~29|cout                                                                 ;
;   12.190 ;   0.000 ; FF ; IC   ; 2      ; LABCELL_X33_Y35_N33       ; ascal|Add175~33|cin                                                                  ;
;   12.190 ;   0.000 ; FF ; CELL ; 1      ; LABCELL_X33_Y35_N33       ; ascal|Add175~33|cout                                                                 ;
;   12.190 ;   0.000 ; FF ; IC   ; 2      ; LABCELL_X33_Y35_N36       ; ascal|Add175~37|cin                                                                  ;
;   12.235 ;   0.045 ; FF ; CELL ; 1      ; LABCELL_X33_Y35_N36       ; ascal|Add175~37|cout                                                                 ;
;   12.235 ;   0.000 ; FF ; IC   ; 2      ; LABCELL_X33_Y35_N39       ; ascal|Add175~41|cin                                                                  ;
;   12.235 ;   0.000 ; FF ; CELL ; 1      ; LABCELL_X33_Y35_N39       ; ascal|Add175~41|cout                                                                 ;
;   12.235 ;   0.000 ; FF ; IC   ; 2      ; LABCELL_X33_Y35_N42       ; ascal|Add175~45|cin                                                                  ;
;   12.280 ;   0.045 ; FF ; CELL ; 1      ; LABCELL_X33_Y35_N42       ; ascal|Add175~45|cout                                                                 ;
;   12.280 ;   0.000 ; FF ; IC   ; 2      ; LABCELL_X33_Y35_N45       ; ascal|Add175~1|cin                                                                   ;
;   12.280 ;   0.000 ; FF ; CELL ; 1      ; LABCELL_X33_Y35_N45       ; ascal|Add175~1|cout                                                                  ;
;   12.280 ;   0.000 ; FF ; IC   ; 2      ; LABCELL_X33_Y35_N48       ; ascal|Add175~5|cin                                                                   ;
;   12.325 ;   0.045 ; FF ; CELL ; 1      ; LABCELL_X33_Y35_N48       ; ascal|Add175~5|cout                                                                  ;
;   12.325 ;   0.000 ; FF ; IC   ; 2      ; LABCELL_X33_Y35_N51       ; ascal|Add175~9|cin                                                                   ;
;   12.325 ;   0.000 ; FF ; CELL ; 1      ; LABCELL_X33_Y35_N51       ; ascal|Add175~9|cout                                                                  ;
;   12.325 ;   0.000 ; FF ; IC   ; 1      ; LABCELL_X33_Y35_N54       ; ascal|Add175~13|cin                                                                  ;
;   12.696 ;   0.371 ; FR ; CELL ; 16     ; LABCELL_X33_Y35_N54       ; ascal|Add175~13|sumout                                                               ;
;   13.299 ;   0.603 ; RR ; IC   ; 1      ; FF_X34_Y35_N10            ; ascal|o_h_poly_pix.g[5]|sclr                                                         ;
;   14.095 ;   0.796 ; RF ; CELL ; 1      ; FF_X34_Y35_N10            ; ascal:ascal|o_h_poly_pix.g[5]                                                        ;
+----------+---------+----+------+--------+---------------------------+--------------------------------------------------------------------------------------+

+-------------------------------------------------------------------------------------------------------------------------------------------------------------+
; Data Required Path                                                                                                                                          ;
+----------+----------+----+------+--------+---------------------------+--------------------------------------------------------------------------------------+
; Total    ; Incr     ; RF ; Type ; Fanout ; Location                  ; Element                                                                              ;
+----------+----------+----+------+--------+---------------------------+--------------------------------------------------------------------------------------+
; 6.732    ; 6.732    ;    ;      ;        ;                           ; latch edge time                                                                      ;
; 14.875   ; 8.143    ;    ;      ;        ;                           ; clock path                                                                           ;
;   6.732  ;   0.000  ;    ;      ;        ;                           ; source latency                                                                       ;
;   6.732  ;   0.000  ;    ;      ; 1      ; PIN_V11                   ; FPGA_CLK1_50                                                                         ;
;   6.732  ;   0.000  ; RR ; IC   ; 1      ; IOIBUF_X32_Y0_N1          ; FPGA_CLK1_50~input|i                                                                 ;
;   7.493  ;   0.761  ; RR ; CELL ; 2      ; IOIBUF_X32_Y0_N1          ; FPGA_CLK1_50~input|o                                                                 ;
;   8.654  ;   1.161  ; RR ; IC   ; 1      ; PLLREFCLKSELECT_X0_Y7_N0  ; pll_hdmi|pll_hdmi_inst|altera_pll_i|cyclonev_pll|fpll_0|REFCLK_SELECT|clkin[0]       ;
;   8.962  ;   0.308  ; RR ; CELL ; 1      ; PLLREFCLKSELECT_X0_Y7_N0  ; pll_hdmi|pll_hdmi_inst|altera_pll_i|cyclonev_pll|fpll_0|REFCLK_SELECT|clkout         ;
;   8.962  ;   0.000  ; RR ; IC   ; 10     ; FRACTIONALPLL_X0_Y1_N0    ; pll_hdmi|pll_hdmi_inst|altera_pll_i|cyclonev_pll|fpll_0|fpll|refclkin                ;
;   8.811  ;   -0.151 ; RR ; COMP ; 1      ; FRACTIONALPLL_X0_Y1_N0    ; pll_hdmi|pll_hdmi_inst|altera_pll_i|cyclonev_pll|fpll_0|fpll|vcoph[0]                ;
;   8.811  ;   0.000  ; RR ; IC   ; 1      ; PLLOUTPUTCOUNTER_X0_Y5_N1 ; pll_hdmi|pll_hdmi_inst|altera_pll_i|cyclonev_pll|counter[0].output_counter|vco0ph[0] ;
;   10.277 ;   1.466  ; RR ; CELL ; 3      ; PLLOUTPUTCOUNTER_X0_Y5_N1 ; pll_hdmi|pll_hdmi_inst|altera_pll_i|cyclonev_pll|counter[0].output_counter|divclk    ;
;   11.282 ;   1.005  ; RR ; IC   ; 1      ; CLKCTRL_G4                ; pll_hdmi|pll_hdmi_inst|altera_pll_i|cyclonev_pll|divclk[0]~CLKENA0|inclk             ;
;   11.561 ;   0.279  ; RR ; CELL ; 3637   ; CLKCTRL_G4                ; pll_hdmi|pll_hdmi_inst|altera_pll_i|cyclonev_pll|divclk[0]~CLKENA0|outclk            ;
;   13.407 ;   1.846  ; RR ; IC   ; 1      ; FF_X34_Y35_N10            ; ascal|o_h_poly_pix.g[5]|clk                                                          ;
;   13.909 ;   0.502  ; RR ; CELL ; 1      ; FF_X34_Y35_N10            ; ascal:ascal|o_h_poly_pix.g[5]                                                        ;
;   14.875 ;   0.966  ;    ;      ;        ;                           ; clock pessimism removed                                                              ;
; 14.675   ; -0.200   ;    ;      ;        ;                           ; clock uncertainty                                                                    ;
; 14.675   ; 0.000    ;    ; uTsu ; 1      ; FF_X34_Y35_N10            ; ascal:ascal|o_h_poly_pix.g[5]                                                        ;
+----------+----------+----+------+--------+---------------------------+--------------------------------------------------------------------------------------+

----------------------------
; Extra Fitter Information ;
----------------------------
HTML report is unavailable in plain text report export.


Path #3: Setup slack is 0.580 
===============================================================================
+--------------------------------------------------------------------------------------------------------+
; Path Summary                                                                                           ;
+--------------------+-----------------------------------------------------------------------------------+
; Property           ; Value                                                                             ;
+--------------------+-----------------------------------------------------------------------------------+
; From Node          ; ascal:ascal|o_h_poly_t.g1[10]                                                     ;
; To Node            ; ascal:ascal|o_h_poly_pix.g[7]                                                     ;
; Launch Clock       ; pll_hdmi|pll_hdmi_inst|altera_pll_i|cyclonev_pll|counter[0].output_counter|divclk ;
; Latch Clock        ; pll_hdmi|pll_hdmi_inst|altera_pll_i|cyclonev_pll|counter[0].output_counter|divclk ;
; Data Arrival Time  ; 14.095                                                                            ;
; Data Required Time ; 14.675                                                                            ;
; Slack              ; 0.580                                                                             ;
+--------------------+-----------------------------------------------------------------------------------+

+--------------------------------------------------------------------------------------+
; Statistics                                                                           ;
+------------------------+--------+-------+-------------+------------+--------+--------+
; Property               ; Value  ; Count ; Total Delay ; % of Total ; Min    ; Max    ;
+------------------------+--------+-------+-------------+------------+--------+--------+
; Setup Relationship     ; 6.732  ;       ;             ;            ;        ;        ;
; Clock Skew             ; -0.876 ;       ;             ;            ;        ;        ;
; Data Delay             ; 5.076  ;       ;             ;            ;        ;        ;
; Number of Logic Levels ;        ; 1     ;             ;            ;        ;        ;
; Physical Delays        ;        ;       ;             ;            ;        ;        ;
;  Arrival Path          ;        ;       ;             ;            ;        ;        ;
;   Clock                ;        ;       ;             ;            ;        ;        ;
;    IC                  ;        ; 6     ; 4.799       ; 53         ; 0.000  ; 2.332  ;
;    Cell                ;        ; 6     ; 4.220       ; 47         ; 0.185  ; 1.745  ;
;   Data                 ;        ;       ;             ;            ;        ;        ;
;    IC                  ;        ; 18    ; 2.160       ; 43         ; 0.000  ; 1.557  ;
;    Cell                ;        ; 19    ; 2.916       ; 57         ; 0.000  ; 0.796  ;
;    uTco                ;        ; 1     ; 0.000       ; 0          ; 0.000  ; 0.000  ;
;  Required Path         ;        ;       ;             ;            ;        ;        ;
;   Clock                ;        ;       ;             ;            ;        ;        ;
;    IC                  ;        ; 6     ; 4.012       ; 55         ; 0.000  ; 1.846  ;
;    Cell                ;        ; 5     ; 3.316       ; 45         ; 0.279  ; 1.466  ;
;    PLL Compensation    ;        ; 1     ; -0.151      ; 0          ; -0.151 ; -0.151 ;
+------------------------+--------+-------+-------------+------------+--------+--------+
Note: Negative delays are omitted from totals when calculating percentages

+------------------------------------------------------------------------------------------------------------------------------------------------------------+
; Data Arrival Path                                                                                                                                          ;
+----------+---------+----+------+--------+---------------------------+--------------------------------------------------------------------------------------+
; Total    ; Incr    ; RF ; Type ; Fanout ; Location                  ; Element                                                                              ;
+----------+---------+----+------+--------+---------------------------+--------------------------------------------------------------------------------------+
; 0.000    ; 0.000   ;    ;      ;        ;                           ; launch edge time                                                                     ;
; 9.019    ; 9.019   ;    ;      ;        ;                           ; clock path                                                                           ;
;   0.000  ;   0.000 ;    ;      ;        ;                           ; source latency                                                                       ;
;   0.000  ;   0.000 ;    ;      ; 1      ; PIN_V11                   ; FPGA_CLK1_50                                                                         ;
;   0.000  ;   0.000 ; RR ; IC   ; 1      ; IOIBUF_X32_Y0_N1          ; FPGA_CLK1_50~input|i                                                                 ;
;   0.761  ;   0.761 ; RR ; CELL ; 2      ; IOIBUF_X32_Y0_N1          ; FPGA_CLK1_50~input|o                                                                 ;
;   2.086  ;   1.325 ; RR ; IC   ; 1      ; PLLREFCLKSELECT_X0_Y7_N0  ; pll_hdmi|pll_hdmi_inst|altera_pll_i|cyclonev_pll|fpll_0|REFCLK_SELECT|clkin[0]       ;
;   2.419  ;   0.333 ; RR ; CELL ; 1      ; PLLREFCLKSELECT_X0_Y7_N0  ; pll_hdmi|pll_hdmi_inst|altera_pll_i|cyclonev_pll|fpll_0|REFCLK_SELECT|clkout         ;
;   2.419  ;   0.000 ; RR ; IC   ; 10     ; FRACTIONALPLL_X0_Y1_N0    ; pll_hdmi|pll_hdmi_inst|altera_pll_i|cyclonev_pll|fpll_0|fpll|refclkin                ;
;   2.604  ;   0.185 ; RR ; CELL ; 1      ; FRACTIONALPLL_X0_Y1_N0    ; pll_hdmi|pll_hdmi_inst|altera_pll_i|cyclonev_pll|fpll_0|fpll|vcoph[0]                ;
;   2.604  ;   0.000 ; RR ; IC   ; 1      ; PLLOUTPUTCOUNTER_X0_Y5_N1 ; pll_hdmi|pll_hdmi_inst|altera_pll_i|cyclonev_pll|counter[0].output_counter|vco0ph[0] ;
;   4.349  ;   1.745 ; RR ; CELL ; 3      ; PLLOUTPUTCOUNTER_X0_Y5_N1 ; pll_hdmi|pll_hdmi_inst|altera_pll_i|cyclonev_pll|counter[0].output_counter|divclk    ;
;   5.491  ;   1.142 ; RR ; IC   ; 1      ; CLKCTRL_G4                ; pll_hdmi|pll_hdmi_inst|altera_pll_i|cyclonev_pll|divclk[0]~CLKENA0|inclk             ;
;   5.795  ;   0.304 ; RR ; CELL ; 3637   ; CLKCTRL_G4                ; pll_hdmi|pll_hdmi_inst|altera_pll_i|cyclonev_pll|divclk[0]~CLKENA0|outclk            ;
;   8.127  ;   2.332 ; RR ; IC   ; 54     ; DSP_X32_Y37_N0            ; ascal|Add171~8|clk[0]                                                                ;
;   9.019  ;   0.892 ; RR ; CELL ; 1      ; DSP_X32_Y37_N0            ; ascal:ascal|o_h_poly_t.g1[10]                                                        ;
; 14.095   ; 5.076   ;    ;      ;        ;                           ; data path                                                                            ;
;   9.019  ;   0.000 ;    ; uTco ; 1      ; DSP_X32_Y37_N0            ; ascal:ascal|o_h_poly_t.g1[10]                                                        ;
;   9.748  ;   0.729 ; RF ; CELL ; 1      ; DSP_X32_Y37_N0            ; ascal|Add171~8|resulta[10]                                                           ;
;   11.305 ;   1.557 ; FF ; IC   ; 1      ; LABCELL_X33_Y35_N6        ; ascal|Add175~66|datad                                                                ;
;   11.925 ;   0.620 ; FF ; CELL ; 1      ; LABCELL_X33_Y35_N6        ; ascal|Add175~66|cout                                                                 ;
;   11.925 ;   0.000 ; FF ; IC   ; 1      ; LABCELL_X33_Y35_N9        ; ascal|Add175~62|cin                                                                  ;
;   11.925 ;   0.000 ; FF ; CELL ; 1      ; LABCELL_X33_Y35_N9        ; ascal|Add175~62|cout                                                                 ;
;   11.925 ;   0.000 ; FF ; IC   ; 1      ; LABCELL_X33_Y35_N12       ; ascal|Add175~58|cin                                                                  ;
;   11.970 ;   0.045 ; FF ; CELL ; 1      ; LABCELL_X33_Y35_N12       ; ascal|Add175~58|cout                                                                 ;
;   11.970 ;   0.000 ; FF ; IC   ; 1      ; LABCELL_X33_Y35_N15       ; ascal|Add175~54|cin                                                                  ;
;   11.970 ;   0.000 ; FF ; CELL ; 1      ; LABCELL_X33_Y35_N15       ; ascal|Add175~54|cout                                                                 ;
;   11.970 ;   0.000 ; FF ; IC   ; 1      ; LABCELL_X33_Y35_N18       ; ascal|Add175~50|cin                                                                  ;
;   12.015 ;   0.045 ; FF ; CELL ; 1      ; LABCELL_X33_Y35_N18       ; ascal|Add175~50|cout                                                                 ;
;   12.015 ;   0.000 ; FF ; IC   ; 2      ; LABCELL_X33_Y35_N21       ; ascal|Add175~17|cin                                                                  ;
;   12.015 ;   0.000 ; FF ; CELL ; 1      ; LABCELL_X33_Y35_N21       ; ascal|Add175~17|cout                                                                 ;
;   12.015 ;   0.000 ; FF ; IC   ; 2      ; LABCELL_X33_Y35_N24       ; ascal|Add175~21|cin                                                                  ;
;   12.072 ;   0.057 ; FF ; CELL ; 1      ; LABCELL_X33_Y35_N24       ; ascal|Add175~21|cout                                                                 ;
;   12.072 ;   0.000 ; FF ; IC   ; 2      ; LABCELL_X33_Y35_N27       ; ascal|Add175~25|cin                                                                  ;
;   12.072 ;   0.000 ; FF ; CELL ; 1      ; LABCELL_X33_Y35_N27       ; ascal|Add175~25|cout                                                                 ;
;   12.072 ;   0.000 ; FF ; IC   ; 2      ; LABCELL_X33_Y35_N30       ; ascal|Add175~29|cin                                                                  ;
;   12.190 ;   0.118 ; FF ; CELL ; 1      ; LABCELL_X33_Y35_N30       ; ascal|Add175~29|cout                                                                 ;
;   12.190 ;   0.000 ; FF ; IC   ; 2      ; LABCELL_X33_Y35_N33       ; ascal|Add175~33|cin                                                                  ;
;   12.190 ;   0.000 ; FF ; CELL ; 1      ; LABCELL_X33_Y35_N33       ; ascal|Add175~33|cout                                                                 ;
;   12.190 ;   0.000 ; FF ; IC   ; 2      ; LABCELL_X33_Y35_N36       ; ascal|Add175~37|cin                                                                  ;
;   12.235 ;   0.045 ; FF ; CELL ; 1      ; LABCELL_X33_Y35_N36       ; ascal|Add175~37|cout                                                                 ;
;   12.235 ;   0.000 ; FF ; IC   ; 2      ; LABCELL_X33_Y35_N39       ; ascal|Add175~41|cin                                                                  ;
;   12.235 ;   0.000 ; FF ; CELL ; 1      ; LABCELL_X33_Y35_N39       ; ascal|Add175~41|cout                                                                 ;
;   12.235 ;   0.000 ; FF ; IC   ; 2      ; LABCELL_X33_Y35_N42       ; ascal|Add175~45|cin                                                                  ;
;   12.280 ;   0.045 ; FF ; CELL ; 1      ; LABCELL_X33_Y35_N42       ; ascal|Add175~45|cout                                                                 ;
;   12.280 ;   0.000 ; FF ; IC   ; 2      ; LABCELL_X33_Y35_N45       ; ascal|Add175~1|cin                                                                   ;
;   12.280 ;   0.000 ; FF ; CELL ; 1      ; LABCELL_X33_Y35_N45       ; ascal|Add175~1|cout                                                                  ;
;   12.280 ;   0.000 ; FF ; IC   ; 2      ; LABCELL_X33_Y35_N48       ; ascal|Add175~5|cin                                                                   ;
;   12.325 ;   0.045 ; FF ; CELL ; 1      ; LABCELL_X33_Y35_N48       ; ascal|Add175~5|cout                                                                  ;
;   12.325 ;   0.000 ; FF ; IC   ; 2      ; LABCELL_X33_Y35_N51       ; ascal|Add175~9|cin                                                                   ;
;   12.325 ;   0.000 ; FF ; CELL ; 1      ; LABCELL_X33_Y35_N51       ; ascal|Add175~9|cout                                                                  ;
;   12.325 ;   0.000 ; FF ; IC   ; 1      ; LABCELL_X33_Y35_N54       ; ascal|Add175~13|cin                                                                  ;
;   12.696 ;   0.371 ; FR ; CELL ; 16     ; LABCELL_X33_Y35_N54       ; ascal|Add175~13|sumout                                                               ;
;   13.299 ;   0.603 ; RR ; IC   ; 1      ; FF_X34_Y35_N34            ; ascal|o_h_poly_pix.g[7]|sclr                                                         ;
;   14.095 ;   0.796 ; RF ; CELL ; 1      ; FF_X34_Y35_N34            ; ascal:ascal|o_h_poly_pix.g[7]                                                        ;
+----------+---------+----+------+--------+---------------------------+--------------------------------------------------------------------------------------+

+-------------------------------------------------------------------------------------------------------------------------------------------------------------+
; Data Required Path                                                                                                                                          ;
+----------+----------+----+------+--------+---------------------------+--------------------------------------------------------------------------------------+
; Total    ; Incr     ; RF ; Type ; Fanout ; Location                  ; Element                                                                              ;
+----------+----------+----+------+--------+---------------------------+--------------------------------------------------------------------------------------+
; 6.732    ; 6.732    ;    ;      ;        ;                           ; latch edge time                                                                      ;
; 14.875   ; 8.143    ;    ;      ;        ;                           ; clock path                                                                           ;
;   6.732  ;   0.000  ;    ;      ;        ;                           ; source latency                                                                       ;
;   6.732  ;   0.000  ;    ;      ; 1      ; PIN_V11                   ; FPGA_CLK1_50                                                                         ;
;   6.732  ;   0.000  ; RR ; IC   ; 1      ; IOIBUF_X32_Y0_N1          ; FPGA_CLK1_50~input|i                                                                 ;
;   7.493  ;   0.761  ; RR ; CELL ; 2      ; IOIBUF_X32_Y0_N1          ; FPGA_CLK1_50~input|o                                                                 ;
;   8.654  ;   1.161  ; RR ; IC   ; 1      ; PLLREFCLKSELECT_X0_Y7_N0  ; pll_hdmi|pll_hdmi_inst|altera_pll_i|cyclonev_pll|fpll_0|REFCLK_SELECT|clkin[0]       ;
;   8.962  ;   0.308  ; RR ; CELL ; 1      ; PLLREFCLKSELECT_X0_Y7_N0  ; pll_hdmi|pll_hdmi_inst|altera_pll_i|cyclonev_pll|fpll_0|REFCLK_SELECT|clkout         ;
;   8.962  ;   0.000  ; RR ; IC   ; 10     ; FRACTIONALPLL_X0_Y1_N0    ; pll_hdmi|pll_hdmi_inst|altera_pll_i|cyclonev_pll|fpll_0|fpll|refclkin                ;
;   8.811  ;   -0.151 ; RR ; COMP ; 1      ; FRACTIONALPLL_X0_Y1_N0    ; pll_hdmi|pll_hdmi_inst|altera_pll_i|cyclonev_pll|fpll_0|fpll|vcoph[0]                ;
;   8.811  ;   0.000  ; RR ; IC   ; 1      ; PLLOUTPUTCOUNTER_X0_Y5_N1 ; pll_hdmi|pll_hdmi_inst|altera_pll_i|cyclonev_pll|counter[0].output_counter|vco0ph[0] ;
;   10.277 ;   1.466  ; RR ; CELL ; 3      ; PLLOUTPUTCOUNTER_X0_Y5_N1 ; pll_hdmi|pll_hdmi_inst|altera_pll_i|cyclonev_pll|counter[0].output_counter|divclk    ;
;   11.282 ;   1.005  ; RR ; IC   ; 1      ; CLKCTRL_G4                ; pll_hdmi|pll_hdmi_inst|altera_pll_i|cyclonev_pll|divclk[0]~CLKENA0|inclk             ;
;   11.561 ;   0.279  ; RR ; CELL ; 3637   ; CLKCTRL_G4                ; pll_hdmi|pll_hdmi_inst|altera_pll_i|cyclonev_pll|divclk[0]~CLKENA0|outclk            ;
;   13.407 ;   1.846  ; RR ; IC   ; 1      ; FF_X34_Y35_N34            ; ascal|o_h_poly_pix.g[7]|clk                                                          ;
;   13.909 ;   0.502  ; RR ; CELL ; 1      ; FF_X34_Y35_N34            ; ascal:ascal|o_h_poly_pix.g[7]                                                        ;
;   14.875 ;   0.966  ;    ;      ;        ;                           ; clock pessimism removed                                                              ;
; 14.675   ; -0.200   ;    ;      ;        ;                           ; clock uncertainty                                                                    ;
; 14.675   ; 0.000    ;    ; uTsu ; 1      ; FF_X34_Y35_N34            ; ascal:ascal|o_h_poly_pix.g[7]                                                        ;
+----------+----------+----+------+--------+---------------------------+--------------------------------------------------------------------------------------+

----------------------------
; Extra Fitter Information ;
----------------------------
HTML report is unavailable in plain text report export.


Path #4: Setup slack is 0.585 
===============================================================================
+--------------------------------------------------------------------------------------------------------+
; Path Summary                                                                                           ;
+--------------------+-----------------------------------------------------------------------------------+
; Property           ; Value                                                                             ;
+--------------------+-----------------------------------------------------------------------------------+
; From Node          ; ascal:ascal|o_h_poly_t.g1[10]                                                     ;
; To Node            ; ascal:ascal|o_h_poly_pix.g[0]                                                     ;
; Launch Clock       ; pll_hdmi|pll_hdmi_inst|altera_pll_i|cyclonev_pll|counter[0].output_counter|divclk ;
; Latch Clock        ; pll_hdmi|pll_hdmi_inst|altera_pll_i|cyclonev_pll|counter[0].output_counter|divclk ;
; Data Arrival Time  ; 14.095                                                                            ;
; Data Required Time ; 14.680                                                                            ;
; Slack              ; 0.585                                                                             ;
+--------------------+-----------------------------------------------------------------------------------+

+--------------------------------------------------------------------------------------+
; Statistics                                                                           ;
+------------------------+--------+-------+-------------+------------+--------+--------+
; Property               ; Value  ; Count ; Total Delay ; % of Total ; Min    ; Max    ;
+------------------------+--------+-------+-------------+------------+--------+--------+
; Setup Relationship     ; 6.732  ;       ;             ;            ;        ;        ;
; Clock Skew             ; -0.871 ;       ;             ;            ;        ;        ;
; Data Delay             ; 5.076  ;       ;             ;            ;        ;        ;
; Number of Logic Levels ;        ; 1     ;             ;            ;        ;        ;
; Physical Delays        ;        ;       ;             ;            ;        ;        ;
;  Arrival Path          ;        ;       ;             ;            ;        ;        ;
;   Clock                ;        ;       ;             ;            ;        ;        ;
;    IC                  ;        ; 6     ; 4.799       ; 53         ; 0.000  ; 2.332  ;
;    Cell                ;        ; 6     ; 4.220       ; 47         ; 0.185  ; 1.745  ;
;   Data                 ;        ;       ;             ;            ;        ;        ;
;    IC                  ;        ; 18    ; 2.160       ; 43         ; 0.000  ; 1.557  ;
;    Cell                ;        ; 19    ; 2.916       ; 57         ; 0.000  ; 0.796  ;
;    uTco                ;        ; 1     ; 0.000       ; 0          ; 0.000  ; 0.000  ;
;  Required Path         ;        ;       ;             ;            ;        ;        ;
;   Clock                ;        ;       ;             ;            ;        ;        ;
;    IC                  ;        ; 6     ; 4.012       ; 55         ; 0.000  ; 1.846  ;
;    Cell                ;        ; 5     ; 3.321       ; 45         ; 0.279  ; 1.466  ;
;    PLL Compensation    ;        ; 1     ; -0.151      ; 0          ; -0.151 ; -0.151 ;
+------------------------+--------+-------+-------------+------------+--------+--------+
Note: Negative delays are omitted from totals when calculating percentages

+------------------------------------------------------------------------------------------------------------------------------------------------------------+
; Data Arrival Path                                                                                                                                          ;
+----------+---------+----+------+--------+---------------------------+--------------------------------------------------------------------------------------+
; Total    ; Incr    ; RF ; Type ; Fanout ; Location                  ; Element                                                                              ;
+----------+---------+----+------+--------+---------------------------+--------------------------------------------------------------------------------------+
; 0.000    ; 0.000   ;    ;      ;        ;                           ; launch edge time                                                                     ;
; 9.019    ; 9.019   ;    ;      ;        ;                           ; clock path                                                                           ;
;   0.000  ;   0.000 ;    ;      ;        ;                           ; source latency                                                                       ;
;   0.000  ;   0.000 ;    ;      ; 1      ; PIN_V11                   ; FPGA_CLK1_50                                                                         ;
;   0.000  ;   0.000 ; RR ; IC   ; 1      ; IOIBUF_X32_Y0_N1          ; FPGA_CLK1_50~input|i                                                                 ;
;   0.761  ;   0.761 ; RR ; CELL ; 2      ; IOIBUF_X32_Y0_N1          ; FPGA_CLK1_50~input|o                                                                 ;
;   2.086  ;   1.325 ; RR ; IC   ; 1      ; PLLREFCLKSELECT_X0_Y7_N0  ; pll_hdmi|pll_hdmi_inst|altera_pll_i|cyclonev_pll|fpll_0|REFCLK_SELECT|clkin[0]       ;
;   2.419  ;   0.333 ; RR ; CELL ; 1      ; PLLREFCLKSELECT_X0_Y7_N0  ; pll_hdmi|pll_hdmi_inst|altera_pll_i|cyclonev_pll|fpll_0|REFCLK_SELECT|clkout         ;
;   2.419  ;   0.000 ; RR ; IC   ; 10     ; FRACTIONALPLL_X0_Y1_N0    ; pll_hdmi|pll_hdmi_inst|altera_pll_i|cyclonev_pll|fpll_0|fpll|refclkin                ;
;   2.604  ;   0.185 ; RR ; CELL ; 1      ; FRACTIONALPLL_X0_Y1_N0    ; pll_hdmi|pll_hdmi_inst|altera_pll_i|cyclonev_pll|fpll_0|fpll|vcoph[0]                ;
;   2.604  ;   0.000 ; RR ; IC   ; 1      ; PLLOUTPUTCOUNTER_X0_Y5_N1 ; pll_hdmi|pll_hdmi_inst|altera_pll_i|cyclonev_pll|counter[0].output_counter|vco0ph[0] ;
;   4.349  ;   1.745 ; RR ; CELL ; 3      ; PLLOUTPUTCOUNTER_X0_Y5_N1 ; pll_hdmi|pll_hdmi_inst|altera_pll_i|cyclonev_pll|counter[0].output_counter|divclk    ;
;   5.491  ;   1.142 ; RR ; IC   ; 1      ; CLKCTRL_G4                ; pll_hdmi|pll_hdmi_inst|altera_pll_i|cyclonev_pll|divclk[0]~CLKENA0|inclk             ;
;   5.795  ;   0.304 ; RR ; CELL ; 3637   ; CLKCTRL_G4                ; pll_hdmi|pll_hdmi_inst|altera_pll_i|cyclonev_pll|divclk[0]~CLKENA0|outclk            ;
;   8.127  ;   2.332 ; RR ; IC   ; 54     ; DSP_X32_Y37_N0            ; ascal|Add171~8|clk[0]                                                                ;
;   9.019  ;   0.892 ; RR ; CELL ; 1      ; DSP_X32_Y37_N0            ; ascal:ascal|o_h_poly_t.g1[10]                                                        ;
; 14.095   ; 5.076   ;    ;      ;        ;                           ; data path                                                                            ;
;   9.019  ;   0.000 ;    ; uTco ; 1      ; DSP_X32_Y37_N0            ; ascal:ascal|o_h_poly_t.g1[10]                                                        ;
;   9.748  ;   0.729 ; RF ; CELL ; 1      ; DSP_X32_Y37_N0            ; ascal|Add171~8|resulta[10]                                                           ;
;   11.305 ;   1.557 ; FF ; IC   ; 1      ; LABCELL_X33_Y35_N6        ; ascal|Add175~66|datad                                                                ;
;   11.925 ;   0.620 ; FF ; CELL ; 1      ; LABCELL_X33_Y35_N6        ; ascal|Add175~66|cout                                                                 ;
;   11.925 ;   0.000 ; FF ; IC   ; 1      ; LABCELL_X33_Y35_N9        ; ascal|Add175~62|cin                                                                  ;
;   11.925 ;   0.000 ; FF ; CELL ; 1      ; LABCELL_X33_Y35_N9        ; ascal|Add175~62|cout                                                                 ;
;   11.925 ;   0.000 ; FF ; IC   ; 1      ; LABCELL_X33_Y35_N12       ; ascal|Add175~58|cin                                                                  ;
;   11.970 ;   0.045 ; FF ; CELL ; 1      ; LABCELL_X33_Y35_N12       ; ascal|Add175~58|cout                                                                 ;
;   11.970 ;   0.000 ; FF ; IC   ; 1      ; LABCELL_X33_Y35_N15       ; ascal|Add175~54|cin                                                                  ;
;   11.970 ;   0.000 ; FF ; CELL ; 1      ; LABCELL_X33_Y35_N15       ; ascal|Add175~54|cout                                                                 ;
;   11.970 ;   0.000 ; FF ; IC   ; 1      ; LABCELL_X33_Y35_N18       ; ascal|Add175~50|cin                                                                  ;
;   12.015 ;   0.045 ; FF ; CELL ; 1      ; LABCELL_X33_Y35_N18       ; ascal|Add175~50|cout                                                                 ;
;   12.015 ;   0.000 ; FF ; IC   ; 2      ; LABCELL_X33_Y35_N21       ; ascal|Add175~17|cin                                                                  ;
;   12.015 ;   0.000 ; FF ; CELL ; 1      ; LABCELL_X33_Y35_N21       ; ascal|Add175~17|cout                                                                 ;
;   12.015 ;   0.000 ; FF ; IC   ; 2      ; LABCELL_X33_Y35_N24       ; ascal|Add175~21|cin                                                                  ;
;   12.072 ;   0.057 ; FF ; CELL ; 1      ; LABCELL_X33_Y35_N24       ; ascal|Add175~21|cout                                                                 ;
;   12.072 ;   0.000 ; FF ; IC   ; 2      ; LABCELL_X33_Y35_N27       ; ascal|Add175~25|cin                                                                  ;
;   12.072 ;   0.000 ; FF ; CELL ; 1      ; LABCELL_X33_Y35_N27       ; ascal|Add175~25|cout                                                                 ;
;   12.072 ;   0.000 ; FF ; IC   ; 2      ; LABCELL_X33_Y35_N30       ; ascal|Add175~29|cin                                                                  ;
;   12.190 ;   0.118 ; FF ; CELL ; 1      ; LABCELL_X33_Y35_N30       ; ascal|Add175~29|cout                                                                 ;
;   12.190 ;   0.000 ; FF ; IC   ; 2      ; LABCELL_X33_Y35_N33       ; ascal|Add175~33|cin                                                                  ;
;   12.190 ;   0.000 ; FF ; CELL ; 1      ; LABCELL_X33_Y35_N33       ; ascal|Add175~33|cout                                                                 ;
;   12.190 ;   0.000 ; FF ; IC   ; 2      ; LABCELL_X33_Y35_N36       ; ascal|Add175~37|cin                                                                  ;
;   12.235 ;   0.045 ; FF ; CELL ; 1      ; LABCELL_X33_Y35_N36       ; ascal|Add175~37|cout                                                                 ;
;   12.235 ;   0.000 ; FF ; IC   ; 2      ; LABCELL_X33_Y35_N39       ; ascal|Add175~41|cin                                                                  ;
;   12.235 ;   0.000 ; FF ; CELL ; 1      ; LABCELL_X33_Y35_N39       ; ascal|Add175~41|cout                                                                 ;
;   12.235 ;   0.000 ; FF ; IC   ; 2      ; LABCELL_X33_Y35_N42       ; ascal|Add175~45|cin                                                                  ;
;   12.280 ;   0.045 ; FF ; CELL ; 1      ; LABCELL_X33_Y35_N42       ; ascal|Add175~45|cout                                                                 ;
;   12.280 ;   0.000 ; FF ; IC   ; 2      ; LABCELL_X33_Y35_N45       ; ascal|Add175~1|cin                                                                   ;
;   12.280 ;   0.000 ; FF ; CELL ; 1      ; LABCELL_X33_Y35_N45       ; ascal|Add175~1|cout                                                                  ;
;   12.280 ;   0.000 ; FF ; IC   ; 2      ; LABCELL_X33_Y35_N48       ; ascal|Add175~5|cin                                                                   ;
;   12.325 ;   0.045 ; FF ; CELL ; 1      ; LABCELL_X33_Y35_N48       ; ascal|Add175~5|cout                                                                  ;
;   12.325 ;   0.000 ; FF ; IC   ; 2      ; LABCELL_X33_Y35_N51       ; ascal|Add175~9|cin                                                                   ;
;   12.325 ;   0.000 ; FF ; CELL ; 1      ; LABCELL_X33_Y35_N51       ; ascal|Add175~9|cout                                                                  ;
;   12.325 ;   0.000 ; FF ; IC   ; 1      ; LABCELL_X33_Y35_N54       ; ascal|Add175~13|cin                                                                  ;
;   12.696 ;   0.371 ; FR ; CELL ; 16     ; LABCELL_X33_Y35_N54       ; ascal|Add175~13|sumout                                                               ;
;   13.299 ;   0.603 ; RR ; IC   ; 1      ; FF_X34_Y35_N1             ; ascal|o_h_poly_pix.g[0]|sclr                                                         ;
;   14.095 ;   0.796 ; RF ; CELL ; 1      ; FF_X34_Y35_N1             ; ascal:ascal|o_h_poly_pix.g[0]                                                        ;
+----------+---------+----+------+--------+---------------------------+--------------------------------------------------------------------------------------+

+-------------------------------------------------------------------------------------------------------------------------------------------------------------+
; Data Required Path                                                                                                                                          ;
+----------+----------+----+------+--------+---------------------------+--------------------------------------------------------------------------------------+
; Total    ; Incr     ; RF ; Type ; Fanout ; Location                  ; Element                                                                              ;
+----------+----------+----+------+--------+---------------------------+--------------------------------------------------------------------------------------+
; 6.732    ; 6.732    ;    ;      ;        ;                           ; latch edge time                                                                      ;
; 14.880   ; 8.148    ;    ;      ;        ;                           ; clock path                                                                           ;
;   6.732  ;   0.000  ;    ;      ;        ;                           ; source latency                                                                       ;
;   6.732  ;   0.000  ;    ;      ; 1      ; PIN_V11                   ; FPGA_CLK1_50                                                                         ;
;   6.732  ;   0.000  ; RR ; IC   ; 1      ; IOIBUF_X32_Y0_N1          ; FPGA_CLK1_50~input|i                                                                 ;
;   7.493  ;   0.761  ; RR ; CELL ; 2      ; IOIBUF_X32_Y0_N1          ; FPGA_CLK1_50~input|o                                                                 ;
;   8.654  ;   1.161  ; RR ; IC   ; 1      ; PLLREFCLKSELECT_X0_Y7_N0  ; pll_hdmi|pll_hdmi_inst|altera_pll_i|cyclonev_pll|fpll_0|REFCLK_SELECT|clkin[0]       ;
;   8.962  ;   0.308  ; RR ; CELL ; 1      ; PLLREFCLKSELECT_X0_Y7_N0  ; pll_hdmi|pll_hdmi_inst|altera_pll_i|cyclonev_pll|fpll_0|REFCLK_SELECT|clkout         ;
;   8.962  ;   0.000  ; RR ; IC   ; 10     ; FRACTIONALPLL_X0_Y1_N0    ; pll_hdmi|pll_hdmi_inst|altera_pll_i|cyclonev_pll|fpll_0|fpll|refclkin                ;
;   8.811  ;   -0.151 ; RR ; COMP ; 1      ; FRACTIONALPLL_X0_Y1_N0    ; pll_hdmi|pll_hdmi_inst|altera_pll_i|cyclonev_pll|fpll_0|fpll|vcoph[0]                ;
;   8.811  ;   0.000  ; RR ; IC   ; 1      ; PLLOUTPUTCOUNTER_X0_Y5_N1 ; pll_hdmi|pll_hdmi_inst|altera_pll_i|cyclonev_pll|counter[0].output_counter|vco0ph[0] ;
;   10.277 ;   1.466  ; RR ; CELL ; 3      ; PLLOUTPUTCOUNTER_X0_Y5_N1 ; pll_hdmi|pll_hdmi_inst|altera_pll_i|cyclonev_pll|counter[0].output_counter|divclk    ;
;   11.282 ;   1.005  ; RR ; IC   ; 1      ; CLKCTRL_G4                ; pll_hdmi|pll_hdmi_inst|altera_pll_i|cyclonev_pll|divclk[0]~CLKENA0|inclk             ;
;   11.561 ;   0.279  ; RR ; CELL ; 3637   ; CLKCTRL_G4                ; pll_hdmi|pll_hdmi_inst|altera_pll_i|cyclonev_pll|divclk[0]~CLKENA0|outclk            ;
;   13.407 ;   1.846  ; RR ; IC   ; 1      ; FF_X34_Y35_N1             ; ascal|o_h_poly_pix.g[0]|clk                                                          ;
;   13.914 ;   0.507  ; RR ; CELL ; 1      ; FF_X34_Y35_N1             ; ascal:ascal|o_h_poly_pix.g[0]                                                        ;
;   14.880 ;   0.966  ;    ;      ;        ;                           ; clock pessimism removed                                                              ;
; 14.680   ; -0.200   ;    ;      ;        ;                           ; clock uncertainty                                                                    ;
; 14.680   ; 0.000    ;    ; uTsu ; 1      ; FF_X34_Y35_N1             ; ascal:ascal|o_h_poly_pix.g[0]                                                        ;
+----------+----------+----+------+--------+---------------------------+--------------------------------------------------------------------------------------+

----------------------------
; Extra Fitter Information ;
----------------------------
HTML report is unavailable in plain text report export.


Path #5: Setup slack is 0.585 
===============================================================================
+--------------------------------------------------------------------------------------------------------+
; Path Summary                                                                                           ;
+--------------------+-----------------------------------------------------------------------------------+
; Property           ; Value                                                                             ;
+--------------------+-----------------------------------------------------------------------------------+
; From Node          ; ascal:ascal|o_h_poly_t.g1[10]                                                     ;
; To Node            ; ascal:ascal|o_h_poly_pix.g[1]                                                     ;
; Launch Clock       ; pll_hdmi|pll_hdmi_inst|altera_pll_i|cyclonev_pll|counter[0].output_counter|divclk ;
; Latch Clock        ; pll_hdmi|pll_hdmi_inst|altera_pll_i|cyclonev_pll|counter[0].output_counter|divclk ;
; Data Arrival Time  ; 14.095                                                                            ;
; Data Required Time ; 14.680                                                                            ;
; Slack              ; 0.585                                                                             ;
+--------------------+-----------------------------------------------------------------------------------+

+--------------------------------------------------------------------------------------+
; Statistics                                                                           ;
+------------------------+--------+-------+-------------+------------+--------+--------+
; Property               ; Value  ; Count ; Total Delay ; % of Total ; Min    ; Max    ;
+------------------------+--------+-------+-------------+------------+--------+--------+
; Setup Relationship     ; 6.732  ;       ;             ;            ;        ;        ;
; Clock Skew             ; -0.871 ;       ;             ;            ;        ;        ;
; Data Delay             ; 5.076  ;       ;             ;            ;        ;        ;
; Number of Logic Levels ;        ; 1     ;             ;            ;        ;        ;
; Physical Delays        ;        ;       ;             ;            ;        ;        ;
;  Arrival Path          ;        ;       ;             ;            ;        ;        ;
;   Clock                ;        ;       ;             ;            ;        ;        ;
;    IC                  ;        ; 6     ; 4.799       ; 53         ; 0.000  ; 2.332  ;
;    Cell                ;        ; 6     ; 4.220       ; 47         ; 0.185  ; 1.745  ;
;   Data                 ;        ;       ;             ;            ;        ;        ;
;    IC                  ;        ; 18    ; 2.160       ; 43         ; 0.000  ; 1.557  ;
;    Cell                ;        ; 19    ; 2.916       ; 57         ; 0.000  ; 0.796  ;
;    uTco                ;        ; 1     ; 0.000       ; 0          ; 0.000  ; 0.000  ;
;  Required Path         ;        ;       ;             ;            ;        ;        ;
;   Clock                ;        ;       ;             ;            ;        ;        ;
;    IC                  ;        ; 6     ; 4.012       ; 55         ; 0.000  ; 1.846  ;
;    Cell                ;        ; 5     ; 3.321       ; 45         ; 0.279  ; 1.466  ;
;    PLL Compensation    ;        ; 1     ; -0.151      ; 0          ; -0.151 ; -0.151 ;
+------------------------+--------+-------+-------------+------------+--------+--------+
Note: Negative delays are omitted from totals when calculating percentages

+------------------------------------------------------------------------------------------------------------------------------------------------------------+
; Data Arrival Path                                                                                                                                          ;
+----------+---------+----+------+--------+---------------------------+--------------------------------------------------------------------------------------+
; Total    ; Incr    ; RF ; Type ; Fanout ; Location                  ; Element                                                                              ;
+----------+---------+----+------+--------+---------------------------+--------------------------------------------------------------------------------------+
; 0.000    ; 0.000   ;    ;      ;        ;                           ; launch edge time                                                                     ;
; 9.019    ; 9.019   ;    ;      ;        ;                           ; clock path                                                                           ;
;   0.000  ;   0.000 ;    ;      ;        ;                           ; source latency                                                                       ;
;   0.000  ;   0.000 ;    ;      ; 1      ; PIN_V11                   ; FPGA_CLK1_50                                                                         ;
;   0.000  ;   0.000 ; RR ; IC   ; 1      ; IOIBUF_X32_Y0_N1          ; FPGA_CLK1_50~input|i                                                                 ;
;   0.761  ;   0.761 ; RR ; CELL ; 2      ; IOIBUF_X32_Y0_N1          ; FPGA_CLK1_50~input|o                                                                 ;
;   2.086  ;   1.325 ; RR ; IC   ; 1      ; PLLREFCLKSELECT_X0_Y7_N0  ; pll_hdmi|pll_hdmi_inst|altera_pll_i|cyclonev_pll|fpll_0|REFCLK_SELECT|clkin[0]       ;
;   2.419  ;   0.333 ; RR ; CELL ; 1      ; PLLREFCLKSELECT_X0_Y7_N0  ; pll_hdmi|pll_hdmi_inst|altera_pll_i|cyclonev_pll|fpll_0|REFCLK_SELECT|clkout         ;
;   2.419  ;   0.000 ; RR ; IC   ; 10     ; FRACTIONALPLL_X0_Y1_N0    ; pll_hdmi|pll_hdmi_inst|altera_pll_i|cyclonev_pll|fpll_0|fpll|refclkin                ;
;   2.604  ;   0.185 ; RR ; CELL ; 1      ; FRACTIONALPLL_X0_Y1_N0    ; pll_hdmi|pll_hdmi_inst|altera_pll_i|cyclonev_pll|fpll_0|fpll|vcoph[0]                ;
;   2.604  ;   0.000 ; RR ; IC   ; 1      ; PLLOUTPUTCOUNTER_X0_Y5_N1 ; pll_hdmi|pll_hdmi_inst|altera_pll_i|cyclonev_pll|counter[0].output_counter|vco0ph[0] ;
;   4.349  ;   1.745 ; RR ; CELL ; 3      ; PLLOUTPUTCOUNTER_X0_Y5_N1 ; pll_hdmi|pll_hdmi_inst|altera_pll_i|cyclonev_pll|counter[0].output_counter|divclk    ;
;   5.491  ;   1.142 ; RR ; IC   ; 1      ; CLKCTRL_G4                ; pll_hdmi|pll_hdmi_inst|altera_pll_i|cyclonev_pll|divclk[0]~CLKENA0|inclk             ;
;   5.795  ;   0.304 ; RR ; CELL ; 3637   ; CLKCTRL_G4                ; pll_hdmi|pll_hdmi_inst|altera_pll_i|cyclonev_pll|divclk[0]~CLKENA0|outclk            ;
;   8.127  ;   2.332 ; RR ; IC   ; 54     ; DSP_X32_Y37_N0            ; ascal|Add171~8|clk[0]                                                                ;
;   9.019  ;   0.892 ; RR ; CELL ; 1      ; DSP_X32_Y37_N0            ; ascal:ascal|o_h_poly_t.g1[10]                                                        ;
; 14.095   ; 5.076   ;    ;      ;        ;                           ; data path                                                                            ;
;   9.019  ;   0.000 ;    ; uTco ; 1      ; DSP_X32_Y37_N0            ; ascal:ascal|o_h_poly_t.g1[10]                                                        ;
;   9.748  ;   0.729 ; RF ; CELL ; 1      ; DSP_X32_Y37_N0            ; ascal|Add171~8|resulta[10]                                                           ;
;   11.305 ;   1.557 ; FF ; IC   ; 1      ; LABCELL_X33_Y35_N6        ; ascal|Add175~66|datad                                                                ;
;   11.925 ;   0.620 ; FF ; CELL ; 1      ; LABCELL_X33_Y35_N6        ; ascal|Add175~66|cout                                                                 ;
;   11.925 ;   0.000 ; FF ; IC   ; 1      ; LABCELL_X33_Y35_N9        ; ascal|Add175~62|cin                                                                  ;
;   11.925 ;   0.000 ; FF ; CELL ; 1      ; LABCELL_X33_Y35_N9        ; ascal|Add175~62|cout                                                                 ;
;   11.925 ;   0.000 ; FF ; IC   ; 1      ; LABCELL_X33_Y35_N12       ; ascal|Add175~58|cin                                                                  ;
;   11.970 ;   0.045 ; FF ; CELL ; 1      ; LABCELL_X33_Y35_N12       ; ascal|Add175~58|cout                                                                 ;
;   11.970 ;   0.000 ; FF ; IC   ; 1      ; LABCELL_X33_Y35_N15       ; ascal|Add175~54|cin                                                                  ;
;   11.970 ;   0.000 ; FF ; CELL ; 1      ; LABCELL_X33_Y35_N15       ; ascal|Add175~54|cout                                                                 ;
;   11.970 ;   0.000 ; FF ; IC   ; 1      ; LABCELL_X33_Y35_N18       ; ascal|Add175~50|cin                                                                  ;
;   12.015 ;   0.045 ; FF ; CELL ; 1      ; LABCELL_X33_Y35_N18       ; ascal|Add175~50|cout                                                                 ;
;   12.015 ;   0.000 ; FF ; IC   ; 2      ; LABCELL_X33_Y35_N21       ; ascal|Add175~17|cin                                                                  ;
;   12.015 ;   0.000 ; FF ; CELL ; 1      ; LABCELL_X33_Y35_N21       ; ascal|Add175~17|cout                                                                 ;
;   12.015 ;   0.000 ; FF ; IC   ; 2      ; LABCELL_X33_Y35_N24       ; ascal|Add175~21|cin                                                                  ;
;   12.072 ;   0.057 ; FF ; CELL ; 1      ; LABCELL_X33_Y35_N24       ; ascal|Add175~21|cout                                                                 ;
;   12.072 ;   0.000 ; FF ; IC   ; 2      ; LABCELL_X33_Y35_N27       ; ascal|Add175~25|cin                                                                  ;
;   12.072 ;   0.000 ; FF ; CELL ; 1      ; LABCELL_X33_Y35_N27       ; ascal|Add175~25|cout                                                                 ;
;   12.072 ;   0.000 ; FF ; IC   ; 2      ; LABCELL_X33_Y35_N30       ; ascal|Add175~29|cin                                                                  ;
;   12.190 ;   0.118 ; FF ; CELL ; 1      ; LABCELL_X33_Y35_N30       ; ascal|Add175~29|cout                                                                 ;
;   12.190 ;   0.000 ; FF ; IC   ; 2      ; LABCELL_X33_Y35_N33       ; ascal|Add175~33|cin                                                                  ;
;   12.190 ;   0.000 ; FF ; CELL ; 1      ; LABCELL_X33_Y35_N33       ; ascal|Add175~33|cout                                                                 ;
;   12.190 ;   0.000 ; FF ; IC   ; 2      ; LABCELL_X33_Y35_N36       ; ascal|Add175~37|cin                                                                  ;
;   12.235 ;   0.045 ; FF ; CELL ; 1      ; LABCELL_X33_Y35_N36       ; ascal|Add175~37|cout                                                                 ;
;   12.235 ;   0.000 ; FF ; IC   ; 2      ; LABCELL_X33_Y35_N39       ; ascal|Add175~41|cin                                                                  ;
;   12.235 ;   0.000 ; FF ; CELL ; 1      ; LABCELL_X33_Y35_N39       ; ascal|Add175~41|cout                                                                 ;
;   12.235 ;   0.000 ; FF ; IC   ; 2      ; LABCELL_X33_Y35_N42       ; ascal|Add175~45|cin                                                                  ;
;   12.280 ;   0.045 ; FF ; CELL ; 1      ; LABCELL_X33_Y35_N42       ; ascal|Add175~45|cout                                                                 ;
;   12.280 ;   0.000 ; FF ; IC   ; 2      ; LABCELL_X33_Y35_N45       ; ascal|Add175~1|cin                                                                   ;
;   12.280 ;   0.000 ; FF ; CELL ; 1      ; LABCELL_X33_Y35_N45       ; ascal|Add175~1|cout                                                                  ;
;   12.280 ;   0.000 ; FF ; IC   ; 2      ; LABCELL_X33_Y35_N48       ; ascal|Add175~5|cin                                                                   ;
;   12.325 ;   0.045 ; FF ; CELL ; 1      ; LABCELL_X33_Y35_N48       ; ascal|Add175~5|cout                                                                  ;
;   12.325 ;   0.000 ; FF ; IC   ; 2      ; LABCELL_X33_Y35_N51       ; ascal|Add175~9|cin                                                                   ;
;   12.325 ;   0.000 ; FF ; CELL ; 1      ; LABCELL_X33_Y35_N51       ; ascal|Add175~9|cout                                                                  ;
;   12.325 ;   0.000 ; FF ; IC   ; 1      ; LABCELL_X33_Y35_N54       ; ascal|Add175~13|cin                                                                  ;
;   12.696 ;   0.371 ; FR ; CELL ; 16     ; LABCELL_X33_Y35_N54       ; ascal|Add175~13|sumout                                                               ;
;   13.299 ;   0.603 ; RR ; IC   ; 1      ; FF_X34_Y35_N55            ; ascal|o_h_poly_pix.g[1]|sclr                                                         ;
;   14.095 ;   0.796 ; RF ; CELL ; 1      ; FF_X34_Y35_N55            ; ascal:ascal|o_h_poly_pix.g[1]                                                        ;
+----------+---------+----+------+--------+---------------------------+--------------------------------------------------------------------------------------+

+-------------------------------------------------------------------------------------------------------------------------------------------------------------+
; Data Required Path                                                                                                                                          ;
+----------+----------+----+------+--------+---------------------------+--------------------------------------------------------------------------------------+
; Total    ; Incr     ; RF ; Type ; Fanout ; Location                  ; Element                                                                              ;
+----------+----------+----+------+--------+---------------------------+--------------------------------------------------------------------------------------+
; 6.732    ; 6.732    ;    ;      ;        ;                           ; latch edge time                                                                      ;
; 14.880   ; 8.148    ;    ;      ;        ;                           ; clock path                                                                           ;
;   6.732  ;   0.000  ;    ;      ;        ;                           ; source latency                                                                       ;
;   6.732  ;   0.000  ;    ;      ; 1      ; PIN_V11                   ; FPGA_CLK1_50                                                                         ;
;   6.732  ;   0.000  ; RR ; IC   ; 1      ; IOIBUF_X32_Y0_N1          ; FPGA_CLK1_50~input|i                                                                 ;
;   7.493  ;   0.761  ; RR ; CELL ; 2      ; IOIBUF_X32_Y0_N1          ; FPGA_CLK1_50~input|o                                                                 ;
;   8.654  ;   1.161  ; RR ; IC   ; 1      ; PLLREFCLKSELECT_X0_Y7_N0  ; pll_hdmi|pll_hdmi_inst|altera_pll_i|cyclonev_pll|fpll_0|REFCLK_SELECT|clkin[0]       ;
;   8.962  ;   0.308  ; RR ; CELL ; 1      ; PLLREFCLKSELECT_X0_Y7_N0  ; pll_hdmi|pll_hdmi_inst|altera_pll_i|cyclonev_pll|fpll_0|REFCLK_SELECT|clkout         ;
;   8.962  ;   0.000  ; RR ; IC   ; 10     ; FRACTIONALPLL_X0_Y1_N0    ; pll_hdmi|pll_hdmi_inst|altera_pll_i|cyclonev_pll|fpll_0|fpll|refclkin                ;
;   8.811  ;   -0.151 ; RR ; COMP ; 1      ; FRACTIONALPLL_X0_Y1_N0    ; pll_hdmi|pll_hdmi_inst|altera_pll_i|cyclonev_pll|fpll_0|fpll|vcoph[0]                ;
;   8.811  ;   0.000  ; RR ; IC   ; 1      ; PLLOUTPUTCOUNTER_X0_Y5_N1 ; pll_hdmi|pll_hdmi_inst|altera_pll_i|cyclonev_pll|counter[0].output_counter|vco0ph[0] ;
;   10.277 ;   1.466  ; RR ; CELL ; 3      ; PLLOUTPUTCOUNTER_X0_Y5_N1 ; pll_hdmi|pll_hdmi_inst|altera_pll_i|cyclonev_pll|counter[0].output_counter|divclk    ;
;   11.282 ;   1.005  ; RR ; IC   ; 1      ; CLKCTRL_G4                ; pll_hdmi|pll_hdmi_inst|altera_pll_i|cyclonev_pll|divclk[0]~CLKENA0|inclk             ;
;   11.561 ;   0.279  ; RR ; CELL ; 3637   ; CLKCTRL_G4                ; pll_hdmi|pll_hdmi_inst|altera_pll_i|cyclonev_pll|divclk[0]~CLKENA0|outclk            ;
;   13.407 ;   1.846  ; RR ; IC   ; 1      ; FF_X34_Y35_N55            ; ascal|o_h_poly_pix.g[1]|clk                                                          ;
;   13.914 ;   0.507  ; RR ; CELL ; 1      ; FF_X34_Y35_N55            ; ascal:ascal|o_h_poly_pix.g[1]                                                        ;
;   14.880 ;   0.966  ;    ;      ;        ;                           ; clock pessimism removed                                                              ;
; 14.680   ; -0.200   ;    ;      ;        ;                           ; clock uncertainty                                                                    ;
; 14.680   ; 0.000    ;    ; uTsu ; 1      ; FF_X34_Y35_N55            ; ascal:ascal|o_h_poly_pix.g[1]                                                        ;
+----------+----------+----+------+--------+---------------------------+--------------------------------------------------------------------------------------+

----------------------------
; Extra Fitter Information ;
----------------------------
HTML report is unavailable in plain text report export.


