----------------
; Command Info ;
----------------
Report Timing: Found 5 hold paths (0 violated).  Worst case slack is 0.251 

Tcl Command:
    report_timing -hold -file reports/quartus_corner_0_hold.rpt -npaths 5 -detail full_path

Options:
    -hold 
    -npaths 5 
    -detail full_path 
    -file {reports/quartus_corner_0_hold.rpt} 

Delay Model:
    Slow 1100mV 100C Model

+------------------------------------------------------------------------------------------------------------------------------------------------------------------------------------------------------------------------------------------+
; Summary of Paths                                                                                                                                                                                                                         ;
+-------+-----------------------------------------------------------------------------+-----------------------------------------------------------------------------+--------------+--------------+--------------+------------+------------+
; Slack ; From Node                                                                   ; To Node                                                                     ; Launch Clock ; Latch Clock  ; Relationship ; Clock Skew ; Data Delay ;
+-------+-----------------------------------------------------------------------------+-----------------------------------------------------------------------------+--------------+--------------+--------------+------------+------------+
; 0.251 ; vcnt[2]                                                                     ; vcnt[2]                                                                     ; FPGA_CLK2_50 ; FPGA_CLK2_50 ; 0.000        ; 0.111      ; 0.362      ;
; 0.252 ; emu:emu|drmicro_core:board|drmicro_sound:sound|sn76496_jt89:sn0|count[1][2] ; emu:emu|drmicro_core:board|drmicro_sound:sound|sn76496_jt89:sn0|count[1][2] ; FPGA_CLK2_50 ; FPGA_CLK2_50 ; 0.000        ; 0.109      ; 0.361      ;
; 0.253 ; sys_umuldiv:ar_muldiv|sys_udiv:udiv|rem[29]                                 ; sys_umuldiv:ar_muldiv|sys_udiv:udiv|rem[30]                                 ; FPGA_CLK2_50 ; FPGA_CLK2_50 ; 0.000        ; 0.109      ; 0.362      ;
; 0.256 ; emu:emu|drmicro_core:board|drmicro_memory:memory|clear_addr[2]              ; emu:emu|drmicro_core:board|drmicro_memory:memory|clear_addr[2]              ; FPGA_CLK2_50 ; FPGA_CLK2_50 ; 0.000        ; 0.110      ; 0.366      ;
; 0.257 ; btn_timeout[13]                                                             ; btn_timeout[13]                                                             ; FPGA_CLK2_50 ; FPGA_CLK2_50 ; 0.000        ; 0.109      ; 0.366      ;
+-------+-----------------------------------------------------------------------------+-----------------------------------------------------------------------------+--------------+--------------+--------------+------------+------------+

Path #1: Hold slack is 0.251 
===============================================================================
+-----------------------------------+
; Path Summary                      ;
+--------------------+--------------+
; Property           ; Value        ;
+--------------------+--------------+
; From Node          ; vcnt[2]      ;
; To Node            ; vcnt[2]      ;
; Launch Clock       ; FPGA_CLK2_50 ;
; Latch Clock        ; FPGA_CLK2_50 ;
; Data Arrival Time  ; 4.287        ;
; Data Required Time ; 4.036        ;
; Slack              ; 0.251        ;
+--------------------+--------------+

+-----------------------------------------------------------------------------------+
; Statistics                                                                        ;
+------------------------+-------+-------+-------------+------------+-------+-------+
; Property               ; Value ; Count ; Total Delay ; % of Total ; Min   ; Max   ;
+------------------------+-------+-------+-------------+------------+-------+-------+
; Hold Relationship      ; 0.000 ;       ;             ;            ;       ;       ;
; Clock Skew             ; 0.111 ;       ;             ;            ;       ;       ;
; Data Delay             ; 0.362 ;       ;             ;            ;       ;       ;
; Number of Logic Levels ;       ; 1     ;             ;            ;       ;       ;
; Physical Delays        ;       ;       ;             ;            ;       ;       ;
;  Arrival Path          ;       ;       ;             ;            ;       ;       ;
;   Clock                ;       ;       ;             ;            ;       ;       ;
;    IC                  ;       ; 3     ; 2.382       ; 61         ; 0.000 ; 1.901 ;
;    Cell                ;       ; 3     ; 1.543       ; 39         ; 0.285 ; 0.761 ;
;   Data                 ;       ;       ;             ;            ;       ;       ;
;    IC                  ;       ; 2     ; 0.224       ; 62         ; 0.000 ; 0.224 ;
;    Cell                ;       ; 3     ; 0.138       ; 38         ; 0.000 ; 0.069 ;
;    uTco                ;       ; 1     ; 0.000       ; 0          ; 0.000 ; 0.000 ;
;  Required Path         ;       ;       ;             ;            ;       ;       ;
;   Clock                ;       ;       ;             ;            ;       ;       ;
;    IC                  ;       ; 3     ; 2.858       ; 63         ; 0.000 ; 2.328 ;
;    Cell                ;       ; 3     ; 1.649       ; 37         ; 0.310 ; 0.761 ;
+------------------------+-------+-------+-------------+------------+-------+-------+
Note: Negative delays are omitted from totals when calculating percentages

+-----------------------------------------------------------------------------------------------+
; Data Arrival Path                                                                             ;
+---------+---------+----+------+--------+-------------------+----------------------------------+
; Total   ; Incr    ; RF ; Type ; Fanout ; Location          ; Element                          ;
+---------+---------+----+------+--------+-------------------+----------------------------------+
; 0.000   ; 0.000   ;    ;      ;        ;                   ; launch edge time                 ;
; 3.925   ; 3.925   ;    ;      ;        ;                   ; clock path                       ;
;   0.000 ;   0.000 ;    ;      ;        ;                   ; source latency                   ;
;   0.000 ;   0.000 ;    ;      ; 1      ; PIN_Y13           ; FPGA_CLK2_50                     ;
;   0.000 ;   0.000 ; RR ; IC   ; 1      ; IOIBUF_X56_Y0_N1  ; FPGA_CLK2_50~input|i             ;
;   0.761 ;   0.761 ; RR ; CELL ; 3      ; IOIBUF_X56_Y0_N1  ; FPGA_CLK2_50~input|o             ;
;   1.242 ;   0.481 ; RR ; IC   ; 1      ; CLKCTRL_G7        ; FPGA_CLK2_50~inputCLKENA0|inclk  ;
;   1.527 ;   0.285 ; RR ; CELL ; 8176   ; CLKCTRL_G7        ; FPGA_CLK2_50~inputCLKENA0|outclk ;
;   3.428 ;   1.901 ; RR ; IC   ; 1      ; FF_X40_Y5_N8      ; vcnt[2]|clk                      ;
;   3.925 ;   0.497 ; RR ; CELL ; 1      ; FF_X40_Y5_N8      ; vcnt[2]                          ;
; 4.287   ; 0.362   ;    ;      ;        ;                   ; data path                        ;
;   3.925 ;   0.000 ;    ; uTco ; 1      ; FF_X40_Y5_N8      ; vcnt[2]                          ;
;   3.925 ;   0.000 ; FF ; CELL ; 8      ; FF_X40_Y5_N8      ; vcnt[2]|q                        ;
;   4.149 ;   0.224 ; FF ; IC   ; 2      ; LABCELL_X40_Y5_N6 ; Add27~9|dataf                    ;
;   4.218 ;   0.069 ; FR ; CELL ; 1      ; LABCELL_X40_Y5_N6 ; Add27~9|sumout                   ;
;   4.218 ;   0.000 ; RR ; IC   ; 1      ; FF_X40_Y5_N8      ; vcnt[2]|d                        ;
;   4.287 ;   0.069 ; RR ; CELL ; 1      ; FF_X40_Y5_N8      ; vcnt[2]                          ;
+---------+---------+----+------+--------+-------------------+----------------------------------+

+-----------------------------------------------------------------------------------------------+
; Data Required Path                                                                            ;
+---------+----------+----+------+--------+------------------+----------------------------------+
; Total   ; Incr     ; RF ; Type ; Fanout ; Location         ; Element                          ;
+---------+----------+----+------+--------+------------------+----------------------------------+
; 0.000   ; 0.000    ;    ;      ;        ;                  ; latch edge time                  ;
; 4.036   ; 4.036    ;    ;      ;        ;                  ; clock path                       ;
;   0.000 ;   0.000  ;    ;      ;        ;                  ; source latency                   ;
;   0.000 ;   0.000  ;    ;      ; 1      ; PIN_Y13          ; FPGA_CLK2_50                     ;
;   0.000 ;   0.000  ; RR ; IC   ; 1      ; IOIBUF_X56_Y0_N1 ; FPGA_CLK2_50~input|i             ;
;   0.761 ;   0.761  ; RR ; CELL ; 3      ; IOIBUF_X56_Y0_N1 ; FPGA_CLK2_50~input|o             ;
;   1.291 ;   0.530  ; RR ; IC   ; 1      ; CLKCTRL_G7       ; FPGA_CLK2_50~inputCLKENA0|inclk  ;
;   1.601 ;   0.310  ; RR ; CELL ; 8176   ; CLKCTRL_G7       ; FPGA_CLK2_50~inputCLKENA0|outclk ;
;   3.929 ;   2.328  ; RR ; IC   ; 1      ; FF_X40_Y5_N8     ; vcnt[2]|clk                      ;
;   4.507 ;   0.578  ; RR ; CELL ; 1      ; FF_X40_Y5_N8     ; vcnt[2]                          ;
;   4.036 ;   -0.471 ;    ;      ;        ;                  ; clock pessimism removed          ;
; 4.036   ; 0.000    ;    ;      ;        ;                  ; clock uncertainty                ;
; 4.036   ; 0.000    ;    ; uTh  ; 1      ; FF_X40_Y5_N8     ; vcnt[2]                          ;
+---------+----------+----+------+--------+------------------+----------------------------------+

----------------------------
; Extra Fitter Information ;
----------------------------
HTML report is unavailable in plain text report export.


Path #2: Hold slack is 0.252 
===============================================================================
+--------------------------------------------------------------------------------------------------+
; Path Summary                                                                                     ;
+--------------------+-----------------------------------------------------------------------------+
; Property           ; Value                                                                       ;
+--------------------+-----------------------------------------------------------------------------+
; From Node          ; emu:emu|drmicro_core:board|drmicro_sound:sound|sn76496_jt89:sn0|count[1][2] ;
; To Node            ; emu:emu|drmicro_core:board|drmicro_sound:sound|sn76496_jt89:sn0|count[1][2] ;
; Launch Clock       ; FPGA_CLK2_50                                                                ;
; Latch Clock        ; FPGA_CLK2_50                                                                ;
; Data Arrival Time  ; 4.206                                                                       ;
; Data Required Time ; 3.954                                                                       ;
; Slack              ; 0.252                                                                       ;
+--------------------+-----------------------------------------------------------------------------+

+-----------------------------------------------------------------------------------+
; Statistics                                                                        ;
+------------------------+-------+-------+-------------+------------+-------+-------+
; Property               ; Value ; Count ; Total Delay ; % of Total ; Min   ; Max   ;
+------------------------+-------+-------+-------------+------------+-------+-------+
; Hold Relationship      ; 0.000 ;       ;             ;            ;       ;       ;
; Clock Skew             ; 0.109 ;       ;             ;            ;       ;       ;
; Data Delay             ; 0.361 ;       ;             ;            ;       ;       ;
; Number of Logic Levels ;       ; 1     ;             ;            ;       ;       ;
; Physical Delays        ;       ;       ;             ;            ;       ;       ;
;  Arrival Path          ;       ;       ;             ;            ;       ;       ;
;   Clock                ;       ;       ;             ;            ;       ;       ;
;    IC                  ;       ; 3     ; 2.327       ; 61         ; 0.000 ; 1.846 ;
;    Cell                ;       ; 3     ; 1.518       ; 39         ; 0.285 ; 0.761 ;
;   Data                 ;       ;       ;             ;            ;       ;       ;
;    IC                  ;       ; 2     ; 0.223       ; 62         ; 0.000 ; 0.223 ;
;    Cell                ;       ; 3     ; 0.138       ; 38         ; 0.000 ; 0.069 ;
;    uTco                ;       ; 1     ; 0.000       ; 0          ; 0.000 ; 0.000 ;
;  Required Path         ;       ;       ;             ;            ;       ;       ;
;   Clock                ;       ;       ;             ;            ;       ;       ;
;    IC                  ;       ; 3     ; 2.787       ; 63         ; 0.000 ; 2.257 ;
;    Cell                ;       ; 3     ; 1.622       ; 37         ; 0.310 ; 0.761 ;
+------------------------+-------+-------+-------------+------------+-------+-------+
Note: Negative delays are omitted from totals when calculating percentages

+-------------------------------------------------------------------------------------------------------------------------------------------+
; Data Arrival Path                                                                                                                         ;
+---------+---------+----+------+--------+--------------------+-----------------------------------------------------------------------------+
; Total   ; Incr    ; RF ; Type ; Fanout ; Location           ; Element                                                                     ;
+---------+---------+----+------+--------+--------------------+-----------------------------------------------------------------------------+
; 0.000   ; 0.000   ;    ;      ;        ;                    ; launch edge time                                                            ;
; 3.845   ; 3.845   ;    ;      ;        ;                    ; clock path                                                                  ;
;   0.000 ;   0.000 ;    ;      ;        ;                    ; source latency                                                              ;
;   0.000 ;   0.000 ;    ;      ; 1      ; PIN_Y13            ; FPGA_CLK2_50                                                                ;
;   0.000 ;   0.000 ; RR ; IC   ; 1      ; IOIBUF_X56_Y0_N1   ; FPGA_CLK2_50~input|i                                                        ;
;   0.761 ;   0.761 ; RR ; CELL ; 3      ; IOIBUF_X56_Y0_N1   ; FPGA_CLK2_50~input|o                                                        ;
;   1.242 ;   0.481 ; RR ; IC   ; 1      ; CLKCTRL_G7         ; FPGA_CLK2_50~inputCLKENA0|inclk                                             ;
;   1.527 ;   0.285 ; RR ; CELL ; 8176   ; CLKCTRL_G7         ; FPGA_CLK2_50~inputCLKENA0|outclk                                            ;
;   3.373 ;   1.846 ; RR ; IC   ; 1      ; FF_X36_Y24_N8      ; emu|board|sound|sn0|count[1][2]|clk                                         ;
;   3.845 ;   0.472 ; RR ; CELL ; 1      ; FF_X36_Y24_N8      ; emu:emu|drmicro_core:board|drmicro_sound:sound|sn76496_jt89:sn0|count[1][2] ;
; 4.206   ; 0.361   ;    ;      ;        ;                    ; data path                                                                   ;
;   3.845 ;   0.000 ;    ; uTco ; 1      ; FF_X36_Y24_N8      ; emu:emu|drmicro_core:board|drmicro_sound:sound|sn76496_jt89:sn0|count[1][2] ;
;   3.845 ;   0.000 ; FF ; CELL ; 2      ; FF_X36_Y24_N8      ; emu|board|sound|sn0|count[1][2]|q                                           ;
;   4.068 ;   0.223 ; FF ; IC   ; 2      ; LABCELL_X36_Y24_N6 ; emu|board|sound|sn0|Add5~33|dataf                                           ;
;   4.137 ;   0.069 ; FR ; CELL ; 1      ; LABCELL_X36_Y24_N6 ; emu|board|sound|sn0|Add5~33|sumout                                          ;
;   4.137 ;   0.000 ; RR ; IC   ; 1      ; FF_X36_Y24_N8      ; emu|board|sound|sn0|count[1][2]|d                                           ;
;   4.206 ;   0.069 ; RR ; CELL ; 1      ; FF_X36_Y24_N8      ; emu:emu|drmicro_core:board|drmicro_sound:sound|sn76496_jt89:sn0|count[1][2] ;
+---------+---------+----+------+--------+--------------------+-----------------------------------------------------------------------------+

+------------------------------------------------------------------------------------------------------------------------------------------+
; Data Required Path                                                                                                                       ;
+---------+----------+----+------+--------+------------------+-----------------------------------------------------------------------------+
; Total   ; Incr     ; RF ; Type ; Fanout ; Location         ; Element                                                                     ;
+---------+----------+----+------+--------+------------------+-----------------------------------------------------------------------------+
; 0.000   ; 0.000    ;    ;      ;        ;                  ; latch edge time                                                             ;
; 3.954   ; 3.954    ;    ;      ;        ;                  ; clock path                                                                  ;
;   0.000 ;   0.000  ;    ;      ;        ;                  ; source latency                                                              ;
;   0.000 ;   0.000  ;    ;      ; 1      ; PIN_Y13          ; FPGA_CLK2_50                                                                ;
;   0.000 ;   0.000  ; RR ; IC   ; 1      ; IOIBUF_X56_Y0_N1 ; FPGA_CLK2_50~input|i                                                        ;
;   0.761 ;   0.761  ; RR ; CELL ; 3      ; IOIBUF_X56_Y0_N1 ; FPGA_CLK2_50~input|o                                                        ;
;   1.291 ;   0.530  ; RR ; IC   ; 1      ; CLKCTRL_G7       ; FPGA_CLK2_50~inputCLKENA0|inclk                                             ;
;   1.601 ;   0.310  ; RR ; CELL ; 8176   ; CLKCTRL_G7       ; FPGA_CLK2_50~inputCLKENA0|outclk                                            ;
;   3.858 ;   2.257  ; RR ; IC   ; 1      ; FF_X36_Y24_N8    ; emu|board|sound|sn0|count[1][2]|clk                                         ;
;   4.409 ;   0.551  ; RR ; CELL ; 1      ; FF_X36_Y24_N8    ; emu:emu|drmicro_core:board|drmicro_sound:sound|sn76496_jt89:sn0|count[1][2] ;
;   3.954 ;   -0.455 ;    ;      ;        ;                  ; clock pessimism removed                                                     ;
; 3.954   ; 0.000    ;    ;      ;        ;                  ; clock uncertainty                                                           ;
; 3.954   ; 0.000    ;    ; uTh  ; 1      ; FF_X36_Y24_N8    ; emu:emu|drmicro_core:board|drmicro_sound:sound|sn76496_jt89:sn0|count[1][2] ;
+---------+----------+----+------+--------+------------------+-----------------------------------------------------------------------------+

----------------------------
; Extra Fitter Information ;
----------------------------
HTML report is unavailable in plain text report export.


Path #3: Hold slack is 0.253 
===============================================================================
+------------------------------------------------------------------+
; Path Summary                                                     ;
+--------------------+---------------------------------------------+
; Property           ; Value                                       ;
+--------------------+---------------------------------------------+
; From Node          ; sys_umuldiv:ar_muldiv|sys_udiv:udiv|rem[29] ;
; To Node            ; sys_umuldiv:ar_muldiv|sys_udiv:udiv|rem[30] ;
; Launch Clock       ; FPGA_CLK2_50                                ;
; Latch Clock        ; FPGA_CLK2_50                                ;
; Data Arrival Time  ; 4.252                                       ;
; Data Required Time ; 3.999                                       ;
; Slack              ; 0.253                                       ;
+--------------------+---------------------------------------------+

+-----------------------------------------------------------------------------------+
; Statistics                                                                        ;
+------------------------+-------+-------+-------------+------------+-------+-------+
; Property               ; Value ; Count ; Total Delay ; % of Total ; Min   ; Max   ;
+------------------------+-------+-------+-------------+------------+-------+-------+
; Hold Relationship      ; 0.000 ;       ;             ;            ;       ;       ;
; Clock Skew             ; 0.109 ;       ;             ;            ;       ;       ;
; Data Delay             ; 0.362 ;       ;             ;            ;       ;       ;
; Number of Logic Levels ;       ; 1     ;             ;            ;       ;       ;
; Physical Delays        ;       ;       ;             ;            ;       ;       ;
;  Arrival Path          ;       ;       ;             ;            ;       ;       ;
;   Clock                ;       ;       ;             ;            ;       ;       ;
;    IC                  ;       ; 3     ; 2.347       ; 60         ; 0.000 ; 1.866 ;
;    Cell                ;       ; 3     ; 1.543       ; 40         ; 0.285 ; 0.761 ;
;   Data                 ;       ;       ;             ;            ;       ;       ;
;    IC                  ;       ; 2     ; 0.226       ; 62         ; 0.000 ; 0.226 ;
;    Cell                ;       ; 3     ; 0.136       ; 38         ; 0.000 ; 0.069 ;
;    uTco                ;       ; 1     ; 0.000       ; 0          ; 0.000 ; 0.000 ;
;  Required Path         ;       ;       ;             ;            ;       ;       ;
;   Clock                ;       ;       ;             ;            ;       ;       ;
;    IC                  ;       ; 3     ; 2.809       ; 63         ; 0.000 ; 2.279 ;
;    Cell                ;       ; 3     ; 1.648       ; 37         ; 0.310 ; 0.761 ;
+------------------------+-------+-------+-------------+------------+-------+-------+
Note: Negative delays are omitted from totals when calculating percentages

+------------------------------------------------------------------------------------------------------------+
; Data Arrival Path                                                                                          ;
+---------+---------+----+------+--------+---------------------+---------------------------------------------+
; Total   ; Incr    ; RF ; Type ; Fanout ; Location            ; Element                                     ;
+---------+---------+----+------+--------+---------------------+---------------------------------------------+
; 0.000   ; 0.000   ;    ;      ;        ;                     ; launch edge time                            ;
; 3.890   ; 3.890   ;    ;      ;        ;                     ; clock path                                  ;
;   0.000 ;   0.000 ;    ;      ;        ;                     ; source latency                              ;
;   0.000 ;   0.000 ;    ;      ; 1      ; PIN_Y13             ; FPGA_CLK2_50                                ;
;   0.000 ;   0.000 ; RR ; IC   ; 1      ; IOIBUF_X56_Y0_N1    ; FPGA_CLK2_50~input|i                        ;
;   0.761 ;   0.761 ; RR ; CELL ; 3      ; IOIBUF_X56_Y0_N1    ; FPGA_CLK2_50~input|o                        ;
;   1.242 ;   0.481 ; RR ; IC   ; 1      ; CLKCTRL_G7          ; FPGA_CLK2_50~inputCLKENA0|inclk             ;
;   1.527 ;   0.285 ; RR ; CELL ; 8176   ; CLKCTRL_G7          ; FPGA_CLK2_50~inputCLKENA0|outclk            ;
;   3.393 ;   1.866 ; RR ; IC   ; 1      ; FF_X24_Y45_N17      ; ar_muldiv|udiv|rem[29]|clk                  ;
;   3.890 ;   0.497 ; RR ; CELL ; 1      ; FF_X24_Y45_N17      ; sys_umuldiv:ar_muldiv|sys_udiv:udiv|rem[29] ;
; 4.252   ; 0.362   ;    ;      ;        ;                     ; data path                                   ;
;   3.890 ;   0.000 ;    ; uTco ; 1      ; FF_X24_Y45_N17      ; sys_umuldiv:ar_muldiv|sys_udiv:udiv|rem[29] ;
;   3.890 ;   0.000 ; FF ; CELL ; 1      ; FF_X24_Y45_N17      ; ar_muldiv|udiv|rem[29]|q                    ;
;   4.116 ;   0.226 ; FF ; IC   ; 2      ; LABCELL_X24_Y45_N18 ; ar_muldiv|udiv|Add2~29|dataf                ;
;   4.185 ;   0.069 ; FR ; CELL ; 1      ; LABCELL_X24_Y45_N18 ; ar_muldiv|udiv|Add2~29|sumout               ;
;   4.185 ;   0.000 ; RR ; IC   ; 1      ; FF_X24_Y45_N19      ; ar_muldiv|udiv|rem[30]|d                    ;
;   4.252 ;   0.067 ; RR ; CELL ; 1      ; FF_X24_Y45_N19      ; sys_umuldiv:ar_muldiv|sys_udiv:udiv|rem[30] ;
+---------+---------+----+------+--------+---------------------+---------------------------------------------+

+----------------------------------------------------------------------------------------------------------+
; Data Required Path                                                                                       ;
+---------+----------+----+------+--------+------------------+---------------------------------------------+
; Total   ; Incr     ; RF ; Type ; Fanout ; Location         ; Element                                     ;
+---------+----------+----+------+--------+------------------+---------------------------------------------+
; 0.000   ; 0.000    ;    ;      ;        ;                  ; latch edge time                             ;
; 3.999   ; 3.999    ;    ;      ;        ;                  ; clock path                                  ;
;   0.000 ;   0.000  ;    ;      ;        ;                  ; source latency                              ;
;   0.000 ;   0.000  ;    ;      ; 1      ; PIN_Y13          ; FPGA_CLK2_50                                ;
;   0.000 ;   0.000  ; RR ; IC   ; 1      ; IOIBUF_X56_Y0_N1 ; FPGA_CLK2_50~input|i                        ;
;   0.761 ;   0.761  ; RR ; CELL ; 3      ; IOIBUF_X56_Y0_N1 ; FPGA_CLK2_50~input|o                        ;
;   1.291 ;   0.530  ; RR ; IC   ; 1      ; CLKCTRL_G7       ; FPGA_CLK2_50~inputCLKENA0|inclk             ;
;   1.601 ;   0.310  ; RR ; CELL ; 8176   ; CLKCTRL_G7       ; FPGA_CLK2_50~inputCLKENA0|outclk            ;
;   3.880 ;   2.279  ; RR ; IC   ; 1      ; FF_X24_Y45_N19   ; ar_muldiv|udiv|rem[30]|clk                  ;
;   4.457 ;   0.577  ; RR ; CELL ; 1      ; FF_X24_Y45_N19   ; sys_umuldiv:ar_muldiv|sys_udiv:udiv|rem[30] ;
;   3.999 ;   -0.458 ;    ;      ;        ;                  ; clock pessimism removed                     ;
; 3.999   ; 0.000    ;    ;      ;        ;                  ; clock uncertainty                           ;
; 3.999   ; 0.000    ;    ; uTh  ; 1      ; FF_X24_Y45_N19   ; sys_umuldiv:ar_muldiv|sys_udiv:udiv|rem[30] ;
+---------+----------+----+------+--------+------------------+---------------------------------------------+

----------------------------
; Extra Fitter Information ;
----------------------------
HTML report is unavailable in plain text report export.


Path #4: Hold slack is 0.256 
===============================================================================
+-------------------------------------------------------------------------------------+
; Path Summary                                                                        ;
+--------------------+----------------------------------------------------------------+
; Property           ; Value                                                          ;
+--------------------+----------------------------------------------------------------+
; From Node          ; emu:emu|drmicro_core:board|drmicro_memory:memory|clear_addr[2] ;
; To Node            ; emu:emu|drmicro_core:board|drmicro_memory:memory|clear_addr[2] ;
; Launch Clock       ; FPGA_CLK2_50                                                   ;
; Latch Clock        ; FPGA_CLK2_50                                                   ;
; Data Arrival Time  ; 4.240                                                          ;
; Data Required Time ; 3.984                                                          ;
; Slack              ; 0.256                                                          ;
+--------------------+----------------------------------------------------------------+

+-----------------------------------------------------------------------------------+
; Statistics                                                                        ;
+------------------------+-------+-------+-------------+------------+-------+-------+
; Property               ; Value ; Count ; Total Delay ; % of Total ; Min   ; Max   ;
+------------------------+-------+-------+-------------+------------+-------+-------+
; Hold Relationship      ; 0.000 ;       ;             ;            ;       ;       ;
; Clock Skew             ; 0.110 ;       ;             ;            ;       ;       ;
; Data Delay             ; 0.366 ;       ;             ;            ;       ;       ;
; Number of Logic Levels ;       ; 1     ;             ;            ;       ;       ;
; Physical Delays        ;       ;       ;             ;            ;       ;       ;
;  Arrival Path          ;       ;       ;             ;            ;       ;       ;
;   Clock                ;       ;       ;             ;            ;       ;       ;
;    IC                  ;       ; 3     ; 2.331       ; 60         ; 0.000 ; 1.850 ;
;    Cell                ;       ; 3     ; 1.543       ; 40         ; 0.285 ; 0.761 ;
;   Data                 ;       ;       ;             ;            ;       ;       ;
;    IC                  ;       ; 2     ; 0.228       ; 62         ; 0.000 ; 0.228 ;
;    Cell                ;       ; 3     ; 0.138       ; 38         ; 0.000 ; 0.069 ;
;    uTco                ;       ; 1     ; 0.000       ; 0          ; 0.000 ; 0.000 ;
;  Required Path         ;       ;       ;             ;            ;       ;       ;
;   Clock                ;       ;       ;             ;            ;       ;       ;
;    IC                  ;       ; 3     ; 2.790       ; 63         ; 0.000 ; 2.260 ;
;    Cell                ;       ; 3     ; 1.649       ; 37         ; 0.310 ; 0.761 ;
+------------------------+-------+-------+-------------+------------+-------+-------+
Note: Negative delays are omitted from totals when calculating percentages

+------------------------------------------------------------------------------------------------------------------------------+
; Data Arrival Path                                                                                                            ;
+---------+---------+----+------+--------+--------------------+----------------------------------------------------------------+
; Total   ; Incr    ; RF ; Type ; Fanout ; Location           ; Element                                                        ;
+---------+---------+----+------+--------+--------------------+----------------------------------------------------------------+
; 0.000   ; 0.000   ;    ;      ;        ;                    ; launch edge time                                               ;
; 3.874   ; 3.874   ;    ;      ;        ;                    ; clock path                                                     ;
;   0.000 ;   0.000 ;    ;      ;        ;                    ; source latency                                                 ;
;   0.000 ;   0.000 ;    ;      ; 1      ; PIN_Y13            ; FPGA_CLK2_50                                                   ;
;   0.000 ;   0.000 ; RR ; IC   ; 1      ; IOIBUF_X56_Y0_N1   ; FPGA_CLK2_50~input|i                                           ;
;   0.761 ;   0.761 ; RR ; CELL ; 3      ; IOIBUF_X56_Y0_N1   ; FPGA_CLK2_50~input|o                                           ;
;   1.242 ;   0.481 ; RR ; IC   ; 1      ; CLKCTRL_G7         ; FPGA_CLK2_50~inputCLKENA0|inclk                                ;
;   1.527 ;   0.285 ; RR ; CELL ; 8176   ; CLKCTRL_G7         ; FPGA_CLK2_50~inputCLKENA0|outclk                               ;
;   3.377 ;   1.850 ; RR ; IC   ; 1      ; FF_X42_Y24_N8      ; emu|board|memory|clear_addr[2]|clk                             ;
;   3.874 ;   0.497 ; RR ; CELL ; 1      ; FF_X42_Y24_N8      ; emu:emu|drmicro_core:board|drmicro_memory:memory|clear_addr[2] ;
; 4.240   ; 0.366   ;    ;      ;        ;                    ; data path                                                      ;
;   3.874 ;   0.000 ;    ; uTco ; 1      ; FF_X42_Y24_N8      ; emu:emu|drmicro_core:board|drmicro_memory:memory|clear_addr[2] ;
;   3.874 ;   0.000 ; FF ; CELL ; 3      ; FF_X42_Y24_N8      ; emu|board|memory|clear_addr[2]|q                               ;
;   4.102 ;   0.228 ; FF ; IC   ; 2      ; LABCELL_X42_Y24_N6 ; emu|board|memory|Add0~1|dataf                                  ;
;   4.171 ;   0.069 ; FR ; CELL ; 1      ; LABCELL_X42_Y24_N6 ; emu|board|memory|Add0~1|sumout                                 ;
;   4.171 ;   0.000 ; RR ; IC   ; 1      ; FF_X42_Y24_N8      ; emu|board|memory|clear_addr[2]|d                               ;
;   4.240 ;   0.069 ; RR ; CELL ; 1      ; FF_X42_Y24_N8      ; emu:emu|drmicro_core:board|drmicro_memory:memory|clear_addr[2] ;
+---------+---------+----+------+--------+--------------------+----------------------------------------------------------------+

+-----------------------------------------------------------------------------------------------------------------------------+
; Data Required Path                                                                                                          ;
+---------+----------+----+------+--------+------------------+----------------------------------------------------------------+
; Total   ; Incr     ; RF ; Type ; Fanout ; Location         ; Element                                                        ;
+---------+----------+----+------+--------+------------------+----------------------------------------------------------------+
; 0.000   ; 0.000    ;    ;      ;        ;                  ; latch edge time                                                ;
; 3.984   ; 3.984    ;    ;      ;        ;                  ; clock path                                                     ;
;   0.000 ;   0.000  ;    ;      ;        ;                  ; source latency                                                 ;
;   0.000 ;   0.000  ;    ;      ; 1      ; PIN_Y13          ; FPGA_CLK2_50                                                   ;
;   0.000 ;   0.000  ; RR ; IC   ; 1      ; IOIBUF_X56_Y0_N1 ; FPGA_CLK2_50~input|i                                           ;
;   0.761 ;   0.761  ; RR ; CELL ; 3      ; IOIBUF_X56_Y0_N1 ; FPGA_CLK2_50~input|o                                           ;
;   1.291 ;   0.530  ; RR ; IC   ; 1      ; CLKCTRL_G7       ; FPGA_CLK2_50~inputCLKENA0|inclk                                ;
;   1.601 ;   0.310  ; RR ; CELL ; 8176   ; CLKCTRL_G7       ; FPGA_CLK2_50~inputCLKENA0|outclk                               ;
;   3.861 ;   2.260  ; RR ; IC   ; 1      ; FF_X42_Y24_N8    ; emu|board|memory|clear_addr[2]|clk                             ;
;   4.439 ;   0.578  ; RR ; CELL ; 1      ; FF_X42_Y24_N8    ; emu:emu|drmicro_core:board|drmicro_memory:memory|clear_addr[2] ;
;   3.984 ;   -0.455 ;    ;      ;        ;                  ; clock pessimism removed                                        ;
; 3.984   ; 0.000    ;    ;      ;        ;                  ; clock uncertainty                                              ;
; 3.984   ; 0.000    ;    ; uTh  ; 1      ; FF_X42_Y24_N8    ; emu:emu|drmicro_core:board|drmicro_memory:memory|clear_addr[2] ;
+---------+----------+----+------+--------+------------------+----------------------------------------------------------------+

----------------------------
; Extra Fitter Information ;
----------------------------
HTML report is unavailable in plain text report export.


Path #5: Hold slack is 0.257 
===============================================================================
+--------------------------------------+
; Path Summary                         ;
+--------------------+-----------------+
; Property           ; Value           ;
+--------------------+-----------------+
; From Node          ; btn_timeout[13] ;
; To Node            ; btn_timeout[13] ;
; Launch Clock       ; FPGA_CLK2_50    ;
; Latch Clock        ; FPGA_CLK2_50    ;
; Data Arrival Time  ; 4.254           ;
; Data Required Time ; 3.997           ;
; Slack              ; 0.257           ;
+--------------------+-----------------+

+-----------------------------------------------------------------------------------+
; Statistics                                                                        ;
+------------------------+-------+-------+-------------+------------+-------+-------+
; Property               ; Value ; Count ; Total Delay ; % of Total ; Min   ; Max   ;
+------------------------+-------+-------+-------------+------------+-------+-------+
; Hold Relationship      ; 0.000 ;       ;             ;            ;       ;       ;
; Clock Skew             ; 0.109 ;       ;             ;            ;       ;       ;
; Data Delay             ; 0.366 ;       ;             ;            ;       ;       ;
; Number of Logic Levels ;       ; 1     ;             ;            ;       ;       ;
; Physical Delays        ;       ;       ;             ;            ;       ;       ;
;  Arrival Path          ;       ;       ;             ;            ;       ;       ;
;   Clock                ;       ;       ;             ;            ;       ;       ;
;    IC                  ;       ; 3     ; 2.358       ; 61         ; 0.000 ; 1.877 ;
;    Cell                ;       ; 3     ; 1.530       ; 39         ; 0.285 ; 0.761 ;
;   Data                 ;       ;       ;             ;            ;       ;       ;
;    IC                  ;       ; 2     ; 0.228       ; 62         ; 0.000 ; 0.228 ;
;    Cell                ;       ; 3     ; 0.138       ; 38         ; 0.000 ; 0.069 ;
;    uTco                ;       ; 1     ; 0.000       ; 0          ; 0.000 ; 0.000 ;
;  Required Path         ;       ;       ;             ;            ;       ;       ;
;   Clock                ;       ;       ;             ;            ;       ;       ;
;    IC                  ;       ; 3     ; 2.822       ; 63         ; 0.000 ; 2.292 ;
;    Cell                ;       ; 3     ; 1.635       ; 37         ; 0.310 ; 0.761 ;
+------------------------+-------+-------+-------------+------------+-------+-------+
Note: Negative delays are omitted from totals when calculating percentages

+-----------------------------------------------------------------------------------------------+
; Data Arrival Path                                                                             ;
+---------+---------+----+------+--------+-------------------+----------------------------------+
; Total   ; Incr    ; RF ; Type ; Fanout ; Location          ; Element                          ;
+---------+---------+----+------+--------+-------------------+----------------------------------+
; 0.000   ; 0.000   ;    ;      ;        ;                   ; launch edge time                 ;
; 3.888   ; 3.888   ;    ;      ;        ;                   ; clock path                       ;
;   0.000 ;   0.000 ;    ;      ;        ;                   ; source latency                   ;
;   0.000 ;   0.000 ;    ;      ; 1      ; PIN_Y13           ; FPGA_CLK2_50                     ;
;   0.000 ;   0.000 ; RR ; IC   ; 1      ; IOIBUF_X56_Y0_N1  ; FPGA_CLK2_50~input|i             ;
;   0.761 ;   0.761 ; RR ; CELL ; 3      ; IOIBUF_X56_Y0_N1  ; FPGA_CLK2_50~input|o             ;
;   1.242 ;   0.481 ; RR ; IC   ; 1      ; CLKCTRL_G7        ; FPGA_CLK2_50~inputCLKENA0|inclk  ;
;   1.527 ;   0.285 ; RR ; CELL ; 8176   ; CLKCTRL_G7        ; FPGA_CLK2_50~inputCLKENA0|outclk ;
;   3.404 ;   1.877 ; RR ; IC   ; 1      ; FF_X53_Y2_N8      ; btn_timeout[13]|clk              ;
;   3.888 ;   0.484 ; RR ; CELL ; 1      ; FF_X53_Y2_N8      ; btn_timeout[13]                  ;
; 4.254   ; 0.366   ;    ;      ;        ;                   ; data path                        ;
;   3.888 ;   0.000 ;    ; uTco ; 1      ; FF_X53_Y2_N8      ; btn_timeout[13]                  ;
;   3.888 ;   0.000 ; FF ; CELL ; 2      ; FF_X53_Y2_N8      ; btn_timeout[13]|q                ;
;   4.116 ;   0.228 ; FF ; IC   ; 2      ; LABCELL_X53_Y2_N6 ; Add0~73|dataf                    ;
;   4.185 ;   0.069 ; FR ; CELL ; 1      ; LABCELL_X53_Y2_N6 ; Add0~73|sumout                   ;
;   4.185 ;   0.000 ; RR ; IC   ; 1      ; FF_X53_Y2_N8      ; btn_timeout[13]|d                ;
;   4.254 ;   0.069 ; RR ; CELL ; 1      ; FF_X53_Y2_N8      ; btn_timeout[13]                  ;
+---------+---------+----+------+--------+-------------------+----------------------------------+

+-----------------------------------------------------------------------------------------------+
; Data Required Path                                                                            ;
+---------+----------+----+------+--------+------------------+----------------------------------+
; Total   ; Incr     ; RF ; Type ; Fanout ; Location         ; Element                          ;
+---------+----------+----+------+--------+------------------+----------------------------------+
; 0.000   ; 0.000    ;    ;      ;        ;                  ; latch edge time                  ;
; 3.997   ; 3.997    ;    ;      ;        ;                  ; clock path                       ;
;   0.000 ;   0.000  ;    ;      ;        ;                  ; source latency                   ;
;   0.000 ;   0.000  ;    ;      ; 1      ; PIN_Y13          ; FPGA_CLK2_50                     ;
;   0.000 ;   0.000  ; RR ; IC   ; 1      ; IOIBUF_X56_Y0_N1 ; FPGA_CLK2_50~input|i             ;
;   0.761 ;   0.761  ; RR ; CELL ; 3      ; IOIBUF_X56_Y0_N1 ; FPGA_CLK2_50~input|o             ;
;   1.291 ;   0.530  ; RR ; IC   ; 1      ; CLKCTRL_G7       ; FPGA_CLK2_50~inputCLKENA0|inclk  ;
;   1.601 ;   0.310  ; RR ; CELL ; 8176   ; CLKCTRL_G7       ; FPGA_CLK2_50~inputCLKENA0|outclk ;
;   3.893 ;   2.292  ; RR ; IC   ; 1      ; FF_X53_Y2_N8     ; btn_timeout[13]|clk              ;
;   4.457 ;   0.564  ; RR ; CELL ; 1      ; FF_X53_Y2_N8     ; btn_timeout[13]                  ;
;   3.997 ;   -0.460 ;    ;      ;        ;                  ; clock pessimism removed          ;
; 3.997   ; 0.000    ;    ;      ;        ;                  ; clock uncertainty                ;
; 3.997   ; 0.000    ;    ; uTh  ; 1      ; FF_X53_Y2_N8     ; btn_timeout[13]                  ;
+---------+----------+----+------+--------+------------------+----------------------------------+

----------------------------
; Extra Fitter Information ;
----------------------------
HTML report is unavailable in plain text report export.


