----------------
; Command Info ;
----------------
Report Timing: Found 5 removal paths (0 violated).  Worst case slack is 0.554 

Tcl Command:
    report_timing -removal -file reports/quartus_corner_2_removal.rpt -npaths 5 -detail full_path

Options:
    -removal 
    -npaths 5 
    -detail full_path 
    -file {reports/quartus_corner_2_removal.rpt} 

Delay Model:
    Fast 1100mV 100C Model

+----------------------------------------------------------------------------------------------------------------------------------------------------------------------------------------------------------------------------------+
; Summary of Paths                                                                                                                                                                                                                 ;
+-------+-------------------------------------------------------------------------+-------------------------------------------------------------------------+--------------+--------------+--------------+------------+------------+
; Slack ; From Node                                                               ; To Node                                                                 ; Launch Clock ; Latch Clock  ; Relationship ; Clock Skew ; Data Delay ;
+-------+-------------------------------------------------------------------------+-------------------------------------------------------------------------+--------------+--------------+--------------+------------+------------+
; 0.554 ; pll_cfg_hdmi:pll_cfg_hdmi|fpll_dprio_init:fpll_dprio_init_inst|rst_n[1] ; pll_cfg_hdmi:pll_cfg_hdmi|fpll_dprio_init:fpll_dprio_init_inst|count[0] ; FPGA_CLK1_50 ; FPGA_CLK1_50 ; 0.000        ; 0.039      ; 0.593      ;
; 0.564 ; pll_cfg_hdmi:pll_cfg_hdmi|fpll_dprio_init:fpll_dprio_init_inst|rst_n[1] ; pll_cfg_hdmi:pll_cfg_hdmi|fpll_dprio_init:fpll_dprio_init_inst|count[6] ; FPGA_CLK1_50 ; FPGA_CLK1_50 ; 0.000        ; 0.029      ; 0.593      ;
; 0.564 ; pll_cfg_hdmi:pll_cfg_hdmi|fpll_dprio_init:fpll_dprio_init_inst|rst_n[1] ; pll_cfg_hdmi:pll_cfg_hdmi|fpll_dprio_init:fpll_dprio_init_inst|count[2] ; FPGA_CLK1_50 ; FPGA_CLK1_50 ; 0.000        ; 0.029      ; 0.593      ;
; 0.565 ; pll_cfg_hdmi:pll_cfg_hdmi|fpll_dprio_init:fpll_dprio_init_inst|rst_n[1] ; pll_cfg_hdmi:pll_cfg_hdmi|fpll_dprio_init:fpll_dprio_init_inst|count[5] ; FPGA_CLK1_50 ; FPGA_CLK1_50 ; 0.000        ; 0.028      ; 0.593      ;
; 0.565 ; pll_cfg_hdmi:pll_cfg_hdmi|fpll_dprio_init:fpll_dprio_init_inst|rst_n[1] ; pll_cfg_hdmi:pll_cfg_hdmi|fpll_dprio_init:fpll_dprio_init_inst|count[3] ; FPGA_CLK1_50 ; FPGA_CLK1_50 ; 0.000        ; 0.028      ; 0.593      ;
+-------+-------------------------------------------------------------------------+-------------------------------------------------------------------------+--------------+--------------+--------------+------------+------------+

Path #1: Removal slack is 0.554 
===============================================================================
+----------------------------------------------------------------------------------------------+
; Path Summary                                                                                 ;
+--------------------+-------------------------------------------------------------------------+
; Property           ; Value                                                                   ;
+--------------------+-------------------------------------------------------------------------+
; From Node          ; pll_cfg_hdmi:pll_cfg_hdmi|fpll_dprio_init:fpll_dprio_init_inst|rst_n[1] ;
; To Node            ; pll_cfg_hdmi:pll_cfg_hdmi|fpll_dprio_init:fpll_dprio_init_inst|count[0] ;
; Launch Clock       ; FPGA_CLK1_50                                                            ;
; Latch Clock        ; FPGA_CLK1_50                                                            ;
; Data Arrival Time  ; 2.912                                                                   ;
; Data Required Time ; 2.358                                                                   ;
; Slack              ; 0.554                                                                   ;
+--------------------+-------------------------------------------------------------------------+

+-----------------------------------------------------------------------------------+
; Statistics                                                                        ;
+------------------------+-------+-------+-------------+------------+-------+-------+
; Property               ; Value ; Count ; Total Delay ; % of Total ; Min   ; Max   ;
+------------------------+-------+-------+-------------+------------+-------+-------+
; Removal Relationship   ; 0.000 ;       ;             ;            ;       ;       ;
; Clock Skew             ; 0.039 ;       ;             ;            ;       ;       ;
; Data Delay             ; 0.593 ;       ;             ;            ;       ;       ;
; Number of Logic Levels ;       ; 0     ;             ;            ;       ;       ;
; Physical Delays        ;       ;       ;             ;            ;       ;       ;
;  Arrival Path          ;       ;       ;             ;            ;       ;       ;
;   Clock                ;       ;       ;             ;            ;       ;       ;
;    IC                  ;       ; 3     ; 1.635       ; 71         ; 0.000 ; 0.990 ;
;    Cell                ;       ; 3     ; 0.684       ; 29         ; 0.203 ; 0.268 ;
;   Data                 ;       ;       ;             ;            ;       ;       ;
;    IC                  ;       ; 1     ; 0.358       ; 60         ; 0.358 ; 0.358 ;
;    Cell                ;       ; 2     ; 0.235       ; 40         ; 0.000 ; 0.235 ;
;    uTco                ;       ; 1     ; 0.000       ; 0          ; 0.000 ; 0.000 ;
;  Required Path         ;       ;       ;             ;            ;       ;       ;
;   Clock                ;       ;       ;             ;            ;       ;       ;
;    IC                  ;       ; 3     ; 1.937       ; 73         ; 0.000 ; 1.189 ;
;    Cell                ;       ; 3     ; 0.723       ; 27         ; 0.212 ; 0.268 ;
+------------------------+-------+-------+-------------+------------+-------+-------+
Note: Negative delays are omitted from totals when calculating percentages

+-------------------------------------------------------------------------------------------------------------------------------------+
; Data Arrival Path                                                                                                                   ;
+---------+---------+----+------+--------+------------------+-------------------------------------------------------------------------+
; Total   ; Incr    ; RF ; Type ; Fanout ; Location         ; Element                                                                 ;
+---------+---------+----+------+--------+------------------+-------------------------------------------------------------------------+
; 0.000   ; 0.000   ;    ;      ;        ;                  ; launch edge time                                                        ;
; 2.319   ; 2.319   ;    ;      ;        ;                  ; clock path                                                              ;
;   0.000 ;   0.000 ;    ;      ;        ;                  ; source latency                                                          ;
;   0.000 ;   0.000 ;    ;      ; 1      ; PIN_V11          ; FPGA_CLK1_50                                                            ;
;   0.000 ;   0.000 ; RR ; IC   ; 1      ; IOIBUF_X32_Y0_N1 ; FPGA_CLK1_50~input|i                                                    ;
;   0.268 ;   0.268 ; RR ; CELL ; 2      ; IOIBUF_X32_Y0_N1 ; FPGA_CLK1_50~input|o                                                    ;
;   0.913 ;   0.645 ; RR ; IC   ; 1      ; CLKCTRL_G0       ; FPGA_CLK1_50~inputCLKENA0|inclk                                         ;
;   1.116 ;   0.203 ; RR ; CELL ; 706    ; CLKCTRL_G0       ; FPGA_CLK1_50~inputCLKENA0|outclk                                        ;
;   2.106 ;   0.990 ; RR ; IC   ; 1      ; FF_X1_Y4_N17     ; pll_cfg_hdmi|fpll_dprio_init_inst|rst_n[1]|clk                          ;
;   2.319 ;   0.213 ; RR ; CELL ; 1      ; FF_X1_Y4_N17     ; pll_cfg_hdmi:pll_cfg_hdmi|fpll_dprio_init:fpll_dprio_init_inst|rst_n[1] ;
; 2.912   ; 0.593   ;    ;      ;        ;                  ; data path                                                               ;
;   2.319 ;   0.000 ;    ; uTco ; 1      ; FF_X1_Y4_N17     ; pll_cfg_hdmi:pll_cfg_hdmi|fpll_dprio_init:fpll_dprio_init_inst|rst_n[1] ;
;   2.319 ;   0.000 ; RR ; CELL ; 9      ; FF_X1_Y4_N17     ; pll_cfg_hdmi|fpll_dprio_init_inst|rst_n[1]|q                            ;
;   2.677 ;   0.358 ; RR ; IC   ; 1      ; FF_X6_Y4_N31     ; pll_cfg_hdmi|fpll_dprio_init_inst|count[0]|clrn                         ;
;   2.912 ;   0.235 ; RR ; CELL ; 1      ; FF_X6_Y4_N31     ; pll_cfg_hdmi:pll_cfg_hdmi|fpll_dprio_init:fpll_dprio_init_inst|count[0] ;
+---------+---------+----+------+--------+------------------+-------------------------------------------------------------------------+

+--------------------------------------------------------------------------------------------------------------------------------------+
; Data Required Path                                                                                                                   ;
+---------+----------+----+------+--------+------------------+-------------------------------------------------------------------------+
; Total   ; Incr     ; RF ; Type ; Fanout ; Location         ; Element                                                                 ;
+---------+----------+----+------+--------+------------------+-------------------------------------------------------------------------+
; 0.000   ; 0.000    ;    ;      ;        ;                  ; latch edge time                                                         ;
; 2.358   ; 2.358    ;    ;      ;        ;                  ; clock path                                                              ;
;   0.000 ;   0.000  ;    ;      ;        ;                  ; source latency                                                          ;
;   0.000 ;   0.000  ;    ;      ; 1      ; PIN_V11          ; FPGA_CLK1_50                                                            ;
;   0.000 ;   0.000  ; RR ; IC   ; 1      ; IOIBUF_X32_Y0_N1 ; FPGA_CLK1_50~input|i                                                    ;
;   0.268 ;   0.268  ; RR ; CELL ; 2      ; IOIBUF_X32_Y0_N1 ; FPGA_CLK1_50~input|o                                                    ;
;   1.016 ;   0.748  ; RR ; IC   ; 1      ; CLKCTRL_G0       ; FPGA_CLK1_50~inputCLKENA0|inclk                                         ;
;   1.228 ;   0.212  ; RR ; CELL ; 706    ; CLKCTRL_G0       ; FPGA_CLK1_50~inputCLKENA0|outclk                                        ;
;   2.417 ;   1.189  ; RR ; IC   ; 1      ; FF_X6_Y4_N31     ; pll_cfg_hdmi|fpll_dprio_init_inst|count[0]|clk                          ;
;   2.660 ;   0.243  ; RR ; CELL ; 1      ; FF_X6_Y4_N31     ; pll_cfg_hdmi:pll_cfg_hdmi|fpll_dprio_init:fpll_dprio_init_inst|count[0] ;
;   2.358 ;   -0.302 ;    ;      ;        ;                  ; clock pessimism removed                                                 ;
; 2.358   ; 0.000    ;    ;      ;        ;                  ; clock uncertainty                                                       ;
; 2.358   ; 0.000    ;    ; uTh  ; 1      ; FF_X6_Y4_N31     ; pll_cfg_hdmi:pll_cfg_hdmi|fpll_dprio_init:fpll_dprio_init_inst|count[0] ;
+---------+----------+----+------+--------+------------------+-------------------------------------------------------------------------+

----------------------------
; Extra Fitter Information ;
----------------------------
HTML report is unavailable in plain text report export.


Path #2: Removal slack is 0.564 
===============================================================================
+----------------------------------------------------------------------------------------------+
; Path Summary                                                                                 ;
+--------------------+-------------------------------------------------------------------------+
; Property           ; Value                                                                   ;
+--------------------+-------------------------------------------------------------------------+
; From Node          ; pll_cfg_hdmi:pll_cfg_hdmi|fpll_dprio_init:fpll_dprio_init_inst|rst_n[1] ;
; To Node            ; pll_cfg_hdmi:pll_cfg_hdmi|fpll_dprio_init:fpll_dprio_init_inst|count[6] ;
; Launch Clock       ; FPGA_CLK1_50                                                            ;
; Latch Clock        ; FPGA_CLK1_50                                                            ;
; Data Arrival Time  ; 2.912                                                                   ;
; Data Required Time ; 2.348                                                                   ;
; Slack              ; 0.564                                                                   ;
+--------------------+-------------------------------------------------------------------------+

+-----------------------------------------------------------------------------------+
; Statistics                                                                        ;
+------------------------+-------+-------+-------------+------------+-------+-------+
; Property               ; Value ; Count ; Total Delay ; % of Total ; Min   ; Max   ;
+------------------------+-------+-------+-------------+------------+-------+-------+
; Removal Relationship   ; 0.000 ;       ;             ;            ;       ;       ;
; Clock Skew             ; 0.029 ;       ;             ;            ;       ;       ;
; Data Delay             ; 0.593 ;       ;             ;            ;       ;       ;
; Number of Logic Levels ;       ; 0     ;             ;            ;       ;       ;
; Physical Delays        ;       ;       ;             ;            ;       ;       ;
;  Arrival Path          ;       ;       ;             ;            ;       ;       ;
;   Clock                ;       ;       ;             ;            ;       ;       ;
;    IC                  ;       ; 3     ; 1.635       ; 71         ; 0.000 ; 0.990 ;
;    Cell                ;       ; 3     ; 0.684       ; 29         ; 0.203 ; 0.268 ;
;   Data                 ;       ;       ;             ;            ;       ;       ;
;    IC                  ;       ; 1     ; 0.358       ; 60         ; 0.358 ; 0.358 ;
;    Cell                ;       ; 2     ; 0.235       ; 40         ; 0.000 ; 0.235 ;
;    uTco                ;       ; 1     ; 0.000       ; 0          ; 0.000 ; 0.000 ;
;  Required Path         ;       ;       ;             ;            ;       ;       ;
;   Clock                ;       ;       ;             ;            ;       ;       ;
;    IC                  ;       ; 3     ; 1.937       ; 73         ; 0.000 ; 1.189 ;
;    Cell                ;       ; 3     ; 0.713       ; 27         ; 0.212 ; 0.268 ;
+------------------------+-------+-------+-------------+------------+-------+-------+
Note: Negative delays are omitted from totals when calculating percentages

+-------------------------------------------------------------------------------------------------------------------------------------+
; Data Arrival Path                                                                                                                   ;
+---------+---------+----+------+--------+------------------+-------------------------------------------------------------------------+
; Total   ; Incr    ; RF ; Type ; Fanout ; Location         ; Element                                                                 ;
+---------+---------+----+------+--------+------------------+-------------------------------------------------------------------------+
; 0.000   ; 0.000   ;    ;      ;        ;                  ; launch edge time                                                        ;
; 2.319   ; 2.319   ;    ;      ;        ;                  ; clock path                                                              ;
;   0.000 ;   0.000 ;    ;      ;        ;                  ; source latency                                                          ;
;   0.000 ;   0.000 ;    ;      ; 1      ; PIN_V11          ; FPGA_CLK1_50                                                            ;
;   0.000 ;   0.000 ; RR ; IC   ; 1      ; IOIBUF_X32_Y0_N1 ; FPGA_CLK1_50~input|i                                                    ;
;   0.268 ;   0.268 ; RR ; CELL ; 2      ; IOIBUF_X32_Y0_N1 ; FPGA_CLK1_50~input|o                                                    ;
;   0.913 ;   0.645 ; RR ; IC   ; 1      ; CLKCTRL_G0       ; FPGA_CLK1_50~inputCLKENA0|inclk                                         ;
;   1.116 ;   0.203 ; RR ; CELL ; 706    ; CLKCTRL_G0       ; FPGA_CLK1_50~inputCLKENA0|outclk                                        ;
;   2.106 ;   0.990 ; RR ; IC   ; 1      ; FF_X1_Y4_N17     ; pll_cfg_hdmi|fpll_dprio_init_inst|rst_n[1]|clk                          ;
;   2.319 ;   0.213 ; RR ; CELL ; 1      ; FF_X1_Y4_N17     ; pll_cfg_hdmi:pll_cfg_hdmi|fpll_dprio_init:fpll_dprio_init_inst|rst_n[1] ;
; 2.912   ; 0.593   ;    ;      ;        ;                  ; data path                                                               ;
;   2.319 ;   0.000 ;    ; uTco ; 1      ; FF_X1_Y4_N17     ; pll_cfg_hdmi:pll_cfg_hdmi|fpll_dprio_init:fpll_dprio_init_inst|rst_n[1] ;
;   2.319 ;   0.000 ; RR ; CELL ; 9      ; FF_X1_Y4_N17     ; pll_cfg_hdmi|fpll_dprio_init_inst|rst_n[1]|q                            ;
;   2.677 ;   0.358 ; RR ; IC   ; 1      ; FF_X6_Y4_N17     ; pll_cfg_hdmi|fpll_dprio_init_inst|count[6]|clrn                         ;
;   2.912 ;   0.235 ; RR ; CELL ; 1      ; FF_X6_Y4_N17     ; pll_cfg_hdmi:pll_cfg_hdmi|fpll_dprio_init:fpll_dprio_init_inst|count[6] ;
+---------+---------+----+------+--------+------------------+-------------------------------------------------------------------------+

+--------------------------------------------------------------------------------------------------------------------------------------+
; Data Required Path                                                                                                                   ;
+---------+----------+----+------+--------+------------------+-------------------------------------------------------------------------+
; Total   ; Incr     ; RF ; Type ; Fanout ; Location         ; Element                                                                 ;
+---------+----------+----+------+--------+------------------+-------------------------------------------------------------------------+
; 0.000   ; 0.000    ;    ;      ;        ;                  ; latch edge time                                                         ;
; 2.348   ; 2.348    ;    ;      ;        ;                  ; clock path                                                              ;
;   0.000 ;   0.000  ;    ;      ;        ;                  ; source latency                                                          ;
;   0.000 ;   0.000  ;    ;      ; 1      ; PIN_V11          ; FPGA_CLK1_50                                                            ;
;   0.000 ;   0.000  ; RR ; IC   ; 1      ; IOIBUF_X32_Y0_N1 ; FPGA_CLK1_50~input|i                                                    ;
;   0.268 ;   0.268  ; RR ; CELL ; 2      ; IOIBUF_X32_Y0_N1 ; FPGA_CLK1_50~input|o                                                    ;
;   1.016 ;   0.748  ; RR ; IC   ; 1      ; CLKCTRL_G0       ; FPGA_CLK1_50~inputCLKENA0|inclk                                         ;
;   1.228 ;   0.212  ; RR ; CELL ; 706    ; CLKCTRL_G0       ; FPGA_CLK1_50~inputCLKENA0|outclk                                        ;
;   2.417 ;   1.189  ; RR ; IC   ; 1      ; FF_X6_Y4_N17     ; pll_cfg_hdmi|fpll_dprio_init_inst|count[6]|clk                          ;
;   2.650 ;   0.233  ; RR ; CELL ; 1      ; FF_X6_Y4_N17     ; pll_cfg_hdmi:pll_cfg_hdmi|fpll_dprio_init:fpll_dprio_init_inst|count[6] ;
;   2.348 ;   -0.302 ;    ;      ;        ;                  ; clock pessimism removed                                                 ;
; 2.348   ; 0.000    ;    ;      ;        ;                  ; clock uncertainty                                                       ;
; 2.348   ; 0.000    ;    ; uTh  ; 1      ; FF_X6_Y4_N17     ; pll_cfg_hdmi:pll_cfg_hdmi|fpll_dprio_init:fpll_dprio_init_inst|count[6] ;
+---------+----------+----+------+--------+------------------+-------------------------------------------------------------------------+

----------------------------
; Extra Fitter Information ;
----------------------------
HTML report is unavailable in plain text report export.


Path #3: Removal slack is 0.564 
===============================================================================
+----------------------------------------------------------------------------------------------+
; Path Summary                                                                                 ;
+--------------------+-------------------------------------------------------------------------+
; Property           ; Value                                                                   ;
+--------------------+-------------------------------------------------------------------------+
; From Node          ; pll_cfg_hdmi:pll_cfg_hdmi|fpll_dprio_init:fpll_dprio_init_inst|rst_n[1] ;
; To Node            ; pll_cfg_hdmi:pll_cfg_hdmi|fpll_dprio_init:fpll_dprio_init_inst|count[2] ;
; Launch Clock       ; FPGA_CLK1_50                                                            ;
; Latch Clock        ; FPGA_CLK1_50                                                            ;
; Data Arrival Time  ; 2.912                                                                   ;
; Data Required Time ; 2.348                                                                   ;
; Slack              ; 0.564                                                                   ;
+--------------------+-------------------------------------------------------------------------+

+-----------------------------------------------------------------------------------+
; Statistics                                                                        ;
+------------------------+-------+-------+-------------+------------+-------+-------+
; Property               ; Value ; Count ; Total Delay ; % of Total ; Min   ; Max   ;
+------------------------+-------+-------+-------------+------------+-------+-------+
; Removal Relationship   ; 0.000 ;       ;             ;            ;       ;       ;
; Clock Skew             ; 0.029 ;       ;             ;            ;       ;       ;
; Data Delay             ; 0.593 ;       ;             ;            ;       ;       ;
; Number of Logic Levels ;       ; 0     ;             ;            ;       ;       ;
; Physical Delays        ;       ;       ;             ;            ;       ;       ;
;  Arrival Path          ;       ;       ;             ;            ;       ;       ;
;   Clock                ;       ;       ;             ;            ;       ;       ;
;    IC                  ;       ; 3     ; 1.635       ; 71         ; 0.000 ; 0.990 ;
;    Cell                ;       ; 3     ; 0.684       ; 29         ; 0.203 ; 0.268 ;
;   Data                 ;       ;       ;             ;            ;       ;       ;
;    IC                  ;       ; 1     ; 0.358       ; 60         ; 0.358 ; 0.358 ;
;    Cell                ;       ; 2     ; 0.235       ; 40         ; 0.000 ; 0.235 ;
;    uTco                ;       ; 1     ; 0.000       ; 0          ; 0.000 ; 0.000 ;
;  Required Path         ;       ;       ;             ;            ;       ;       ;
;   Clock                ;       ;       ;             ;            ;       ;       ;
;    IC                  ;       ; 3     ; 1.937       ; 73         ; 0.000 ; 1.189 ;
;    Cell                ;       ; 3     ; 0.713       ; 27         ; 0.212 ; 0.268 ;
+------------------------+-------+-------+-------------+------------+-------+-------+
Note: Negative delays are omitted from totals when calculating percentages

+-------------------------------------------------------------------------------------------------------------------------------------+
; Data Arrival Path                                                                                                                   ;
+---------+---------+----+------+--------+------------------+-------------------------------------------------------------------------+
; Total   ; Incr    ; RF ; Type ; Fanout ; Location         ; Element                                                                 ;
+---------+---------+----+------+--------+------------------+-------------------------------------------------------------------------+
; 0.000   ; 0.000   ;    ;      ;        ;                  ; launch edge time                                                        ;
; 2.319   ; 2.319   ;    ;      ;        ;                  ; clock path                                                              ;
;   0.000 ;   0.000 ;    ;      ;        ;                  ; source latency                                                          ;
;   0.000 ;   0.000 ;    ;      ; 1      ; PIN_V11          ; FPGA_CLK1_50                                                            ;
;   0.000 ;   0.000 ; RR ; IC   ; 1      ; IOIBUF_X32_Y0_N1 ; FPGA_CLK1_50~input|i                                                    ;
;   0.268 ;   0.268 ; RR ; CELL ; 2      ; IOIBUF_X32_Y0_N1 ; FPGA_CLK1_50~input|o                                                    ;
;   0.913 ;   0.645 ; RR ; IC   ; 1      ; CLKCTRL_G0       ; FPGA_CLK1_50~inputCLKENA0|inclk                                         ;
;   1.116 ;   0.203 ; RR ; CELL ; 706    ; CLKCTRL_G0       ; FPGA_CLK1_50~inputCLKENA0|outclk                                        ;
;   2.106 ;   0.990 ; RR ; IC   ; 1      ; FF_X1_Y4_N17     ; pll_cfg_hdmi|fpll_dprio_init_inst|rst_n[1]|clk                          ;
;   2.319 ;   0.213 ; RR ; CELL ; 1      ; FF_X1_Y4_N17     ; pll_cfg_hdmi:pll_cfg_hdmi|fpll_dprio_init:fpll_dprio_init_inst|rst_n[1] ;
; 2.912   ; 0.593   ;    ;      ;        ;                  ; data path                                                               ;
;   2.319 ;   0.000 ;    ; uTco ; 1      ; FF_X1_Y4_N17     ; pll_cfg_hdmi:pll_cfg_hdmi|fpll_dprio_init:fpll_dprio_init_inst|rst_n[1] ;
;   2.319 ;   0.000 ; RR ; CELL ; 9      ; FF_X1_Y4_N17     ; pll_cfg_hdmi|fpll_dprio_init_inst|rst_n[1]|q                            ;
;   2.677 ;   0.358 ; RR ; IC   ; 1      ; FF_X6_Y4_N5      ; pll_cfg_hdmi|fpll_dprio_init_inst|count[2]|clrn                         ;
;   2.912 ;   0.235 ; RR ; CELL ; 1      ; FF_X6_Y4_N5      ; pll_cfg_hdmi:pll_cfg_hdmi|fpll_dprio_init:fpll_dprio_init_inst|count[2] ;
+---------+---------+----+------+--------+------------------+-------------------------------------------------------------------------+

+--------------------------------------------------------------------------------------------------------------------------------------+
; Data Required Path                                                                                                                   ;
+---------+----------+----+------+--------+------------------+-------------------------------------------------------------------------+
; Total   ; Incr     ; RF ; Type ; Fanout ; Location         ; Element                                                                 ;
+---------+----------+----+------+--------+------------------+-------------------------------------------------------------------------+
; 0.000   ; 0.000    ;    ;      ;        ;                  ; latch edge time                                                         ;
; 2.348   ; 2.348    ;    ;      ;        ;                  ; clock path                                                              ;
;   0.000 ;   0.000  ;    ;      ;        ;                  ; source latency                                                          ;
;   0.000 ;   0.000  ;    ;      ; 1      ; PIN_V11          ; FPGA_CLK1_50                                                            ;
;   0.000 ;   0.000  ; RR ; IC   ; 1      ; IOIBUF_X32_Y0_N1 ; FPGA_CLK1_50~input|i                                                    ;
;   0.268 ;   0.268  ; RR ; CELL ; 2      ; IOIBUF_X32_Y0_N1 ; FPGA_CLK1_50~input|o                                                    ;
;   1.016 ;   0.748  ; RR ; IC   ; 1      ; CLKCTRL_G0       ; FPGA_CLK1_50~inputCLKENA0|inclk                                         ;
;   1.228 ;   0.212  ; RR ; CELL ; 706    ; CLKCTRL_G0       ; FPGA_CLK1_50~inputCLKENA0|outclk                                        ;
;   2.417 ;   1.189  ; RR ; IC   ; 1      ; FF_X6_Y4_N5      ; pll_cfg_hdmi|fpll_dprio_init_inst|count[2]|clk                          ;
;   2.650 ;   0.233  ; RR ; CELL ; 1      ; FF_X6_Y4_N5      ; pll_cfg_hdmi:pll_cfg_hdmi|fpll_dprio_init:fpll_dprio_init_inst|count[2] ;
;   2.348 ;   -0.302 ;    ;      ;        ;                  ; clock pessimism removed                                                 ;
; 2.348   ; 0.000    ;    ;      ;        ;                  ; clock uncertainty                                                       ;
; 2.348   ; 0.000    ;    ; uTh  ; 1      ; FF_X6_Y4_N5      ; pll_cfg_hdmi:pll_cfg_hdmi|fpll_dprio_init:fpll_dprio_init_inst|count[2] ;
+---------+----------+----+------+--------+------------------+-------------------------------------------------------------------------+

----------------------------
; Extra Fitter Information ;
----------------------------
HTML report is unavailable in plain text report export.


Path #4: Removal slack is 0.565 
===============================================================================
+----------------------------------------------------------------------------------------------+
; Path Summary                                                                                 ;
+--------------------+-------------------------------------------------------------------------+
; Property           ; Value                                                                   ;
+--------------------+-------------------------------------------------------------------------+
; From Node          ; pll_cfg_hdmi:pll_cfg_hdmi|fpll_dprio_init:fpll_dprio_init_inst|rst_n[1] ;
; To Node            ; pll_cfg_hdmi:pll_cfg_hdmi|fpll_dprio_init:fpll_dprio_init_inst|count[5] ;
; Launch Clock       ; FPGA_CLK1_50                                                            ;
; Latch Clock        ; FPGA_CLK1_50                                                            ;
; Data Arrival Time  ; 2.912                                                                   ;
; Data Required Time ; 2.347                                                                   ;
; Slack              ; 0.565                                                                   ;
+--------------------+-------------------------------------------------------------------------+

+-----------------------------------------------------------------------------------+
; Statistics                                                                        ;
+------------------------+-------+-------+-------------+------------+-------+-------+
; Property               ; Value ; Count ; Total Delay ; % of Total ; Min   ; Max   ;
+------------------------+-------+-------+-------------+------------+-------+-------+
; Removal Relationship   ; 0.000 ;       ;             ;            ;       ;       ;
; Clock Skew             ; 0.028 ;       ;             ;            ;       ;       ;
; Data Delay             ; 0.593 ;       ;             ;            ;       ;       ;
; Number of Logic Levels ;       ; 0     ;             ;            ;       ;       ;
; Physical Delays        ;       ;       ;             ;            ;       ;       ;
;  Arrival Path          ;       ;       ;             ;            ;       ;       ;
;   Clock                ;       ;       ;             ;            ;       ;       ;
;    IC                  ;       ; 3     ; 1.635       ; 71         ; 0.000 ; 0.990 ;
;    Cell                ;       ; 3     ; 0.684       ; 29         ; 0.203 ; 0.268 ;
;   Data                 ;       ;       ;             ;            ;       ;       ;
;    IC                  ;       ; 1     ; 0.358       ; 60         ; 0.358 ; 0.358 ;
;    Cell                ;       ; 2     ; 0.235       ; 40         ; 0.000 ; 0.235 ;
;    uTco                ;       ; 1     ; 0.000       ; 0          ; 0.000 ; 0.000 ;
;  Required Path         ;       ;       ;             ;            ;       ;       ;
;   Clock                ;       ;       ;             ;            ;       ;       ;
;    IC                  ;       ; 3     ; 1.937       ; 73         ; 0.000 ; 1.189 ;
;    Cell                ;       ; 3     ; 0.712       ; 27         ; 0.212 ; 0.268 ;
+------------------------+-------+-------+-------------+------------+-------+-------+
Note: Negative delays are omitted from totals when calculating percentages

+-------------------------------------------------------------------------------------------------------------------------------------+
; Data Arrival Path                                                                                                                   ;
+---------+---------+----+------+--------+------------------+-------------------------------------------------------------------------+
; Total   ; Incr    ; RF ; Type ; Fanout ; Location         ; Element                                                                 ;
+---------+---------+----+------+--------+------------------+-------------------------------------------------------------------------+
; 0.000   ; 0.000   ;    ;      ;        ;                  ; launch edge time                                                        ;
; 2.319   ; 2.319   ;    ;      ;        ;                  ; clock path                                                              ;
;   0.000 ;   0.000 ;    ;      ;        ;                  ; source latency                                                          ;
;   0.000 ;   0.000 ;    ;      ; 1      ; PIN_V11          ; FPGA_CLK1_50                                                            ;
;   0.000 ;   0.000 ; RR ; IC   ; 1      ; IOIBUF_X32_Y0_N1 ; FPGA_CLK1_50~input|i                                                    ;
;   0.268 ;   0.268 ; RR ; CELL ; 2      ; IOIBUF_X32_Y0_N1 ; FPGA_CLK1_50~input|o                                                    ;
;   0.913 ;   0.645 ; RR ; IC   ; 1      ; CLKCTRL_G0       ; FPGA_CLK1_50~inputCLKENA0|inclk                                         ;
;   1.116 ;   0.203 ; RR ; CELL ; 706    ; CLKCTRL_G0       ; FPGA_CLK1_50~inputCLKENA0|outclk                                        ;
;   2.106 ;   0.990 ; RR ; IC   ; 1      ; FF_X1_Y4_N17     ; pll_cfg_hdmi|fpll_dprio_init_inst|rst_n[1]|clk                          ;
;   2.319 ;   0.213 ; RR ; CELL ; 1      ; FF_X1_Y4_N17     ; pll_cfg_hdmi:pll_cfg_hdmi|fpll_dprio_init:fpll_dprio_init_inst|rst_n[1] ;
; 2.912   ; 0.593   ;    ;      ;        ;                  ; data path                                                               ;
;   2.319 ;   0.000 ;    ; uTco ; 1      ; FF_X1_Y4_N17     ; pll_cfg_hdmi:pll_cfg_hdmi|fpll_dprio_init:fpll_dprio_init_inst|rst_n[1] ;
;   2.319 ;   0.000 ; RR ; CELL ; 9      ; FF_X1_Y4_N17     ; pll_cfg_hdmi|fpll_dprio_init_inst|rst_n[1]|q                            ;
;   2.677 ;   0.358 ; RR ; IC   ; 1      ; FF_X6_Y4_N14     ; pll_cfg_hdmi|fpll_dprio_init_inst|count[5]|clrn                         ;
;   2.912 ;   0.235 ; RR ; CELL ; 1      ; FF_X6_Y4_N14     ; pll_cfg_hdmi:pll_cfg_hdmi|fpll_dprio_init:fpll_dprio_init_inst|count[5] ;
+---------+---------+----+------+--------+------------------+-------------------------------------------------------------------------+

+--------------------------------------------------------------------------------------------------------------------------------------+
; Data Required Path                                                                                                                   ;
+---------+----------+----+------+--------+------------------+-------------------------------------------------------------------------+
; Total   ; Incr     ; RF ; Type ; Fanout ; Location         ; Element                                                                 ;
+---------+----------+----+------+--------+------------------+-------------------------------------------------------------------------+
; 0.000   ; 0.000    ;    ;      ;        ;                  ; latch edge time                                                         ;
; 2.347   ; 2.347    ;    ;      ;        ;                  ; clock path                                                              ;
;   0.000 ;   0.000  ;    ;      ;        ;                  ; source latency                                                          ;
;   0.000 ;   0.000  ;    ;      ; 1      ; PIN_V11          ; FPGA_CLK1_50                                                            ;
;   0.000 ;   0.000  ; RR ; IC   ; 1      ; IOIBUF_X32_Y0_N1 ; FPGA_CLK1_50~input|i                                                    ;
;   0.268 ;   0.268  ; RR ; CELL ; 2      ; IOIBUF_X32_Y0_N1 ; FPGA_CLK1_50~input|o                                                    ;
;   1.016 ;   0.748  ; RR ; IC   ; 1      ; CLKCTRL_G0       ; FPGA_CLK1_50~inputCLKENA0|inclk                                         ;
;   1.228 ;   0.212  ; RR ; CELL ; 706    ; CLKCTRL_G0       ; FPGA_CLK1_50~inputCLKENA0|outclk                                        ;
;   2.417 ;   1.189  ; RR ; IC   ; 1      ; FF_X6_Y4_N14     ; pll_cfg_hdmi|fpll_dprio_init_inst|count[5]|clk                          ;
;   2.649 ;   0.232  ; RR ; CELL ; 1      ; FF_X6_Y4_N14     ; pll_cfg_hdmi:pll_cfg_hdmi|fpll_dprio_init:fpll_dprio_init_inst|count[5] ;
;   2.347 ;   -0.302 ;    ;      ;        ;                  ; clock pessimism removed                                                 ;
; 2.347   ; 0.000    ;    ;      ;        ;                  ; clock uncertainty                                                       ;
; 2.347   ; 0.000    ;    ; uTh  ; 1      ; FF_X6_Y4_N14     ; pll_cfg_hdmi:pll_cfg_hdmi|fpll_dprio_init:fpll_dprio_init_inst|count[5] ;
+---------+----------+----+------+--------+------------------+-------------------------------------------------------------------------+

----------------------------
; Extra Fitter Information ;
----------------------------
HTML report is unavailable in plain text report export.


Path #5: Removal slack is 0.565 
===============================================================================
+----------------------------------------------------------------------------------------------+
; Path Summary                                                                                 ;
+--------------------+-------------------------------------------------------------------------+
; Property           ; Value                                                                   ;
+--------------------+-------------------------------------------------------------------------+
; From Node          ; pll_cfg_hdmi:pll_cfg_hdmi|fpll_dprio_init:fpll_dprio_init_inst|rst_n[1] ;
; To Node            ; pll_cfg_hdmi:pll_cfg_hdmi|fpll_dprio_init:fpll_dprio_init_inst|count[3] ;
; Launch Clock       ; FPGA_CLK1_50                                                            ;
; Latch Clock        ; FPGA_CLK1_50                                                            ;
; Data Arrival Time  ; 2.912                                                                   ;
; Data Required Time ; 2.347                                                                   ;
; Slack              ; 0.565                                                                   ;
+--------------------+-------------------------------------------------------------------------+

+-----------------------------------------------------------------------------------+
; Statistics                                                                        ;
+------------------------+-------+-------+-------------+------------+-------+-------+
; Property               ; Value ; Count ; Total Delay ; % of Total ; Min   ; Max   ;
+------------------------+-------+-------+-------------+------------+-------+-------+
; Removal Relationship   ; 0.000 ;       ;             ;            ;       ;       ;
; Clock Skew             ; 0.028 ;       ;             ;            ;       ;       ;
; Data Delay             ; 0.593 ;       ;             ;            ;       ;       ;
; Number of Logic Levels ;       ; 0     ;             ;            ;       ;       ;
; Physical Delays        ;       ;       ;             ;            ;       ;       ;
;  Arrival Path          ;       ;       ;             ;            ;       ;       ;
;   Clock                ;       ;       ;             ;            ;       ;       ;
;    IC                  ;       ; 3     ; 1.635       ; 71         ; 0.000 ; 0.990 ;
;    Cell                ;       ; 3     ; 0.684       ; 29         ; 0.203 ; 0.268 ;
;   Data                 ;       ;       ;             ;            ;       ;       ;
;    IC                  ;       ; 1     ; 0.358       ; 60         ; 0.358 ; 0.358 ;
;    Cell                ;       ; 2     ; 0.235       ; 40         ; 0.000 ; 0.235 ;
;    uTco                ;       ; 1     ; 0.000       ; 0          ; 0.000 ; 0.000 ;
;  Required Path         ;       ;       ;             ;            ;       ;       ;
;   Clock                ;       ;       ;             ;            ;       ;       ;
;    IC                  ;       ; 3     ; 1.937       ; 73         ; 0.000 ; 1.189 ;
;    Cell                ;       ; 3     ; 0.712       ; 27         ; 0.212 ; 0.268 ;
+------------------------+-------+-------+-------------+------------+-------+-------+
Note: Negative delays are omitted from totals when calculating percentages

+-------------------------------------------------------------------------------------------------------------------------------------+
; Data Arrival Path                                                                                                                   ;
+---------+---------+----+------+--------+------------------+-------------------------------------------------------------------------+
; Total   ; Incr    ; RF ; Type ; Fanout ; Location         ; Element                                                                 ;
+---------+---------+----+------+--------+------------------+-------------------------------------------------------------------------+
; 0.000   ; 0.000   ;    ;      ;        ;                  ; launch edge time                                                        ;
; 2.319   ; 2.319   ;    ;      ;        ;                  ; clock path                                                              ;
;   0.000 ;   0.000 ;    ;      ;        ;                  ; source latency                                                          ;
;   0.000 ;   0.000 ;    ;      ; 1      ; PIN_V11          ; FPGA_CLK1_50                                                            ;
;   0.000 ;   0.000 ; RR ; IC   ; 1      ; IOIBUF_X32_Y0_N1 ; FPGA_CLK1_50~input|i                                                    ;
;   0.268 ;   0.268 ; RR ; CELL ; 2      ; IOIBUF_X32_Y0_N1 ; FPGA_CLK1_50~input|o                                                    ;
;   0.913 ;   0.645 ; RR ; IC   ; 1      ; CLKCTRL_G0       ; FPGA_CLK1_50~inputCLKENA0|inclk                                         ;
;   1.116 ;   0.203 ; RR ; CELL ; 706    ; CLKCTRL_G0       ; FPGA_CLK1_50~inputCLKENA0|outclk                                        ;
;   2.106 ;   0.990 ; RR ; IC   ; 1      ; FF_X1_Y4_N17     ; pll_cfg_hdmi|fpll_dprio_init_inst|rst_n[1]|clk                          ;
;   2.319 ;   0.213 ; RR ; CELL ; 1      ; FF_X1_Y4_N17     ; pll_cfg_hdmi:pll_cfg_hdmi|fpll_dprio_init:fpll_dprio_init_inst|rst_n[1] ;
; 2.912   ; 0.593   ;    ;      ;        ;                  ; data path                                                               ;
;   2.319 ;   0.000 ;    ; uTco ; 1      ; FF_X1_Y4_N17     ; pll_cfg_hdmi:pll_cfg_hdmi|fpll_dprio_init:fpll_dprio_init_inst|rst_n[1] ;
;   2.319 ;   0.000 ; RR ; CELL ; 9      ; FF_X1_Y4_N17     ; pll_cfg_hdmi|fpll_dprio_init_inst|rst_n[1]|q                            ;
;   2.677 ;   0.358 ; RR ; IC   ; 1      ; FF_X6_Y4_N8      ; pll_cfg_hdmi|fpll_dprio_init_inst|count[3]|clrn                         ;
;   2.912 ;   0.235 ; RR ; CELL ; 1      ; FF_X6_Y4_N8      ; pll_cfg_hdmi:pll_cfg_hdmi|fpll_dprio_init:fpll_dprio_init_inst|count[3] ;
+---------+---------+----+------+--------+------------------+-------------------------------------------------------------------------+

+--------------------------------------------------------------------------------------------------------------------------------------+
; Data Required Path                                                                                                                   ;
+---------+----------+----+------+--------+------------------+-------------------------------------------------------------------------+
; Total   ; Incr     ; RF ; Type ; Fanout ; Location         ; Element                                                                 ;
+---------+----------+----+------+--------+------------------+-------------------------------------------------------------------------+
; 0.000   ; 0.000    ;    ;      ;        ;                  ; latch edge time                                                         ;
; 2.347   ; 2.347    ;    ;      ;        ;                  ; clock path                                                              ;
;   0.000 ;   0.000  ;    ;      ;        ;                  ; source latency                                                          ;
;   0.000 ;   0.000  ;    ;      ; 1      ; PIN_V11          ; FPGA_CLK1_50                                                            ;
;   0.000 ;   0.000  ; RR ; IC   ; 1      ; IOIBUF_X32_Y0_N1 ; FPGA_CLK1_50~input|i                                                    ;
;   0.268 ;   0.268  ; RR ; CELL ; 2      ; IOIBUF_X32_Y0_N1 ; FPGA_CLK1_50~input|o                                                    ;
;   1.016 ;   0.748  ; RR ; IC   ; 1      ; CLKCTRL_G0       ; FPGA_CLK1_50~inputCLKENA0|inclk                                         ;
;   1.228 ;   0.212  ; RR ; CELL ; 706    ; CLKCTRL_G0       ; FPGA_CLK1_50~inputCLKENA0|outclk                                        ;
;   2.417 ;   1.189  ; RR ; IC   ; 1      ; FF_X6_Y4_N8      ; pll_cfg_hdmi|fpll_dprio_init_inst|count[3]|clk                          ;
;   2.649 ;   0.232  ; RR ; CELL ; 1      ; FF_X6_Y4_N8      ; pll_cfg_hdmi:pll_cfg_hdmi|fpll_dprio_init:fpll_dprio_init_inst|count[3] ;
;   2.347 ;   -0.302 ;    ;      ;        ;                  ; clock pessimism removed                                                 ;
; 2.347   ; 0.000    ;    ;      ;        ;                  ; clock uncertainty                                                       ;
; 2.347   ; 0.000    ;    ; uTh  ; 1      ; FF_X6_Y4_N8      ; pll_cfg_hdmi:pll_cfg_hdmi|fpll_dprio_init:fpll_dprio_init_inst|count[3] ;
+---------+----------+----+------+--------+------------------+-------------------------------------------------------------------------+

----------------------------
; Extra Fitter Information ;
----------------------------
HTML report is unavailable in plain text report export.


