----------------
; Command Info ;
----------------
Report Timing: Found 5 hold paths (0 violated).  Worst case slack is 0.118 

Tcl Command:
    report_timing -hold -file reports/quartus_corner_1_hold.rpt -npaths 5 -detail full_path

Options:
    -hold 
    -npaths 5 
    -detail full_path 
    -file {reports/quartus_corner_1_hold.rpt} 

Delay Model:
    Slow 1100mV -40C Model

+-----------------------------------------------------------------------------------------------------------------------------------------------------------------------------------------------------------------------------------------------------------------------------------------------+
; Summary of Paths                                                                                                                                                                                                                                                                              ;
+-------+----------------------------------+-----------------------------------+-----------------------------------------------------------------------------------+-----------------------------------------------------------------------------------+--------------+------------+------------+
; Slack ; From Node                        ; To Node                           ; Launch Clock                                                                      ; Latch Clock                                                                       ; Relationship ; Clock Skew ; Data Delay ;
+-------+----------------------------------+-----------------------------------+-----------------------------------------------------------------------------------+-----------------------------------------------------------------------------------+--------------+------------+------------+
; 0.118 ; ascal:ascal|o_poly_phase_b.t0[0] ; ascal:ascal|o_poly_phase_b2.t0[0] ; pll_hdmi|pll_hdmi_inst|altera_pll_i|cyclonev_pll|counter[0].output_counter|divclk ; pll_hdmi|pll_hdmi_inst|altera_pll_i|cyclonev_pll|counter[0].output_counter|divclk ; 0.000        ; 0.850      ; 0.968      ;
; 0.133 ; ascal:ascal|o_poly_phase_b.t0[1] ; ascal:ascal|o_poly_phase_b2.t0[1] ; pll_hdmi|pll_hdmi_inst|altera_pll_i|cyclonev_pll|counter[0].output_counter|divclk ; pll_hdmi|pll_hdmi_inst|altera_pll_i|cyclonev_pll|counter[0].output_counter|divclk ; 0.000        ; 0.856      ; 0.989      ;
; 0.148 ; ascal:ascal|o_poly_phase_b.t0[8] ; ascal:ascal|o_poly_phase_b2.t0[8] ; pll_hdmi|pll_hdmi_inst|altera_pll_i|cyclonev_pll|counter[0].output_counter|divclk ; pll_hdmi|pll_hdmi_inst|altera_pll_i|cyclonev_pll|counter[0].output_counter|divclk ; 0.000        ; 0.858      ; 1.006      ;
; 0.159 ; ascal:ascal|o_poly_phase_b.t0[7] ; ascal:ascal|o_poly_phase_b2.t0[7] ; pll_hdmi|pll_hdmi_inst|altera_pll_i|cyclonev_pll|counter[0].output_counter|divclk ; pll_hdmi|pll_hdmi_inst|altera_pll_i|cyclonev_pll|counter[0].output_counter|divclk ; 0.000        ; 0.855      ; 1.014      ;
; 0.162 ; ascal:ascal|o_vpixq_pre[1].g[2]  ; ascal:ascal|o_vpixq[1].g[2]       ; pll_hdmi|pll_hdmi_inst|altera_pll_i|cyclonev_pll|counter[0].output_counter|divclk ; pll_hdmi|pll_hdmi_inst|altera_pll_i|cyclonev_pll|counter[0].output_counter|divclk ; 0.000        ; 1.007      ; 1.169      ;
+-------+----------------------------------+-----------------------------------+-----------------------------------------------------------------------------------+-----------------------------------------------------------------------------------+--------------+------------+------------+

Path #1: Hold slack is 0.118 
===============================================================================
+--------------------------------------------------------------------------------------------------------+
; Path Summary                                                                                           ;
+--------------------+-----------------------------------------------------------------------------------+
; Property           ; Value                                                                             ;
+--------------------+-----------------------------------------------------------------------------------+
; From Node          ; ascal:ascal|o_poly_phase_b.t0[0]                                                  ;
; To Node            ; ascal:ascal|o_poly_phase_b2.t0[0]                                                 ;
; Launch Clock       ; pll_hdmi|pll_hdmi_inst|altera_pll_i|cyclonev_pll|counter[0].output_counter|divclk ;
; Latch Clock        ; pll_hdmi|pll_hdmi_inst|altera_pll_i|cyclonev_pll|counter[0].output_counter|divclk ;
; Data Arrival Time  ; 8.449                                                                             ;
; Data Required Time ; 8.331                                                                             ;
; Slack              ; 0.118                                                                             ;
+--------------------+-----------------------------------------------------------------------------------+

+-------------------------------------------------------------------------------------+
; Statistics                                                                          ;
+------------------------+-------+-------+-------------+------------+--------+--------+
; Property               ; Value ; Count ; Total Delay ; % of Total ; Min    ; Max    ;
+------------------------+-------+-------+-------------+------------+--------+--------+
; Hold Relationship      ; 0.000 ;       ;             ;            ;        ;        ;
; Clock Skew             ; 0.850 ;       ;             ;            ;        ;        ;
; Data Delay             ; 0.968 ;       ;             ;            ;        ;        ;
; Number of Logic Levels ;       ; 0     ;             ;            ;        ;        ;
; Physical Delays        ;       ;       ;             ;            ;        ;        ;
;  Arrival Path          ;       ;       ;             ;            ;        ;        ;
;   Clock                ;       ;       ;             ;            ;        ;        ;
;    IC                  ;       ; 6     ; 4.158       ; 55         ; 0.000  ; 1.959  ;
;    Cell                ;       ; 5     ; 3.458       ; 45         ; 0.311  ; 1.463  ;
;    PLL Compensation    ;       ; 1     ; -0.135      ; 0          ; -0.135 ; -0.135 ;
;   Data                 ;       ;       ;             ;            ;        ;        ;
;    IC                  ;       ; 1     ; 0.742       ; 77         ; 0.742  ; 0.742  ;
;    Cell                ;       ; 2     ; 0.226       ; 23         ; 0.080  ; 0.146  ;
;    uTco                ;       ; 1     ; 0.000       ; 0          ; 0.000  ; 0.000  ;
;  Required Path         ;       ;       ;             ;            ;        ;        ;
;   Clock                ;       ;       ;             ;            ;        ;        ;
;    IC                  ;       ; 6     ; 4.879       ; 54         ; 0.000  ; 2.427  ;
;    Cell                ;       ; 6     ; 4.229       ; 46         ; 0.150  ; 1.663  ;
+------------------------+-------+-------+-------------+------------+--------+--------+
Note: Negative delays are omitted from totals when calculating percentages

+------------------------------------------------------------------------------------------------------------------------------------------------------------+
; Data Arrival Path                                                                                                                                          ;
+---------+----------+----+------+--------+---------------------------+--------------------------------------------------------------------------------------+
; Total   ; Incr     ; RF ; Type ; Fanout ; Location                  ; Element                                                                              ;
+---------+----------+----+------+--------+---------------------------+--------------------------------------------------------------------------------------+
; 0.000   ; 0.000    ;    ;      ;        ;                           ; launch edge time                                                                     ;
; 7.481   ; 7.481    ;    ;      ;        ;                           ; clock path                                                                           ;
;   0.000 ;   0.000  ;    ;      ;        ;                           ; source latency                                                                       ;
;   0.000 ;   0.000  ;    ;      ; 1      ; PIN_V11                   ; FPGA_CLK1_50                                                                         ;
;   0.000 ;   0.000  ; RR ; IC   ; 1      ; IOIBUF_X32_Y0_N1          ; FPGA_CLK1_50~input|i                                                                 ;
;   0.792 ;   0.792  ; RR ; CELL ; 2      ; IOIBUF_X32_Y0_N1          ; FPGA_CLK1_50~input|o                                                                 ;
;   1.965 ;   1.173  ; RR ; IC   ; 1      ; PLLREFCLKSELECT_X0_Y7_N0  ; pll_hdmi|pll_hdmi_inst|altera_pll_i|cyclonev_pll|fpll_0|REFCLK_SELECT|clkin[0]       ;
;   2.276 ;   0.311  ; RR ; CELL ; 1      ; PLLREFCLKSELECT_X0_Y7_N0  ; pll_hdmi|pll_hdmi_inst|altera_pll_i|cyclonev_pll|fpll_0|REFCLK_SELECT|clkout         ;
;   2.276 ;   0.000  ; RR ; IC   ; 10     ; FRACTIONALPLL_X0_Y1_N0    ; pll_hdmi|pll_hdmi_inst|altera_pll_i|cyclonev_pll|fpll_0|fpll|refclkin                ;
;   2.141 ;   -0.135 ; RR ; COMP ; 1      ; FRACTIONALPLL_X0_Y1_N0    ; pll_hdmi|pll_hdmi_inst|altera_pll_i|cyclonev_pll|fpll_0|fpll|vcoph[0]                ;
;   2.141 ;   0.000  ; RR ; IC   ; 1      ; PLLOUTPUTCOUNTER_X0_Y5_N1 ; pll_hdmi|pll_hdmi_inst|altera_pll_i|cyclonev_pll|counter[0].output_counter|vco0ph[0] ;
;   3.604 ;   1.463  ; RR ; CELL ; 3      ; PLLOUTPUTCOUNTER_X0_Y5_N1 ; pll_hdmi|pll_hdmi_inst|altera_pll_i|cyclonev_pll|counter[0].output_counter|divclk    ;
;   4.630 ;   1.026  ; RR ; IC   ; 1      ; CLKCTRL_G4                ; pll_hdmi|pll_hdmi_inst|altera_pll_i|cyclonev_pll|divclk[0]~CLKENA0|inclk             ;
;   4.943 ;   0.313  ; RR ; CELL ; 3653   ; CLKCTRL_G4                ; pll_hdmi|pll_hdmi_inst|altera_pll_i|cyclonev_pll|divclk[0]~CLKENA0|outclk            ;
;   6.902 ;   1.959  ; RR ; IC   ; 50     ; M10K_X49_Y20_N0           ; ascal|o_a_poly_mem_rtl_0|auto_generated|ram_block1a0|clk1                            ;
;   7.481 ;   0.579  ; RR ; CELL ; 1      ; M10K_X49_Y20_N0           ; ascal:ascal|o_poly_phase_b.t0[0]                                                     ;
; 8.449   ; 0.968    ;    ;      ;        ;                           ; data path                                                                            ;
;   7.481 ;   0.000  ;    ; uTco ; 1      ; M10K_X49_Y20_N0           ; ascal:ascal|o_poly_phase_b.t0[0]                                                     ;
;   7.561 ;   0.080  ; RR ; CELL ; 1      ; M10K_X49_Y20_N0           ; ascal|o_a_poly_mem_rtl_0|auto_generated|ram_block1a0|portbdataout[30]                ;
;   8.303 ;   0.742  ; RR ; IC   ; 1      ; DSP_X54_Y18_N0            ; ascal|Add103~8|ay[0]                                                                 ;
;   8.449 ;   0.146  ; RF ; CELL ; 18     ; DSP_X54_Y18_N0            ; ascal:ascal|o_poly_phase_b2.t0[0]                                                    ;
+---------+----------+----+------+--------+---------------------------+--------------------------------------------------------------------------------------+

+------------------------------------------------------------------------------------------------------------------------------------------------------------+
; Data Required Path                                                                                                                                         ;
+---------+----------+----+------+--------+---------------------------+--------------------------------------------------------------------------------------+
; Total   ; Incr     ; RF ; Type ; Fanout ; Location                  ; Element                                                                              ;
+---------+----------+----+------+--------+---------------------------+--------------------------------------------------------------------------------------+
; 0.000   ; 0.000    ;    ;      ;        ;                           ; latch edge time                                                                      ;
; 8.331   ; 8.331    ;    ;      ;        ;                           ; clock path                                                                           ;
;   0.000 ;   0.000  ;    ;      ;        ;                           ; source latency                                                                       ;
;   0.000 ;   0.000  ;    ;      ; 1      ; PIN_V11                   ; FPGA_CLK1_50                                                                         ;
;   0.000 ;   0.000  ; RR ; IC   ; 1      ; IOIBUF_X32_Y0_N1          ; FPGA_CLK1_50~input|i                                                                 ;
;   0.792 ;   0.792  ; RR ; CELL ; 2      ; IOIBUF_X32_Y0_N1          ; FPGA_CLK1_50~input|o                                                                 ;
;   2.103 ;   1.311  ; RR ; IC   ; 1      ; PLLREFCLKSELECT_X0_Y7_N0  ; pll_hdmi|pll_hdmi_inst|altera_pll_i|cyclonev_pll|fpll_0|REFCLK_SELECT|clkin[0]       ;
;   2.433 ;   0.330  ; RR ; CELL ; 1      ; PLLREFCLKSELECT_X0_Y7_N0  ; pll_hdmi|pll_hdmi_inst|altera_pll_i|cyclonev_pll|fpll_0|REFCLK_SELECT|clkout         ;
;   2.433 ;   0.000  ; RR ; IC   ; 10     ; FRACTIONALPLL_X0_Y1_N0    ; pll_hdmi|pll_hdmi_inst|altera_pll_i|cyclonev_pll|fpll_0|fpll|refclkin                ;
;   2.583 ;   0.150  ; RR ; CELL ; 1      ; FRACTIONALPLL_X0_Y1_N0    ; pll_hdmi|pll_hdmi_inst|altera_pll_i|cyclonev_pll|fpll_0|fpll|vcoph[0]                ;
;   2.583 ;   0.000  ; RR ; IC   ; 1      ; PLLOUTPUTCOUNTER_X0_Y5_N1 ; pll_hdmi|pll_hdmi_inst|altera_pll_i|cyclonev_pll|counter[0].output_counter|vco0ph[0] ;
;   4.246 ;   1.663  ; RR ; CELL ; 3      ; PLLOUTPUTCOUNTER_X0_Y5_N1 ; pll_hdmi|pll_hdmi_inst|altera_pll_i|cyclonev_pll|counter[0].output_counter|divclk    ;
;   5.387 ;   1.141  ; RR ; IC   ; 1      ; CLKCTRL_G4                ; pll_hdmi|pll_hdmi_inst|altera_pll_i|cyclonev_pll|divclk[0]~CLKENA0|inclk             ;
;   5.720 ;   0.333  ; RR ; CELL ; 3653   ; CLKCTRL_G4                ; pll_hdmi|pll_hdmi_inst|altera_pll_i|cyclonev_pll|divclk[0]~CLKENA0|outclk            ;
;   8.147 ;   2.427  ; RR ; IC   ; 73     ; DSP_X54_Y18_N0            ; ascal|Add103~8|clk[0]                                                                ;
;   9.108 ;   0.961  ; RR ; CELL ; 18     ; DSP_X54_Y18_N0            ; ascal:ascal|o_poly_phase_b2.t0[0]                                                    ;
;   8.331 ;   -0.777 ;    ;      ;        ;                           ; clock pessimism removed                                                              ;
; 8.331   ; 0.000    ;    ;      ;        ;                           ; clock uncertainty                                                                    ;
; 8.331   ; 0.000    ;    ; uTh  ; 18     ; DSP_X54_Y18_N0            ; ascal:ascal|o_poly_phase_b2.t0[0]                                                    ;
+---------+----------+----+------+--------+---------------------------+--------------------------------------------------------------------------------------+

----------------------------
; Extra Fitter Information ;
----------------------------
HTML report is unavailable in plain text report export.


Path #2: Hold slack is 0.133 
===============================================================================
+--------------------------------------------------------------------------------------------------------+
; Path Summary                                                                                           ;
+--------------------+-----------------------------------------------------------------------------------+
; Property           ; Value                                                                             ;
+--------------------+-----------------------------------------------------------------------------------+
; From Node          ; ascal:ascal|o_poly_phase_b.t0[1]                                                  ;
; To Node            ; ascal:ascal|o_poly_phase_b2.t0[1]                                                 ;
; Launch Clock       ; pll_hdmi|pll_hdmi_inst|altera_pll_i|cyclonev_pll|counter[0].output_counter|divclk ;
; Latch Clock        ; pll_hdmi|pll_hdmi_inst|altera_pll_i|cyclonev_pll|counter[0].output_counter|divclk ;
; Data Arrival Time  ; 8.464                                                                             ;
; Data Required Time ; 8.331                                                                             ;
; Slack              ; 0.133                                                                             ;
+--------------------+-----------------------------------------------------------------------------------+

+-------------------------------------------------------------------------------------+
; Statistics                                                                          ;
+------------------------+-------+-------+-------------+------------+--------+--------+
; Property               ; Value ; Count ; Total Delay ; % of Total ; Min    ; Max    ;
+------------------------+-------+-------+-------------+------------+--------+--------+
; Hold Relationship      ; 0.000 ;       ;             ;            ;        ;        ;
; Clock Skew             ; 0.856 ;       ;             ;            ;        ;        ;
; Data Delay             ; 0.989 ;       ;             ;            ;        ;        ;
; Number of Logic Levels ;       ; 0     ;             ;            ;        ;        ;
; Physical Delays        ;       ;       ;             ;            ;        ;        ;
;  Arrival Path          ;       ;       ;             ;            ;        ;        ;
;   Clock                ;       ;       ;             ;            ;        ;        ;
;    IC                  ;       ; 6     ; 4.158       ; 55         ; 0.000  ; 1.959  ;
;    Cell                ;       ; 5     ; 3.452       ; 45         ; 0.311  ; 1.463  ;
;    PLL Compensation    ;       ; 1     ; -0.135      ; 0          ; -0.135 ; -0.135 ;
;   Data                 ;       ;       ;             ;            ;        ;        ;
;    IC                  ;       ; 1     ; 0.772       ; 78         ; 0.772  ; 0.772  ;
;    Cell                ;       ; 2     ; 0.217       ; 22         ; 0.071  ; 0.146  ;
;    uTco                ;       ; 1     ; 0.000       ; 0          ; 0.000  ; 0.000  ;
;  Required Path         ;       ;       ;             ;            ;        ;        ;
;   Clock                ;       ;       ;             ;            ;        ;        ;
;    IC                  ;       ; 6     ; 4.879       ; 54         ; 0.000  ; 2.427  ;
;    Cell                ;       ; 6     ; 4.229       ; 46         ; 0.150  ; 1.663  ;
+------------------------+-------+-------+-------------+------------+--------+--------+
Note: Negative delays are omitted from totals when calculating percentages

+------------------------------------------------------------------------------------------------------------------------------------------------------------+
; Data Arrival Path                                                                                                                                          ;
+---------+----------+----+------+--------+---------------------------+--------------------------------------------------------------------------------------+
; Total   ; Incr     ; RF ; Type ; Fanout ; Location                  ; Element                                                                              ;
+---------+----------+----+------+--------+---------------------------+--------------------------------------------------------------------------------------+
; 0.000   ; 0.000    ;    ;      ;        ;                           ; launch edge time                                                                     ;
; 7.475   ; 7.475    ;    ;      ;        ;                           ; clock path                                                                           ;
;   0.000 ;   0.000  ;    ;      ;        ;                           ; source latency                                                                       ;
;   0.000 ;   0.000  ;    ;      ; 1      ; PIN_V11                   ; FPGA_CLK1_50                                                                         ;
;   0.000 ;   0.000  ; RR ; IC   ; 1      ; IOIBUF_X32_Y0_N1          ; FPGA_CLK1_50~input|i                                                                 ;
;   0.792 ;   0.792  ; RR ; CELL ; 2      ; IOIBUF_X32_Y0_N1          ; FPGA_CLK1_50~input|o                                                                 ;
;   1.965 ;   1.173  ; RR ; IC   ; 1      ; PLLREFCLKSELECT_X0_Y7_N0  ; pll_hdmi|pll_hdmi_inst|altera_pll_i|cyclonev_pll|fpll_0|REFCLK_SELECT|clkin[0]       ;
;   2.276 ;   0.311  ; RR ; CELL ; 1      ; PLLREFCLKSELECT_X0_Y7_N0  ; pll_hdmi|pll_hdmi_inst|altera_pll_i|cyclonev_pll|fpll_0|REFCLK_SELECT|clkout         ;
;   2.276 ;   0.000  ; RR ; IC   ; 10     ; FRACTIONALPLL_X0_Y1_N0    ; pll_hdmi|pll_hdmi_inst|altera_pll_i|cyclonev_pll|fpll_0|fpll|refclkin                ;
;   2.141 ;   -0.135 ; RR ; COMP ; 1      ; FRACTIONALPLL_X0_Y1_N0    ; pll_hdmi|pll_hdmi_inst|altera_pll_i|cyclonev_pll|fpll_0|fpll|vcoph[0]                ;
;   2.141 ;   0.000  ; RR ; IC   ; 1      ; PLLOUTPUTCOUNTER_X0_Y5_N1 ; pll_hdmi|pll_hdmi_inst|altera_pll_i|cyclonev_pll|counter[0].output_counter|vco0ph[0] ;
;   3.604 ;   1.463  ; RR ; CELL ; 3      ; PLLOUTPUTCOUNTER_X0_Y5_N1 ; pll_hdmi|pll_hdmi_inst|altera_pll_i|cyclonev_pll|counter[0].output_counter|divclk    ;
;   4.630 ;   1.026  ; RR ; IC   ; 1      ; CLKCTRL_G4                ; pll_hdmi|pll_hdmi_inst|altera_pll_i|cyclonev_pll|divclk[0]~CLKENA0|inclk             ;
;   4.943 ;   0.313  ; RR ; CELL ; 3653   ; CLKCTRL_G4                ; pll_hdmi|pll_hdmi_inst|altera_pll_i|cyclonev_pll|divclk[0]~CLKENA0|outclk            ;
;   6.902 ;   1.959  ; RR ; IC   ; 50     ; M10K_X49_Y20_N0           ; ascal|o_a_poly_mem_rtl_0|auto_generated|ram_block1a0|clk1                            ;
;   7.475 ;   0.573  ; RR ; CELL ; 1      ; M10K_X49_Y20_N0           ; ascal:ascal|o_poly_phase_b.t0[1]                                                     ;
; 8.464   ; 0.989    ;    ;      ;        ;                           ; data path                                                                            ;
;   7.475 ;   0.000  ;    ; uTco ; 1      ; M10K_X49_Y20_N0           ; ascal:ascal|o_poly_phase_b.t0[1]                                                     ;
;   7.546 ;   0.071  ; RR ; CELL ; 1      ; M10K_X49_Y20_N0           ; ascal|o_a_poly_mem_rtl_0|auto_generated|ram_block1a0|portbdataout[31]                ;
;   8.318 ;   0.772  ; RR ; IC   ; 1      ; DSP_X54_Y18_N0            ; ascal|Add103~8|ay[1]                                                                 ;
;   8.464 ;   0.146  ; RF ; CELL ; 0      ; DSP_X54_Y18_N0            ; ascal:ascal|o_poly_phase_b2.t0[1]                                                    ;
+---------+----------+----+------+--------+---------------------------+--------------------------------------------------------------------------------------+

+------------------------------------------------------------------------------------------------------------------------------------------------------------+
; Data Required Path                                                                                                                                         ;
+---------+----------+----+------+--------+---------------------------+--------------------------------------------------------------------------------------+
; Total   ; Incr     ; RF ; Type ; Fanout ; Location                  ; Element                                                                              ;
+---------+----------+----+------+--------+---------------------------+--------------------------------------------------------------------------------------+
; 0.000   ; 0.000    ;    ;      ;        ;                           ; latch edge time                                                                      ;
; 8.331   ; 8.331    ;    ;      ;        ;                           ; clock path                                                                           ;
;   0.000 ;   0.000  ;    ;      ;        ;                           ; source latency                                                                       ;
;   0.000 ;   0.000  ;    ;      ; 1      ; PIN_V11                   ; FPGA_CLK1_50                                                                         ;
;   0.000 ;   0.000  ; RR ; IC   ; 1      ; IOIBUF_X32_Y0_N1          ; FPGA_CLK1_50~input|i                                                                 ;
;   0.792 ;   0.792  ; RR ; CELL ; 2      ; IOIBUF_X32_Y0_N1          ; FPGA_CLK1_50~input|o                                                                 ;
;   2.103 ;   1.311  ; RR ; IC   ; 1      ; PLLREFCLKSELECT_X0_Y7_N0  ; pll_hdmi|pll_hdmi_inst|altera_pll_i|cyclonev_pll|fpll_0|REFCLK_SELECT|clkin[0]       ;
;   2.433 ;   0.330  ; RR ; CELL ; 1      ; PLLREFCLKSELECT_X0_Y7_N0  ; pll_hdmi|pll_hdmi_inst|altera_pll_i|cyclonev_pll|fpll_0|REFCLK_SELECT|clkout         ;
;   2.433 ;   0.000  ; RR ; IC   ; 10     ; FRACTIONALPLL_X0_Y1_N0    ; pll_hdmi|pll_hdmi_inst|altera_pll_i|cyclonev_pll|fpll_0|fpll|refclkin                ;
;   2.583 ;   0.150  ; RR ; CELL ; 1      ; FRACTIONALPLL_X0_Y1_N0    ; pll_hdmi|pll_hdmi_inst|altera_pll_i|cyclonev_pll|fpll_0|fpll|vcoph[0]                ;
;   2.583 ;   0.000  ; RR ; IC   ; 1      ; PLLOUTPUTCOUNTER_X0_Y5_N1 ; pll_hdmi|pll_hdmi_inst|altera_pll_i|cyclonev_pll|counter[0].output_counter|vco0ph[0] ;
;   4.246 ;   1.663  ; RR ; CELL ; 3      ; PLLOUTPUTCOUNTER_X0_Y5_N1 ; pll_hdmi|pll_hdmi_inst|altera_pll_i|cyclonev_pll|counter[0].output_counter|divclk    ;
;   5.387 ;   1.141  ; RR ; IC   ; 1      ; CLKCTRL_G4                ; pll_hdmi|pll_hdmi_inst|altera_pll_i|cyclonev_pll|divclk[0]~CLKENA0|inclk             ;
;   5.720 ;   0.333  ; RR ; CELL ; 3653   ; CLKCTRL_G4                ; pll_hdmi|pll_hdmi_inst|altera_pll_i|cyclonev_pll|divclk[0]~CLKENA0|outclk            ;
;   8.147 ;   2.427  ; RR ; IC   ; 73     ; DSP_X54_Y18_N0            ; ascal|Add103~8|clk[0]                                                                ;
;   9.108 ;   0.961  ; RR ; CELL ; 0      ; DSP_X54_Y18_N0            ; ascal:ascal|o_poly_phase_b2.t0[1]                                                    ;
;   8.331 ;   -0.777 ;    ;      ;        ;                           ; clock pessimism removed                                                              ;
; 8.331   ; 0.000    ;    ;      ;        ;                           ; clock uncertainty                                                                    ;
; 8.331   ; 0.000    ;    ; uTh  ; 0      ; DSP_X54_Y18_N0            ; ascal:ascal|o_poly_phase_b2.t0[1]                                                    ;
+---------+----------+----+------+--------+---------------------------+--------------------------------------------------------------------------------------+

----------------------------
; Extra Fitter Information ;
----------------------------
HTML report is unavailable in plain text report export.


Path #3: Hold slack is 0.148 
===============================================================================
+--------------------------------------------------------------------------------------------------------+
; Path Summary                                                                                           ;
+--------------------+-----------------------------------------------------------------------------------+
; Property           ; Value                                                                             ;
+--------------------+-----------------------------------------------------------------------------------+
; From Node          ; ascal:ascal|o_poly_phase_b.t0[8]                                                  ;
; To Node            ; ascal:ascal|o_poly_phase_b2.t0[8]                                                 ;
; Launch Clock       ; pll_hdmi|pll_hdmi_inst|altera_pll_i|cyclonev_pll|counter[0].output_counter|divclk ;
; Latch Clock        ; pll_hdmi|pll_hdmi_inst|altera_pll_i|cyclonev_pll|counter[0].output_counter|divclk ;
; Data Arrival Time  ; 8.479                                                                             ;
; Data Required Time ; 8.331                                                                             ;
; Slack              ; 0.148                                                                             ;
+--------------------+-----------------------------------------------------------------------------------+

+-------------------------------------------------------------------------------------+
; Statistics                                                                          ;
+------------------------+-------+-------+-------------+------------+--------+--------+
; Property               ; Value ; Count ; Total Delay ; % of Total ; Min    ; Max    ;
+------------------------+-------+-------+-------------+------------+--------+--------+
; Hold Relationship      ; 0.000 ;       ;             ;            ;        ;        ;
; Clock Skew             ; 0.858 ;       ;             ;            ;        ;        ;
; Data Delay             ; 1.006 ;       ;             ;            ;        ;        ;
; Number of Logic Levels ;       ; 0     ;             ;            ;        ;        ;
; Physical Delays        ;       ;       ;             ;            ;        ;        ;
;  Arrival Path          ;       ;       ;             ;            ;        ;        ;
;   Clock                ;       ;       ;             ;            ;        ;        ;
;    IC                  ;       ; 6     ; 4.158       ; 55         ; 0.000  ; 1.959  ;
;    Cell                ;       ; 5     ; 3.450       ; 45         ; 0.311  ; 1.463  ;
;    PLL Compensation    ;       ; 1     ; -0.135      ; 0          ; -0.135 ; -0.135 ;
;   Data                 ;       ;       ;             ;            ;        ;        ;
;    IC                  ;       ; 1     ; 0.783       ; 78         ; 0.783  ; 0.783  ;
;    Cell                ;       ; 2     ; 0.223       ; 22         ; 0.077  ; 0.146  ;
;    uTco                ;       ; 1     ; 0.000       ; 0          ; 0.000  ; 0.000  ;
;  Required Path         ;       ;       ;             ;            ;        ;        ;
;   Clock                ;       ;       ;             ;            ;        ;        ;
;    IC                  ;       ; 6     ; 4.879       ; 54         ; 0.000  ; 2.427  ;
;    Cell                ;       ; 6     ; 4.229       ; 46         ; 0.150  ; 1.663  ;
+------------------------+-------+-------+-------------+------------+--------+--------+
Note: Negative delays are omitted from totals when calculating percentages

+------------------------------------------------------------------------------------------------------------------------------------------------------------+
; Data Arrival Path                                                                                                                                          ;
+---------+----------+----+------+--------+---------------------------+--------------------------------------------------------------------------------------+
; Total   ; Incr     ; RF ; Type ; Fanout ; Location                  ; Element                                                                              ;
+---------+----------+----+------+--------+---------------------------+--------------------------------------------------------------------------------------+
; 0.000   ; 0.000    ;    ;      ;        ;                           ; launch edge time                                                                     ;
; 7.473   ; 7.473    ;    ;      ;        ;                           ; clock path                                                                           ;
;   0.000 ;   0.000  ;    ;      ;        ;                           ; source latency                                                                       ;
;   0.000 ;   0.000  ;    ;      ; 1      ; PIN_V11                   ; FPGA_CLK1_50                                                                         ;
;   0.000 ;   0.000  ; RR ; IC   ; 1      ; IOIBUF_X32_Y0_N1          ; FPGA_CLK1_50~input|i                                                                 ;
;   0.792 ;   0.792  ; RR ; CELL ; 2      ; IOIBUF_X32_Y0_N1          ; FPGA_CLK1_50~input|o                                                                 ;
;   1.965 ;   1.173  ; RR ; IC   ; 1      ; PLLREFCLKSELECT_X0_Y7_N0  ; pll_hdmi|pll_hdmi_inst|altera_pll_i|cyclonev_pll|fpll_0|REFCLK_SELECT|clkin[0]       ;
;   2.276 ;   0.311  ; RR ; CELL ; 1      ; PLLREFCLKSELECT_X0_Y7_N0  ; pll_hdmi|pll_hdmi_inst|altera_pll_i|cyclonev_pll|fpll_0|REFCLK_SELECT|clkout         ;
;   2.276 ;   0.000  ; RR ; IC   ; 10     ; FRACTIONALPLL_X0_Y1_N0    ; pll_hdmi|pll_hdmi_inst|altera_pll_i|cyclonev_pll|fpll_0|fpll|refclkin                ;
;   2.141 ;   -0.135 ; RR ; COMP ; 1      ; FRACTIONALPLL_X0_Y1_N0    ; pll_hdmi|pll_hdmi_inst|altera_pll_i|cyclonev_pll|fpll_0|fpll|vcoph[0]                ;
;   2.141 ;   0.000  ; RR ; IC   ; 1      ; PLLOUTPUTCOUNTER_X0_Y5_N1 ; pll_hdmi|pll_hdmi_inst|altera_pll_i|cyclonev_pll|counter[0].output_counter|vco0ph[0] ;
;   3.604 ;   1.463  ; RR ; CELL ; 3      ; PLLOUTPUTCOUNTER_X0_Y5_N1 ; pll_hdmi|pll_hdmi_inst|altera_pll_i|cyclonev_pll|counter[0].output_counter|divclk    ;
;   4.630 ;   1.026  ; RR ; IC   ; 1      ; CLKCTRL_G4                ; pll_hdmi|pll_hdmi_inst|altera_pll_i|cyclonev_pll|divclk[0]~CLKENA0|inclk             ;
;   4.943 ;   0.313  ; RR ; CELL ; 3653   ; CLKCTRL_G4                ; pll_hdmi|pll_hdmi_inst|altera_pll_i|cyclonev_pll|divclk[0]~CLKENA0|outclk            ;
;   6.902 ;   1.959  ; RR ; IC   ; 50     ; M10K_X49_Y20_N0           ; ascal|o_a_poly_mem_rtl_0|auto_generated|ram_block1a0|clk1                            ;
;   7.473 ;   0.571  ; RR ; CELL ; 1      ; M10K_X49_Y20_N0           ; ascal:ascal|o_poly_phase_b.t0[8]                                                     ;
; 8.479   ; 1.006    ;    ;      ;        ;                           ; data path                                                                            ;
;   7.473 ;   0.000  ;    ; uTco ; 1      ; M10K_X49_Y20_N0           ; ascal:ascal|o_poly_phase_b.t0[8]                                                     ;
;   7.550 ;   0.077  ; RR ; CELL ; 1      ; M10K_X49_Y20_N0           ; ascal|o_a_poly_mem_rtl_0|auto_generated|ram_block1a0|portbdataout[38]                ;
;   8.333 ;   0.783  ; RR ; IC   ; 1      ; DSP_X54_Y18_N0            ; ascal|Add103~8|ay[8]                                                                 ;
;   8.479 ;   0.146  ; RF ; CELL ; 0      ; DSP_X54_Y18_N0            ; ascal:ascal|o_poly_phase_b2.t0[8]                                                    ;
+---------+----------+----+------+--------+---------------------------+--------------------------------------------------------------------------------------+

+------------------------------------------------------------------------------------------------------------------------------------------------------------+
; Data Required Path                                                                                                                                         ;
+---------+----------+----+------+--------+---------------------------+--------------------------------------------------------------------------------------+
; Total   ; Incr     ; RF ; Type ; Fanout ; Location                  ; Element                                                                              ;
+---------+----------+----+------+--------+---------------------------+--------------------------------------------------------------------------------------+
; 0.000   ; 0.000    ;    ;      ;        ;                           ; latch edge time                                                                      ;
; 8.331   ; 8.331    ;    ;      ;        ;                           ; clock path                                                                           ;
;   0.000 ;   0.000  ;    ;      ;        ;                           ; source latency                                                                       ;
;   0.000 ;   0.000  ;    ;      ; 1      ; PIN_V11                   ; FPGA_CLK1_50                                                                         ;
;   0.000 ;   0.000  ; RR ; IC   ; 1      ; IOIBUF_X32_Y0_N1          ; FPGA_CLK1_50~input|i                                                                 ;
;   0.792 ;   0.792  ; RR ; CELL ; 2      ; IOIBUF_X32_Y0_N1          ; FPGA_CLK1_50~input|o                                                                 ;
;   2.103 ;   1.311  ; RR ; IC   ; 1      ; PLLREFCLKSELECT_X0_Y7_N0  ; pll_hdmi|pll_hdmi_inst|altera_pll_i|cyclonev_pll|fpll_0|REFCLK_SELECT|clkin[0]       ;
;   2.433 ;   0.330  ; RR ; CELL ; 1      ; PLLREFCLKSELECT_X0_Y7_N0  ; pll_hdmi|pll_hdmi_inst|altera_pll_i|cyclonev_pll|fpll_0|REFCLK_SELECT|clkout         ;
;   2.433 ;   0.000  ; RR ; IC   ; 10     ; FRACTIONALPLL_X0_Y1_N0    ; pll_hdmi|pll_hdmi_inst|altera_pll_i|cyclonev_pll|fpll_0|fpll|refclkin                ;
;   2.583 ;   0.150  ; RR ; CELL ; 1      ; FRACTIONALPLL_X0_Y1_N0    ; pll_hdmi|pll_hdmi_inst|altera_pll_i|cyclonev_pll|fpll_0|fpll|vcoph[0]                ;
;   2.583 ;   0.000  ; RR ; IC   ; 1      ; PLLOUTPUTCOUNTER_X0_Y5_N1 ; pll_hdmi|pll_hdmi_inst|altera_pll_i|cyclonev_pll|counter[0].output_counter|vco0ph[0] ;
;   4.246 ;   1.663  ; RR ; CELL ; 3      ; PLLOUTPUTCOUNTER_X0_Y5_N1 ; pll_hdmi|pll_hdmi_inst|altera_pll_i|cyclonev_pll|counter[0].output_counter|divclk    ;
;   5.387 ;   1.141  ; RR ; IC   ; 1      ; CLKCTRL_G4                ; pll_hdmi|pll_hdmi_inst|altera_pll_i|cyclonev_pll|divclk[0]~CLKENA0|inclk             ;
;   5.720 ;   0.333  ; RR ; CELL ; 3653   ; CLKCTRL_G4                ; pll_hdmi|pll_hdmi_inst|altera_pll_i|cyclonev_pll|divclk[0]~CLKENA0|outclk            ;
;   8.147 ;   2.427  ; RR ; IC   ; 73     ; DSP_X54_Y18_N0            ; ascal|Add103~8|clk[0]                                                                ;
;   9.108 ;   0.961  ; RR ; CELL ; 0      ; DSP_X54_Y18_N0            ; ascal:ascal|o_poly_phase_b2.t0[8]                                                    ;
;   8.331 ;   -0.777 ;    ;      ;        ;                           ; clock pessimism removed                                                              ;
; 8.331   ; 0.000    ;    ;      ;        ;                           ; clock uncertainty                                                                    ;
; 8.331   ; 0.000    ;    ; uTh  ; 0      ; DSP_X54_Y18_N0            ; ascal:ascal|o_poly_phase_b2.t0[8]                                                    ;
+---------+----------+----+------+--------+---------------------------+--------------------------------------------------------------------------------------+

----------------------------
; Extra Fitter Information ;
----------------------------
HTML report is unavailable in plain text report export.


Path #4: Hold slack is 0.159 
===============================================================================
+--------------------------------------------------------------------------------------------------------+
; Path Summary                                                                                           ;
+--------------------+-----------------------------------------------------------------------------------+
; Property           ; Value                                                                             ;
+--------------------+-----------------------------------------------------------------------------------+
; From Node          ; ascal:ascal|o_poly_phase_b.t0[7]                                                  ;
; To Node            ; ascal:ascal|o_poly_phase_b2.t0[7]                                                 ;
; Launch Clock       ; pll_hdmi|pll_hdmi_inst|altera_pll_i|cyclonev_pll|counter[0].output_counter|divclk ;
; Latch Clock        ; pll_hdmi|pll_hdmi_inst|altera_pll_i|cyclonev_pll|counter[0].output_counter|divclk ;
; Data Arrival Time  ; 8.490                                                                             ;
; Data Required Time ; 8.331                                                                             ;
; Slack              ; 0.159                                                                             ;
+--------------------+-----------------------------------------------------------------------------------+

+-------------------------------------------------------------------------------------+
; Statistics                                                                          ;
+------------------------+-------+-------+-------------+------------+--------+--------+
; Property               ; Value ; Count ; Total Delay ; % of Total ; Min    ; Max    ;
+------------------------+-------+-------+-------------+------------+--------+--------+
; Hold Relationship      ; 0.000 ;       ;             ;            ;        ;        ;
; Clock Skew             ; 0.855 ;       ;             ;            ;        ;        ;
; Data Delay             ; 1.014 ;       ;             ;            ;        ;        ;
; Number of Logic Levels ;       ; 0     ;             ;            ;        ;        ;
; Physical Delays        ;       ;       ;             ;            ;        ;        ;
;  Arrival Path          ;       ;       ;             ;            ;        ;        ;
;   Clock                ;       ;       ;             ;            ;        ;        ;
;    IC                  ;       ; 6     ; 4.158       ; 55         ; 0.000  ; 1.959  ;
;    Cell                ;       ; 5     ; 3.453       ; 45         ; 0.311  ; 1.463  ;
;    PLL Compensation    ;       ; 1     ; -0.135      ; 0          ; -0.135 ; -0.135 ;
;   Data                 ;       ;       ;             ;            ;        ;        ;
;    IC                  ;       ; 1     ; 0.792       ; 78         ; 0.792  ; 0.792  ;
;    Cell                ;       ; 2     ; 0.222       ; 22         ; 0.076  ; 0.146  ;
;    uTco                ;       ; 1     ; 0.000       ; 0          ; 0.000  ; 0.000  ;
;  Required Path         ;       ;       ;             ;            ;        ;        ;
;   Clock                ;       ;       ;             ;            ;        ;        ;
;    IC                  ;       ; 6     ; 4.879       ; 54         ; 0.000  ; 2.427  ;
;    Cell                ;       ; 6     ; 4.229       ; 46         ; 0.150  ; 1.663  ;
+------------------------+-------+-------+-------------+------------+--------+--------+
Note: Negative delays are omitted from totals when calculating percentages

+------------------------------------------------------------------------------------------------------------------------------------------------------------+
; Data Arrival Path                                                                                                                                          ;
+---------+----------+----+------+--------+---------------------------+--------------------------------------------------------------------------------------+
; Total   ; Incr     ; RF ; Type ; Fanout ; Location                  ; Element                                                                              ;
+---------+----------+----+------+--------+---------------------------+--------------------------------------------------------------------------------------+
; 0.000   ; 0.000    ;    ;      ;        ;                           ; launch edge time                                                                     ;
; 7.476   ; 7.476    ;    ;      ;        ;                           ; clock path                                                                           ;
;   0.000 ;   0.000  ;    ;      ;        ;                           ; source latency                                                                       ;
;   0.000 ;   0.000  ;    ;      ; 1      ; PIN_V11                   ; FPGA_CLK1_50                                                                         ;
;   0.000 ;   0.000  ; RR ; IC   ; 1      ; IOIBUF_X32_Y0_N1          ; FPGA_CLK1_50~input|i                                                                 ;
;   0.792 ;   0.792  ; RR ; CELL ; 2      ; IOIBUF_X32_Y0_N1          ; FPGA_CLK1_50~input|o                                                                 ;
;   1.965 ;   1.173  ; RR ; IC   ; 1      ; PLLREFCLKSELECT_X0_Y7_N0  ; pll_hdmi|pll_hdmi_inst|altera_pll_i|cyclonev_pll|fpll_0|REFCLK_SELECT|clkin[0]       ;
;   2.276 ;   0.311  ; RR ; CELL ; 1      ; PLLREFCLKSELECT_X0_Y7_N0  ; pll_hdmi|pll_hdmi_inst|altera_pll_i|cyclonev_pll|fpll_0|REFCLK_SELECT|clkout         ;
;   2.276 ;   0.000  ; RR ; IC   ; 10     ; FRACTIONALPLL_X0_Y1_N0    ; pll_hdmi|pll_hdmi_inst|altera_pll_i|cyclonev_pll|fpll_0|fpll|refclkin                ;
;   2.141 ;   -0.135 ; RR ; COMP ; 1      ; FRACTIONALPLL_X0_Y1_N0    ; pll_hdmi|pll_hdmi_inst|altera_pll_i|cyclonev_pll|fpll_0|fpll|vcoph[0]                ;
;   2.141 ;   0.000  ; RR ; IC   ; 1      ; PLLOUTPUTCOUNTER_X0_Y5_N1 ; pll_hdmi|pll_hdmi_inst|altera_pll_i|cyclonev_pll|counter[0].output_counter|vco0ph[0] ;
;   3.604 ;   1.463  ; RR ; CELL ; 3      ; PLLOUTPUTCOUNTER_X0_Y5_N1 ; pll_hdmi|pll_hdmi_inst|altera_pll_i|cyclonev_pll|counter[0].output_counter|divclk    ;
;   4.630 ;   1.026  ; RR ; IC   ; 1      ; CLKCTRL_G4                ; pll_hdmi|pll_hdmi_inst|altera_pll_i|cyclonev_pll|divclk[0]~CLKENA0|inclk             ;
;   4.943 ;   0.313  ; RR ; CELL ; 3653   ; CLKCTRL_G4                ; pll_hdmi|pll_hdmi_inst|altera_pll_i|cyclonev_pll|divclk[0]~CLKENA0|outclk            ;
;   6.902 ;   1.959  ; RR ; IC   ; 50     ; M10K_X49_Y20_N0           ; ascal|o_a_poly_mem_rtl_0|auto_generated|ram_block1a0|clk1                            ;
;   7.476 ;   0.574  ; RR ; CELL ; 1      ; M10K_X49_Y20_N0           ; ascal:ascal|o_poly_phase_b.t0[7]                                                     ;
; 8.490   ; 1.014    ;    ;      ;        ;                           ; data path                                                                            ;
;   7.476 ;   0.000  ;    ; uTco ; 1      ; M10K_X49_Y20_N0           ; ascal:ascal|o_poly_phase_b.t0[7]                                                     ;
;   7.552 ;   0.076  ; RR ; CELL ; 1      ; M10K_X49_Y20_N0           ; ascal|o_a_poly_mem_rtl_0|auto_generated|ram_block1a0|portbdataout[37]                ;
;   8.344 ;   0.792  ; RR ; IC   ; 1      ; DSP_X54_Y18_N0            ; ascal|Add103~8|ay[7]                                                                 ;
;   8.490 ;   0.146  ; RF ; CELL ; 0      ; DSP_X54_Y18_N0            ; ascal:ascal|o_poly_phase_b2.t0[7]                                                    ;
+---------+----------+----+------+--------+---------------------------+--------------------------------------------------------------------------------------+

+------------------------------------------------------------------------------------------------------------------------------------------------------------+
; Data Required Path                                                                                                                                         ;
+---------+----------+----+------+--------+---------------------------+--------------------------------------------------------------------------------------+
; Total   ; Incr     ; RF ; Type ; Fanout ; Location                  ; Element                                                                              ;
+---------+----------+----+------+--------+---------------------------+--------------------------------------------------------------------------------------+
; 0.000   ; 0.000    ;    ;      ;        ;                           ; latch edge time                                                                      ;
; 8.331   ; 8.331    ;    ;      ;        ;                           ; clock path                                                                           ;
;   0.000 ;   0.000  ;    ;      ;        ;                           ; source latency                                                                       ;
;   0.000 ;   0.000  ;    ;      ; 1      ; PIN_V11                   ; FPGA_CLK1_50                                                                         ;
;   0.000 ;   0.000  ; RR ; IC   ; 1      ; IOIBUF_X32_Y0_N1          ; FPGA_CLK1_50~input|i                                                                 ;
;   0.792 ;   0.792  ; RR ; CELL ; 2      ; IOIBUF_X32_Y0_N1          ; FPGA_CLK1_50~input|o                                                                 ;
;   2.103 ;   1.311  ; RR ; IC   ; 1      ; PLLREFCLKSELECT_X0_Y7_N0  ; pll_hdmi|pll_hdmi_inst|altera_pll_i|cyclonev_pll|fpll_0|REFCLK_SELECT|clkin[0]       ;
;   2.433 ;   0.330  ; RR ; CELL ; 1      ; PLLREFCLKSELECT_X0_Y7_N0  ; pll_hdmi|pll_hdmi_inst|altera_pll_i|cyclonev_pll|fpll_0|REFCLK_SELECT|clkout         ;
;   2.433 ;   0.000  ; RR ; IC   ; 10     ; FRACTIONALPLL_X0_Y1_N0    ; pll_hdmi|pll_hdmi_inst|altera_pll_i|cyclonev_pll|fpll_0|fpll|refclkin                ;
;   2.583 ;   0.150  ; RR ; CELL ; 1      ; FRACTIONALPLL_X0_Y1_N0    ; pll_hdmi|pll_hdmi_inst|altera_pll_i|cyclonev_pll|fpll_0|fpll|vcoph[0]                ;
;   2.583 ;   0.000  ; RR ; IC   ; 1      ; PLLOUTPUTCOUNTER_X0_Y5_N1 ; pll_hdmi|pll_hdmi_inst|altera_pll_i|cyclonev_pll|counter[0].output_counter|vco0ph[0] ;
;   4.246 ;   1.663  ; RR ; CELL ; 3      ; PLLOUTPUTCOUNTER_X0_Y5_N1 ; pll_hdmi|pll_hdmi_inst|altera_pll_i|cyclonev_pll|counter[0].output_counter|divclk    ;
;   5.387 ;   1.141  ; RR ; IC   ; 1      ; CLKCTRL_G4                ; pll_hdmi|pll_hdmi_inst|altera_pll_i|cyclonev_pll|divclk[0]~CLKENA0|inclk             ;
;   5.720 ;   0.333  ; RR ; CELL ; 3653   ; CLKCTRL_G4                ; pll_hdmi|pll_hdmi_inst|altera_pll_i|cyclonev_pll|divclk[0]~CLKENA0|outclk            ;
;   8.147 ;   2.427  ; RR ; IC   ; 73     ; DSP_X54_Y18_N0            ; ascal|Add103~8|clk[0]                                                                ;
;   9.108 ;   0.961  ; RR ; CELL ; 0      ; DSP_X54_Y18_N0            ; ascal:ascal|o_poly_phase_b2.t0[7]                                                    ;
;   8.331 ;   -0.777 ;    ;      ;        ;                           ; clock pessimism removed                                                              ;
; 8.331   ; 0.000    ;    ;      ;        ;                           ; clock uncertainty                                                                    ;
; 8.331   ; 0.000    ;    ; uTh  ; 0      ; DSP_X54_Y18_N0            ; ascal:ascal|o_poly_phase_b2.t0[7]                                                    ;
+---------+----------+----+------+--------+---------------------------+--------------------------------------------------------------------------------------+

----------------------------
; Extra Fitter Information ;
----------------------------
HTML report is unavailable in plain text report export.


Path #5: Hold slack is 0.162 
===============================================================================
+--------------------------------------------------------------------------------------------------------+
; Path Summary                                                                                           ;
+--------------------+-----------------------------------------------------------------------------------+
; Property           ; Value                                                                             ;
+--------------------+-----------------------------------------------------------------------------------+
; From Node          ; ascal:ascal|o_vpixq_pre[1].g[2]                                                   ;
; To Node            ; ascal:ascal|o_vpixq[1].g[2]                                                       ;
; Launch Clock       ; pll_hdmi|pll_hdmi_inst|altera_pll_i|cyclonev_pll|counter[0].output_counter|divclk ;
; Latch Clock        ; pll_hdmi|pll_hdmi_inst|altera_pll_i|cyclonev_pll|counter[0].output_counter|divclk ;
; Data Arrival Time  ; 8.529                                                                             ;
; Data Required Time ; 8.367                                                                             ;
; Slack              ; 0.162                                                                             ;
+--------------------+-----------------------------------------------------------------------------------+

+-------------------------------------------------------------------------------------+
; Statistics                                                                          ;
+------------------------+-------+-------+-------------+------------+--------+--------+
; Property               ; Value ; Count ; Total Delay ; % of Total ; Min    ; Max    ;
+------------------------+-------+-------+-------------+------------+--------+--------+
; Hold Relationship      ; 0.000 ;       ;             ;            ;        ;        ;
; Clock Skew             ; 1.007 ;       ;             ;            ;        ;        ;
; Data Delay             ; 1.169 ;       ;             ;            ;        ;        ;
; Number of Logic Levels ;       ; 0     ;             ;            ;        ;        ;
; Physical Delays        ;       ;       ;             ;            ;        ;        ;
;  Arrival Path          ;       ;       ;             ;            ;        ;        ;
;   Clock                ;       ;       ;             ;            ;        ;        ;
;    IC                  ;       ; 6     ; 4.169       ; 56         ; 0.000  ; 1.970  ;
;    Cell                ;       ; 5     ; 3.326       ; 44         ; 0.311  ; 1.463  ;
;    PLL Compensation    ;       ; 1     ; -0.135      ; 0          ; -0.135 ; -0.135 ;
;   Data                 ;       ;       ;             ;            ;        ;        ;
;    IC                  ;       ; 1     ; 1.132       ; 97         ; 1.132  ; 1.132  ;
;    Cell                ;       ; 2     ; 0.037       ; 3          ; 0.000  ; 0.037  ;
;    uTco                ;       ; 1     ; 0.000       ; 0          ; 0.000  ; 0.000  ;
;  Required Path         ;       ;       ;             ;            ;        ;        ;
;   Clock                ;       ;       ;             ;            ;        ;        ;
;    IC                  ;       ; 6     ; 4.915       ; 54         ; 0.000  ; 2.463  ;
;    Cell                ;       ; 6     ; 4.229       ; 46         ; 0.150  ; 1.663  ;
+------------------------+-------+-------+-------------+------------+--------+--------+
Note: Negative delays are omitted from totals when calculating percentages

+------------------------------------------------------------------------------------------------------------------------------------------------------------+
; Data Arrival Path                                                                                                                                          ;
+---------+----------+----+------+--------+---------------------------+--------------------------------------------------------------------------------------+
; Total   ; Incr     ; RF ; Type ; Fanout ; Location                  ; Element                                                                              ;
+---------+----------+----+------+--------+---------------------------+--------------------------------------------------------------------------------------+
; 0.000   ; 0.000    ;    ;      ;        ;                           ; launch edge time                                                                     ;
; 7.360   ; 7.360    ;    ;      ;        ;                           ; clock path                                                                           ;
;   0.000 ;   0.000  ;    ;      ;        ;                           ; source latency                                                                       ;
;   0.000 ;   0.000  ;    ;      ; 1      ; PIN_V11                   ; FPGA_CLK1_50                                                                         ;
;   0.000 ;   0.000  ; RR ; IC   ; 1      ; IOIBUF_X32_Y0_N1          ; FPGA_CLK1_50~input|i                                                                 ;
;   0.792 ;   0.792  ; RR ; CELL ; 2      ; IOIBUF_X32_Y0_N1          ; FPGA_CLK1_50~input|o                                                                 ;
;   1.965 ;   1.173  ; RR ; IC   ; 1      ; PLLREFCLKSELECT_X0_Y7_N0  ; pll_hdmi|pll_hdmi_inst|altera_pll_i|cyclonev_pll|fpll_0|REFCLK_SELECT|clkin[0]       ;
;   2.276 ;   0.311  ; RR ; CELL ; 1      ; PLLREFCLKSELECT_X0_Y7_N0  ; pll_hdmi|pll_hdmi_inst|altera_pll_i|cyclonev_pll|fpll_0|REFCLK_SELECT|clkout         ;
;   2.276 ;   0.000  ; RR ; IC   ; 10     ; FRACTIONALPLL_X0_Y1_N0    ; pll_hdmi|pll_hdmi_inst|altera_pll_i|cyclonev_pll|fpll_0|fpll|refclkin                ;
;   2.141 ;   -0.135 ; RR ; COMP ; 1      ; FRACTIONALPLL_X0_Y1_N0    ; pll_hdmi|pll_hdmi_inst|altera_pll_i|cyclonev_pll|fpll_0|fpll|vcoph[0]                ;
;   2.141 ;   0.000  ; RR ; IC   ; 1      ; PLLOUTPUTCOUNTER_X0_Y5_N1 ; pll_hdmi|pll_hdmi_inst|altera_pll_i|cyclonev_pll|counter[0].output_counter|vco0ph[0] ;
;   3.604 ;   1.463  ; RR ; CELL ; 3      ; PLLOUTPUTCOUNTER_X0_Y5_N1 ; pll_hdmi|pll_hdmi_inst|altera_pll_i|cyclonev_pll|counter[0].output_counter|divclk    ;
;   4.630 ;   1.026  ; RR ; IC   ; 1      ; CLKCTRL_G4                ; pll_hdmi|pll_hdmi_inst|altera_pll_i|cyclonev_pll|divclk[0]~CLKENA0|inclk             ;
;   4.943 ;   0.313  ; RR ; CELL ; 3653   ; CLKCTRL_G4                ; pll_hdmi|pll_hdmi_inst|altera_pll_i|cyclonev_pll|divclk[0]~CLKENA0|outclk            ;
;   6.913 ;   1.970  ; RR ; IC   ; 1      ; FF_X35_Y27_N14            ; ascal|o_vpixq_pre[1].g[2]|clk                                                        ;
;   7.360 ;   0.447  ; RR ; CELL ; 1      ; FF_X35_Y27_N14            ; ascal:ascal|o_vpixq_pre[1].g[2]                                                      ;
; 8.529   ; 1.169    ;    ;      ;        ;                           ; data path                                                                            ;
;   7.360 ;   0.000  ;    ; uTco ; 1      ; FF_X35_Y27_N14            ; ascal:ascal|o_vpixq_pre[1].g[2]                                                      ;
;   7.360 ;   0.000  ; RR ; CELL ; 1      ; FF_X35_Y27_N14            ; ascal|o_vpixq_pre[1].g[2]|q                                                          ;
;   8.492 ;   1.132  ; RR ; IC   ; 1      ; DSP_X32_Y16_N0            ; ascal|Add229~8|ax[2]                                                                 ;
;   8.529 ;   0.037  ; RR ; CELL ; 0      ; DSP_X32_Y16_N0            ; ascal:ascal|o_vpixq[1].g[2]                                                          ;
+---------+----------+----+------+--------+---------------------------+--------------------------------------------------------------------------------------+

+------------------------------------------------------------------------------------------------------------------------------------------------------------+
; Data Required Path                                                                                                                                         ;
+---------+----------+----+------+--------+---------------------------+--------------------------------------------------------------------------------------+
; Total   ; Incr     ; RF ; Type ; Fanout ; Location                  ; Element                                                                              ;
+---------+----------+----+------+--------+---------------------------+--------------------------------------------------------------------------------------+
; 0.000   ; 0.000    ;    ;      ;        ;                           ; latch edge time                                                                      ;
; 8.367   ; 8.367    ;    ;      ;        ;                           ; clock path                                                                           ;
;   0.000 ;   0.000  ;    ;      ;        ;                           ; source latency                                                                       ;
;   0.000 ;   0.000  ;    ;      ; 1      ; PIN_V11                   ; FPGA_CLK1_50                                                                         ;
;   0.000 ;   0.000  ; RR ; IC   ; 1      ; IOIBUF_X32_Y0_N1          ; FPGA_CLK1_50~input|i                                                                 ;
;   0.792 ;   0.792  ; RR ; CELL ; 2      ; IOIBUF_X32_Y0_N1          ; FPGA_CLK1_50~input|o                                                                 ;
;   2.103 ;   1.311  ; RR ; IC   ; 1      ; PLLREFCLKSELECT_X0_Y7_N0  ; pll_hdmi|pll_hdmi_inst|altera_pll_i|cyclonev_pll|fpll_0|REFCLK_SELECT|clkin[0]       ;
;   2.433 ;   0.330  ; RR ; CELL ; 1      ; PLLREFCLKSELECT_X0_Y7_N0  ; pll_hdmi|pll_hdmi_inst|altera_pll_i|cyclonev_pll|fpll_0|REFCLK_SELECT|clkout         ;
;   2.433 ;   0.000  ; RR ; IC   ; 10     ; FRACTIONALPLL_X0_Y1_N0    ; pll_hdmi|pll_hdmi_inst|altera_pll_i|cyclonev_pll|fpll_0|fpll|refclkin                ;
;   2.583 ;   0.150  ; RR ; CELL ; 1      ; FRACTIONALPLL_X0_Y1_N0    ; pll_hdmi|pll_hdmi_inst|altera_pll_i|cyclonev_pll|fpll_0|fpll|vcoph[0]                ;
;   2.583 ;   0.000  ; RR ; IC   ; 1      ; PLLOUTPUTCOUNTER_X0_Y5_N1 ; pll_hdmi|pll_hdmi_inst|altera_pll_i|cyclonev_pll|counter[0].output_counter|vco0ph[0] ;
;   4.246 ;   1.663  ; RR ; CELL ; 3      ; PLLOUTPUTCOUNTER_X0_Y5_N1 ; pll_hdmi|pll_hdmi_inst|altera_pll_i|cyclonev_pll|counter[0].output_counter|divclk    ;
;   5.387 ;   1.141  ; RR ; IC   ; 1      ; CLKCTRL_G4                ; pll_hdmi|pll_hdmi_inst|altera_pll_i|cyclonev_pll|divclk[0]~CLKENA0|inclk             ;
;   5.720 ;   0.333  ; RR ; CELL ; 3653   ; CLKCTRL_G4                ; pll_hdmi|pll_hdmi_inst|altera_pll_i|cyclonev_pll|divclk[0]~CLKENA0|outclk            ;
;   8.183 ;   2.463  ; RR ; IC   ; 36     ; DSP_X32_Y16_N0            ; ascal|Add229~8|clk[0]                                                                ;
;   9.144 ;   0.961  ; RR ; CELL ; 0      ; DSP_X32_Y16_N0            ; ascal:ascal|o_vpixq[1].g[2]                                                          ;
;   8.367 ;   -0.777 ;    ;      ;        ;                           ; clock pessimism removed                                                              ;
; 8.367   ; 0.000    ;    ;      ;        ;                           ; clock uncertainty                                                                    ;
; 8.367   ; 0.000    ;    ; uTh  ; 0      ; DSP_X32_Y16_N0            ; ascal:ascal|o_vpixq[1].g[2]                                                          ;
+---------+----------+----+------+--------+---------------------------+--------------------------------------------------------------------------------------+

----------------------------
; Extra Fitter Information ;
----------------------------
HTML report is unavailable in plain text report export.


