----------------
; Command Info ;
----------------
Report Timing: Found 5 removal paths (0 violated).  Worst case slack is 0.370 

Tcl Command:
    report_timing -removal -file reports/quartus_corner_3_removal.rpt -npaths 5 -detail full_path

Options:
    -removal 
    -npaths 5 
    -detail full_path 
    -file {reports/quartus_corner_3_removal.rpt} 

Delay Model:
    Fast 1100mV -40C Model

+-----------------------------------------------------------------------------------------------------------------------------------------------------------------------------------------------------------------------------------------------------------------------------+
; Summary of Paths                                                                                                                                                                                                                                                            ;
+-------+------------------------+---------------------------+-----------------------------------------------------------------------------------+-----------------------------------------------------------------------------------+--------------+------------+------------+
; Slack ; From Node              ; To Node                   ; Launch Clock                                                                      ; Latch Clock                                                                       ; Relationship ; Clock Skew ; Data Delay ;
+-------+------------------------+---------------------------+-----------------------------------------------------------------------------------+-----------------------------------------------------------------------------------+--------------+------------+------------+
; 0.370 ; ascal:ascal|o_reset_na ; ascal:ascal|o_copy.sCOPY  ; pll_hdmi|pll_hdmi_inst|altera_pll_i|cyclonev_pll|counter[0].output_counter|divclk ; pll_hdmi|pll_hdmi_inst|altera_pll_i|cyclonev_pll|counter[0].output_counter|divclk ; 0.000        ; 0.030      ; 0.400      ;
; 0.370 ; ascal:ascal|o_reset_na ; ascal:ascal|o_readlev[1]  ; pll_hdmi|pll_hdmi_inst|altera_pll_i|cyclonev_pll|counter[0].output_counter|divclk ; pll_hdmi|pll_hdmi_inst|altera_pll_i|cyclonev_pll|counter[0].output_counter|divclk ; 0.000        ; 0.030      ; 0.400      ;
; 0.372 ; ascal:ascal|o_reset_na ; ascal:ascal|o_copy.sSHIFT ; pll_hdmi|pll_hdmi_inst|altera_pll_i|cyclonev_pll|counter[0].output_counter|divclk ; pll_hdmi|pll_hdmi_inst|altera_pll_i|cyclonev_pll|counter[0].output_counter|divclk ; 0.000        ; 0.028      ; 0.400      ;
; 0.372 ; ascal:ascal|o_reset_na ; ascal:ascal|o_copy.sWAIT  ; pll_hdmi|pll_hdmi_inst|altera_pll_i|cyclonev_pll|counter[0].output_counter|divclk ; pll_hdmi|pll_hdmi_inst|altera_pll_i|cyclonev_pll|counter[0].output_counter|divclk ; 0.000        ; 0.028      ; 0.400      ;
; 0.372 ; ascal:ascal|o_reset_na ; ascal:ascal|o_readlev[0]  ; pll_hdmi|pll_hdmi_inst|altera_pll_i|cyclonev_pll|counter[0].output_counter|divclk ; pll_hdmi|pll_hdmi_inst|altera_pll_i|cyclonev_pll|counter[0].output_counter|divclk ; 0.000        ; 0.028      ; 0.400      ;
+-------+------------------------+---------------------------+-----------------------------------------------------------------------------------+-----------------------------------------------------------------------------------+--------------+------------+------------+

Path #1: Removal slack is 0.370 
===============================================================================
+--------------------------------------------------------------------------------------------------------+
; Path Summary                                                                                           ;
+--------------------+-----------------------------------------------------------------------------------+
; Property           ; Value                                                                             ;
+--------------------+-----------------------------------------------------------------------------------+
; From Node          ; ascal:ascal|o_reset_na                                                            ;
; To Node            ; ascal:ascal|o_copy.sCOPY                                                          ;
; Launch Clock       ; pll_hdmi|pll_hdmi_inst|altera_pll_i|cyclonev_pll|counter[0].output_counter|divclk ;
; Latch Clock        ; pll_hdmi|pll_hdmi_inst|altera_pll_i|cyclonev_pll|counter[0].output_counter|divclk ;
; Data Arrival Time  ; 3.765                                                                             ;
; Data Required Time ; 3.395                                                                             ;
; Slack              ; 0.370                                                                             ;
+--------------------+-----------------------------------------------------------------------------------+

+-------------------------------------------------------------------------------------+
; Statistics                                                                          ;
+------------------------+-------+-------+-------------+------------+--------+--------+
; Property               ; Value ; Count ; Total Delay ; % of Total ; Min    ; Max    ;
+------------------------+-------+-------+-------------+------------+--------+--------+
; Removal Relationship   ; 0.000 ;       ;             ;            ;        ;        ;
; Clock Skew             ; 0.030 ;       ;             ;            ;        ;        ;
; Data Delay             ; 0.400 ;       ;             ;            ;        ;        ;
; Number of Logic Levels ;       ; 0     ;             ;            ;        ;        ;
; Physical Delays        ;       ;       ;             ;            ;        ;        ;
;  Arrival Path          ;       ;       ;             ;            ;        ;        ;
;   Clock                ;       ;       ;             ;            ;        ;        ;
;    IC                  ;       ; 6     ; 2.011       ; 58         ; 0.000  ; 0.983  ;
;    Cell                ;       ; 5     ; 1.455       ; 42         ; 0.138  ; 0.781  ;
;    PLL Compensation    ;       ; 1     ; -0.101      ; 0          ; -0.101 ; -0.101 ;
;   Data                 ;       ;       ;             ;            ;        ;        ;
;    IC                  ;       ; 1     ; 0.306       ; 77         ; 0.306  ; 0.306  ;
;    Cell                ;       ; 2     ; 0.094       ; 24         ; 0.000  ; 0.094  ;
;    uTco                ;       ; 1     ; 0.000       ; 0          ; 0.000  ; 0.000  ;
;  Required Path         ;       ;       ;             ;            ;        ;        ;
;   Clock                ;       ;       ;             ;            ;        ;        ;
;    IC                  ;       ; 6     ; 2.299       ; 59         ; 0.000  ; 1.172  ;
;    Cell                ;       ; 6     ; 1.629       ; 41         ; 0.015  ; 0.898  ;
+------------------------+-------+-------+-------------+------------+--------+--------+
Note: Negative delays are omitted from totals when calculating percentages

+------------------------------------------------------------------------------------------------------------------------------------------------------------+
; Data Arrival Path                                                                                                                                          ;
+---------+----------+----+------+--------+---------------------------+--------------------------------------------------------------------------------------+
; Total   ; Incr     ; RF ; Type ; Fanout ; Location                  ; Element                                                                              ;
+---------+----------+----+------+--------+---------------------------+--------------------------------------------------------------------------------------+
; 0.000   ; 0.000    ;    ;      ;        ;                           ; launch edge time                                                                     ;
; 3.365   ; 3.365    ;    ;      ;        ;                           ; clock path                                                                           ;
;   0.000 ;   0.000  ;    ;      ;        ;                           ; source latency                                                                       ;
;   0.000 ;   0.000  ;    ;      ; 1      ; PIN_V11                   ; FPGA_CLK1_50                                                                         ;
;   0.000 ;   0.000  ; RR ; IC   ; 1      ; IOIBUF_X32_Y0_N1          ; FPGA_CLK1_50~input|i                                                                 ;
;   0.216 ;   0.216  ; RR ; CELL ; 2      ; IOIBUF_X32_Y0_N1          ; FPGA_CLK1_50~input|o                                                                 ;
;   0.753 ;   0.537  ; RR ; IC   ; 1      ; PLLREFCLKSELECT_X0_Y7_N0  ; pll_hdmi|pll_hdmi_inst|altera_pll_i|cyclonev_pll|fpll_0|REFCLK_SELECT|clkin[0]       ;
;   0.893 ;   0.140  ; RR ; CELL ; 1      ; PLLREFCLKSELECT_X0_Y7_N0  ; pll_hdmi|pll_hdmi_inst|altera_pll_i|cyclonev_pll|fpll_0|REFCLK_SELECT|clkout         ;
;   0.893 ;   0.000  ; RR ; IC   ; 10     ; FRACTIONALPLL_X0_Y1_N0    ; pll_hdmi|pll_hdmi_inst|altera_pll_i|cyclonev_pll|fpll_0|fpll|refclkin                ;
;   0.792 ;   -0.101 ; RR ; COMP ; 1      ; FRACTIONALPLL_X0_Y1_N0    ; pll_hdmi|pll_hdmi_inst|altera_pll_i|cyclonev_pll|fpll_0|fpll|vcoph[0]                ;
;   0.792 ;   0.000  ; RR ; IC   ; 1      ; PLLOUTPUTCOUNTER_X0_Y5_N1 ; pll_hdmi|pll_hdmi_inst|altera_pll_i|cyclonev_pll|counter[0].output_counter|vco0ph[0] ;
;   1.573 ;   0.781  ; RR ; CELL ; 3      ; PLLOUTPUTCOUNTER_X0_Y5_N1 ; pll_hdmi|pll_hdmi_inst|altera_pll_i|cyclonev_pll|counter[0].output_counter|divclk    ;
;   2.064 ;   0.491  ; RR ; IC   ; 1      ; CLKCTRL_G4                ; pll_hdmi|pll_hdmi_inst|altera_pll_i|cyclonev_pll|divclk[0]~CLKENA0|inclk             ;
;   2.202 ;   0.138  ; RR ; CELL ; 3653   ; CLKCTRL_G4                ; pll_hdmi|pll_hdmi_inst|altera_pll_i|cyclonev_pll|divclk[0]~CLKENA0|outclk            ;
;   3.185 ;   0.983  ; RR ; IC   ; 1      ; FF_X37_Y47_N47            ; ascal|o_reset_na|clk                                                                 ;
;   3.365 ;   0.180  ; RR ; CELL ; 1      ; FF_X37_Y47_N47            ; ascal:ascal|o_reset_na                                                               ;
; 3.765   ; 0.400    ;    ;      ;        ;                           ; data path                                                                            ;
;   3.365 ;   0.000  ;    ; uTco ; 1      ; FF_X37_Y47_N47            ; ascal:ascal|o_reset_na                                                               ;
;   3.365 ;   0.000  ; RR ; CELL ; 431    ; FF_X37_Y47_N47            ; ascal|o_reset_na|q                                                                   ;
;   3.671 ;   0.306  ; RR ; IC   ; 1      ; FF_X35_Y47_N35            ; ascal|o_copy.sCOPY|clrn                                                              ;
;   3.765 ;   0.094  ; RR ; CELL ; 1      ; FF_X35_Y47_N35            ; ascal:ascal|o_copy.sCOPY                                                             ;
+---------+----------+----+------+--------+---------------------------+--------------------------------------------------------------------------------------+

+------------------------------------------------------------------------------------------------------------------------------------------------------------+
; Data Required Path                                                                                                                                         ;
+---------+----------+----+------+--------+---------------------------+--------------------------------------------------------------------------------------+
; Total   ; Incr     ; RF ; Type ; Fanout ; Location                  ; Element                                                                              ;
+---------+----------+----+------+--------+---------------------------+--------------------------------------------------------------------------------------+
; 0.000   ; 0.000    ;    ;      ;        ;                           ; latch edge time                                                                      ;
; 3.395   ; 3.395    ;    ;      ;        ;                           ; clock path                                                                           ;
;   0.000 ;   0.000  ;    ;      ;        ;                           ; source latency                                                                       ;
;   0.000 ;   0.000  ;    ;      ; 1      ; PIN_V11                   ; FPGA_CLK1_50                                                                         ;
;   0.000 ;   0.000  ; RR ; IC   ; 1      ; IOIBUF_X32_Y0_N1          ; FPGA_CLK1_50~input|i                                                                 ;
;   0.216 ;   0.216  ; RR ; CELL ; 2      ; IOIBUF_X32_Y0_N1          ; FPGA_CLK1_50~input|o                                                                 ;
;   0.818 ;   0.602  ; RR ; IC   ; 1      ; PLLREFCLKSELECT_X0_Y7_N0  ; pll_hdmi|pll_hdmi_inst|altera_pll_i|cyclonev_pll|fpll_0|REFCLK_SELECT|clkin[0]       ;
;   0.968 ;   0.150  ; RR ; CELL ; 1      ; PLLREFCLKSELECT_X0_Y7_N0  ; pll_hdmi|pll_hdmi_inst|altera_pll_i|cyclonev_pll|fpll_0|REFCLK_SELECT|clkout         ;
;   0.968 ;   0.000  ; RR ; IC   ; 10     ; FRACTIONALPLL_X0_Y1_N0    ; pll_hdmi|pll_hdmi_inst|altera_pll_i|cyclonev_pll|fpll_0|fpll|refclkin                ;
;   0.983 ;   0.015  ; RR ; CELL ; 1      ; FRACTIONALPLL_X0_Y1_N0    ; pll_hdmi|pll_hdmi_inst|altera_pll_i|cyclonev_pll|fpll_0|fpll|vcoph[0]                ;
;   0.983 ;   0.000  ; RR ; IC   ; 1      ; PLLOUTPUTCOUNTER_X0_Y5_N1 ; pll_hdmi|pll_hdmi_inst|altera_pll_i|cyclonev_pll|counter[0].output_counter|vco0ph[0] ;
;   1.881 ;   0.898  ; RR ; CELL ; 3      ; PLLOUTPUTCOUNTER_X0_Y5_N1 ; pll_hdmi|pll_hdmi_inst|altera_pll_i|cyclonev_pll|counter[0].output_counter|divclk    ;
;   2.406 ;   0.525  ; RR ; IC   ; 1      ; CLKCTRL_G4                ; pll_hdmi|pll_hdmi_inst|altera_pll_i|cyclonev_pll|divclk[0]~CLKENA0|inclk             ;
;   2.552 ;   0.146  ; RR ; CELL ; 3653   ; CLKCTRL_G4                ; pll_hdmi|pll_hdmi_inst|altera_pll_i|cyclonev_pll|divclk[0]~CLKENA0|outclk            ;
;   3.724 ;   1.172  ; RR ; IC   ; 1      ; FF_X35_Y47_N35            ; ascal|o_copy.sCOPY|clk                                                               ;
;   3.928 ;   0.204  ; RR ; CELL ; 1      ; FF_X35_Y47_N35            ; ascal:ascal|o_copy.sCOPY                                                             ;
;   3.395 ;   -0.533 ;    ;      ;        ;                           ; clock pessimism removed                                                              ;
; 3.395   ; 0.000    ;    ;      ;        ;                           ; clock uncertainty                                                                    ;
; 3.395   ; 0.000    ;    ; uTh  ; 1      ; FF_X35_Y47_N35            ; ascal:ascal|o_copy.sCOPY                                                             ;
+---------+----------+----+------+--------+---------------------------+--------------------------------------------------------------------------------------+

----------------------------
; Extra Fitter Information ;
----------------------------
HTML report is unavailable in plain text report export.


Path #2: Removal slack is 0.370 
===============================================================================
+--------------------------------------------------------------------------------------------------------+
; Path Summary                                                                                           ;
+--------------------+-----------------------------------------------------------------------------------+
; Property           ; Value                                                                             ;
+--------------------+-----------------------------------------------------------------------------------+
; From Node          ; ascal:ascal|o_reset_na                                                            ;
; To Node            ; ascal:ascal|o_readlev[1]                                                          ;
; Launch Clock       ; pll_hdmi|pll_hdmi_inst|altera_pll_i|cyclonev_pll|counter[0].output_counter|divclk ;
; Latch Clock        ; pll_hdmi|pll_hdmi_inst|altera_pll_i|cyclonev_pll|counter[0].output_counter|divclk ;
; Data Arrival Time  ; 3.765                                                                             ;
; Data Required Time ; 3.395                                                                             ;
; Slack              ; 0.370                                                                             ;
+--------------------+-----------------------------------------------------------------------------------+

+-------------------------------------------------------------------------------------+
; Statistics                                                                          ;
+------------------------+-------+-------+-------------+------------+--------+--------+
; Property               ; Value ; Count ; Total Delay ; % of Total ; Min    ; Max    ;
+------------------------+-------+-------+-------------+------------+--------+--------+
; Removal Relationship   ; 0.000 ;       ;             ;            ;        ;        ;
; Clock Skew             ; 0.030 ;       ;             ;            ;        ;        ;
; Data Delay             ; 0.400 ;       ;             ;            ;        ;        ;
; Number of Logic Levels ;       ; 0     ;             ;            ;        ;        ;
; Physical Delays        ;       ;       ;             ;            ;        ;        ;
;  Arrival Path          ;       ;       ;             ;            ;        ;        ;
;   Clock                ;       ;       ;             ;            ;        ;        ;
;    IC                  ;       ; 6     ; 2.011       ; 58         ; 0.000  ; 0.983  ;
;    Cell                ;       ; 5     ; 1.455       ; 42         ; 0.138  ; 0.781  ;
;    PLL Compensation    ;       ; 1     ; -0.101      ; 0          ; -0.101 ; -0.101 ;
;   Data                 ;       ;       ;             ;            ;        ;        ;
;    IC                  ;       ; 1     ; 0.306       ; 77         ; 0.306  ; 0.306  ;
;    Cell                ;       ; 2     ; 0.094       ; 24         ; 0.000  ; 0.094  ;
;    uTco                ;       ; 1     ; 0.000       ; 0          ; 0.000  ; 0.000  ;
;  Required Path         ;       ;       ;             ;            ;        ;        ;
;   Clock                ;       ;       ;             ;            ;        ;        ;
;    IC                  ;       ; 6     ; 2.299       ; 59         ; 0.000  ; 1.172  ;
;    Cell                ;       ; 6     ; 1.629       ; 41         ; 0.015  ; 0.898  ;
+------------------------+-------+-------+-------------+------------+--------+--------+
Note: Negative delays are omitted from totals when calculating percentages

+------------------------------------------------------------------------------------------------------------------------------------------------------------+
; Data Arrival Path                                                                                                                                          ;
+---------+----------+----+------+--------+---------------------------+--------------------------------------------------------------------------------------+
; Total   ; Incr     ; RF ; Type ; Fanout ; Location                  ; Element                                                                              ;
+---------+----------+----+------+--------+---------------------------+--------------------------------------------------------------------------------------+
; 0.000   ; 0.000    ;    ;      ;        ;                           ; launch edge time                                                                     ;
; 3.365   ; 3.365    ;    ;      ;        ;                           ; clock path                                                                           ;
;   0.000 ;   0.000  ;    ;      ;        ;                           ; source latency                                                                       ;
;   0.000 ;   0.000  ;    ;      ; 1      ; PIN_V11                   ; FPGA_CLK1_50                                                                         ;
;   0.000 ;   0.000  ; RR ; IC   ; 1      ; IOIBUF_X32_Y0_N1          ; FPGA_CLK1_50~input|i                                                                 ;
;   0.216 ;   0.216  ; RR ; CELL ; 2      ; IOIBUF_X32_Y0_N1          ; FPGA_CLK1_50~input|o                                                                 ;
;   0.753 ;   0.537  ; RR ; IC   ; 1      ; PLLREFCLKSELECT_X0_Y7_N0  ; pll_hdmi|pll_hdmi_inst|altera_pll_i|cyclonev_pll|fpll_0|REFCLK_SELECT|clkin[0]       ;
;   0.893 ;   0.140  ; RR ; CELL ; 1      ; PLLREFCLKSELECT_X0_Y7_N0  ; pll_hdmi|pll_hdmi_inst|altera_pll_i|cyclonev_pll|fpll_0|REFCLK_SELECT|clkout         ;
;   0.893 ;   0.000  ; RR ; IC   ; 10     ; FRACTIONALPLL_X0_Y1_N0    ; pll_hdmi|pll_hdmi_inst|altera_pll_i|cyclonev_pll|fpll_0|fpll|refclkin                ;
;   0.792 ;   -0.101 ; RR ; COMP ; 1      ; FRACTIONALPLL_X0_Y1_N0    ; pll_hdmi|pll_hdmi_inst|altera_pll_i|cyclonev_pll|fpll_0|fpll|vcoph[0]                ;
;   0.792 ;   0.000  ; RR ; IC   ; 1      ; PLLOUTPUTCOUNTER_X0_Y5_N1 ; pll_hdmi|pll_hdmi_inst|altera_pll_i|cyclonev_pll|counter[0].output_counter|vco0ph[0] ;
;   1.573 ;   0.781  ; RR ; CELL ; 3      ; PLLOUTPUTCOUNTER_X0_Y5_N1 ; pll_hdmi|pll_hdmi_inst|altera_pll_i|cyclonev_pll|counter[0].output_counter|divclk    ;
;   2.064 ;   0.491  ; RR ; IC   ; 1      ; CLKCTRL_G4                ; pll_hdmi|pll_hdmi_inst|altera_pll_i|cyclonev_pll|divclk[0]~CLKENA0|inclk             ;
;   2.202 ;   0.138  ; RR ; CELL ; 3653   ; CLKCTRL_G4                ; pll_hdmi|pll_hdmi_inst|altera_pll_i|cyclonev_pll|divclk[0]~CLKENA0|outclk            ;
;   3.185 ;   0.983  ; RR ; IC   ; 1      ; FF_X37_Y47_N47            ; ascal|o_reset_na|clk                                                                 ;
;   3.365 ;   0.180  ; RR ; CELL ; 1      ; FF_X37_Y47_N47            ; ascal:ascal|o_reset_na                                                               ;
; 3.765   ; 0.400    ;    ;      ;        ;                           ; data path                                                                            ;
;   3.365 ;   0.000  ;    ; uTco ; 1      ; FF_X37_Y47_N47            ; ascal:ascal|o_reset_na                                                               ;
;   3.365 ;   0.000  ; RR ; CELL ; 431    ; FF_X37_Y47_N47            ; ascal|o_reset_na|q                                                                   ;
;   3.671 ;   0.306  ; RR ; IC   ; 1      ; FF_X35_Y47_N17            ; ascal|o_readlev[1]|clrn                                                              ;
;   3.765 ;   0.094  ; RR ; CELL ; 1      ; FF_X35_Y47_N17            ; ascal:ascal|o_readlev[1]                                                             ;
+---------+----------+----+------+--------+---------------------------+--------------------------------------------------------------------------------------+

+------------------------------------------------------------------------------------------------------------------------------------------------------------+
; Data Required Path                                                                                                                                         ;
+---------+----------+----+------+--------+---------------------------+--------------------------------------------------------------------------------------+
; Total   ; Incr     ; RF ; Type ; Fanout ; Location                  ; Element                                                                              ;
+---------+----------+----+------+--------+---------------------------+--------------------------------------------------------------------------------------+
; 0.000   ; 0.000    ;    ;      ;        ;                           ; latch edge time                                                                      ;
; 3.395   ; 3.395    ;    ;      ;        ;                           ; clock path                                                                           ;
;   0.000 ;   0.000  ;    ;      ;        ;                           ; source latency                                                                       ;
;   0.000 ;   0.000  ;    ;      ; 1      ; PIN_V11                   ; FPGA_CLK1_50                                                                         ;
;   0.000 ;   0.000  ; RR ; IC   ; 1      ; IOIBUF_X32_Y0_N1          ; FPGA_CLK1_50~input|i                                                                 ;
;   0.216 ;   0.216  ; RR ; CELL ; 2      ; IOIBUF_X32_Y0_N1          ; FPGA_CLK1_50~input|o                                                                 ;
;   0.818 ;   0.602  ; RR ; IC   ; 1      ; PLLREFCLKSELECT_X0_Y7_N0  ; pll_hdmi|pll_hdmi_inst|altera_pll_i|cyclonev_pll|fpll_0|REFCLK_SELECT|clkin[0]       ;
;   0.968 ;   0.150  ; RR ; CELL ; 1      ; PLLREFCLKSELECT_X0_Y7_N0  ; pll_hdmi|pll_hdmi_inst|altera_pll_i|cyclonev_pll|fpll_0|REFCLK_SELECT|clkout         ;
;   0.968 ;   0.000  ; RR ; IC   ; 10     ; FRACTIONALPLL_X0_Y1_N0    ; pll_hdmi|pll_hdmi_inst|altera_pll_i|cyclonev_pll|fpll_0|fpll|refclkin                ;
;   0.983 ;   0.015  ; RR ; CELL ; 1      ; FRACTIONALPLL_X0_Y1_N0    ; pll_hdmi|pll_hdmi_inst|altera_pll_i|cyclonev_pll|fpll_0|fpll|vcoph[0]                ;
;   0.983 ;   0.000  ; RR ; IC   ; 1      ; PLLOUTPUTCOUNTER_X0_Y5_N1 ; pll_hdmi|pll_hdmi_inst|altera_pll_i|cyclonev_pll|counter[0].output_counter|vco0ph[0] ;
;   1.881 ;   0.898  ; RR ; CELL ; 3      ; PLLOUTPUTCOUNTER_X0_Y5_N1 ; pll_hdmi|pll_hdmi_inst|altera_pll_i|cyclonev_pll|counter[0].output_counter|divclk    ;
;   2.406 ;   0.525  ; RR ; IC   ; 1      ; CLKCTRL_G4                ; pll_hdmi|pll_hdmi_inst|altera_pll_i|cyclonev_pll|divclk[0]~CLKENA0|inclk             ;
;   2.552 ;   0.146  ; RR ; CELL ; 3653   ; CLKCTRL_G4                ; pll_hdmi|pll_hdmi_inst|altera_pll_i|cyclonev_pll|divclk[0]~CLKENA0|outclk            ;
;   3.724 ;   1.172  ; RR ; IC   ; 1      ; FF_X35_Y47_N17            ; ascal|o_readlev[1]|clk                                                               ;
;   3.928 ;   0.204  ; RR ; CELL ; 1      ; FF_X35_Y47_N17            ; ascal:ascal|o_readlev[1]                                                             ;
;   3.395 ;   -0.533 ;    ;      ;        ;                           ; clock pessimism removed                                                              ;
; 3.395   ; 0.000    ;    ;      ;        ;                           ; clock uncertainty                                                                    ;
; 3.395   ; 0.000    ;    ; uTh  ; 1      ; FF_X35_Y47_N17            ; ascal:ascal|o_readlev[1]                                                             ;
+---------+----------+----+------+--------+---------------------------+--------------------------------------------------------------------------------------+

----------------------------
; Extra Fitter Information ;
----------------------------
HTML report is unavailable in plain text report export.


Path #3: Removal slack is 0.372 
===============================================================================
+--------------------------------------------------------------------------------------------------------+
; Path Summary                                                                                           ;
+--------------------+-----------------------------------------------------------------------------------+
; Property           ; Value                                                                             ;
+--------------------+-----------------------------------------------------------------------------------+
; From Node          ; ascal:ascal|o_reset_na                                                            ;
; To Node            ; ascal:ascal|o_copy.sSHIFT                                                         ;
; Launch Clock       ; pll_hdmi|pll_hdmi_inst|altera_pll_i|cyclonev_pll|counter[0].output_counter|divclk ;
; Latch Clock        ; pll_hdmi|pll_hdmi_inst|altera_pll_i|cyclonev_pll|counter[0].output_counter|divclk ;
; Data Arrival Time  ; 3.765                                                                             ;
; Data Required Time ; 3.393                                                                             ;
; Slack              ; 0.372                                                                             ;
+--------------------+-----------------------------------------------------------------------------------+

+-------------------------------------------------------------------------------------+
; Statistics                                                                          ;
+------------------------+-------+-------+-------------+------------+--------+--------+
; Property               ; Value ; Count ; Total Delay ; % of Total ; Min    ; Max    ;
+------------------------+-------+-------+-------------+------------+--------+--------+
; Removal Relationship   ; 0.000 ;       ;             ;            ;        ;        ;
; Clock Skew             ; 0.028 ;       ;             ;            ;        ;        ;
; Data Delay             ; 0.400 ;       ;             ;            ;        ;        ;
; Number of Logic Levels ;       ; 0     ;             ;            ;        ;        ;
; Physical Delays        ;       ;       ;             ;            ;        ;        ;
;  Arrival Path          ;       ;       ;             ;            ;        ;        ;
;   Clock                ;       ;       ;             ;            ;        ;        ;
;    IC                  ;       ; 6     ; 2.011       ; 58         ; 0.000  ; 0.983  ;
;    Cell                ;       ; 5     ; 1.455       ; 42         ; 0.138  ; 0.781  ;
;    PLL Compensation    ;       ; 1     ; -0.101      ; 0          ; -0.101 ; -0.101 ;
;   Data                 ;       ;       ;             ;            ;        ;        ;
;    IC                  ;       ; 1     ; 0.306       ; 77         ; 0.306  ; 0.306  ;
;    Cell                ;       ; 2     ; 0.094       ; 24         ; 0.000  ; 0.094  ;
;    uTco                ;       ; 1     ; 0.000       ; 0          ; 0.000  ; 0.000  ;
;  Required Path         ;       ;       ;             ;            ;        ;        ;
;   Clock                ;       ;       ;             ;            ;        ;        ;
;    IC                  ;       ; 6     ; 2.299       ; 59         ; 0.000  ; 1.172  ;
;    Cell                ;       ; 6     ; 1.627       ; 41         ; 0.015  ; 0.898  ;
+------------------------+-------+-------+-------------+------------+--------+--------+
Note: Negative delays are omitted from totals when calculating percentages

+------------------------------------------------------------------------------------------------------------------------------------------------------------+
; Data Arrival Path                                                                                                                                          ;
+---------+----------+----+------+--------+---------------------------+--------------------------------------------------------------------------------------+
; Total   ; Incr     ; RF ; Type ; Fanout ; Location                  ; Element                                                                              ;
+---------+----------+----+------+--------+---------------------------+--------------------------------------------------------------------------------------+
; 0.000   ; 0.000    ;    ;      ;        ;                           ; launch edge time                                                                     ;
; 3.365   ; 3.365    ;    ;      ;        ;                           ; clock path                                                                           ;
;   0.000 ;   0.000  ;    ;      ;        ;                           ; source latency                                                                       ;
;   0.000 ;   0.000  ;    ;      ; 1      ; PIN_V11                   ; FPGA_CLK1_50                                                                         ;
;   0.000 ;   0.000  ; RR ; IC   ; 1      ; IOIBUF_X32_Y0_N1          ; FPGA_CLK1_50~input|i                                                                 ;
;   0.216 ;   0.216  ; RR ; CELL ; 2      ; IOIBUF_X32_Y0_N1          ; FPGA_CLK1_50~input|o                                                                 ;
;   0.753 ;   0.537  ; RR ; IC   ; 1      ; PLLREFCLKSELECT_X0_Y7_N0  ; pll_hdmi|pll_hdmi_inst|altera_pll_i|cyclonev_pll|fpll_0|REFCLK_SELECT|clkin[0]       ;
;   0.893 ;   0.140  ; RR ; CELL ; 1      ; PLLREFCLKSELECT_X0_Y7_N0  ; pll_hdmi|pll_hdmi_inst|altera_pll_i|cyclonev_pll|fpll_0|REFCLK_SELECT|clkout         ;
;   0.893 ;   0.000  ; RR ; IC   ; 10     ; FRACTIONALPLL_X0_Y1_N0    ; pll_hdmi|pll_hdmi_inst|altera_pll_i|cyclonev_pll|fpll_0|fpll|refclkin                ;
;   0.792 ;   -0.101 ; RR ; COMP ; 1      ; FRACTIONALPLL_X0_Y1_N0    ; pll_hdmi|pll_hdmi_inst|altera_pll_i|cyclonev_pll|fpll_0|fpll|vcoph[0]                ;
;   0.792 ;   0.000  ; RR ; IC   ; 1      ; PLLOUTPUTCOUNTER_X0_Y5_N1 ; pll_hdmi|pll_hdmi_inst|altera_pll_i|cyclonev_pll|counter[0].output_counter|vco0ph[0] ;
;   1.573 ;   0.781  ; RR ; CELL ; 3      ; PLLOUTPUTCOUNTER_X0_Y5_N1 ; pll_hdmi|pll_hdmi_inst|altera_pll_i|cyclonev_pll|counter[0].output_counter|divclk    ;
;   2.064 ;   0.491  ; RR ; IC   ; 1      ; CLKCTRL_G4                ; pll_hdmi|pll_hdmi_inst|altera_pll_i|cyclonev_pll|divclk[0]~CLKENA0|inclk             ;
;   2.202 ;   0.138  ; RR ; CELL ; 3653   ; CLKCTRL_G4                ; pll_hdmi|pll_hdmi_inst|altera_pll_i|cyclonev_pll|divclk[0]~CLKENA0|outclk            ;
;   3.185 ;   0.983  ; RR ; IC   ; 1      ; FF_X37_Y47_N47            ; ascal|o_reset_na|clk                                                                 ;
;   3.365 ;   0.180  ; RR ; CELL ; 1      ; FF_X37_Y47_N47            ; ascal:ascal|o_reset_na                                                               ;
; 3.765   ; 0.400    ;    ;      ;        ;                           ; data path                                                                            ;
;   3.365 ;   0.000  ;    ; uTco ; 1      ; FF_X37_Y47_N47            ; ascal:ascal|o_reset_na                                                               ;
;   3.365 ;   0.000  ; RR ; CELL ; 431    ; FF_X37_Y47_N47            ; ascal|o_reset_na|q                                                                   ;
;   3.671 ;   0.306  ; RR ; IC   ; 1      ; FF_X35_Y47_N26            ; ascal|o_copy.sSHIFT|clrn                                                             ;
;   3.765 ;   0.094  ; RR ; CELL ; 1      ; FF_X35_Y47_N26            ; ascal:ascal|o_copy.sSHIFT                                                            ;
+---------+----------+----+------+--------+---------------------------+--------------------------------------------------------------------------------------+

+------------------------------------------------------------------------------------------------------------------------------------------------------------+
; Data Required Path                                                                                                                                         ;
+---------+----------+----+------+--------+---------------------------+--------------------------------------------------------------------------------------+
; Total   ; Incr     ; RF ; Type ; Fanout ; Location                  ; Element                                                                              ;
+---------+----------+----+------+--------+---------------------------+--------------------------------------------------------------------------------------+
; 0.000   ; 0.000    ;    ;      ;        ;                           ; latch edge time                                                                      ;
; 3.393   ; 3.393    ;    ;      ;        ;                           ; clock path                                                                           ;
;   0.000 ;   0.000  ;    ;      ;        ;                           ; source latency                                                                       ;
;   0.000 ;   0.000  ;    ;      ; 1      ; PIN_V11                   ; FPGA_CLK1_50                                                                         ;
;   0.000 ;   0.000  ; RR ; IC   ; 1      ; IOIBUF_X32_Y0_N1          ; FPGA_CLK1_50~input|i                                                                 ;
;   0.216 ;   0.216  ; RR ; CELL ; 2      ; IOIBUF_X32_Y0_N1          ; FPGA_CLK1_50~input|o                                                                 ;
;   0.818 ;   0.602  ; RR ; IC   ; 1      ; PLLREFCLKSELECT_X0_Y7_N0  ; pll_hdmi|pll_hdmi_inst|altera_pll_i|cyclonev_pll|fpll_0|REFCLK_SELECT|clkin[0]       ;
;   0.968 ;   0.150  ; RR ; CELL ; 1      ; PLLREFCLKSELECT_X0_Y7_N0  ; pll_hdmi|pll_hdmi_inst|altera_pll_i|cyclonev_pll|fpll_0|REFCLK_SELECT|clkout         ;
;   0.968 ;   0.000  ; RR ; IC   ; 10     ; FRACTIONALPLL_X0_Y1_N0    ; pll_hdmi|pll_hdmi_inst|altera_pll_i|cyclonev_pll|fpll_0|fpll|refclkin                ;
;   0.983 ;   0.015  ; RR ; CELL ; 1      ; FRACTIONALPLL_X0_Y1_N0    ; pll_hdmi|pll_hdmi_inst|altera_pll_i|cyclonev_pll|fpll_0|fpll|vcoph[0]                ;
;   0.983 ;   0.000  ; RR ; IC   ; 1      ; PLLOUTPUTCOUNTER_X0_Y5_N1 ; pll_hdmi|pll_hdmi_inst|altera_pll_i|cyclonev_pll|counter[0].output_counter|vco0ph[0] ;
;   1.881 ;   0.898  ; RR ; CELL ; 3      ; PLLOUTPUTCOUNTER_X0_Y5_N1 ; pll_hdmi|pll_hdmi_inst|altera_pll_i|cyclonev_pll|counter[0].output_counter|divclk    ;
;   2.406 ;   0.525  ; RR ; IC   ; 1      ; CLKCTRL_G4                ; pll_hdmi|pll_hdmi_inst|altera_pll_i|cyclonev_pll|divclk[0]~CLKENA0|inclk             ;
;   2.552 ;   0.146  ; RR ; CELL ; 3653   ; CLKCTRL_G4                ; pll_hdmi|pll_hdmi_inst|altera_pll_i|cyclonev_pll|divclk[0]~CLKENA0|outclk            ;
;   3.724 ;   1.172  ; RR ; IC   ; 1      ; FF_X35_Y47_N26            ; ascal|o_copy.sSHIFT|clk                                                              ;
;   3.926 ;   0.202  ; RR ; CELL ; 1      ; FF_X35_Y47_N26            ; ascal:ascal|o_copy.sSHIFT                                                            ;
;   3.393 ;   -0.533 ;    ;      ;        ;                           ; clock pessimism removed                                                              ;
; 3.393   ; 0.000    ;    ;      ;        ;                           ; clock uncertainty                                                                    ;
; 3.393   ; 0.000    ;    ; uTh  ; 1      ; FF_X35_Y47_N26            ; ascal:ascal|o_copy.sSHIFT                                                            ;
+---------+----------+----+------+--------+---------------------------+--------------------------------------------------------------------------------------+

----------------------------
; Extra Fitter Information ;
----------------------------
HTML report is unavailable in plain text report export.


Path #4: Removal slack is 0.372 
===============================================================================
+--------------------------------------------------------------------------------------------------------+
; Path Summary                                                                                           ;
+--------------------+-----------------------------------------------------------------------------------+
; Property           ; Value                                                                             ;
+--------------------+-----------------------------------------------------------------------------------+
; From Node          ; ascal:ascal|o_reset_na                                                            ;
; To Node            ; ascal:ascal|o_copy.sWAIT                                                          ;
; Launch Clock       ; pll_hdmi|pll_hdmi_inst|altera_pll_i|cyclonev_pll|counter[0].output_counter|divclk ;
; Latch Clock        ; pll_hdmi|pll_hdmi_inst|altera_pll_i|cyclonev_pll|counter[0].output_counter|divclk ;
; Data Arrival Time  ; 3.765                                                                             ;
; Data Required Time ; 3.393                                                                             ;
; Slack              ; 0.372                                                                             ;
+--------------------+-----------------------------------------------------------------------------------+

+-------------------------------------------------------------------------------------+
; Statistics                                                                          ;
+------------------------+-------+-------+-------------+------------+--------+--------+
; Property               ; Value ; Count ; Total Delay ; % of Total ; Min    ; Max    ;
+------------------------+-------+-------+-------------+------------+--------+--------+
; Removal Relationship   ; 0.000 ;       ;             ;            ;        ;        ;
; Clock Skew             ; 0.028 ;       ;             ;            ;        ;        ;
; Data Delay             ; 0.400 ;       ;             ;            ;        ;        ;
; Number of Logic Levels ;       ; 0     ;             ;            ;        ;        ;
; Physical Delays        ;       ;       ;             ;            ;        ;        ;
;  Arrival Path          ;       ;       ;             ;            ;        ;        ;
;   Clock                ;       ;       ;             ;            ;        ;        ;
;    IC                  ;       ; 6     ; 2.011       ; 58         ; 0.000  ; 0.983  ;
;    Cell                ;       ; 5     ; 1.455       ; 42         ; 0.138  ; 0.781  ;
;    PLL Compensation    ;       ; 1     ; -0.101      ; 0          ; -0.101 ; -0.101 ;
;   Data                 ;       ;       ;             ;            ;        ;        ;
;    IC                  ;       ; 1     ; 0.306       ; 77         ; 0.306  ; 0.306  ;
;    Cell                ;       ; 2     ; 0.094       ; 24         ; 0.000  ; 0.094  ;
;    uTco                ;       ; 1     ; 0.000       ; 0          ; 0.000  ; 0.000  ;
;  Required Path         ;       ;       ;             ;            ;        ;        ;
;   Clock                ;       ;       ;             ;            ;        ;        ;
;    IC                  ;       ; 6     ; 2.299       ; 59         ; 0.000  ; 1.172  ;
;    Cell                ;       ; 6     ; 1.627       ; 41         ; 0.015  ; 0.898  ;
+------------------------+-------+-------+-------------+------------+--------+--------+
Note: Negative delays are omitted from totals when calculating percentages

+------------------------------------------------------------------------------------------------------------------------------------------------------------+
; Data Arrival Path                                                                                                                                          ;
+---------+----------+----+------+--------+---------------------------+--------------------------------------------------------------------------------------+
; Total   ; Incr     ; RF ; Type ; Fanout ; Location                  ; Element                                                                              ;
+---------+----------+----+------+--------+---------------------------+--------------------------------------------------------------------------------------+
; 0.000   ; 0.000    ;    ;      ;        ;                           ; launch edge time                                                                     ;
; 3.365   ; 3.365    ;    ;      ;        ;                           ; clock path                                                                           ;
;   0.000 ;   0.000  ;    ;      ;        ;                           ; source latency                                                                       ;
;   0.000 ;   0.000  ;    ;      ; 1      ; PIN_V11                   ; FPGA_CLK1_50                                                                         ;
;   0.000 ;   0.000  ; RR ; IC   ; 1      ; IOIBUF_X32_Y0_N1          ; FPGA_CLK1_50~input|i                                                                 ;
;   0.216 ;   0.216  ; RR ; CELL ; 2      ; IOIBUF_X32_Y0_N1          ; FPGA_CLK1_50~input|o                                                                 ;
;   0.753 ;   0.537  ; RR ; IC   ; 1      ; PLLREFCLKSELECT_X0_Y7_N0  ; pll_hdmi|pll_hdmi_inst|altera_pll_i|cyclonev_pll|fpll_0|REFCLK_SELECT|clkin[0]       ;
;   0.893 ;   0.140  ; RR ; CELL ; 1      ; PLLREFCLKSELECT_X0_Y7_N0  ; pll_hdmi|pll_hdmi_inst|altera_pll_i|cyclonev_pll|fpll_0|REFCLK_SELECT|clkout         ;
;   0.893 ;   0.000  ; RR ; IC   ; 10     ; FRACTIONALPLL_X0_Y1_N0    ; pll_hdmi|pll_hdmi_inst|altera_pll_i|cyclonev_pll|fpll_0|fpll|refclkin                ;
;   0.792 ;   -0.101 ; RR ; COMP ; 1      ; FRACTIONALPLL_X0_Y1_N0    ; pll_hdmi|pll_hdmi_inst|altera_pll_i|cyclonev_pll|fpll_0|fpll|vcoph[0]                ;
;   0.792 ;   0.000  ; RR ; IC   ; 1      ; PLLOUTPUTCOUNTER_X0_Y5_N1 ; pll_hdmi|pll_hdmi_inst|altera_pll_i|cyclonev_pll|counter[0].output_counter|vco0ph[0] ;
;   1.573 ;   0.781  ; RR ; CELL ; 3      ; PLLOUTPUTCOUNTER_X0_Y5_N1 ; pll_hdmi|pll_hdmi_inst|altera_pll_i|cyclonev_pll|counter[0].output_counter|divclk    ;
;   2.064 ;   0.491  ; RR ; IC   ; 1      ; CLKCTRL_G4                ; pll_hdmi|pll_hdmi_inst|altera_pll_i|cyclonev_pll|divclk[0]~CLKENA0|inclk             ;
;   2.202 ;   0.138  ; RR ; CELL ; 3653   ; CLKCTRL_G4                ; pll_hdmi|pll_hdmi_inst|altera_pll_i|cyclonev_pll|divclk[0]~CLKENA0|outclk            ;
;   3.185 ;   0.983  ; RR ; IC   ; 1      ; FF_X37_Y47_N47            ; ascal|o_reset_na|clk                                                                 ;
;   3.365 ;   0.180  ; RR ; CELL ; 1      ; FF_X37_Y47_N47            ; ascal:ascal|o_reset_na                                                               ;
; 3.765   ; 0.400    ;    ;      ;        ;                           ; data path                                                                            ;
;   3.365 ;   0.000  ;    ; uTco ; 1      ; FF_X37_Y47_N47            ; ascal:ascal|o_reset_na                                                               ;
;   3.365 ;   0.000  ; RR ; CELL ; 431    ; FF_X37_Y47_N47            ; ascal|o_reset_na|q                                                                   ;
;   3.671 ;   0.306  ; RR ; IC   ; 1      ; FF_X35_Y47_N20            ; ascal|o_copy.sWAIT|clrn                                                              ;
;   3.765 ;   0.094  ; RR ; CELL ; 1      ; FF_X35_Y47_N20            ; ascal:ascal|o_copy.sWAIT                                                             ;
+---------+----------+----+------+--------+---------------------------+--------------------------------------------------------------------------------------+

+------------------------------------------------------------------------------------------------------------------------------------------------------------+
; Data Required Path                                                                                                                                         ;
+---------+----------+----+------+--------+---------------------------+--------------------------------------------------------------------------------------+
; Total   ; Incr     ; RF ; Type ; Fanout ; Location                  ; Element                                                                              ;
+---------+----------+----+------+--------+---------------------------+--------------------------------------------------------------------------------------+
; 0.000   ; 0.000    ;    ;      ;        ;                           ; latch edge time                                                                      ;
; 3.393   ; 3.393    ;    ;      ;        ;                           ; clock path                                                                           ;
;   0.000 ;   0.000  ;    ;      ;        ;                           ; source latency                                                                       ;
;   0.000 ;   0.000  ;    ;      ; 1      ; PIN_V11                   ; FPGA_CLK1_50                                                                         ;
;   0.000 ;   0.000  ; RR ; IC   ; 1      ; IOIBUF_X32_Y0_N1          ; FPGA_CLK1_50~input|i                                                                 ;
;   0.216 ;   0.216  ; RR ; CELL ; 2      ; IOIBUF_X32_Y0_N1          ; FPGA_CLK1_50~input|o                                                                 ;
;   0.818 ;   0.602  ; RR ; IC   ; 1      ; PLLREFCLKSELECT_X0_Y7_N0  ; pll_hdmi|pll_hdmi_inst|altera_pll_i|cyclonev_pll|fpll_0|REFCLK_SELECT|clkin[0]       ;
;   0.968 ;   0.150  ; RR ; CELL ; 1      ; PLLREFCLKSELECT_X0_Y7_N0  ; pll_hdmi|pll_hdmi_inst|altera_pll_i|cyclonev_pll|fpll_0|REFCLK_SELECT|clkout         ;
;   0.968 ;   0.000  ; RR ; IC   ; 10     ; FRACTIONALPLL_X0_Y1_N0    ; pll_hdmi|pll_hdmi_inst|altera_pll_i|cyclonev_pll|fpll_0|fpll|refclkin                ;
;   0.983 ;   0.015  ; RR ; CELL ; 1      ; FRACTIONALPLL_X0_Y1_N0    ; pll_hdmi|pll_hdmi_inst|altera_pll_i|cyclonev_pll|fpll_0|fpll|vcoph[0]                ;
;   0.983 ;   0.000  ; RR ; IC   ; 1      ; PLLOUTPUTCOUNTER_X0_Y5_N1 ; pll_hdmi|pll_hdmi_inst|altera_pll_i|cyclonev_pll|counter[0].output_counter|vco0ph[0] ;
;   1.881 ;   0.898  ; RR ; CELL ; 3      ; PLLOUTPUTCOUNTER_X0_Y5_N1 ; pll_hdmi|pll_hdmi_inst|altera_pll_i|cyclonev_pll|counter[0].output_counter|divclk    ;
;   2.406 ;   0.525  ; RR ; IC   ; 1      ; CLKCTRL_G4                ; pll_hdmi|pll_hdmi_inst|altera_pll_i|cyclonev_pll|divclk[0]~CLKENA0|inclk             ;
;   2.552 ;   0.146  ; RR ; CELL ; 3653   ; CLKCTRL_G4                ; pll_hdmi|pll_hdmi_inst|altera_pll_i|cyclonev_pll|divclk[0]~CLKENA0|outclk            ;
;   3.724 ;   1.172  ; RR ; IC   ; 1      ; FF_X35_Y47_N20            ; ascal|o_copy.sWAIT|clk                                                               ;
;   3.926 ;   0.202  ; RR ; CELL ; 1      ; FF_X35_Y47_N20            ; ascal:ascal|o_copy.sWAIT                                                             ;
;   3.393 ;   -0.533 ;    ;      ;        ;                           ; clock pessimism removed                                                              ;
; 3.393   ; 0.000    ;    ;      ;        ;                           ; clock uncertainty                                                                    ;
; 3.393   ; 0.000    ;    ; uTh  ; 1      ; FF_X35_Y47_N20            ; ascal:ascal|o_copy.sWAIT                                                             ;
+---------+----------+----+------+--------+---------------------------+--------------------------------------------------------------------------------------+

----------------------------
; Extra Fitter Information ;
----------------------------
HTML report is unavailable in plain text report export.


Path #5: Removal slack is 0.372 
===============================================================================
+--------------------------------------------------------------------------------------------------------+
; Path Summary                                                                                           ;
+--------------------+-----------------------------------------------------------------------------------+
; Property           ; Value                                                                             ;
+--------------------+-----------------------------------------------------------------------------------+
; From Node          ; ascal:ascal|o_reset_na                                                            ;
; To Node            ; ascal:ascal|o_readlev[0]                                                          ;
; Launch Clock       ; pll_hdmi|pll_hdmi_inst|altera_pll_i|cyclonev_pll|counter[0].output_counter|divclk ;
; Latch Clock        ; pll_hdmi|pll_hdmi_inst|altera_pll_i|cyclonev_pll|counter[0].output_counter|divclk ;
; Data Arrival Time  ; 3.765                                                                             ;
; Data Required Time ; 3.393                                                                             ;
; Slack              ; 0.372                                                                             ;
+--------------------+-----------------------------------------------------------------------------------+

+-------------------------------------------------------------------------------------+
; Statistics                                                                          ;
+------------------------+-------+-------+-------------+------------+--------+--------+
; Property               ; Value ; Count ; Total Delay ; % of Total ; Min    ; Max    ;
+------------------------+-------+-------+-------------+------------+--------+--------+
; Removal Relationship   ; 0.000 ;       ;             ;            ;        ;        ;
; Clock Skew             ; 0.028 ;       ;             ;            ;        ;        ;
; Data Delay             ; 0.400 ;       ;             ;            ;        ;        ;
; Number of Logic Levels ;       ; 0     ;             ;            ;        ;        ;
; Physical Delays        ;       ;       ;             ;            ;        ;        ;
;  Arrival Path          ;       ;       ;             ;            ;        ;        ;
;   Clock                ;       ;       ;             ;            ;        ;        ;
;    IC                  ;       ; 6     ; 2.011       ; 58         ; 0.000  ; 0.983  ;
;    Cell                ;       ; 5     ; 1.455       ; 42         ; 0.138  ; 0.781  ;
;    PLL Compensation    ;       ; 1     ; -0.101      ; 0          ; -0.101 ; -0.101 ;
;   Data                 ;       ;       ;             ;            ;        ;        ;
;    IC                  ;       ; 1     ; 0.306       ; 77         ; 0.306  ; 0.306  ;
;    Cell                ;       ; 2     ; 0.094       ; 24         ; 0.000  ; 0.094  ;
;    uTco                ;       ; 1     ; 0.000       ; 0          ; 0.000  ; 0.000  ;
;  Required Path         ;       ;       ;             ;            ;        ;        ;
;   Clock                ;       ;       ;             ;            ;        ;        ;
;    IC                  ;       ; 6     ; 2.299       ; 59         ; 0.000  ; 1.172  ;
;    Cell                ;       ; 6     ; 1.627       ; 41         ; 0.015  ; 0.898  ;
+------------------------+-------+-------+-------------+------------+--------+--------+
Note: Negative delays are omitted from totals when calculating percentages

+------------------------------------------------------------------------------------------------------------------------------------------------------------+
; Data Arrival Path                                                                                                                                          ;
+---------+----------+----+------+--------+---------------------------+--------------------------------------------------------------------------------------+
; Total   ; Incr     ; RF ; Type ; Fanout ; Location                  ; Element                                                                              ;
+---------+----------+----+------+--------+---------------------------+--------------------------------------------------------------------------------------+
; 0.000   ; 0.000    ;    ;      ;        ;                           ; launch edge time                                                                     ;
; 3.365   ; 3.365    ;    ;      ;        ;                           ; clock path                                                                           ;
;   0.000 ;   0.000  ;    ;      ;        ;                           ; source latency                                                                       ;
;   0.000 ;   0.000  ;    ;      ; 1      ; PIN_V11                   ; FPGA_CLK1_50                                                                         ;
;   0.000 ;   0.000  ; RR ; IC   ; 1      ; IOIBUF_X32_Y0_N1          ; FPGA_CLK1_50~input|i                                                                 ;
;   0.216 ;   0.216  ; RR ; CELL ; 2      ; IOIBUF_X32_Y0_N1          ; FPGA_CLK1_50~input|o                                                                 ;
;   0.753 ;   0.537  ; RR ; IC   ; 1      ; PLLREFCLKSELECT_X0_Y7_N0  ; pll_hdmi|pll_hdmi_inst|altera_pll_i|cyclonev_pll|fpll_0|REFCLK_SELECT|clkin[0]       ;
;   0.893 ;   0.140  ; RR ; CELL ; 1      ; PLLREFCLKSELECT_X0_Y7_N0  ; pll_hdmi|pll_hdmi_inst|altera_pll_i|cyclonev_pll|fpll_0|REFCLK_SELECT|clkout         ;
;   0.893 ;   0.000  ; RR ; IC   ; 10     ; FRACTIONALPLL_X0_Y1_N0    ; pll_hdmi|pll_hdmi_inst|altera_pll_i|cyclonev_pll|fpll_0|fpll|refclkin                ;
;   0.792 ;   -0.101 ; RR ; COMP ; 1      ; FRACTIONALPLL_X0_Y1_N0    ; pll_hdmi|pll_hdmi_inst|altera_pll_i|cyclonev_pll|fpll_0|fpll|vcoph[0]                ;
;   0.792 ;   0.000  ; RR ; IC   ; 1      ; PLLOUTPUTCOUNTER_X0_Y5_N1 ; pll_hdmi|pll_hdmi_inst|altera_pll_i|cyclonev_pll|counter[0].output_counter|vco0ph[0] ;
;   1.573 ;   0.781  ; RR ; CELL ; 3      ; PLLOUTPUTCOUNTER_X0_Y5_N1 ; pll_hdmi|pll_hdmi_inst|altera_pll_i|cyclonev_pll|counter[0].output_counter|divclk    ;
;   2.064 ;   0.491  ; RR ; IC   ; 1      ; CLKCTRL_G4                ; pll_hdmi|pll_hdmi_inst|altera_pll_i|cyclonev_pll|divclk[0]~CLKENA0|inclk             ;
;   2.202 ;   0.138  ; RR ; CELL ; 3653   ; CLKCTRL_G4                ; pll_hdmi|pll_hdmi_inst|altera_pll_i|cyclonev_pll|divclk[0]~CLKENA0|outclk            ;
;   3.185 ;   0.983  ; RR ; IC   ; 1      ; FF_X37_Y47_N47            ; ascal|o_reset_na|clk                                                                 ;
;   3.365 ;   0.180  ; RR ; CELL ; 1      ; FF_X37_Y47_N47            ; ascal:ascal|o_reset_na                                                               ;
; 3.765   ; 0.400    ;    ;      ;        ;                           ; data path                                                                            ;
;   3.365 ;   0.000  ;    ; uTco ; 1      ; FF_X37_Y47_N47            ; ascal:ascal|o_reset_na                                                               ;
;   3.365 ;   0.000  ; RR ; CELL ; 431    ; FF_X37_Y47_N47            ; ascal|o_reset_na|q                                                                   ;
;   3.671 ;   0.306  ; RR ; IC   ; 1      ; FF_X35_Y47_N38            ; ascal|o_readlev[0]|clrn                                                              ;
;   3.765 ;   0.094  ; RR ; CELL ; 1      ; FF_X35_Y47_N38            ; ascal:ascal|o_readlev[0]                                                             ;
+---------+----------+----+------+--------+---------------------------+--------------------------------------------------------------------------------------+

+------------------------------------------------------------------------------------------------------------------------------------------------------------+
; Data Required Path                                                                                                                                         ;
+---------+----------+----+------+--------+---------------------------+--------------------------------------------------------------------------------------+
; Total   ; Incr     ; RF ; Type ; Fanout ; Location                  ; Element                                                                              ;
+---------+----------+----+------+--------+---------------------------+--------------------------------------------------------------------------------------+
; 0.000   ; 0.000    ;    ;      ;        ;                           ; latch edge time                                                                      ;
; 3.393   ; 3.393    ;    ;      ;        ;                           ; clock path                                                                           ;
;   0.000 ;   0.000  ;    ;      ;        ;                           ; source latency                                                                       ;
;   0.000 ;   0.000  ;    ;      ; 1      ; PIN_V11                   ; FPGA_CLK1_50                                                                         ;
;   0.000 ;   0.000  ; RR ; IC   ; 1      ; IOIBUF_X32_Y0_N1          ; FPGA_CLK1_50~input|i                                                                 ;
;   0.216 ;   0.216  ; RR ; CELL ; 2      ; IOIBUF_X32_Y0_N1          ; FPGA_CLK1_50~input|o                                                                 ;
;   0.818 ;   0.602  ; RR ; IC   ; 1      ; PLLREFCLKSELECT_X0_Y7_N0  ; pll_hdmi|pll_hdmi_inst|altera_pll_i|cyclonev_pll|fpll_0|REFCLK_SELECT|clkin[0]       ;
;   0.968 ;   0.150  ; RR ; CELL ; 1      ; PLLREFCLKSELECT_X0_Y7_N0  ; pll_hdmi|pll_hdmi_inst|altera_pll_i|cyclonev_pll|fpll_0|REFCLK_SELECT|clkout         ;
;   0.968 ;   0.000  ; RR ; IC   ; 10     ; FRACTIONALPLL_X0_Y1_N0    ; pll_hdmi|pll_hdmi_inst|altera_pll_i|cyclonev_pll|fpll_0|fpll|refclkin                ;
;   0.983 ;   0.015  ; RR ; CELL ; 1      ; FRACTIONALPLL_X0_Y1_N0    ; pll_hdmi|pll_hdmi_inst|altera_pll_i|cyclonev_pll|fpll_0|fpll|vcoph[0]                ;
;   0.983 ;   0.000  ; RR ; IC   ; 1      ; PLLOUTPUTCOUNTER_X0_Y5_N1 ; pll_hdmi|pll_hdmi_inst|altera_pll_i|cyclonev_pll|counter[0].output_counter|vco0ph[0] ;
;   1.881 ;   0.898  ; RR ; CELL ; 3      ; PLLOUTPUTCOUNTER_X0_Y5_N1 ; pll_hdmi|pll_hdmi_inst|altera_pll_i|cyclonev_pll|counter[0].output_counter|divclk    ;
;   2.406 ;   0.525  ; RR ; IC   ; 1      ; CLKCTRL_G4                ; pll_hdmi|pll_hdmi_inst|altera_pll_i|cyclonev_pll|divclk[0]~CLKENA0|inclk             ;
;   2.552 ;   0.146  ; RR ; CELL ; 3653   ; CLKCTRL_G4                ; pll_hdmi|pll_hdmi_inst|altera_pll_i|cyclonev_pll|divclk[0]~CLKENA0|outclk            ;
;   3.724 ;   1.172  ; RR ; IC   ; 1      ; FF_X35_Y47_N38            ; ascal|o_readlev[0]|clk                                                               ;
;   3.926 ;   0.202  ; RR ; CELL ; 1      ; FF_X35_Y47_N38            ; ascal:ascal|o_readlev[0]                                                             ;
;   3.393 ;   -0.533 ;    ;      ;        ;                           ; clock pessimism removed                                                              ;
; 3.393   ; 0.000    ;    ;      ;        ;                           ; clock uncertainty                                                                    ;
; 3.393   ; 0.000    ;    ; uTh  ; 1      ; FF_X35_Y47_N38            ; ascal:ascal|o_readlev[0]                                                             ;
+---------+----------+----+------+--------+---------------------------+--------------------------------------------------------------------------------------+

----------------------------
; Extra Fitter Information ;
----------------------------
HTML report is unavailable in plain text report export.


