----------------
; Command Info ;
----------------
Report Timing: Found 5 setup paths (0 violated).  Worst case slack is 3.130 

Tcl Command:
    report_timing -setup -file reports/quartus_corner_2_setup.rpt -npaths 5 -detail full_path

Options:
    -setup 
    -npaths 5 
    -detail full_path 
    -file {reports/quartus_corner_2_setup.rpt} 

Delay Model:
    Fast 1100mV 100C Model

+----------------------------------------------------------------------------------------------------------------------------------------------------------------------------------------------------------------------------------------------------------------------------------------------------------------------------------------------------------------------------------------+
; Summary of Paths                                                                                                                                                                                                                                                                                                                                                                       ;
+-------+---------------------------------------------------------------------------------------------------------------------------+-----------------------------------+-----------------------------------------------------------------------------------+-----------------------------------------------------------------------------------+--------------+------------+------------+
; Slack ; From Node                                                                                                                 ; To Node                           ; Launch Clock                                                                      ; Latch Clock                                                                       ; Relationship ; Clock Skew ; Data Delay ;
+-------+---------------------------------------------------------------------------------------------------------------------------+-----------------------------------+-----------------------------------------------------------------------------------+-----------------------------------------------------------------------------------+--------------+------------+------------+
; 3.130 ; ascal:ascal|o_v_poly_use_adaptive                                                                                         ; ascal:ascal|o_h_poly_phase.t3[7]  ; pll_hdmi|pll_hdmi_inst|altera_pll_i|cyclonev_pll|counter[0].output_counter|divclk ; pll_hdmi|pll_hdmi_inst|altera_pll_i|cyclonev_pll|counter[0].output_counter|divclk ; 6.732        ; 0.030      ; 3.432      ;
; 3.237 ; ascal:ascal|o_h_poly_use_adaptive                                                                                         ; ascal:ascal|o_h_poly_phase.t3[7]  ; pll_hdmi|pll_hdmi_inst|altera_pll_i|cyclonev_pll|counter[0].output_counter|divclk ; pll_hdmi|pll_hdmi_inst|altera_pll_i|cyclonev_pll|counter[0].output_counter|divclk ; 6.732        ; 0.030      ; 3.325      ;
; 3.251 ; ascal:ascal|o_v_poly_use_adaptive                                                                                         ; ascal:ascal|o_h_poly_phase.t3[13] ; pll_hdmi|pll_hdmi_inst|altera_pll_i|cyclonev_pll|counter[0].output_counter|divclk ; pll_hdmi|pll_hdmi_inst|altera_pll_i|cyclonev_pll|counter[0].output_counter|divclk ; 6.732        ; 0.030      ; 3.311      ;
; 3.284 ; ascal:ascal|o_v_poly_use_adaptive                                                                                         ; ascal:ascal|o_h_poly_phase.t3[11] ; pll_hdmi|pll_hdmi_inst|altera_pll_i|cyclonev_pll|counter[0].output_counter|divclk ; pll_hdmi|pll_hdmi_inst|altera_pll_i|cyclonev_pll|counter[0].output_counter|divclk ; 6.732        ; 0.030      ; 3.278      ;
; 3.302 ; ascal:ascal|altshift_taps:o_vpix_inner[2].r_rtl_0|shift_taps_agv:auto_generated|altsyncram_jr91:altsyncram4|ram_block5a23 ; ascal:ascal|o_vpixq_pre[1].b[0]   ; pll_hdmi|pll_hdmi_inst|altera_pll_i|cyclonev_pll|counter[0].output_counter|divclk ; pll_hdmi|pll_hdmi_inst|altera_pll_i|cyclonev_pll|counter[0].output_counter|divclk ; 6.732        ; -0.422     ; 2.808      ;
+-------+---------------------------------------------------------------------------------------------------------------------------+-----------------------------------+-----------------------------------------------------------------------------------+-----------------------------------------------------------------------------------+--------------+------------+------------+

Path #1: Setup slack is 3.130 
===============================================================================
+--------------------------------------------------------------------------------------------------------+
; Path Summary                                                                                           ;
+--------------------+-----------------------------------------------------------------------------------+
; Property           ; Value                                                                             ;
+--------------------+-----------------------------------------------------------------------------------+
; From Node          ; ascal:ascal|o_v_poly_use_adaptive                                                 ;
; To Node            ; ascal:ascal|o_h_poly_phase.t3[7]                                                  ;
; Launch Clock       ; pll_hdmi|pll_hdmi_inst|altera_pll_i|cyclonev_pll|counter[0].output_counter|divclk ;
; Latch Clock        ; pll_hdmi|pll_hdmi_inst|altera_pll_i|cyclonev_pll|counter[0].output_counter|divclk ;
; Data Arrival Time  ; 7.513                                                                             ;
; Data Required Time ; 10.643                                                                            ;
; Slack              ; 3.130                                                                             ;
+--------------------+-----------------------------------------------------------------------------------+

+-------------------------------------------------------------------------------------+
; Statistics                                                                          ;
+------------------------+-------+-------+-------------+------------+--------+--------+
; Property               ; Value ; Count ; Total Delay ; % of Total ; Min    ; Max    ;
+------------------------+-------+-------+-------------+------------+--------+--------+
; Setup Relationship     ; 6.732 ;       ;             ;            ;        ;        ;
; Clock Skew             ; 0.030 ;       ;             ;            ;        ;        ;
; Data Delay             ; 3.432 ;       ;             ;            ;        ;        ;
; Number of Logic Levels ;       ; 2     ;             ;            ;        ;        ;
; Physical Delays        ;       ;       ;             ;            ;        ;        ;
;  Arrival Path          ;       ;       ;             ;            ;        ;        ;
;   Clock                ;       ;       ;             ;            ;        ;        ;
;    IC                  ;       ; 6     ; 2.273       ; 56         ; 0.000  ; 1.124  ;
;    Cell                ;       ; 6     ; 1.808       ; 44         ; 0.029  ; 0.970  ;
;   Data                 ;       ;       ;             ;            ;        ;        ;
;    IC                  ;       ; 3     ; 3.105       ; 90         ; 0.271  ; 1.700  ;
;    Cell                ;       ; 4     ; 0.327       ; 10         ; 0.000  ; 0.167  ;
;    uTco                ;       ; 1     ; 0.000       ; 0          ; 0.000  ; 0.000  ;
;  Required Path         ;       ;       ;             ;            ;        ;        ;
;   Clock                ;       ;       ;             ;            ;        ;        ;
;    IC                  ;       ; 6     ; 2.029       ; 53         ; 0.000  ; 0.981  ;
;    Cell                ;       ; 5     ; 1.795       ; 47         ; 0.141  ; 0.829  ;
;    PLL Compensation    ;       ; 1     ; -0.110      ; 0          ; -0.110 ; -0.110 ;
+------------------------+-------+-------+-------------+------------+--------+--------+
Note: Negative delays are omitted from totals when calculating percentages

+-----------------------------------------------------------------------------------------------------------------------------------------------------------+
; Data Arrival Path                                                                                                                                         ;
+---------+---------+----+------+--------+---------------------------+--------------------------------------------------------------------------------------+
; Total   ; Incr    ; RF ; Type ; Fanout ; Location                  ; Element                                                                              ;
+---------+---------+----+------+--------+---------------------------+--------------------------------------------------------------------------------------+
; 0.000   ; 0.000   ;    ;      ;        ;                           ; launch edge time                                                                     ;
; 4.081   ; 4.081   ;    ;      ;        ;                           ; clock path                                                                           ;
;   0.000 ;   0.000 ;    ;      ;        ;                           ; source latency                                                                       ;
;   0.000 ;   0.000 ;    ;      ; 1      ; PIN_V11                   ; FPGA_CLK1_50                                                                         ;
;   0.000 ;   0.000 ; RR ; IC   ; 1      ; IOIBUF_X32_Y0_N1          ; FPGA_CLK1_50~input|i                                                                 ;
;   0.268 ;   0.268 ; RR ; CELL ; 2      ; IOIBUF_X32_Y0_N1          ; FPGA_CLK1_50~input|o                                                                 ;
;   0.882 ;   0.614 ; RR ; IC   ; 1      ; PLLREFCLKSELECT_X0_Y7_N0  ; pll_hdmi|pll_hdmi_inst|altera_pll_i|cyclonev_pll|fpll_0|REFCLK_SELECT|clkin[0]       ;
;   1.041 ;   0.159 ; RR ; CELL ; 1      ; PLLREFCLKSELECT_X0_Y7_N0  ; pll_hdmi|pll_hdmi_inst|altera_pll_i|cyclonev_pll|fpll_0|REFCLK_SELECT|clkout         ;
;   1.041 ;   0.000 ; RR ; IC   ; 10     ; FRACTIONALPLL_X0_Y1_N0    ; pll_hdmi|pll_hdmi_inst|altera_pll_i|cyclonev_pll|fpll_0|fpll|refclkin                ;
;   1.070 ;   0.029 ; RR ; CELL ; 1      ; FRACTIONALPLL_X0_Y1_N0    ; pll_hdmi|pll_hdmi_inst|altera_pll_i|cyclonev_pll|fpll_0|fpll|vcoph[0]                ;
;   1.070 ;   0.000 ; RR ; IC   ; 1      ; PLLOUTPUTCOUNTER_X0_Y5_N1 ; pll_hdmi|pll_hdmi_inst|altera_pll_i|cyclonev_pll|counter[0].output_counter|vco0ph[0] ;
;   2.040 ;   0.970 ; RR ; CELL ; 3      ; PLLOUTPUTCOUNTER_X0_Y5_N1 ; pll_hdmi|pll_hdmi_inst|altera_pll_i|cyclonev_pll|counter[0].output_counter|divclk    ;
;   2.575 ;   0.535 ; RR ; IC   ; 1      ; CLKCTRL_G4                ; pll_hdmi|pll_hdmi_inst|altera_pll_i|cyclonev_pll|divclk[0]~CLKENA0|inclk             ;
;   2.723 ;   0.148 ; RR ; CELL ; 3637   ; CLKCTRL_G4                ; pll_hdmi|pll_hdmi_inst|altera_pll_i|cyclonev_pll|divclk[0]~CLKENA0|outclk            ;
;   3.847 ;   1.124 ; RR ; IC   ; 1      ; FF_X34_Y36_N17            ; ascal|o_v_poly_use_adaptive|clk                                                      ;
;   4.081 ;   0.234 ; RR ; CELL ; 1      ; FF_X34_Y36_N17            ; ascal:ascal|o_v_poly_use_adaptive                                                    ;
; 7.513   ; 3.432   ;    ;      ;        ;                           ; data path                                                                            ;
;   4.081 ;   0.000 ;    ; uTco ; 1      ; FF_X34_Y36_N17            ; ascal:ascal|o_v_poly_use_adaptive                                                    ;
;   4.081 ;   0.000 ; FF ; CELL ; 134    ; FF_X34_Y36_N17            ; ascal|o_v_poly_use_adaptive|q                                                        ;
;   4.352 ;   0.271 ; FF ; IC   ; 1      ; LABCELL_X33_Y36_N3        ; ascal|o_h_poly_phase.t3[0]~0|datae                                                   ;
;   4.473 ;   0.121 ; FF ; CELL ; 76     ; LABCELL_X33_Y36_N3        ; ascal|o_h_poly_phase.t3[0]~0|combout                                                 ;
;   5.607 ;   1.134 ; FF ; IC   ; 1      ; MLABCELL_X25_Y35_N15      ; ascal|o_h_poly_phase.t3[7]_NEW201|dataf                                              ;
;   5.646 ;   0.039 ; FF ; CELL ; 3      ; MLABCELL_X25_Y35_N15      ; ascal|o_h_poly_phase.t3[7]_NEW201|combout                                            ;
;   7.346 ;   1.700 ; FF ; IC   ; 1      ; DSP_X32_Y43_N0            ; ascal|Add173~8|ay[7]                                                                 ;
;   7.513 ;   0.167 ; FR ; CELL ; 0      ; DSP_X32_Y43_N0            ; ascal:ascal|o_h_poly_phase.t3[7]                                                     ;
+---------+---------+----+------+--------+---------------------------+--------------------------------------------------------------------------------------+

+-------------------------------------------------------------------------------------------------------------------------------------------------------------+
; Data Required Path                                                                                                                                          ;
+----------+----------+----+------+--------+---------------------------+--------------------------------------------------------------------------------------+
; Total    ; Incr     ; RF ; Type ; Fanout ; Location                  ; Element                                                                              ;
+----------+----------+----+------+--------+---------------------------+--------------------------------------------------------------------------------------+
; 6.732    ; 6.732    ;    ;      ;        ;                           ; latch edge time                                                                      ;
; 10.843   ; 4.111    ;    ;      ;        ;                           ; clock path                                                                           ;
;   6.732  ;   0.000  ;    ;      ;        ;                           ; source latency                                                                       ;
;   6.732  ;   0.000  ;    ;      ; 1      ; PIN_V11                   ; FPGA_CLK1_50                                                                         ;
;   6.732  ;   0.000  ; RR ; IC   ; 1      ; IOIBUF_X32_Y0_N1          ; FPGA_CLK1_50~input|i                                                                 ;
;   7.000  ;   0.268  ; RR ; CELL ; 2      ; IOIBUF_X32_Y0_N1          ; FPGA_CLK1_50~input|o                                                                 ;
;   7.548  ;   0.548  ; RR ; IC   ; 1      ; PLLREFCLKSELECT_X0_Y7_N0  ; pll_hdmi|pll_hdmi_inst|altera_pll_i|cyclonev_pll|fpll_0|REFCLK_SELECT|clkin[0]       ;
;   7.698  ;   0.150  ; RR ; CELL ; 1      ; PLLREFCLKSELECT_X0_Y7_N0  ; pll_hdmi|pll_hdmi_inst|altera_pll_i|cyclonev_pll|fpll_0|REFCLK_SELECT|clkout         ;
;   7.698  ;   0.000  ; RR ; IC   ; 10     ; FRACTIONALPLL_X0_Y1_N0    ; pll_hdmi|pll_hdmi_inst|altera_pll_i|cyclonev_pll|fpll_0|fpll|refclkin                ;
;   7.588  ;   -0.110 ; RR ; COMP ; 1      ; FRACTIONALPLL_X0_Y1_N0    ; pll_hdmi|pll_hdmi_inst|altera_pll_i|cyclonev_pll|fpll_0|fpll|vcoph[0]                ;
;   7.588  ;   0.000  ; RR ; IC   ; 1      ; PLLOUTPUTCOUNTER_X0_Y5_N1 ; pll_hdmi|pll_hdmi_inst|altera_pll_i|cyclonev_pll|counter[0].output_counter|vco0ph[0] ;
;   8.417  ;   0.829  ; RR ; CELL ; 3      ; PLLOUTPUTCOUNTER_X0_Y5_N1 ; pll_hdmi|pll_hdmi_inst|altera_pll_i|cyclonev_pll|counter[0].output_counter|divclk    ;
;   8.917  ;   0.500  ; RR ; IC   ; 1      ; CLKCTRL_G4                ; pll_hdmi|pll_hdmi_inst|altera_pll_i|cyclonev_pll|divclk[0]~CLKENA0|inclk             ;
;   9.058  ;   0.141  ; RR ; CELL ; 3637   ; CLKCTRL_G4                ; pll_hdmi|pll_hdmi_inst|altera_pll_i|cyclonev_pll|divclk[0]~CLKENA0|outclk            ;
;   10.039 ;   0.981  ; RR ; IC   ; 54     ; DSP_X32_Y43_N0            ; ascal|Add173~8|clk[0]                                                                ;
;   10.446 ;   0.407  ; RR ; CELL ; 0      ; DSP_X32_Y43_N0            ; ascal:ascal|o_h_poly_phase.t3[7]                                                     ;
;   10.843 ;   0.397  ;    ;      ;        ;                           ; clock pessimism removed                                                              ;
; 10.643   ; -0.200   ;    ;      ;        ;                           ; clock uncertainty                                                                    ;
; 10.643   ; 0.000    ;    ; uTsu ; 0      ; DSP_X32_Y43_N0            ; ascal:ascal|o_h_poly_phase.t3[7]                                                     ;
+----------+----------+----+------+--------+---------------------------+--------------------------------------------------------------------------------------+

----------------------------
; Extra Fitter Information ;
----------------------------
HTML report is unavailable in plain text report export.


Path #2: Setup slack is 3.237 
===============================================================================
+--------------------------------------------------------------------------------------------------------+
; Path Summary                                                                                           ;
+--------------------+-----------------------------------------------------------------------------------+
; Property           ; Value                                                                             ;
+--------------------+-----------------------------------------------------------------------------------+
; From Node          ; ascal:ascal|o_h_poly_use_adaptive                                                 ;
; To Node            ; ascal:ascal|o_h_poly_phase.t3[7]                                                  ;
; Launch Clock       ; pll_hdmi|pll_hdmi_inst|altera_pll_i|cyclonev_pll|counter[0].output_counter|divclk ;
; Latch Clock        ; pll_hdmi|pll_hdmi_inst|altera_pll_i|cyclonev_pll|counter[0].output_counter|divclk ;
; Data Arrival Time  ; 7.406                                                                             ;
; Data Required Time ; 10.643                                                                            ;
; Slack              ; 3.237                                                                             ;
+--------------------+-----------------------------------------------------------------------------------+

+-------------------------------------------------------------------------------------+
; Statistics                                                                          ;
+------------------------+-------+-------+-------------+------------+--------+--------+
; Property               ; Value ; Count ; Total Delay ; % of Total ; Min    ; Max    ;
+------------------------+-------+-------+-------------+------------+--------+--------+
; Setup Relationship     ; 6.732 ;       ;             ;            ;        ;        ;
; Clock Skew             ; 0.030 ;       ;             ;            ;        ;        ;
; Data Delay             ; 3.325 ;       ;             ;            ;        ;        ;
; Number of Logic Levels ;       ; 2     ;             ;            ;        ;        ;
; Physical Delays        ;       ;       ;             ;            ;        ;        ;
;  Arrival Path          ;       ;       ;             ;            ;        ;        ;
;   Clock                ;       ;       ;             ;            ;        ;        ;
;    IC                  ;       ; 6     ; 2.273       ; 56         ; 0.000  ; 1.124  ;
;    Cell                ;       ; 6     ; 1.808       ; 44         ; 0.029  ; 0.970  ;
;   Data                 ;       ;       ;             ;            ;        ;        ;
;    IC                  ;       ; 3     ; 3.080       ; 93         ; 0.246  ; 1.700  ;
;    Cell                ;       ; 4     ; 0.245       ; 7          ; 0.000  ; 0.167  ;
;    uTco                ;       ; 1     ; 0.000       ; 0          ; 0.000  ; 0.000  ;
;  Required Path         ;       ;       ;             ;            ;        ;        ;
;   Clock                ;       ;       ;             ;            ;        ;        ;
;    IC                  ;       ; 6     ; 2.029       ; 53         ; 0.000  ; 0.981  ;
;    Cell                ;       ; 5     ; 1.795       ; 47         ; 0.141  ; 0.829  ;
;    PLL Compensation    ;       ; 1     ; -0.110      ; 0          ; -0.110 ; -0.110 ;
+------------------------+-------+-------+-------------+------------+--------+--------+
Note: Negative delays are omitted from totals when calculating percentages

+-----------------------------------------------------------------------------------------------------------------------------------------------------------+
; Data Arrival Path                                                                                                                                         ;
+---------+---------+----+------+--------+---------------------------+--------------------------------------------------------------------------------------+
; Total   ; Incr    ; RF ; Type ; Fanout ; Location                  ; Element                                                                              ;
+---------+---------+----+------+--------+---------------------------+--------------------------------------------------------------------------------------+
; 0.000   ; 0.000   ;    ;      ;        ;                           ; launch edge time                                                                     ;
; 4.081   ; 4.081   ;    ;      ;        ;                           ; clock path                                                                           ;
;   0.000 ;   0.000 ;    ;      ;        ;                           ; source latency                                                                       ;
;   0.000 ;   0.000 ;    ;      ; 1      ; PIN_V11                   ; FPGA_CLK1_50                                                                         ;
;   0.000 ;   0.000 ; RR ; IC   ; 1      ; IOIBUF_X32_Y0_N1          ; FPGA_CLK1_50~input|i                                                                 ;
;   0.268 ;   0.268 ; RR ; CELL ; 2      ; IOIBUF_X32_Y0_N1          ; FPGA_CLK1_50~input|o                                                                 ;
;   0.882 ;   0.614 ; RR ; IC   ; 1      ; PLLREFCLKSELECT_X0_Y7_N0  ; pll_hdmi|pll_hdmi_inst|altera_pll_i|cyclonev_pll|fpll_0|REFCLK_SELECT|clkin[0]       ;
;   1.041 ;   0.159 ; RR ; CELL ; 1      ; PLLREFCLKSELECT_X0_Y7_N0  ; pll_hdmi|pll_hdmi_inst|altera_pll_i|cyclonev_pll|fpll_0|REFCLK_SELECT|clkout         ;
;   1.041 ;   0.000 ; RR ; IC   ; 10     ; FRACTIONALPLL_X0_Y1_N0    ; pll_hdmi|pll_hdmi_inst|altera_pll_i|cyclonev_pll|fpll_0|fpll|refclkin                ;
;   1.070 ;   0.029 ; RR ; CELL ; 1      ; FRACTIONALPLL_X0_Y1_N0    ; pll_hdmi|pll_hdmi_inst|altera_pll_i|cyclonev_pll|fpll_0|fpll|vcoph[0]                ;
;   1.070 ;   0.000 ; RR ; IC   ; 1      ; PLLOUTPUTCOUNTER_X0_Y5_N1 ; pll_hdmi|pll_hdmi_inst|altera_pll_i|cyclonev_pll|counter[0].output_counter|vco0ph[0] ;
;   2.040 ;   0.970 ; RR ; CELL ; 3      ; PLLOUTPUTCOUNTER_X0_Y5_N1 ; pll_hdmi|pll_hdmi_inst|altera_pll_i|cyclonev_pll|counter[0].output_counter|divclk    ;
;   2.575 ;   0.535 ; RR ; IC   ; 1      ; CLKCTRL_G4                ; pll_hdmi|pll_hdmi_inst|altera_pll_i|cyclonev_pll|divclk[0]~CLKENA0|inclk             ;
;   2.723 ;   0.148 ; RR ; CELL ; 3637   ; CLKCTRL_G4                ; pll_hdmi|pll_hdmi_inst|altera_pll_i|cyclonev_pll|divclk[0]~CLKENA0|outclk            ;
;   3.847 ;   1.124 ; RR ; IC   ; 1      ; FF_X34_Y36_N47            ; ascal|o_h_poly_use_adaptive|clk                                                      ;
;   4.081 ;   0.234 ; RR ; CELL ; 1      ; FF_X34_Y36_N47            ; ascal:ascal|o_h_poly_use_adaptive                                                    ;
; 7.406   ; 3.325   ;    ;      ;        ;                           ; data path                                                                            ;
;   4.081 ;   0.000 ;    ; uTco ; 1      ; FF_X34_Y36_N47            ; ascal:ascal|o_h_poly_use_adaptive                                                    ;
;   4.081 ;   0.000 ; RR ; CELL ; 10     ; FF_X34_Y36_N47            ; ascal|o_h_poly_use_adaptive|q                                                        ;
;   4.327 ;   0.246 ; RR ; IC   ; 1      ; LABCELL_X33_Y36_N3        ; ascal|o_h_poly_phase.t3[0]~0|dataf                                                   ;
;   4.366 ;   0.039 ; RF ; CELL ; 76     ; LABCELL_X33_Y36_N3        ; ascal|o_h_poly_phase.t3[0]~0|combout                                                 ;
;   5.500 ;   1.134 ; FF ; IC   ; 1      ; MLABCELL_X25_Y35_N15      ; ascal|o_h_poly_phase.t3[7]_NEW201|dataf                                              ;
;   5.539 ;   0.039 ; FF ; CELL ; 3      ; MLABCELL_X25_Y35_N15      ; ascal|o_h_poly_phase.t3[7]_NEW201|combout                                            ;
;   7.239 ;   1.700 ; FF ; IC   ; 1      ; DSP_X32_Y43_N0            ; ascal|Add173~8|ay[7]                                                                 ;
;   7.406 ;   0.167 ; FR ; CELL ; 0      ; DSP_X32_Y43_N0            ; ascal:ascal|o_h_poly_phase.t3[7]                                                     ;
+---------+---------+----+------+--------+---------------------------+--------------------------------------------------------------------------------------+

+-------------------------------------------------------------------------------------------------------------------------------------------------------------+
; Data Required Path                                                                                                                                          ;
+----------+----------+----+------+--------+---------------------------+--------------------------------------------------------------------------------------+
; Total    ; Incr     ; RF ; Type ; Fanout ; Location                  ; Element                                                                              ;
+----------+----------+----+------+--------+---------------------------+--------------------------------------------------------------------------------------+
; 6.732    ; 6.732    ;    ;      ;        ;                           ; latch edge time                                                                      ;
; 10.843   ; 4.111    ;    ;      ;        ;                           ; clock path                                                                           ;
;   6.732  ;   0.000  ;    ;      ;        ;                           ; source latency                                                                       ;
;   6.732  ;   0.000  ;    ;      ; 1      ; PIN_V11                   ; FPGA_CLK1_50                                                                         ;
;   6.732  ;   0.000  ; RR ; IC   ; 1      ; IOIBUF_X32_Y0_N1          ; FPGA_CLK1_50~input|i                                                                 ;
;   7.000  ;   0.268  ; RR ; CELL ; 2      ; IOIBUF_X32_Y0_N1          ; FPGA_CLK1_50~input|o                                                                 ;
;   7.548  ;   0.548  ; RR ; IC   ; 1      ; PLLREFCLKSELECT_X0_Y7_N0  ; pll_hdmi|pll_hdmi_inst|altera_pll_i|cyclonev_pll|fpll_0|REFCLK_SELECT|clkin[0]       ;
;   7.698  ;   0.150  ; RR ; CELL ; 1      ; PLLREFCLKSELECT_X0_Y7_N0  ; pll_hdmi|pll_hdmi_inst|altera_pll_i|cyclonev_pll|fpll_0|REFCLK_SELECT|clkout         ;
;   7.698  ;   0.000  ; RR ; IC   ; 10     ; FRACTIONALPLL_X0_Y1_N0    ; pll_hdmi|pll_hdmi_inst|altera_pll_i|cyclonev_pll|fpll_0|fpll|refclkin                ;
;   7.588  ;   -0.110 ; RR ; COMP ; 1      ; FRACTIONALPLL_X0_Y1_N0    ; pll_hdmi|pll_hdmi_inst|altera_pll_i|cyclonev_pll|fpll_0|fpll|vcoph[0]                ;
;   7.588  ;   0.000  ; RR ; IC   ; 1      ; PLLOUTPUTCOUNTER_X0_Y5_N1 ; pll_hdmi|pll_hdmi_inst|altera_pll_i|cyclonev_pll|counter[0].output_counter|vco0ph[0] ;
;   8.417  ;   0.829  ; RR ; CELL ; 3      ; PLLOUTPUTCOUNTER_X0_Y5_N1 ; pll_hdmi|pll_hdmi_inst|altera_pll_i|cyclonev_pll|counter[0].output_counter|divclk    ;
;   8.917  ;   0.500  ; RR ; IC   ; 1      ; CLKCTRL_G4                ; pll_hdmi|pll_hdmi_inst|altera_pll_i|cyclonev_pll|divclk[0]~CLKENA0|inclk             ;
;   9.058  ;   0.141  ; RR ; CELL ; 3637   ; CLKCTRL_G4                ; pll_hdmi|pll_hdmi_inst|altera_pll_i|cyclonev_pll|divclk[0]~CLKENA0|outclk            ;
;   10.039 ;   0.981  ; RR ; IC   ; 54     ; DSP_X32_Y43_N0            ; ascal|Add173~8|clk[0]                                                                ;
;   10.446 ;   0.407  ; RR ; CELL ; 0      ; DSP_X32_Y43_N0            ; ascal:ascal|o_h_poly_phase.t3[7]                                                     ;
;   10.843 ;   0.397  ;    ;      ;        ;                           ; clock pessimism removed                                                              ;
; 10.643   ; -0.200   ;    ;      ;        ;                           ; clock uncertainty                                                                    ;
; 10.643   ; 0.000    ;    ; uTsu ; 0      ; DSP_X32_Y43_N0            ; ascal:ascal|o_h_poly_phase.t3[7]                                                     ;
+----------+----------+----+------+--------+---------------------------+--------------------------------------------------------------------------------------+

----------------------------
; Extra Fitter Information ;
----------------------------
HTML report is unavailable in plain text report export.


Path #3: Setup slack is 3.251 
===============================================================================
+--------------------------------------------------------------------------------------------------------+
; Path Summary                                                                                           ;
+--------------------+-----------------------------------------------------------------------------------+
; Property           ; Value                                                                             ;
+--------------------+-----------------------------------------------------------------------------------+
; From Node          ; ascal:ascal|o_v_poly_use_adaptive                                                 ;
; To Node            ; ascal:ascal|o_h_poly_phase.t3[13]                                                 ;
; Launch Clock       ; pll_hdmi|pll_hdmi_inst|altera_pll_i|cyclonev_pll|counter[0].output_counter|divclk ;
; Latch Clock        ; pll_hdmi|pll_hdmi_inst|altera_pll_i|cyclonev_pll|counter[0].output_counter|divclk ;
; Data Arrival Time  ; 7.392                                                                             ;
; Data Required Time ; 10.643                                                                            ;
; Slack              ; 3.251                                                                             ;
+--------------------+-----------------------------------------------------------------------------------+

+-------------------------------------------------------------------------------------+
; Statistics                                                                          ;
+------------------------+-------+-------+-------------+------------+--------+--------+
; Property               ; Value ; Count ; Total Delay ; % of Total ; Min    ; Max    ;
+------------------------+-------+-------+-------------+------------+--------+--------+
; Setup Relationship     ; 6.732 ;       ;             ;            ;        ;        ;
; Clock Skew             ; 0.030 ;       ;             ;            ;        ;        ;
; Data Delay             ; 3.311 ;       ;             ;            ;        ;        ;
; Number of Logic Levels ;       ; 2     ;             ;            ;        ;        ;
; Physical Delays        ;       ;       ;             ;            ;        ;        ;
;  Arrival Path          ;       ;       ;             ;            ;        ;        ;
;   Clock                ;       ;       ;             ;            ;        ;        ;
;    IC                  ;       ; 6     ; 2.273       ; 56         ; 0.000  ; 1.124  ;
;    Cell                ;       ; 6     ; 1.808       ; 44         ; 0.029  ; 0.970  ;
;   Data                 ;       ;       ;             ;            ;        ;        ;
;    IC                  ;       ; 3     ; 2.983       ; 90         ; 0.271  ; 1.586  ;
;    Cell                ;       ; 4     ; 0.328       ; 10         ; 0.000  ; 0.167  ;
;    uTco                ;       ; 1     ; 0.000       ; 0          ; 0.000  ; 0.000  ;
;  Required Path         ;       ;       ;             ;            ;        ;        ;
;   Clock                ;       ;       ;             ;            ;        ;        ;
;    IC                  ;       ; 6     ; 2.029       ; 53         ; 0.000  ; 0.981  ;
;    Cell                ;       ; 5     ; 1.795       ; 47         ; 0.141  ; 0.829  ;
;    PLL Compensation    ;       ; 1     ; -0.110      ; 0          ; -0.110 ; -0.110 ;
+------------------------+-------+-------+-------------+------------+--------+--------+
Note: Negative delays are omitted from totals when calculating percentages

+-----------------------------------------------------------------------------------------------------------------------------------------------------------+
; Data Arrival Path                                                                                                                                         ;
+---------+---------+----+------+--------+---------------------------+--------------------------------------------------------------------------------------+
; Total   ; Incr    ; RF ; Type ; Fanout ; Location                  ; Element                                                                              ;
+---------+---------+----+------+--------+---------------------------+--------------------------------------------------------------------------------------+
; 0.000   ; 0.000   ;    ;      ;        ;                           ; launch edge time                                                                     ;
; 4.081   ; 4.081   ;    ;      ;        ;                           ; clock path                                                                           ;
;   0.000 ;   0.000 ;    ;      ;        ;                           ; source latency                                                                       ;
;   0.000 ;   0.000 ;    ;      ; 1      ; PIN_V11                   ; FPGA_CLK1_50                                                                         ;
;   0.000 ;   0.000 ; RR ; IC   ; 1      ; IOIBUF_X32_Y0_N1          ; FPGA_CLK1_50~input|i                                                                 ;
;   0.268 ;   0.268 ; RR ; CELL ; 2      ; IOIBUF_X32_Y0_N1          ; FPGA_CLK1_50~input|o                                                                 ;
;   0.882 ;   0.614 ; RR ; IC   ; 1      ; PLLREFCLKSELECT_X0_Y7_N0  ; pll_hdmi|pll_hdmi_inst|altera_pll_i|cyclonev_pll|fpll_0|REFCLK_SELECT|clkin[0]       ;
;   1.041 ;   0.159 ; RR ; CELL ; 1      ; PLLREFCLKSELECT_X0_Y7_N0  ; pll_hdmi|pll_hdmi_inst|altera_pll_i|cyclonev_pll|fpll_0|REFCLK_SELECT|clkout         ;
;   1.041 ;   0.000 ; RR ; IC   ; 10     ; FRACTIONALPLL_X0_Y1_N0    ; pll_hdmi|pll_hdmi_inst|altera_pll_i|cyclonev_pll|fpll_0|fpll|refclkin                ;
;   1.070 ;   0.029 ; RR ; CELL ; 1      ; FRACTIONALPLL_X0_Y1_N0    ; pll_hdmi|pll_hdmi_inst|altera_pll_i|cyclonev_pll|fpll_0|fpll|vcoph[0]                ;
;   1.070 ;   0.000 ; RR ; IC   ; 1      ; PLLOUTPUTCOUNTER_X0_Y5_N1 ; pll_hdmi|pll_hdmi_inst|altera_pll_i|cyclonev_pll|counter[0].output_counter|vco0ph[0] ;
;   2.040 ;   0.970 ; RR ; CELL ; 3      ; PLLOUTPUTCOUNTER_X0_Y5_N1 ; pll_hdmi|pll_hdmi_inst|altera_pll_i|cyclonev_pll|counter[0].output_counter|divclk    ;
;   2.575 ;   0.535 ; RR ; IC   ; 1      ; CLKCTRL_G4                ; pll_hdmi|pll_hdmi_inst|altera_pll_i|cyclonev_pll|divclk[0]~CLKENA0|inclk             ;
;   2.723 ;   0.148 ; RR ; CELL ; 3637   ; CLKCTRL_G4                ; pll_hdmi|pll_hdmi_inst|altera_pll_i|cyclonev_pll|divclk[0]~CLKENA0|outclk            ;
;   3.847 ;   1.124 ; RR ; IC   ; 1      ; FF_X34_Y36_N17            ; ascal|o_v_poly_use_adaptive|clk                                                      ;
;   4.081 ;   0.234 ; RR ; CELL ; 1      ; FF_X34_Y36_N17            ; ascal:ascal|o_v_poly_use_adaptive                                                    ;
; 7.392   ; 3.311   ;    ;      ;        ;                           ; data path                                                                            ;
;   4.081 ;   0.000 ;    ; uTco ; 1      ; FF_X34_Y36_N17            ; ascal:ascal|o_v_poly_use_adaptive                                                    ;
;   4.081 ;   0.000 ; FF ; CELL ; 134    ; FF_X34_Y36_N17            ; ascal|o_v_poly_use_adaptive|q                                                        ;
;   4.352 ;   0.271 ; FF ; IC   ; 1      ; LABCELL_X33_Y36_N3        ; ascal|o_h_poly_phase.t3[0]~0|datae                                                   ;
;   4.473 ;   0.121 ; FF ; CELL ; 76     ; LABCELL_X33_Y36_N3        ; ascal|o_h_poly_phase.t3[0]~0|combout                                                 ;
;   5.599 ;   1.126 ; FF ; IC   ; 1      ; MLABCELL_X25_Y35_N6       ; ascal|o_h_poly_phase.t3[13]_NEW183|dataf                                             ;
;   5.639 ;   0.040 ; FF ; CELL ; 3      ; MLABCELL_X25_Y35_N6       ; ascal|o_h_poly_phase.t3[13]_NEW183|combout                                           ;
;   7.225 ;   1.586 ; FF ; IC   ; 1      ; DSP_X32_Y43_N0            ; ascal|Add173~8|ay[13]                                                                ;
;   7.392 ;   0.167 ; FR ; CELL ; 0      ; DSP_X32_Y43_N0            ; ascal:ascal|o_h_poly_phase.t3[13]                                                    ;
+---------+---------+----+------+--------+---------------------------+--------------------------------------------------------------------------------------+

+-------------------------------------------------------------------------------------------------------------------------------------------------------------+
; Data Required Path                                                                                                                                          ;
+----------+----------+----+------+--------+---------------------------+--------------------------------------------------------------------------------------+
; Total    ; Incr     ; RF ; Type ; Fanout ; Location                  ; Element                                                                              ;
+----------+----------+----+------+--------+---------------------------+--------------------------------------------------------------------------------------+
; 6.732    ; 6.732    ;    ;      ;        ;                           ; latch edge time                                                                      ;
; 10.843   ; 4.111    ;    ;      ;        ;                           ; clock path                                                                           ;
;   6.732  ;   0.000  ;    ;      ;        ;                           ; source latency                                                                       ;
;   6.732  ;   0.000  ;    ;      ; 1      ; PIN_V11                   ; FPGA_CLK1_50                                                                         ;
;   6.732  ;   0.000  ; RR ; IC   ; 1      ; IOIBUF_X32_Y0_N1          ; FPGA_CLK1_50~input|i                                                                 ;
;   7.000  ;   0.268  ; RR ; CELL ; 2      ; IOIBUF_X32_Y0_N1          ; FPGA_CLK1_50~input|o                                                                 ;
;   7.548  ;   0.548  ; RR ; IC   ; 1      ; PLLREFCLKSELECT_X0_Y7_N0  ; pll_hdmi|pll_hdmi_inst|altera_pll_i|cyclonev_pll|fpll_0|REFCLK_SELECT|clkin[0]       ;
;   7.698  ;   0.150  ; RR ; CELL ; 1      ; PLLREFCLKSELECT_X0_Y7_N0  ; pll_hdmi|pll_hdmi_inst|altera_pll_i|cyclonev_pll|fpll_0|REFCLK_SELECT|clkout         ;
;   7.698  ;   0.000  ; RR ; IC   ; 10     ; FRACTIONALPLL_X0_Y1_N0    ; pll_hdmi|pll_hdmi_inst|altera_pll_i|cyclonev_pll|fpll_0|fpll|refclkin                ;
;   7.588  ;   -0.110 ; RR ; COMP ; 1      ; FRACTIONALPLL_X0_Y1_N0    ; pll_hdmi|pll_hdmi_inst|altera_pll_i|cyclonev_pll|fpll_0|fpll|vcoph[0]                ;
;   7.588  ;   0.000  ; RR ; IC   ; 1      ; PLLOUTPUTCOUNTER_X0_Y5_N1 ; pll_hdmi|pll_hdmi_inst|altera_pll_i|cyclonev_pll|counter[0].output_counter|vco0ph[0] ;
;   8.417  ;   0.829  ; RR ; CELL ; 3      ; PLLOUTPUTCOUNTER_X0_Y5_N1 ; pll_hdmi|pll_hdmi_inst|altera_pll_i|cyclonev_pll|counter[0].output_counter|divclk    ;
;   8.917  ;   0.500  ; RR ; IC   ; 1      ; CLKCTRL_G4                ; pll_hdmi|pll_hdmi_inst|altera_pll_i|cyclonev_pll|divclk[0]~CLKENA0|inclk             ;
;   9.058  ;   0.141  ; RR ; CELL ; 3637   ; CLKCTRL_G4                ; pll_hdmi|pll_hdmi_inst|altera_pll_i|cyclonev_pll|divclk[0]~CLKENA0|outclk            ;
;   10.039 ;   0.981  ; RR ; IC   ; 54     ; DSP_X32_Y43_N0            ; ascal|Add173~8|clk[0]                                                                ;
;   10.446 ;   0.407  ; RR ; CELL ; 0      ; DSP_X32_Y43_N0            ; ascal:ascal|o_h_poly_phase.t3[13]                                                    ;
;   10.843 ;   0.397  ;    ;      ;        ;                           ; clock pessimism removed                                                              ;
; 10.643   ; -0.200   ;    ;      ;        ;                           ; clock uncertainty                                                                    ;
; 10.643   ; 0.000    ;    ; uTsu ; 0      ; DSP_X32_Y43_N0            ; ascal:ascal|o_h_poly_phase.t3[13]                                                    ;
+----------+----------+----+------+--------+---------------------------+--------------------------------------------------------------------------------------+

----------------------------
; Extra Fitter Information ;
----------------------------
HTML report is unavailable in plain text report export.


Path #4: Setup slack is 3.284 
===============================================================================
+--------------------------------------------------------------------------------------------------------+
; Path Summary                                                                                           ;
+--------------------+-----------------------------------------------------------------------------------+
; Property           ; Value                                                                             ;
+--------------------+-----------------------------------------------------------------------------------+
; From Node          ; ascal:ascal|o_v_poly_use_adaptive                                                 ;
; To Node            ; ascal:ascal|o_h_poly_phase.t3[11]                                                 ;
; Launch Clock       ; pll_hdmi|pll_hdmi_inst|altera_pll_i|cyclonev_pll|counter[0].output_counter|divclk ;
; Latch Clock        ; pll_hdmi|pll_hdmi_inst|altera_pll_i|cyclonev_pll|counter[0].output_counter|divclk ;
; Data Arrival Time  ; 7.359                                                                             ;
; Data Required Time ; 10.643                                                                            ;
; Slack              ; 3.284                                                                             ;
+--------------------+-----------------------------------------------------------------------------------+

+-------------------------------------------------------------------------------------+
; Statistics                                                                          ;
+------------------------+-------+-------+-------------+------------+--------+--------+
; Property               ; Value ; Count ; Total Delay ; % of Total ; Min    ; Max    ;
+------------------------+-------+-------+-------------+------------+--------+--------+
; Setup Relationship     ; 6.732 ;       ;             ;            ;        ;        ;
; Clock Skew             ; 0.030 ;       ;             ;            ;        ;        ;
; Data Delay             ; 3.278 ;       ;             ;            ;        ;        ;
; Number of Logic Levels ;       ; 2     ;             ;            ;        ;        ;
; Physical Delays        ;       ;       ;             ;            ;        ;        ;
;  Arrival Path          ;       ;       ;             ;            ;        ;        ;
;   Clock                ;       ;       ;             ;            ;        ;        ;
;    IC                  ;       ; 6     ; 2.273       ; 56         ; 0.000  ; 1.124  ;
;    Cell                ;       ; 6     ; 1.808       ; 44         ; 0.029  ; 0.970  ;
;   Data                 ;       ;       ;             ;            ;        ;        ;
;    IC                  ;       ; 3     ; 2.950       ; 90         ; 0.271  ; 1.643  ;
;    Cell                ;       ; 4     ; 0.328       ; 10         ; 0.000  ; 0.167  ;
;    uTco                ;       ; 1     ; 0.000       ; 0          ; 0.000  ; 0.000  ;
;  Required Path         ;       ;       ;             ;            ;        ;        ;
;   Clock                ;       ;       ;             ;            ;        ;        ;
;    IC                  ;       ; 6     ; 2.029       ; 53         ; 0.000  ; 0.981  ;
;    Cell                ;       ; 5     ; 1.795       ; 47         ; 0.141  ; 0.829  ;
;    PLL Compensation    ;       ; 1     ; -0.110      ; 0          ; -0.110 ; -0.110 ;
+------------------------+-------+-------+-------------+------------+--------+--------+
Note: Negative delays are omitted from totals when calculating percentages

+-----------------------------------------------------------------------------------------------------------------------------------------------------------+
; Data Arrival Path                                                                                                                                         ;
+---------+---------+----+------+--------+---------------------------+--------------------------------------------------------------------------------------+
; Total   ; Incr    ; RF ; Type ; Fanout ; Location                  ; Element                                                                              ;
+---------+---------+----+------+--------+---------------------------+--------------------------------------------------------------------------------------+
; 0.000   ; 0.000   ;    ;      ;        ;                           ; launch edge time                                                                     ;
; 4.081   ; 4.081   ;    ;      ;        ;                           ; clock path                                                                           ;
;   0.000 ;   0.000 ;    ;      ;        ;                           ; source latency                                                                       ;
;   0.000 ;   0.000 ;    ;      ; 1      ; PIN_V11                   ; FPGA_CLK1_50                                                                         ;
;   0.000 ;   0.000 ; RR ; IC   ; 1      ; IOIBUF_X32_Y0_N1          ; FPGA_CLK1_50~input|i                                                                 ;
;   0.268 ;   0.268 ; RR ; CELL ; 2      ; IOIBUF_X32_Y0_N1          ; FPGA_CLK1_50~input|o                                                                 ;
;   0.882 ;   0.614 ; RR ; IC   ; 1      ; PLLREFCLKSELECT_X0_Y7_N0  ; pll_hdmi|pll_hdmi_inst|altera_pll_i|cyclonev_pll|fpll_0|REFCLK_SELECT|clkin[0]       ;
;   1.041 ;   0.159 ; RR ; CELL ; 1      ; PLLREFCLKSELECT_X0_Y7_N0  ; pll_hdmi|pll_hdmi_inst|altera_pll_i|cyclonev_pll|fpll_0|REFCLK_SELECT|clkout         ;
;   1.041 ;   0.000 ; RR ; IC   ; 10     ; FRACTIONALPLL_X0_Y1_N0    ; pll_hdmi|pll_hdmi_inst|altera_pll_i|cyclonev_pll|fpll_0|fpll|refclkin                ;
;   1.070 ;   0.029 ; RR ; CELL ; 1      ; FRACTIONALPLL_X0_Y1_N0    ; pll_hdmi|pll_hdmi_inst|altera_pll_i|cyclonev_pll|fpll_0|fpll|vcoph[0]                ;
;   1.070 ;   0.000 ; RR ; IC   ; 1      ; PLLOUTPUTCOUNTER_X0_Y5_N1 ; pll_hdmi|pll_hdmi_inst|altera_pll_i|cyclonev_pll|counter[0].output_counter|vco0ph[0] ;
;   2.040 ;   0.970 ; RR ; CELL ; 3      ; PLLOUTPUTCOUNTER_X0_Y5_N1 ; pll_hdmi|pll_hdmi_inst|altera_pll_i|cyclonev_pll|counter[0].output_counter|divclk    ;
;   2.575 ;   0.535 ; RR ; IC   ; 1      ; CLKCTRL_G4                ; pll_hdmi|pll_hdmi_inst|altera_pll_i|cyclonev_pll|divclk[0]~CLKENA0|inclk             ;
;   2.723 ;   0.148 ; RR ; CELL ; 3637   ; CLKCTRL_G4                ; pll_hdmi|pll_hdmi_inst|altera_pll_i|cyclonev_pll|divclk[0]~CLKENA0|outclk            ;
;   3.847 ;   1.124 ; RR ; IC   ; 1      ; FF_X34_Y36_N17            ; ascal|o_v_poly_use_adaptive|clk                                                      ;
;   4.081 ;   0.234 ; RR ; CELL ; 1      ; FF_X34_Y36_N17            ; ascal:ascal|o_v_poly_use_adaptive                                                    ;
; 7.359   ; 3.278   ;    ;      ;        ;                           ; data path                                                                            ;
;   4.081 ;   0.000 ;    ; uTco ; 1      ; FF_X34_Y36_N17            ; ascal:ascal|o_v_poly_use_adaptive                                                    ;
;   4.081 ;   0.000 ; FF ; CELL ; 134    ; FF_X34_Y36_N17            ; ascal|o_v_poly_use_adaptive|q                                                        ;
;   4.352 ;   0.271 ; FF ; IC   ; 1      ; LABCELL_X33_Y36_N3        ; ascal|o_h_poly_phase.t3[0]~0|datae                                                   ;
;   4.473 ;   0.121 ; FF ; CELL ; 76     ; LABCELL_X33_Y36_N3        ; ascal|o_h_poly_phase.t3[0]~0|combout                                                 ;
;   5.509 ;   1.036 ; FF ; IC   ; 1      ; LABCELL_X27_Y35_N0        ; ascal|o_h_poly_phase.t3[11]_NEW189|dataf                                             ;
;   5.549 ;   0.040 ; FF ; CELL ; 3      ; LABCELL_X27_Y35_N0        ; ascal|o_h_poly_phase.t3[11]_NEW189|combout                                           ;
;   7.192 ;   1.643 ; FF ; IC   ; 1      ; DSP_X32_Y43_N0            ; ascal|Add173~8|ay[11]                                                                ;
;   7.359 ;   0.167 ; FR ; CELL ; 0      ; DSP_X32_Y43_N0            ; ascal:ascal|o_h_poly_phase.t3[11]                                                    ;
+---------+---------+----+------+--------+---------------------------+--------------------------------------------------------------------------------------+

+-------------------------------------------------------------------------------------------------------------------------------------------------------------+
; Data Required Path                                                                                                                                          ;
+----------+----------+----+------+--------+---------------------------+--------------------------------------------------------------------------------------+
; Total    ; Incr     ; RF ; Type ; Fanout ; Location                  ; Element                                                                              ;
+----------+----------+----+------+--------+---------------------------+--------------------------------------------------------------------------------------+
; 6.732    ; 6.732    ;    ;      ;        ;                           ; latch edge time                                                                      ;
; 10.843   ; 4.111    ;    ;      ;        ;                           ; clock path                                                                           ;
;   6.732  ;   0.000  ;    ;      ;        ;                           ; source latency                                                                       ;
;   6.732  ;   0.000  ;    ;      ; 1      ; PIN_V11                   ; FPGA_CLK1_50                                                                         ;
;   6.732  ;   0.000  ; RR ; IC   ; 1      ; IOIBUF_X32_Y0_N1          ; FPGA_CLK1_50~input|i                                                                 ;
;   7.000  ;   0.268  ; RR ; CELL ; 2      ; IOIBUF_X32_Y0_N1          ; FPGA_CLK1_50~input|o                                                                 ;
;   7.548  ;   0.548  ; RR ; IC   ; 1      ; PLLREFCLKSELECT_X0_Y7_N0  ; pll_hdmi|pll_hdmi_inst|altera_pll_i|cyclonev_pll|fpll_0|REFCLK_SELECT|clkin[0]       ;
;   7.698  ;   0.150  ; RR ; CELL ; 1      ; PLLREFCLKSELECT_X0_Y7_N0  ; pll_hdmi|pll_hdmi_inst|altera_pll_i|cyclonev_pll|fpll_0|REFCLK_SELECT|clkout         ;
;   7.698  ;   0.000  ; RR ; IC   ; 10     ; FRACTIONALPLL_X0_Y1_N0    ; pll_hdmi|pll_hdmi_inst|altera_pll_i|cyclonev_pll|fpll_0|fpll|refclkin                ;
;   7.588  ;   -0.110 ; RR ; COMP ; 1      ; FRACTIONALPLL_X0_Y1_N0    ; pll_hdmi|pll_hdmi_inst|altera_pll_i|cyclonev_pll|fpll_0|fpll|vcoph[0]                ;
;   7.588  ;   0.000  ; RR ; IC   ; 1      ; PLLOUTPUTCOUNTER_X0_Y5_N1 ; pll_hdmi|pll_hdmi_inst|altera_pll_i|cyclonev_pll|counter[0].output_counter|vco0ph[0] ;
;   8.417  ;   0.829  ; RR ; CELL ; 3      ; PLLOUTPUTCOUNTER_X0_Y5_N1 ; pll_hdmi|pll_hdmi_inst|altera_pll_i|cyclonev_pll|counter[0].output_counter|divclk    ;
;   8.917  ;   0.500  ; RR ; IC   ; 1      ; CLKCTRL_G4                ; pll_hdmi|pll_hdmi_inst|altera_pll_i|cyclonev_pll|divclk[0]~CLKENA0|inclk             ;
;   9.058  ;   0.141  ; RR ; CELL ; 3637   ; CLKCTRL_G4                ; pll_hdmi|pll_hdmi_inst|altera_pll_i|cyclonev_pll|divclk[0]~CLKENA0|outclk            ;
;   10.039 ;   0.981  ; RR ; IC   ; 54     ; DSP_X32_Y43_N0            ; ascal|Add173~8|clk[0]                                                                ;
;   10.446 ;   0.407  ; RR ; CELL ; 0      ; DSP_X32_Y43_N0            ; ascal:ascal|o_h_poly_phase.t3[11]                                                    ;
;   10.843 ;   0.397  ;    ;      ;        ;                           ; clock pessimism removed                                                              ;
; 10.643   ; -0.200   ;    ;      ;        ;                           ; clock uncertainty                                                                    ;
; 10.643   ; 0.000    ;    ; uTsu ; 0      ; DSP_X32_Y43_N0            ; ascal:ascal|o_h_poly_phase.t3[11]                                                    ;
+----------+----------+----+------+--------+---------------------------+--------------------------------------------------------------------------------------+

----------------------------
; Extra Fitter Information ;
----------------------------
HTML report is unavailable in plain text report export.


Path #5: Setup slack is 3.302 
===============================================================================
+------------------------------------------------------------------------------------------------------------------------------------------------+
; Path Summary                                                                                                                                   ;
+--------------------+---------------------------------------------------------------------------------------------------------------------------+
; Property           ; Value                                                                                                                     ;
+--------------------+---------------------------------------------------------------------------------------------------------------------------+
; From Node          ; ascal:ascal|altshift_taps:o_vpix_inner[2].r_rtl_0|shift_taps_agv:auto_generated|altsyncram_jr91:altsyncram4|ram_block5a23 ;
; To Node            ; ascal:ascal|o_vpixq_pre[1].b[0]                                                                                           ;
; Launch Clock       ; pll_hdmi|pll_hdmi_inst|altera_pll_i|cyclonev_pll|counter[0].output_counter|divclk                                         ;
; Latch Clock        ; pll_hdmi|pll_hdmi_inst|altera_pll_i|cyclonev_pll|counter[0].output_counter|divclk                                         ;
; Data Arrival Time  ; 7.079                                                                                                                     ;
; Data Required Time ; 10.381                                                                                                                    ;
; Slack              ; 3.302                                                                                                                     ;
+--------------------+---------------------------------------------------------------------------------------------------------------------------+

+--------------------------------------------------------------------------------------+
; Statistics                                                                           ;
+------------------------+--------+-------+-------------+------------+--------+--------+
; Property               ; Value  ; Count ; Total Delay ; % of Total ; Min    ; Max    ;
+------------------------+--------+-------+-------------+------------+--------+--------+
; Setup Relationship     ; 6.732  ;       ;             ;            ;        ;        ;
; Clock Skew             ; -0.422 ;       ;             ;            ;        ;        ;
; Data Delay             ; 2.808  ;       ;             ;            ;        ;        ;
; Number of Logic Levels ;        ; 1     ;             ;            ;        ;        ;
; Physical Delays        ;        ;       ;             ;            ;        ;        ;
;  Arrival Path          ;        ;       ;             ;            ;        ;        ;
;   Clock                ;        ;       ;             ;            ;        ;        ;
;    IC                  ;        ; 6     ; 2.330       ; 55         ; 0.000  ; 1.181  ;
;    Cell                ;        ; 6     ; 1.941       ; 45         ; 0.029  ; 0.970  ;
;   Data                 ;        ;       ;             ;            ;        ;        ;
;    IC                  ;        ; 2     ; 2.463       ; 88         ; 1.107  ; 1.356  ;
;    Cell                ;        ; 3     ; 0.345       ; 12         ; 0.036  ; 0.270  ;
;    uTco                ;        ; 1     ; 0.000       ; 0          ; 0.000  ; 0.000  ;
;  Required Path         ;        ;       ;             ;            ;        ;        ;
;   Clock                ;        ;       ;             ;            ;        ;        ;
;    IC                  ;        ; 6     ; 1.974       ; 55         ; 0.000  ; 0.926  ;
;    Cell                ;        ; 5     ; 1.588       ; 45         ; 0.141  ; 0.829  ;
;    PLL Compensation    ;        ; 1     ; -0.110      ; 0          ; -0.110 ; -0.110 ;
+------------------------+--------+-------+-------------+------------+--------+--------+
Note: Negative delays are omitted from totals when calculating percentages

+------------------------------------------------------------------------------------------------------------------------------------------------------------------------------------------------+
; Data Arrival Path                                                                                                                                                                              ;
+---------+---------+----+------+--------+---------------------------+---------------------------------------------------------------------------------------------------------------------------+
; Total   ; Incr    ; RF ; Type ; Fanout ; Location                  ; Element                                                                                                                   ;
+---------+---------+----+------+--------+---------------------------+---------------------------------------------------------------------------------------------------------------------------+
; 0.000   ; 0.000   ;    ;      ;        ;                           ; launch edge time                                                                                                          ;
; 4.271   ; 4.271   ;    ;      ;        ;                           ; clock path                                                                                                                ;
;   0.000 ;   0.000 ;    ;      ;        ;                           ; source latency                                                                                                            ;
;   0.000 ;   0.000 ;    ;      ; 1      ; PIN_V11                   ; FPGA_CLK1_50                                                                                                              ;
;   0.000 ;   0.000 ; RR ; IC   ; 1      ; IOIBUF_X32_Y0_N1          ; FPGA_CLK1_50~input|i                                                                                                      ;
;   0.268 ;   0.268 ; RR ; CELL ; 2      ; IOIBUF_X32_Y0_N1          ; FPGA_CLK1_50~input|o                                                                                                      ;
;   0.882 ;   0.614 ; RR ; IC   ; 1      ; PLLREFCLKSELECT_X0_Y7_N0  ; pll_hdmi|pll_hdmi_inst|altera_pll_i|cyclonev_pll|fpll_0|REFCLK_SELECT|clkin[0]                                            ;
;   1.041 ;   0.159 ; RR ; CELL ; 1      ; PLLREFCLKSELECT_X0_Y7_N0  ; pll_hdmi|pll_hdmi_inst|altera_pll_i|cyclonev_pll|fpll_0|REFCLK_SELECT|clkout                                              ;
;   1.041 ;   0.000 ; RR ; IC   ; 10     ; FRACTIONALPLL_X0_Y1_N0    ; pll_hdmi|pll_hdmi_inst|altera_pll_i|cyclonev_pll|fpll_0|fpll|refclkin                                                     ;
;   1.070 ;   0.029 ; RR ; CELL ; 1      ; FRACTIONALPLL_X0_Y1_N0    ; pll_hdmi|pll_hdmi_inst|altera_pll_i|cyclonev_pll|fpll_0|fpll|vcoph[0]                                                     ;
;   1.070 ;   0.000 ; RR ; IC   ; 1      ; PLLOUTPUTCOUNTER_X0_Y5_N1 ; pll_hdmi|pll_hdmi_inst|altera_pll_i|cyclonev_pll|counter[0].output_counter|vco0ph[0]                                      ;
;   2.040 ;   0.970 ; RR ; CELL ; 3      ; PLLOUTPUTCOUNTER_X0_Y5_N1 ; pll_hdmi|pll_hdmi_inst|altera_pll_i|cyclonev_pll|counter[0].output_counter|divclk                                         ;
;   2.575 ;   0.535 ; RR ; IC   ; 1      ; CLKCTRL_G4                ; pll_hdmi|pll_hdmi_inst|altera_pll_i|cyclonev_pll|divclk[0]~CLKENA0|inclk                                                  ;
;   2.723 ;   0.148 ; RR ; CELL ; 3637   ; CLKCTRL_G4                ; pll_hdmi|pll_hdmi_inst|altera_pll_i|cyclonev_pll|divclk[0]~CLKENA0|outclk                                                 ;
;   3.904 ;   1.181 ; RR ; IC   ; 25     ; M10K_X26_Y39_N0           ; ascal|o_vpix_inner[2].r_rtl_0|auto_generated|altsyncram4|ram_block5a0|clk1                                                ;
;   4.271 ;   0.367 ; RR ; CELL ; 1      ; M10K_X26_Y39_N0           ; ascal:ascal|altshift_taps:o_vpix_inner[2].r_rtl_0|shift_taps_agv:auto_generated|altsyncram_jr91:altsyncram4|ram_block5a23 ;
; 7.079   ; 2.808   ;    ;      ;        ;                           ; data path                                                                                                                 ;
;   4.271 ;   0.000 ;    ; uTco ; 1      ; M10K_X26_Y39_N0           ; ascal:ascal|altshift_taps:o_vpix_inner[2].r_rtl_0|shift_taps_agv:auto_generated|altsyncram_jr91:altsyncram4|ram_block5a23 ;
;   4.307 ;   0.036 ; FF ; CELL ; 2      ; M10K_X26_Y39_N0           ; ascal|o_vpix_inner[2].r_rtl_0|auto_generated|altsyncram4|ram_block5a0|portbdataout[23]                                    ;
;   5.414 ;   1.107 ; FF ; IC   ; 1      ; LABCELL_X37_Y41_N57       ; ascal|o_vpixq_pre~0|dataf                                                                                                 ;
;   5.453 ;   0.039 ; FF ; CELL ; 3      ; LABCELL_X37_Y41_N57       ; ascal|o_vpixq_pre~0|combout                                                                                               ;
;   6.809 ;   1.356 ; FF ; IC   ; 1      ; FF_X21_Y30_N52            ; ascal|o_vpixq_pre[1].b[0]|asdata                                                                                          ;
;   7.079 ;   0.270 ; FF ; CELL ; 1      ; FF_X21_Y30_N52            ; ascal:ascal|o_vpixq_pre[1].b[0]                                                                                           ;
+---------+---------+----+------+--------+---------------------------+---------------------------------------------------------------------------------------------------------------------------+

+-------------------------------------------------------------------------------------------------------------------------------------------------------------+
; Data Required Path                                                                                                                                          ;
+----------+----------+----+------+--------+---------------------------+--------------------------------------------------------------------------------------+
; Total    ; Incr     ; RF ; Type ; Fanout ; Location                  ; Element                                                                              ;
+----------+----------+----+------+--------+---------------------------+--------------------------------------------------------------------------------------+
; 6.732    ; 6.732    ;    ;      ;        ;                           ; latch edge time                                                                      ;
; 10.581   ; 3.849    ;    ;      ;        ;                           ; clock path                                                                           ;
;   6.732  ;   0.000  ;    ;      ;        ;                           ; source latency                                                                       ;
;   6.732  ;   0.000  ;    ;      ; 1      ; PIN_V11                   ; FPGA_CLK1_50                                                                         ;
;   6.732  ;   0.000  ; RR ; IC   ; 1      ; IOIBUF_X32_Y0_N1          ; FPGA_CLK1_50~input|i                                                                 ;
;   7.000  ;   0.268  ; RR ; CELL ; 2      ; IOIBUF_X32_Y0_N1          ; FPGA_CLK1_50~input|o                                                                 ;
;   7.548  ;   0.548  ; RR ; IC   ; 1      ; PLLREFCLKSELECT_X0_Y7_N0  ; pll_hdmi|pll_hdmi_inst|altera_pll_i|cyclonev_pll|fpll_0|REFCLK_SELECT|clkin[0]       ;
;   7.698  ;   0.150  ; RR ; CELL ; 1      ; PLLREFCLKSELECT_X0_Y7_N0  ; pll_hdmi|pll_hdmi_inst|altera_pll_i|cyclonev_pll|fpll_0|REFCLK_SELECT|clkout         ;
;   7.698  ;   0.000  ; RR ; IC   ; 10     ; FRACTIONALPLL_X0_Y1_N0    ; pll_hdmi|pll_hdmi_inst|altera_pll_i|cyclonev_pll|fpll_0|fpll|refclkin                ;
;   7.588  ;   -0.110 ; RR ; COMP ; 1      ; FRACTIONALPLL_X0_Y1_N0    ; pll_hdmi|pll_hdmi_inst|altera_pll_i|cyclonev_pll|fpll_0|fpll|vcoph[0]                ;
;   7.588  ;   0.000  ; RR ; IC   ; 1      ; PLLOUTPUTCOUNTER_X0_Y5_N1 ; pll_hdmi|pll_hdmi_inst|altera_pll_i|cyclonev_pll|counter[0].output_counter|vco0ph[0] ;
;   8.417  ;   0.829  ; RR ; CELL ; 3      ; PLLOUTPUTCOUNTER_X0_Y5_N1 ; pll_hdmi|pll_hdmi_inst|altera_pll_i|cyclonev_pll|counter[0].output_counter|divclk    ;
;   8.917  ;   0.500  ; RR ; IC   ; 1      ; CLKCTRL_G4                ; pll_hdmi|pll_hdmi_inst|altera_pll_i|cyclonev_pll|divclk[0]~CLKENA0|inclk             ;
;   9.058  ;   0.141  ; RR ; CELL ; 3637   ; CLKCTRL_G4                ; pll_hdmi|pll_hdmi_inst|altera_pll_i|cyclonev_pll|divclk[0]~CLKENA0|outclk            ;
;   9.984  ;   0.926  ; RR ; IC   ; 1      ; FF_X21_Y30_N52            ; ascal|o_vpixq_pre[1].b[0]|clk                                                        ;
;   10.184 ;   0.200  ; RR ; CELL ; 1      ; FF_X21_Y30_N52            ; ascal:ascal|o_vpixq_pre[1].b[0]                                                      ;
;   10.581 ;   0.397  ;    ;      ;        ;                           ; clock pessimism removed                                                              ;
; 10.381   ; -0.200   ;    ;      ;        ;                           ; clock uncertainty                                                                    ;
; 10.381   ; 0.000    ;    ; uTsu ; 1      ; FF_X21_Y30_N52            ; ascal:ascal|o_vpixq_pre[1].b[0]                                                      ;
+----------+----------+----+------+--------+---------------------------+--------------------------------------------------------------------------------------+

----------------------------
; Extra Fitter Information ;
----------------------------
HTML report is unavailable in plain text report export.


