----------------
; Command Info ;
----------------
Report Timing: Found 5 setup paths (0 violated).  Worst case slack is 0.217 

Tcl Command:
    report_timing -setup -file reports/quartus_corner_1_setup.rpt -npaths 5 -detail full_path

Options:
    -setup 
    -npaths 5 
    -detail full_path 
    -file {reports/quartus_corner_1_setup.rpt} 

Delay Model:
    Slow 1100mV -40C Model

+----------------------------------------------------------------------------------------------------------------------------------------------------------------------------------------------------------------------------------------------------------------------------------------+
; Summary of Paths                                                                                                                                                                                                                                                                       ;
+-------+-------------------------------+-------------------------------+-----------------------------------------------------------------------------------+-----------------------------------------------------------------------------------+--------------+------------+------------+
; Slack ; From Node                     ; To Node                       ; Launch Clock                                                                      ; Latch Clock                                                                       ; Relationship ; Clock Skew ; Data Delay ;
+-------+-------------------------------+-------------------------------+-----------------------------------------------------------------------------------+-----------------------------------------------------------------------------------+--------------+------------+------------+
; 0.217 ; ascal:ascal|o_h_poly_t.g1[12] ; ascal:ascal|o_h_poly_pix.g[5] ; pll_hdmi|pll_hdmi_inst|altera_pll_i|cyclonev_pll|counter[0].output_counter|divclk ; pll_hdmi|pll_hdmi_inst|altera_pll_i|cyclonev_pll|counter[0].output_counter|divclk ; 6.732        ; -0.994     ; 5.321      ;
; 0.218 ; ascal:ascal|o_h_poly_t.g1[12] ; ascal:ascal|o_h_poly_pix.g[3] ; pll_hdmi|pll_hdmi_inst|altera_pll_i|cyclonev_pll|counter[0].output_counter|divclk ; pll_hdmi|pll_hdmi_inst|altera_pll_i|cyclonev_pll|counter[0].output_counter|divclk ; 6.732        ; -0.994     ; 5.320      ;
; 0.233 ; ascal:ascal|o_h_poly_t.g1[12] ; ascal:ascal|o_h_poly_pix.g[6] ; pll_hdmi|pll_hdmi_inst|altera_pll_i|cyclonev_pll|counter[0].output_counter|divclk ; pll_hdmi|pll_hdmi_inst|altera_pll_i|cyclonev_pll|counter[0].output_counter|divclk ; 6.732        ; -0.987     ; 5.312      ;
; 0.265 ; ascal:ascal|o_h_poly_t.g1[16] ; ascal:ascal|o_h_poly_pix.g[5] ; pll_hdmi|pll_hdmi_inst|altera_pll_i|cyclonev_pll|counter[0].output_counter|divclk ; pll_hdmi|pll_hdmi_inst|altera_pll_i|cyclonev_pll|counter[0].output_counter|divclk ; 6.732        ; -0.994     ; 5.273      ;
; 0.266 ; ascal:ascal|o_h_poly_t.g1[16] ; ascal:ascal|o_h_poly_pix.g[3] ; pll_hdmi|pll_hdmi_inst|altera_pll_i|cyclonev_pll|counter[0].output_counter|divclk ; pll_hdmi|pll_hdmi_inst|altera_pll_i|cyclonev_pll|counter[0].output_counter|divclk ; 6.732        ; -0.994     ; 5.272      ;
+-------+-------------------------------+-------------------------------+-----------------------------------------------------------------------------------+-----------------------------------------------------------------------------------+--------------+------------+------------+

Path #1: Setup slack is 0.217 
===============================================================================
+--------------------------------------------------------------------------------------------------------+
; Path Summary                                                                                           ;
+--------------------+-----------------------------------------------------------------------------------+
; Property           ; Value                                                                             ;
+--------------------+-----------------------------------------------------------------------------------+
; From Node          ; ascal:ascal|o_h_poly_t.g1[12]                                                     ;
; To Node            ; ascal:ascal|o_h_poly_pix.g[5]                                                     ;
; Launch Clock       ; pll_hdmi|pll_hdmi_inst|altera_pll_i|cyclonev_pll|counter[0].output_counter|divclk ;
; Latch Clock        ; pll_hdmi|pll_hdmi_inst|altera_pll_i|cyclonev_pll|counter[0].output_counter|divclk ;
; Data Arrival Time  ; 14.471                                                                            ;
; Data Required Time ; 14.688                                                                            ;
; Slack              ; 0.217                                                                             ;
+--------------------+-----------------------------------------------------------------------------------+

+--------------------------------------------------------------------------------------+
; Statistics                                                                           ;
+------------------------+--------+-------+-------------+------------+--------+--------+
; Property               ; Value  ; Count ; Total Delay ; % of Total ; Min    ; Max    ;
+------------------------+--------+-------+-------------+------------+--------+--------+
; Setup Relationship     ; 6.732  ;       ;             ;            ;        ;        ;
; Clock Skew             ; -0.994 ;       ;             ;            ;        ;        ;
; Data Delay             ; 5.321  ;       ;             ;            ;        ;        ;
; Number of Logic Levels ;        ; 2     ;             ;            ;        ;        ;
; Physical Delays        ;        ;       ;             ;            ;        ;        ;
;  Arrival Path          ;        ;       ;             ;            ;        ;        ;
;   Clock                ;        ;       ;             ;            ;        ;        ;
;    IC                  ;        ; 6     ; 4.921       ; 54         ; 0.000  ; 2.469  ;
;    Cell                ;        ; 6     ; 4.229       ; 46         ; 0.150  ; 1.663  ;
;   Data                 ;        ;       ;             ;            ;        ;        ;
;    IC                  ;        ; 17    ; 1.851       ; 35         ; 0.000  ; 1.321  ;
;    Cell                ;        ; 18    ; 3.470       ; 65         ; 0.000  ; 0.991  ;
;    uTco                ;        ; 1     ; 0.000       ; 0          ; 0.000  ; 0.000  ;
;  Required Path         ;        ;       ;             ;            ;        ;        ;
;   Clock                ;        ;       ;             ;            ;        ;        ;
;    IC                  ;        ; 6     ; 4.169       ; 55         ; 0.000  ; 1.970  ;
;    Cell                ;        ; 5     ; 3.345       ; 45         ; 0.311  ; 1.463  ;
;    PLL Compensation    ;        ; 1     ; -0.135      ; 0          ; -0.135 ; -0.135 ;
+------------------------+--------+-------+-------------+------------+--------+--------+
Note: Negative delays are omitted from totals when calculating percentages

+------------------------------------------------------------------------------------------------------------------------------------------------------------+
; Data Arrival Path                                                                                                                                          ;
+----------+---------+----+------+--------+---------------------------+--------------------------------------------------------------------------------------+
; Total    ; Incr    ; RF ; Type ; Fanout ; Location                  ; Element                                                                              ;
+----------+---------+----+------+--------+---------------------------+--------------------------------------------------------------------------------------+
; 0.000    ; 0.000   ;    ;      ;        ;                           ; launch edge time                                                                     ;
; 9.150    ; 9.150   ;    ;      ;        ;                           ; clock path                                                                           ;
;   0.000  ;   0.000 ;    ;      ;        ;                           ; source latency                                                                       ;
;   0.000  ;   0.000 ;    ;      ; 1      ; PIN_V11                   ; FPGA_CLK1_50                                                                         ;
;   0.000  ;   0.000 ; RR ; IC   ; 1      ; IOIBUF_X32_Y0_N1          ; FPGA_CLK1_50~input|i                                                                 ;
;   0.792  ;   0.792 ; RR ; CELL ; 2      ; IOIBUF_X32_Y0_N1          ; FPGA_CLK1_50~input|o                                                                 ;
;   2.103  ;   1.311 ; RR ; IC   ; 1      ; PLLREFCLKSELECT_X0_Y7_N0  ; pll_hdmi|pll_hdmi_inst|altera_pll_i|cyclonev_pll|fpll_0|REFCLK_SELECT|clkin[0]       ;
;   2.433  ;   0.330 ; RR ; CELL ; 1      ; PLLREFCLKSELECT_X0_Y7_N0  ; pll_hdmi|pll_hdmi_inst|altera_pll_i|cyclonev_pll|fpll_0|REFCLK_SELECT|clkout         ;
;   2.433  ;   0.000 ; RR ; IC   ; 10     ; FRACTIONALPLL_X0_Y1_N0    ; pll_hdmi|pll_hdmi_inst|altera_pll_i|cyclonev_pll|fpll_0|fpll|refclkin                ;
;   2.583  ;   0.150 ; RR ; CELL ; 1      ; FRACTIONALPLL_X0_Y1_N0    ; pll_hdmi|pll_hdmi_inst|altera_pll_i|cyclonev_pll|fpll_0|fpll|vcoph[0]                ;
;   2.583  ;   0.000 ; RR ; IC   ; 1      ; PLLOUTPUTCOUNTER_X0_Y5_N1 ; pll_hdmi|pll_hdmi_inst|altera_pll_i|cyclonev_pll|counter[0].output_counter|vco0ph[0] ;
;   4.246  ;   1.663 ; RR ; CELL ; 3      ; PLLOUTPUTCOUNTER_X0_Y5_N1 ; pll_hdmi|pll_hdmi_inst|altera_pll_i|cyclonev_pll|counter[0].output_counter|divclk    ;
;   5.387  ;   1.141 ; RR ; IC   ; 1      ; CLKCTRL_G4                ; pll_hdmi|pll_hdmi_inst|altera_pll_i|cyclonev_pll|divclk[0]~CLKENA0|inclk             ;
;   5.720  ;   0.333 ; RR ; CELL ; 3637   ; CLKCTRL_G4                ; pll_hdmi|pll_hdmi_inst|altera_pll_i|cyclonev_pll|divclk[0]~CLKENA0|outclk            ;
;   8.189  ;   2.469 ; RR ; IC   ; 54     ; DSP_X32_Y37_N0            ; ascal|Add171~8|clk[0]                                                                ;
;   9.150  ;   0.961 ; RR ; CELL ; 1      ; DSP_X32_Y37_N0            ; ascal:ascal|o_h_poly_t.g1[12]                                                        ;
; 14.471   ; 5.321   ;    ;      ;        ;                           ; data path                                                                            ;
;   9.150  ;   0.000 ;    ; uTco ; 1      ; DSP_X32_Y37_N0            ; ascal:ascal|o_h_poly_t.g1[12]                                                        ;
;   9.905  ;   0.755 ; RF ; CELL ; 1      ; DSP_X32_Y37_N0            ; ascal|Add171~8|resulta[12]                                                           ;
;   11.226 ;   1.321 ; FF ; IC   ; 1      ; LABCELL_X33_Y35_N12       ; ascal|Add175~58|datac                                                                ;
;   12.217 ;   0.991 ; FF ; CELL ; 1      ; LABCELL_X33_Y35_N12       ; ascal|Add175~58|cout                                                                 ;
;   12.217 ;   0.000 ; FF ; IC   ; 1      ; LABCELL_X33_Y35_N15       ; ascal|Add175~54|cin                                                                  ;
;   12.217 ;   0.000 ; FF ; CELL ; 1      ; LABCELL_X33_Y35_N15       ; ascal|Add175~54|cout                                                                 ;
;   12.217 ;   0.000 ; FF ; IC   ; 1      ; LABCELL_X33_Y35_N18       ; ascal|Add175~50|cin                                                                  ;
;   12.271 ;   0.054 ; FF ; CELL ; 1      ; LABCELL_X33_Y35_N18       ; ascal|Add175~50|cout                                                                 ;
;   12.271 ;   0.000 ; FF ; IC   ; 2      ; LABCELL_X33_Y35_N21       ; ascal|Add175~17|cin                                                                  ;
;   12.271 ;   0.000 ; FF ; CELL ; 1      ; LABCELL_X33_Y35_N21       ; ascal|Add175~17|cout                                                                 ;
;   12.271 ;   0.000 ; FF ; IC   ; 2      ; LABCELL_X33_Y35_N24       ; ascal|Add175~21|cin                                                                  ;
;   12.340 ;   0.069 ; FF ; CELL ; 1      ; LABCELL_X33_Y35_N24       ; ascal|Add175~21|cout                                                                 ;
;   12.340 ;   0.000 ; FF ; IC   ; 2      ; LABCELL_X33_Y35_N27       ; ascal|Add175~25|cin                                                                  ;
;   12.340 ;   0.000 ; FF ; CELL ; 1      ; LABCELL_X33_Y35_N27       ; ascal|Add175~25|cout                                                                 ;
;   12.340 ;   0.000 ; FF ; IC   ; 2      ; LABCELL_X33_Y35_N30       ; ascal|Add175~29|cin                                                                  ;
;   12.473 ;   0.133 ; FF ; CELL ; 1      ; LABCELL_X33_Y35_N30       ; ascal|Add175~29|cout                                                                 ;
;   12.473 ;   0.000 ; FF ; IC   ; 2      ; LABCELL_X33_Y35_N33       ; ascal|Add175~33|cin                                                                  ;
;   12.473 ;   0.000 ; FF ; CELL ; 1      ; LABCELL_X33_Y35_N33       ; ascal|Add175~33|cout                                                                 ;
;   12.473 ;   0.000 ; FF ; IC   ; 2      ; LABCELL_X33_Y35_N36       ; ascal|Add175~37|cin                                                                  ;
;   12.527 ;   0.054 ; FF ; CELL ; 1      ; LABCELL_X33_Y35_N36       ; ascal|Add175~37|cout                                                                 ;
;   12.527 ;   0.000 ; FF ; IC   ; 2      ; LABCELL_X33_Y35_N39       ; ascal|Add175~41|cin                                                                  ;
;   12.527 ;   0.000 ; FF ; CELL ; 1      ; LABCELL_X33_Y35_N39       ; ascal|Add175~41|cout                                                                 ;
;   12.527 ;   0.000 ; FF ; IC   ; 2      ; LABCELL_X33_Y35_N42       ; ascal|Add175~45|cin                                                                  ;
;   12.581 ;   0.054 ; FF ; CELL ; 1      ; LABCELL_X33_Y35_N42       ; ascal|Add175~45|cout                                                                 ;
;   12.581 ;   0.000 ; FF ; IC   ; 2      ; LABCELL_X33_Y35_N45       ; ascal|Add175~1|cin                                                                   ;
;   12.581 ;   0.000 ; FF ; CELL ; 1      ; LABCELL_X33_Y35_N45       ; ascal|Add175~1|cout                                                                  ;
;   12.581 ;   0.000 ; FF ; IC   ; 2      ; LABCELL_X33_Y35_N48       ; ascal|Add175~5|cin                                                                   ;
;   12.635 ;   0.054 ; FF ; CELL ; 1      ; LABCELL_X33_Y35_N48       ; ascal|Add175~5|cout                                                                  ;
;   12.635 ;   0.000 ; FF ; IC   ; 2      ; LABCELL_X33_Y35_N51       ; ascal|Add175~9|cin                                                                   ;
;   12.635 ;   0.000 ; FF ; CELL ; 1      ; LABCELL_X33_Y35_N51       ; ascal|Add175~9|cout                                                                  ;
;   12.635 ;   0.000 ; FF ; IC   ; 1      ; LABCELL_X33_Y35_N54       ; ascal|Add175~13|cin                                                                  ;
;   13.077 ;   0.442 ; FF ; CELL ; 16     ; LABCELL_X33_Y35_N54       ; ascal|Add175~13|sumout                                                               ;
;   13.607 ;   0.530 ; FF ; IC   ; 1      ; MLABCELL_X34_Y35_N9       ; ascal|bound~37|datac                                                                 ;
;   14.204 ;   0.597 ; FF ; CELL ; 1      ; MLABCELL_X34_Y35_N9       ; ascal|bound~37|combout                                                               ;
;   14.204 ;   0.000 ; FF ; IC   ; 1      ; FF_X34_Y35_N10            ; ascal|o_h_poly_pix.g[5]|d                                                            ;
;   14.471 ;   0.267 ; FF ; CELL ; 1      ; FF_X34_Y35_N10            ; ascal:ascal|o_h_poly_pix.g[5]                                                        ;
+----------+---------+----+------+--------+---------------------------+--------------------------------------------------------------------------------------+

+-------------------------------------------------------------------------------------------------------------------------------------------------------------+
; Data Required Path                                                                                                                                          ;
+----------+----------+----+------+--------+---------------------------+--------------------------------------------------------------------------------------+
; Total    ; Incr     ; RF ; Type ; Fanout ; Location                  ; Element                                                                              ;
+----------+----------+----+------+--------+---------------------------+--------------------------------------------------------------------------------------+
; 6.732    ; 6.732    ;    ;      ;        ;                           ; latch edge time                                                                      ;
; 14.888   ; 8.156    ;    ;      ;        ;                           ; clock path                                                                           ;
;   6.732  ;   0.000  ;    ;      ;        ;                           ; source latency                                                                       ;
;   6.732  ;   0.000  ;    ;      ; 1      ; PIN_V11                   ; FPGA_CLK1_50                                                                         ;
;   6.732  ;   0.000  ; RR ; IC   ; 1      ; IOIBUF_X32_Y0_N1          ; FPGA_CLK1_50~input|i                                                                 ;
;   7.524  ;   0.792  ; RR ; CELL ; 2      ; IOIBUF_X32_Y0_N1          ; FPGA_CLK1_50~input|o                                                                 ;
;   8.697  ;   1.173  ; RR ; IC   ; 1      ; PLLREFCLKSELECT_X0_Y7_N0  ; pll_hdmi|pll_hdmi_inst|altera_pll_i|cyclonev_pll|fpll_0|REFCLK_SELECT|clkin[0]       ;
;   9.008  ;   0.311  ; RR ; CELL ; 1      ; PLLREFCLKSELECT_X0_Y7_N0  ; pll_hdmi|pll_hdmi_inst|altera_pll_i|cyclonev_pll|fpll_0|REFCLK_SELECT|clkout         ;
;   9.008  ;   0.000  ; RR ; IC   ; 10     ; FRACTIONALPLL_X0_Y1_N0    ; pll_hdmi|pll_hdmi_inst|altera_pll_i|cyclonev_pll|fpll_0|fpll|refclkin                ;
;   8.873  ;   -0.135 ; RR ; COMP ; 1      ; FRACTIONALPLL_X0_Y1_N0    ; pll_hdmi|pll_hdmi_inst|altera_pll_i|cyclonev_pll|fpll_0|fpll|vcoph[0]                ;
;   8.873  ;   0.000  ; RR ; IC   ; 1      ; PLLOUTPUTCOUNTER_X0_Y5_N1 ; pll_hdmi|pll_hdmi_inst|altera_pll_i|cyclonev_pll|counter[0].output_counter|vco0ph[0] ;
;   10.336 ;   1.463  ; RR ; CELL ; 3      ; PLLOUTPUTCOUNTER_X0_Y5_N1 ; pll_hdmi|pll_hdmi_inst|altera_pll_i|cyclonev_pll|counter[0].output_counter|divclk    ;
;   11.362 ;   1.026  ; RR ; IC   ; 1      ; CLKCTRL_G4                ; pll_hdmi|pll_hdmi_inst|altera_pll_i|cyclonev_pll|divclk[0]~CLKENA0|inclk             ;
;   11.675 ;   0.313  ; RR ; CELL ; 3637   ; CLKCTRL_G4                ; pll_hdmi|pll_hdmi_inst|altera_pll_i|cyclonev_pll|divclk[0]~CLKENA0|outclk            ;
;   13.645 ;   1.970  ; RR ; IC   ; 1      ; FF_X34_Y35_N10            ; ascal|o_h_poly_pix.g[5]|clk                                                          ;
;   14.111 ;   0.466  ; RR ; CELL ; 1      ; FF_X34_Y35_N10            ; ascal:ascal|o_h_poly_pix.g[5]                                                        ;
;   14.888 ;   0.777  ;    ;      ;        ;                           ; clock pessimism removed                                                              ;
; 14.688   ; -0.200   ;    ;      ;        ;                           ; clock uncertainty                                                                    ;
; 14.688   ; 0.000    ;    ; uTsu ; 1      ; FF_X34_Y35_N10            ; ascal:ascal|o_h_poly_pix.g[5]                                                        ;
+----------+----------+----+------+--------+---------------------------+--------------------------------------------------------------------------------------+

----------------------------
; Extra Fitter Information ;
----------------------------
HTML report is unavailable in plain text report export.


Path #2: Setup slack is 0.218 
===============================================================================
+--------------------------------------------------------------------------------------------------------+
; Path Summary                                                                                           ;
+--------------------+-----------------------------------------------------------------------------------+
; Property           ; Value                                                                             ;
+--------------------+-----------------------------------------------------------------------------------+
; From Node          ; ascal:ascal|o_h_poly_t.g1[12]                                                     ;
; To Node            ; ascal:ascal|o_h_poly_pix.g[3]                                                     ;
; Launch Clock       ; pll_hdmi|pll_hdmi_inst|altera_pll_i|cyclonev_pll|counter[0].output_counter|divclk ;
; Latch Clock        ; pll_hdmi|pll_hdmi_inst|altera_pll_i|cyclonev_pll|counter[0].output_counter|divclk ;
; Data Arrival Time  ; 14.470                                                                            ;
; Data Required Time ; 14.688                                                                            ;
; Slack              ; 0.218                                                                             ;
+--------------------+-----------------------------------------------------------------------------------+

+--------------------------------------------------------------------------------------+
; Statistics                                                                           ;
+------------------------+--------+-------+-------------+------------+--------+--------+
; Property               ; Value  ; Count ; Total Delay ; % of Total ; Min    ; Max    ;
+------------------------+--------+-------+-------------+------------+--------+--------+
; Setup Relationship     ; 6.732  ;       ;             ;            ;        ;        ;
; Clock Skew             ; -0.994 ;       ;             ;            ;        ;        ;
; Data Delay             ; 5.320  ;       ;             ;            ;        ;        ;
; Number of Logic Levels ;        ; 2     ;             ;            ;        ;        ;
; Physical Delays        ;        ;       ;             ;            ;        ;        ;
;  Arrival Path          ;        ;       ;             ;            ;        ;        ;
;   Clock                ;        ;       ;             ;            ;        ;        ;
;    IC                  ;        ; 6     ; 4.921       ; 54         ; 0.000  ; 2.469  ;
;    Cell                ;        ; 6     ; 4.229       ; 46         ; 0.150  ; 1.663  ;
;   Data                 ;        ;       ;             ;            ;        ;        ;
;    IC                  ;        ; 17    ; 1.850       ; 35         ; 0.000  ; 1.321  ;
;    Cell                ;        ; 18    ; 3.470       ; 65         ; 0.000  ; 0.991  ;
;    uTco                ;        ; 1     ; 0.000       ; 0          ; 0.000  ; 0.000  ;
;  Required Path         ;        ;       ;             ;            ;        ;        ;
;   Clock                ;        ;       ;             ;            ;        ;        ;
;    IC                  ;        ; 6     ; 4.169       ; 55         ; 0.000  ; 1.970  ;
;    Cell                ;        ; 5     ; 3.345       ; 45         ; 0.311  ; 1.463  ;
;    PLL Compensation    ;        ; 1     ; -0.135      ; 0          ; -0.135 ; -0.135 ;
+------------------------+--------+-------+-------------+------------+--------+--------+
Note: Negative delays are omitted from totals when calculating percentages

+------------------------------------------------------------------------------------------------------------------------------------------------------------+
; Data Arrival Path                                                                                                                                          ;
+----------+---------+----+------+--------+---------------------------+--------------------------------------------------------------------------------------+
; Total    ; Incr    ; RF ; Type ; Fanout ; Location                  ; Element                                                                              ;
+----------+---------+----+------+--------+---------------------------+--------------------------------------------------------------------------------------+
; 0.000    ; 0.000   ;    ;      ;        ;                           ; launch edge time                                                                     ;
; 9.150    ; 9.150   ;    ;      ;        ;                           ; clock path                                                                           ;
;   0.000  ;   0.000 ;    ;      ;        ;                           ; source latency                                                                       ;
;   0.000  ;   0.000 ;    ;      ; 1      ; PIN_V11                   ; FPGA_CLK1_50                                                                         ;
;   0.000  ;   0.000 ; RR ; IC   ; 1      ; IOIBUF_X32_Y0_N1          ; FPGA_CLK1_50~input|i                                                                 ;
;   0.792  ;   0.792 ; RR ; CELL ; 2      ; IOIBUF_X32_Y0_N1          ; FPGA_CLK1_50~input|o                                                                 ;
;   2.103  ;   1.311 ; RR ; IC   ; 1      ; PLLREFCLKSELECT_X0_Y7_N0  ; pll_hdmi|pll_hdmi_inst|altera_pll_i|cyclonev_pll|fpll_0|REFCLK_SELECT|clkin[0]       ;
;   2.433  ;   0.330 ; RR ; CELL ; 1      ; PLLREFCLKSELECT_X0_Y7_N0  ; pll_hdmi|pll_hdmi_inst|altera_pll_i|cyclonev_pll|fpll_0|REFCLK_SELECT|clkout         ;
;   2.433  ;   0.000 ; RR ; IC   ; 10     ; FRACTIONALPLL_X0_Y1_N0    ; pll_hdmi|pll_hdmi_inst|altera_pll_i|cyclonev_pll|fpll_0|fpll|refclkin                ;
;   2.583  ;   0.150 ; RR ; CELL ; 1      ; FRACTIONALPLL_X0_Y1_N0    ; pll_hdmi|pll_hdmi_inst|altera_pll_i|cyclonev_pll|fpll_0|fpll|vcoph[0]                ;
;   2.583  ;   0.000 ; RR ; IC   ; 1      ; PLLOUTPUTCOUNTER_X0_Y5_N1 ; pll_hdmi|pll_hdmi_inst|altera_pll_i|cyclonev_pll|counter[0].output_counter|vco0ph[0] ;
;   4.246  ;   1.663 ; RR ; CELL ; 3      ; PLLOUTPUTCOUNTER_X0_Y5_N1 ; pll_hdmi|pll_hdmi_inst|altera_pll_i|cyclonev_pll|counter[0].output_counter|divclk    ;
;   5.387  ;   1.141 ; RR ; IC   ; 1      ; CLKCTRL_G4                ; pll_hdmi|pll_hdmi_inst|altera_pll_i|cyclonev_pll|divclk[0]~CLKENA0|inclk             ;
;   5.720  ;   0.333 ; RR ; CELL ; 3637   ; CLKCTRL_G4                ; pll_hdmi|pll_hdmi_inst|altera_pll_i|cyclonev_pll|divclk[0]~CLKENA0|outclk            ;
;   8.189  ;   2.469 ; RR ; IC   ; 54     ; DSP_X32_Y37_N0            ; ascal|Add171~8|clk[0]                                                                ;
;   9.150  ;   0.961 ; RR ; CELL ; 1      ; DSP_X32_Y37_N0            ; ascal:ascal|o_h_poly_t.g1[12]                                                        ;
; 14.470   ; 5.320   ;    ;      ;        ;                           ; data path                                                                            ;
;   9.150  ;   0.000 ;    ; uTco ; 1      ; DSP_X32_Y37_N0            ; ascal:ascal|o_h_poly_t.g1[12]                                                        ;
;   9.905  ;   0.755 ; RF ; CELL ; 1      ; DSP_X32_Y37_N0            ; ascal|Add171~8|resulta[12]                                                           ;
;   11.226 ;   1.321 ; FF ; IC   ; 1      ; LABCELL_X33_Y35_N12       ; ascal|Add175~58|datac                                                                ;
;   12.217 ;   0.991 ; FF ; CELL ; 1      ; LABCELL_X33_Y35_N12       ; ascal|Add175~58|cout                                                                 ;
;   12.217 ;   0.000 ; FF ; IC   ; 1      ; LABCELL_X33_Y35_N15       ; ascal|Add175~54|cin                                                                  ;
;   12.217 ;   0.000 ; FF ; CELL ; 1      ; LABCELL_X33_Y35_N15       ; ascal|Add175~54|cout                                                                 ;
;   12.217 ;   0.000 ; FF ; IC   ; 1      ; LABCELL_X33_Y35_N18       ; ascal|Add175~50|cin                                                                  ;
;   12.271 ;   0.054 ; FF ; CELL ; 1      ; LABCELL_X33_Y35_N18       ; ascal|Add175~50|cout                                                                 ;
;   12.271 ;   0.000 ; FF ; IC   ; 2      ; LABCELL_X33_Y35_N21       ; ascal|Add175~17|cin                                                                  ;
;   12.271 ;   0.000 ; FF ; CELL ; 1      ; LABCELL_X33_Y35_N21       ; ascal|Add175~17|cout                                                                 ;
;   12.271 ;   0.000 ; FF ; IC   ; 2      ; LABCELL_X33_Y35_N24       ; ascal|Add175~21|cin                                                                  ;
;   12.340 ;   0.069 ; FF ; CELL ; 1      ; LABCELL_X33_Y35_N24       ; ascal|Add175~21|cout                                                                 ;
;   12.340 ;   0.000 ; FF ; IC   ; 2      ; LABCELL_X33_Y35_N27       ; ascal|Add175~25|cin                                                                  ;
;   12.340 ;   0.000 ; FF ; CELL ; 1      ; LABCELL_X33_Y35_N27       ; ascal|Add175~25|cout                                                                 ;
;   12.340 ;   0.000 ; FF ; IC   ; 2      ; LABCELL_X33_Y35_N30       ; ascal|Add175~29|cin                                                                  ;
;   12.473 ;   0.133 ; FF ; CELL ; 1      ; LABCELL_X33_Y35_N30       ; ascal|Add175~29|cout                                                                 ;
;   12.473 ;   0.000 ; FF ; IC   ; 2      ; LABCELL_X33_Y35_N33       ; ascal|Add175~33|cin                                                                  ;
;   12.473 ;   0.000 ; FF ; CELL ; 1      ; LABCELL_X33_Y35_N33       ; ascal|Add175~33|cout                                                                 ;
;   12.473 ;   0.000 ; FF ; IC   ; 2      ; LABCELL_X33_Y35_N36       ; ascal|Add175~37|cin                                                                  ;
;   12.527 ;   0.054 ; FF ; CELL ; 1      ; LABCELL_X33_Y35_N36       ; ascal|Add175~37|cout                                                                 ;
;   12.527 ;   0.000 ; FF ; IC   ; 2      ; LABCELL_X33_Y35_N39       ; ascal|Add175~41|cin                                                                  ;
;   12.527 ;   0.000 ; FF ; CELL ; 1      ; LABCELL_X33_Y35_N39       ; ascal|Add175~41|cout                                                                 ;
;   12.527 ;   0.000 ; FF ; IC   ; 2      ; LABCELL_X33_Y35_N42       ; ascal|Add175~45|cin                                                                  ;
;   12.581 ;   0.054 ; FF ; CELL ; 1      ; LABCELL_X33_Y35_N42       ; ascal|Add175~45|cout                                                                 ;
;   12.581 ;   0.000 ; FF ; IC   ; 2      ; LABCELL_X33_Y35_N45       ; ascal|Add175~1|cin                                                                   ;
;   12.581 ;   0.000 ; FF ; CELL ; 1      ; LABCELL_X33_Y35_N45       ; ascal|Add175~1|cout                                                                  ;
;   12.581 ;   0.000 ; FF ; IC   ; 2      ; LABCELL_X33_Y35_N48       ; ascal|Add175~5|cin                                                                   ;
;   12.635 ;   0.054 ; FF ; CELL ; 1      ; LABCELL_X33_Y35_N48       ; ascal|Add175~5|cout                                                                  ;
;   12.635 ;   0.000 ; FF ; IC   ; 2      ; LABCELL_X33_Y35_N51       ; ascal|Add175~9|cin                                                                   ;
;   12.635 ;   0.000 ; FF ; CELL ; 1      ; LABCELL_X33_Y35_N51       ; ascal|Add175~9|cout                                                                  ;
;   12.635 ;   0.000 ; FF ; IC   ; 1      ; LABCELL_X33_Y35_N54       ; ascal|Add175~13|cin                                                                  ;
;   13.077 ;   0.442 ; FF ; CELL ; 16     ; LABCELL_X33_Y35_N54       ; ascal|Add175~13|sumout                                                               ;
;   13.606 ;   0.529 ; FF ; IC   ; 1      ; MLABCELL_X34_Y35_N21      ; ascal|bound~35|datac                                                                 ;
;   14.203 ;   0.597 ; FF ; CELL ; 1      ; MLABCELL_X34_Y35_N21      ; ascal|bound~35|combout                                                               ;
;   14.203 ;   0.000 ; FF ; IC   ; 1      ; FF_X34_Y35_N22            ; ascal|o_h_poly_pix.g[3]|d                                                            ;
;   14.470 ;   0.267 ; FF ; CELL ; 1      ; FF_X34_Y35_N22            ; ascal:ascal|o_h_poly_pix.g[3]                                                        ;
+----------+---------+----+------+--------+---------------------------+--------------------------------------------------------------------------------------+

+-------------------------------------------------------------------------------------------------------------------------------------------------------------+
; Data Required Path                                                                                                                                          ;
+----------+----------+----+------+--------+---------------------------+--------------------------------------------------------------------------------------+
; Total    ; Incr     ; RF ; Type ; Fanout ; Location                  ; Element                                                                              ;
+----------+----------+----+------+--------+---------------------------+--------------------------------------------------------------------------------------+
; 6.732    ; 6.732    ;    ;      ;        ;                           ; latch edge time                                                                      ;
; 14.888   ; 8.156    ;    ;      ;        ;                           ; clock path                                                                           ;
;   6.732  ;   0.000  ;    ;      ;        ;                           ; source latency                                                                       ;
;   6.732  ;   0.000  ;    ;      ; 1      ; PIN_V11                   ; FPGA_CLK1_50                                                                         ;
;   6.732  ;   0.000  ; RR ; IC   ; 1      ; IOIBUF_X32_Y0_N1          ; FPGA_CLK1_50~input|i                                                                 ;
;   7.524  ;   0.792  ; RR ; CELL ; 2      ; IOIBUF_X32_Y0_N1          ; FPGA_CLK1_50~input|o                                                                 ;
;   8.697  ;   1.173  ; RR ; IC   ; 1      ; PLLREFCLKSELECT_X0_Y7_N0  ; pll_hdmi|pll_hdmi_inst|altera_pll_i|cyclonev_pll|fpll_0|REFCLK_SELECT|clkin[0]       ;
;   9.008  ;   0.311  ; RR ; CELL ; 1      ; PLLREFCLKSELECT_X0_Y7_N0  ; pll_hdmi|pll_hdmi_inst|altera_pll_i|cyclonev_pll|fpll_0|REFCLK_SELECT|clkout         ;
;   9.008  ;   0.000  ; RR ; IC   ; 10     ; FRACTIONALPLL_X0_Y1_N0    ; pll_hdmi|pll_hdmi_inst|altera_pll_i|cyclonev_pll|fpll_0|fpll|refclkin                ;
;   8.873  ;   -0.135 ; RR ; COMP ; 1      ; FRACTIONALPLL_X0_Y1_N0    ; pll_hdmi|pll_hdmi_inst|altera_pll_i|cyclonev_pll|fpll_0|fpll|vcoph[0]                ;
;   8.873  ;   0.000  ; RR ; IC   ; 1      ; PLLOUTPUTCOUNTER_X0_Y5_N1 ; pll_hdmi|pll_hdmi_inst|altera_pll_i|cyclonev_pll|counter[0].output_counter|vco0ph[0] ;
;   10.336 ;   1.463  ; RR ; CELL ; 3      ; PLLOUTPUTCOUNTER_X0_Y5_N1 ; pll_hdmi|pll_hdmi_inst|altera_pll_i|cyclonev_pll|counter[0].output_counter|divclk    ;
;   11.362 ;   1.026  ; RR ; IC   ; 1      ; CLKCTRL_G4                ; pll_hdmi|pll_hdmi_inst|altera_pll_i|cyclonev_pll|divclk[0]~CLKENA0|inclk             ;
;   11.675 ;   0.313  ; RR ; CELL ; 3637   ; CLKCTRL_G4                ; pll_hdmi|pll_hdmi_inst|altera_pll_i|cyclonev_pll|divclk[0]~CLKENA0|outclk            ;
;   13.645 ;   1.970  ; RR ; IC   ; 1      ; FF_X34_Y35_N22            ; ascal|o_h_poly_pix.g[3]|clk                                                          ;
;   14.111 ;   0.466  ; RR ; CELL ; 1      ; FF_X34_Y35_N22            ; ascal:ascal|o_h_poly_pix.g[3]                                                        ;
;   14.888 ;   0.777  ;    ;      ;        ;                           ; clock pessimism removed                                                              ;
; 14.688   ; -0.200   ;    ;      ;        ;                           ; clock uncertainty                                                                    ;
; 14.688   ; 0.000    ;    ; uTsu ; 1      ; FF_X34_Y35_N22            ; ascal:ascal|o_h_poly_pix.g[3]                                                        ;
+----------+----------+----+------+--------+---------------------------+--------------------------------------------------------------------------------------+

----------------------------
; Extra Fitter Information ;
----------------------------
HTML report is unavailable in plain text report export.


Path #3: Setup slack is 0.233 
===============================================================================
+--------------------------------------------------------------------------------------------------------+
; Path Summary                                                                                           ;
+--------------------+-----------------------------------------------------------------------------------+
; Property           ; Value                                                                             ;
+--------------------+-----------------------------------------------------------------------------------+
; From Node          ; ascal:ascal|o_h_poly_t.g1[12]                                                     ;
; To Node            ; ascal:ascal|o_h_poly_pix.g[6]                                                     ;
; Launch Clock       ; pll_hdmi|pll_hdmi_inst|altera_pll_i|cyclonev_pll|counter[0].output_counter|divclk ;
; Latch Clock        ; pll_hdmi|pll_hdmi_inst|altera_pll_i|cyclonev_pll|counter[0].output_counter|divclk ;
; Data Arrival Time  ; 14.462                                                                            ;
; Data Required Time ; 14.695                                                                            ;
; Slack              ; 0.233                                                                             ;
+--------------------+-----------------------------------------------------------------------------------+

+--------------------------------------------------------------------------------------+
; Statistics                                                                           ;
+------------------------+--------+-------+-------------+------------+--------+--------+
; Property               ; Value  ; Count ; Total Delay ; % of Total ; Min    ; Max    ;
+------------------------+--------+-------+-------------+------------+--------+--------+
; Setup Relationship     ; 6.732  ;       ;             ;            ;        ;        ;
; Clock Skew             ; -0.987 ;       ;             ;            ;        ;        ;
; Data Delay             ; 5.312  ;       ;             ;            ;        ;        ;
; Number of Logic Levels ;        ; 2     ;             ;            ;        ;        ;
; Physical Delays        ;        ;       ;             ;            ;        ;        ;
;  Arrival Path          ;        ;       ;             ;            ;        ;        ;
;   Clock                ;        ;       ;             ;            ;        ;        ;
;    IC                  ;        ; 6     ; 4.921       ; 54         ; 0.000  ; 2.469  ;
;    Cell                ;        ; 6     ; 4.229       ; 46         ; 0.150  ; 1.663  ;
;   Data                 ;        ;       ;             ;            ;        ;        ;
;    IC                  ;        ; 17    ; 1.840       ; 35         ; 0.000  ; 1.321  ;
;    Cell                ;        ; 18    ; 3.472       ; 65         ; 0.000  ; 0.991  ;
;    uTco                ;        ; 1     ; 0.000       ; 0          ; 0.000  ; 0.000  ;
;  Required Path         ;        ;       ;             ;            ;        ;        ;
;   Clock                ;        ;       ;             ;            ;        ;        ;
;    IC                  ;        ; 6     ; 4.169       ; 55         ; 0.000  ; 1.970  ;
;    Cell                ;        ; 5     ; 3.352       ; 45         ; 0.311  ; 1.463  ;
;    PLL Compensation    ;        ; 1     ; -0.135      ; 0          ; -0.135 ; -0.135 ;
+------------------------+--------+-------+-------------+------------+--------+--------+
Note: Negative delays are omitted from totals when calculating percentages

+------------------------------------------------------------------------------------------------------------------------------------------------------------+
; Data Arrival Path                                                                                                                                          ;
+----------+---------+----+------+--------+---------------------------+--------------------------------------------------------------------------------------+
; Total    ; Incr    ; RF ; Type ; Fanout ; Location                  ; Element                                                                              ;
+----------+---------+----+------+--------+---------------------------+--------------------------------------------------------------------------------------+
; 0.000    ; 0.000   ;    ;      ;        ;                           ; launch edge time                                                                     ;
; 9.150    ; 9.150   ;    ;      ;        ;                           ; clock path                                                                           ;
;   0.000  ;   0.000 ;    ;      ;        ;                           ; source latency                                                                       ;
;   0.000  ;   0.000 ;    ;      ; 1      ; PIN_V11                   ; FPGA_CLK1_50                                                                         ;
;   0.000  ;   0.000 ; RR ; IC   ; 1      ; IOIBUF_X32_Y0_N1          ; FPGA_CLK1_50~input|i                                                                 ;
;   0.792  ;   0.792 ; RR ; CELL ; 2      ; IOIBUF_X32_Y0_N1          ; FPGA_CLK1_50~input|o                                                                 ;
;   2.103  ;   1.311 ; RR ; IC   ; 1      ; PLLREFCLKSELECT_X0_Y7_N0  ; pll_hdmi|pll_hdmi_inst|altera_pll_i|cyclonev_pll|fpll_0|REFCLK_SELECT|clkin[0]       ;
;   2.433  ;   0.330 ; RR ; CELL ; 1      ; PLLREFCLKSELECT_X0_Y7_N0  ; pll_hdmi|pll_hdmi_inst|altera_pll_i|cyclonev_pll|fpll_0|REFCLK_SELECT|clkout         ;
;   2.433  ;   0.000 ; RR ; IC   ; 10     ; FRACTIONALPLL_X0_Y1_N0    ; pll_hdmi|pll_hdmi_inst|altera_pll_i|cyclonev_pll|fpll_0|fpll|refclkin                ;
;   2.583  ;   0.150 ; RR ; CELL ; 1      ; FRACTIONALPLL_X0_Y1_N0    ; pll_hdmi|pll_hdmi_inst|altera_pll_i|cyclonev_pll|fpll_0|fpll|vcoph[0]                ;
;   2.583  ;   0.000 ; RR ; IC   ; 1      ; PLLOUTPUTCOUNTER_X0_Y5_N1 ; pll_hdmi|pll_hdmi_inst|altera_pll_i|cyclonev_pll|counter[0].output_counter|vco0ph[0] ;
;   4.246  ;   1.663 ; RR ; CELL ; 3      ; PLLOUTPUTCOUNTER_X0_Y5_N1 ; pll_hdmi|pll_hdmi_inst|altera_pll_i|cyclonev_pll|counter[0].output_counter|divclk    ;
;   5.387  ;   1.141 ; RR ; IC   ; 1      ; CLKCTRL_G4                ; pll_hdmi|pll_hdmi_inst|altera_pll_i|cyclonev_pll|divclk[0]~CLKENA0|inclk             ;
;   5.720  ;   0.333 ; RR ; CELL ; 3637   ; CLKCTRL_G4                ; pll_hdmi|pll_hdmi_inst|altera_pll_i|cyclonev_pll|divclk[0]~CLKENA0|outclk            ;
;   8.189  ;   2.469 ; RR ; IC   ; 54     ; DSP_X32_Y37_N0            ; ascal|Add171~8|clk[0]                                                                ;
;   9.150  ;   0.961 ; RR ; CELL ; 1      ; DSP_X32_Y37_N0            ; ascal:ascal|o_h_poly_t.g1[12]                                                        ;
; 14.462   ; 5.312   ;    ;      ;        ;                           ; data path                                                                            ;
;   9.150  ;   0.000 ;    ; uTco ; 1      ; DSP_X32_Y37_N0            ; ascal:ascal|o_h_poly_t.g1[12]                                                        ;
;   9.905  ;   0.755 ; RF ; CELL ; 1      ; DSP_X32_Y37_N0            ; ascal|Add171~8|resulta[12]                                                           ;
;   11.226 ;   1.321 ; FF ; IC   ; 1      ; LABCELL_X33_Y35_N12       ; ascal|Add175~58|datac                                                                ;
;   12.217 ;   0.991 ; FF ; CELL ; 1      ; LABCELL_X33_Y35_N12       ; ascal|Add175~58|cout                                                                 ;
;   12.217 ;   0.000 ; FF ; IC   ; 1      ; LABCELL_X33_Y35_N15       ; ascal|Add175~54|cin                                                                  ;
;   12.217 ;   0.000 ; FF ; CELL ; 1      ; LABCELL_X33_Y35_N15       ; ascal|Add175~54|cout                                                                 ;
;   12.217 ;   0.000 ; FF ; IC   ; 1      ; LABCELL_X33_Y35_N18       ; ascal|Add175~50|cin                                                                  ;
;   12.271 ;   0.054 ; FF ; CELL ; 1      ; LABCELL_X33_Y35_N18       ; ascal|Add175~50|cout                                                                 ;
;   12.271 ;   0.000 ; FF ; IC   ; 2      ; LABCELL_X33_Y35_N21       ; ascal|Add175~17|cin                                                                  ;
;   12.271 ;   0.000 ; FF ; CELL ; 1      ; LABCELL_X33_Y35_N21       ; ascal|Add175~17|cout                                                                 ;
;   12.271 ;   0.000 ; FF ; IC   ; 2      ; LABCELL_X33_Y35_N24       ; ascal|Add175~21|cin                                                                  ;
;   12.340 ;   0.069 ; FF ; CELL ; 1      ; LABCELL_X33_Y35_N24       ; ascal|Add175~21|cout                                                                 ;
;   12.340 ;   0.000 ; FF ; IC   ; 2      ; LABCELL_X33_Y35_N27       ; ascal|Add175~25|cin                                                                  ;
;   12.340 ;   0.000 ; FF ; CELL ; 1      ; LABCELL_X33_Y35_N27       ; ascal|Add175~25|cout                                                                 ;
;   12.340 ;   0.000 ; FF ; IC   ; 2      ; LABCELL_X33_Y35_N30       ; ascal|Add175~29|cin                                                                  ;
;   12.473 ;   0.133 ; FF ; CELL ; 1      ; LABCELL_X33_Y35_N30       ; ascal|Add175~29|cout                                                                 ;
;   12.473 ;   0.000 ; FF ; IC   ; 2      ; LABCELL_X33_Y35_N33       ; ascal|Add175~33|cin                                                                  ;
;   12.473 ;   0.000 ; FF ; CELL ; 1      ; LABCELL_X33_Y35_N33       ; ascal|Add175~33|cout                                                                 ;
;   12.473 ;   0.000 ; FF ; IC   ; 2      ; LABCELL_X33_Y35_N36       ; ascal|Add175~37|cin                                                                  ;
;   12.527 ;   0.054 ; FF ; CELL ; 1      ; LABCELL_X33_Y35_N36       ; ascal|Add175~37|cout                                                                 ;
;   12.527 ;   0.000 ; FF ; IC   ; 2      ; LABCELL_X33_Y35_N39       ; ascal|Add175~41|cin                                                                  ;
;   12.527 ;   0.000 ; FF ; CELL ; 1      ; LABCELL_X33_Y35_N39       ; ascal|Add175~41|cout                                                                 ;
;   12.527 ;   0.000 ; FF ; IC   ; 2      ; LABCELL_X33_Y35_N42       ; ascal|Add175~45|cin                                                                  ;
;   12.581 ;   0.054 ; FF ; CELL ; 1      ; LABCELL_X33_Y35_N42       ; ascal|Add175~45|cout                                                                 ;
;   12.581 ;   0.000 ; FF ; IC   ; 2      ; LABCELL_X33_Y35_N45       ; ascal|Add175~1|cin                                                                   ;
;   12.581 ;   0.000 ; FF ; CELL ; 1      ; LABCELL_X33_Y35_N45       ; ascal|Add175~1|cout                                                                  ;
;   12.581 ;   0.000 ; FF ; IC   ; 2      ; LABCELL_X33_Y35_N48       ; ascal|Add175~5|cin                                                                   ;
;   12.635 ;   0.054 ; FF ; CELL ; 1      ; LABCELL_X33_Y35_N48       ; ascal|Add175~5|cout                                                                  ;
;   12.635 ;   0.000 ; FF ; IC   ; 2      ; LABCELL_X33_Y35_N51       ; ascal|Add175~9|cin                                                                   ;
;   12.635 ;   0.000 ; FF ; CELL ; 1      ; LABCELL_X33_Y35_N51       ; ascal|Add175~9|cout                                                                  ;
;   12.635 ;   0.000 ; FF ; IC   ; 1      ; LABCELL_X33_Y35_N54       ; ascal|Add175~13|cin                                                                  ;
;   13.077 ;   0.442 ; FF ; CELL ; 16     ; LABCELL_X33_Y35_N54       ; ascal|Add175~13|sumout                                                               ;
;   13.596 ;   0.519 ; FF ; IC   ; 1      ; MLABCELL_X34_Y35_N36      ; ascal|bound~38|datad                                                                 ;
;   14.195 ;   0.599 ; FF ; CELL ; 1      ; MLABCELL_X34_Y35_N36      ; ascal|bound~38|combout                                                               ;
;   14.195 ;   0.000 ; FF ; IC   ; 1      ; FF_X34_Y35_N37            ; ascal|o_h_poly_pix.g[6]|d                                                            ;
;   14.462 ;   0.267 ; FF ; CELL ; 1      ; FF_X34_Y35_N37            ; ascal:ascal|o_h_poly_pix.g[6]                                                        ;
+----------+---------+----+------+--------+---------------------------+--------------------------------------------------------------------------------------+

+-------------------------------------------------------------------------------------------------------------------------------------------------------------+
; Data Required Path                                                                                                                                          ;
+----------+----------+----+------+--------+---------------------------+--------------------------------------------------------------------------------------+
; Total    ; Incr     ; RF ; Type ; Fanout ; Location                  ; Element                                                                              ;
+----------+----------+----+------+--------+---------------------------+--------------------------------------------------------------------------------------+
; 6.732    ; 6.732    ;    ;      ;        ;                           ; latch edge time                                                                      ;
; 14.895   ; 8.163    ;    ;      ;        ;                           ; clock path                                                                           ;
;   6.732  ;   0.000  ;    ;      ;        ;                           ; source latency                                                                       ;
;   6.732  ;   0.000  ;    ;      ; 1      ; PIN_V11                   ; FPGA_CLK1_50                                                                         ;
;   6.732  ;   0.000  ; RR ; IC   ; 1      ; IOIBUF_X32_Y0_N1          ; FPGA_CLK1_50~input|i                                                                 ;
;   7.524  ;   0.792  ; RR ; CELL ; 2      ; IOIBUF_X32_Y0_N1          ; FPGA_CLK1_50~input|o                                                                 ;
;   8.697  ;   1.173  ; RR ; IC   ; 1      ; PLLREFCLKSELECT_X0_Y7_N0  ; pll_hdmi|pll_hdmi_inst|altera_pll_i|cyclonev_pll|fpll_0|REFCLK_SELECT|clkin[0]       ;
;   9.008  ;   0.311  ; RR ; CELL ; 1      ; PLLREFCLKSELECT_X0_Y7_N0  ; pll_hdmi|pll_hdmi_inst|altera_pll_i|cyclonev_pll|fpll_0|REFCLK_SELECT|clkout         ;
;   9.008  ;   0.000  ; RR ; IC   ; 10     ; FRACTIONALPLL_X0_Y1_N0    ; pll_hdmi|pll_hdmi_inst|altera_pll_i|cyclonev_pll|fpll_0|fpll|refclkin                ;
;   8.873  ;   -0.135 ; RR ; COMP ; 1      ; FRACTIONALPLL_X0_Y1_N0    ; pll_hdmi|pll_hdmi_inst|altera_pll_i|cyclonev_pll|fpll_0|fpll|vcoph[0]                ;
;   8.873  ;   0.000  ; RR ; IC   ; 1      ; PLLOUTPUTCOUNTER_X0_Y5_N1 ; pll_hdmi|pll_hdmi_inst|altera_pll_i|cyclonev_pll|counter[0].output_counter|vco0ph[0] ;
;   10.336 ;   1.463  ; RR ; CELL ; 3      ; PLLOUTPUTCOUNTER_X0_Y5_N1 ; pll_hdmi|pll_hdmi_inst|altera_pll_i|cyclonev_pll|counter[0].output_counter|divclk    ;
;   11.362 ;   1.026  ; RR ; IC   ; 1      ; CLKCTRL_G4                ; pll_hdmi|pll_hdmi_inst|altera_pll_i|cyclonev_pll|divclk[0]~CLKENA0|inclk             ;
;   11.675 ;   0.313  ; RR ; CELL ; 3637   ; CLKCTRL_G4                ; pll_hdmi|pll_hdmi_inst|altera_pll_i|cyclonev_pll|divclk[0]~CLKENA0|outclk            ;
;   13.645 ;   1.970  ; RR ; IC   ; 1      ; FF_X34_Y35_N37            ; ascal|o_h_poly_pix.g[6]|clk                                                          ;
;   14.118 ;   0.473  ; RR ; CELL ; 1      ; FF_X34_Y35_N37            ; ascal:ascal|o_h_poly_pix.g[6]                                                        ;
;   14.895 ;   0.777  ;    ;      ;        ;                           ; clock pessimism removed                                                              ;
; 14.695   ; -0.200   ;    ;      ;        ;                           ; clock uncertainty                                                                    ;
; 14.695   ; 0.000    ;    ; uTsu ; 1      ; FF_X34_Y35_N37            ; ascal:ascal|o_h_poly_pix.g[6]                                                        ;
+----------+----------+----+------+--------+---------------------------+--------------------------------------------------------------------------------------+

----------------------------
; Extra Fitter Information ;
----------------------------
HTML report is unavailable in plain text report export.


Path #4: Setup slack is 0.265 
===============================================================================
+--------------------------------------------------------------------------------------------------------+
; Path Summary                                                                                           ;
+--------------------+-----------------------------------------------------------------------------------+
; Property           ; Value                                                                             ;
+--------------------+-----------------------------------------------------------------------------------+
; From Node          ; ascal:ascal|o_h_poly_t.g1[16]                                                     ;
; To Node            ; ascal:ascal|o_h_poly_pix.g[5]                                                     ;
; Launch Clock       ; pll_hdmi|pll_hdmi_inst|altera_pll_i|cyclonev_pll|counter[0].output_counter|divclk ;
; Latch Clock        ; pll_hdmi|pll_hdmi_inst|altera_pll_i|cyclonev_pll|counter[0].output_counter|divclk ;
; Data Arrival Time  ; 14.423                                                                            ;
; Data Required Time ; 14.688                                                                            ;
; Slack              ; 0.265                                                                             ;
+--------------------+-----------------------------------------------------------------------------------+

+--------------------------------------------------------------------------------------+
; Statistics                                                                           ;
+------------------------+--------+-------+-------------+------------+--------+--------+
; Property               ; Value  ; Count ; Total Delay ; % of Total ; Min    ; Max    ;
+------------------------+--------+-------+-------------+------------+--------+--------+
; Setup Relationship     ; 6.732  ;       ;             ;            ;        ;        ;
; Clock Skew             ; -0.994 ;       ;             ;            ;        ;        ;
; Data Delay             ; 5.273  ;       ;             ;            ;        ;        ;
; Number of Logic Levels ;        ; 2     ;             ;            ;        ;        ;
; Physical Delays        ;        ;       ;             ;            ;        ;        ;
;  Arrival Path          ;        ;       ;             ;            ;        ;        ;
;   Clock                ;        ;       ;             ;            ;        ;        ;
;    IC                  ;        ; 6     ; 4.921       ; 54         ; 0.000  ; 2.469  ;
;    Cell                ;        ; 6     ; 4.229       ; 46         ; 0.150  ; 1.663  ;
;   Data                 ;        ;       ;             ;            ;        ;        ;
;    IC                  ;        ; 13    ; 1.855       ; 35         ; 0.000  ; 1.325  ;
;    Cell                ;        ; 14    ; 3.418       ; 65         ; 0.000  ; 1.029  ;
;    uTco                ;        ; 1     ; 0.000       ; 0          ; 0.000  ; 0.000  ;
;  Required Path         ;        ;       ;             ;            ;        ;        ;
;   Clock                ;        ;       ;             ;            ;        ;        ;
;    IC                  ;        ; 6     ; 4.169       ; 55         ; 0.000  ; 1.970  ;
;    Cell                ;        ; 5     ; 3.345       ; 45         ; 0.311  ; 1.463  ;
;    PLL Compensation    ;        ; 1     ; -0.135      ; 0          ; -0.135 ; -0.135 ;
+------------------------+--------+-------+-------------+------------+--------+--------+
Note: Negative delays are omitted from totals when calculating percentages

+------------------------------------------------------------------------------------------------------------------------------------------------------------+
; Data Arrival Path                                                                                                                                          ;
+----------+---------+----+------+--------+---------------------------+--------------------------------------------------------------------------------------+
; Total    ; Incr    ; RF ; Type ; Fanout ; Location                  ; Element                                                                              ;
+----------+---------+----+------+--------+---------------------------+--------------------------------------------------------------------------------------+
; 0.000    ; 0.000   ;    ;      ;        ;                           ; launch edge time                                                                     ;
; 9.150    ; 9.150   ;    ;      ;        ;                           ; clock path                                                                           ;
;   0.000  ;   0.000 ;    ;      ;        ;                           ; source latency                                                                       ;
;   0.000  ;   0.000 ;    ;      ; 1      ; PIN_V11                   ; FPGA_CLK1_50                                                                         ;
;   0.000  ;   0.000 ; RR ; IC   ; 1      ; IOIBUF_X32_Y0_N1          ; FPGA_CLK1_50~input|i                                                                 ;
;   0.792  ;   0.792 ; RR ; CELL ; 2      ; IOIBUF_X32_Y0_N1          ; FPGA_CLK1_50~input|o                                                                 ;
;   2.103  ;   1.311 ; RR ; IC   ; 1      ; PLLREFCLKSELECT_X0_Y7_N0  ; pll_hdmi|pll_hdmi_inst|altera_pll_i|cyclonev_pll|fpll_0|REFCLK_SELECT|clkin[0]       ;
;   2.433  ;   0.330 ; RR ; CELL ; 1      ; PLLREFCLKSELECT_X0_Y7_N0  ; pll_hdmi|pll_hdmi_inst|altera_pll_i|cyclonev_pll|fpll_0|REFCLK_SELECT|clkout         ;
;   2.433  ;   0.000 ; RR ; IC   ; 10     ; FRACTIONALPLL_X0_Y1_N0    ; pll_hdmi|pll_hdmi_inst|altera_pll_i|cyclonev_pll|fpll_0|fpll|refclkin                ;
;   2.583  ;   0.150 ; RR ; CELL ; 1      ; FRACTIONALPLL_X0_Y1_N0    ; pll_hdmi|pll_hdmi_inst|altera_pll_i|cyclonev_pll|fpll_0|fpll|vcoph[0]                ;
;   2.583  ;   0.000 ; RR ; IC   ; 1      ; PLLOUTPUTCOUNTER_X0_Y5_N1 ; pll_hdmi|pll_hdmi_inst|altera_pll_i|cyclonev_pll|counter[0].output_counter|vco0ph[0] ;
;   4.246  ;   1.663 ; RR ; CELL ; 3      ; PLLOUTPUTCOUNTER_X0_Y5_N1 ; pll_hdmi|pll_hdmi_inst|altera_pll_i|cyclonev_pll|counter[0].output_counter|divclk    ;
;   5.387  ;   1.141 ; RR ; IC   ; 1      ; CLKCTRL_G4                ; pll_hdmi|pll_hdmi_inst|altera_pll_i|cyclonev_pll|divclk[0]~CLKENA0|inclk             ;
;   5.720  ;   0.333 ; RR ; CELL ; 3637   ; CLKCTRL_G4                ; pll_hdmi|pll_hdmi_inst|altera_pll_i|cyclonev_pll|divclk[0]~CLKENA0|outclk            ;
;   8.189  ;   2.469 ; RR ; IC   ; 54     ; DSP_X32_Y37_N0            ; ascal|Add171~8|clk[0]                                                                ;
;   9.150  ;   0.961 ; RR ; CELL ; 1      ; DSP_X32_Y37_N0            ; ascal:ascal|o_h_poly_t.g1[16]                                                        ;
; 14.423   ; 5.273   ;    ;      ;        ;                           ; data path                                                                            ;
;   9.150  ;   0.000 ;    ; uTco ; 1      ; DSP_X32_Y37_N0            ; ascal:ascal|o_h_poly_t.g1[16]                                                        ;
;   9.938  ;   0.788 ; RF ; CELL ; 1      ; DSP_X32_Y37_N0            ; ascal|Add171~8|resulta[16]                                                           ;
;   11.263 ;   1.325 ; FF ; IC   ; 2      ; LABCELL_X33_Y35_N24       ; ascal|Add175~21|datac                                                                ;
;   12.292 ;   1.029 ; FF ; CELL ; 1      ; LABCELL_X33_Y35_N24       ; ascal|Add175~21|cout                                                                 ;
;   12.292 ;   0.000 ; FF ; IC   ; 2      ; LABCELL_X33_Y35_N27       ; ascal|Add175~25|cin                                                                  ;
;   12.292 ;   0.000 ; FF ; CELL ; 1      ; LABCELL_X33_Y35_N27       ; ascal|Add175~25|cout                                                                 ;
;   12.292 ;   0.000 ; FF ; IC   ; 2      ; LABCELL_X33_Y35_N30       ; ascal|Add175~29|cin                                                                  ;
;   12.425 ;   0.133 ; FF ; CELL ; 1      ; LABCELL_X33_Y35_N30       ; ascal|Add175~29|cout                                                                 ;
;   12.425 ;   0.000 ; FF ; IC   ; 2      ; LABCELL_X33_Y35_N33       ; ascal|Add175~33|cin                                                                  ;
;   12.425 ;   0.000 ; FF ; CELL ; 1      ; LABCELL_X33_Y35_N33       ; ascal|Add175~33|cout                                                                 ;
;   12.425 ;   0.000 ; FF ; IC   ; 2      ; LABCELL_X33_Y35_N36       ; ascal|Add175~37|cin                                                                  ;
;   12.479 ;   0.054 ; FF ; CELL ; 1      ; LABCELL_X33_Y35_N36       ; ascal|Add175~37|cout                                                                 ;
;   12.479 ;   0.000 ; FF ; IC   ; 2      ; LABCELL_X33_Y35_N39       ; ascal|Add175~41|cin                                                                  ;
;   12.479 ;   0.000 ; FF ; CELL ; 1      ; LABCELL_X33_Y35_N39       ; ascal|Add175~41|cout                                                                 ;
;   12.479 ;   0.000 ; FF ; IC   ; 2      ; LABCELL_X33_Y35_N42       ; ascal|Add175~45|cin                                                                  ;
;   12.533 ;   0.054 ; FF ; CELL ; 1      ; LABCELL_X33_Y35_N42       ; ascal|Add175~45|cout                                                                 ;
;   12.533 ;   0.000 ; FF ; IC   ; 2      ; LABCELL_X33_Y35_N45       ; ascal|Add175~1|cin                                                                   ;
;   12.533 ;   0.000 ; FF ; CELL ; 1      ; LABCELL_X33_Y35_N45       ; ascal|Add175~1|cout                                                                  ;
;   12.533 ;   0.000 ; FF ; IC   ; 2      ; LABCELL_X33_Y35_N48       ; ascal|Add175~5|cin                                                                   ;
;   12.587 ;   0.054 ; FF ; CELL ; 1      ; LABCELL_X33_Y35_N48       ; ascal|Add175~5|cout                                                                  ;
;   12.587 ;   0.000 ; FF ; IC   ; 2      ; LABCELL_X33_Y35_N51       ; ascal|Add175~9|cin                                                                   ;
;   12.587 ;   0.000 ; FF ; CELL ; 1      ; LABCELL_X33_Y35_N51       ; ascal|Add175~9|cout                                                                  ;
;   12.587 ;   0.000 ; FF ; IC   ; 1      ; LABCELL_X33_Y35_N54       ; ascal|Add175~13|cin                                                                  ;
;   13.029 ;   0.442 ; FF ; CELL ; 16     ; LABCELL_X33_Y35_N54       ; ascal|Add175~13|sumout                                                               ;
;   13.559 ;   0.530 ; FF ; IC   ; 1      ; MLABCELL_X34_Y35_N9       ; ascal|bound~37|datac                                                                 ;
;   14.156 ;   0.597 ; FF ; CELL ; 1      ; MLABCELL_X34_Y35_N9       ; ascal|bound~37|combout                                                               ;
;   14.156 ;   0.000 ; FF ; IC   ; 1      ; FF_X34_Y35_N10            ; ascal|o_h_poly_pix.g[5]|d                                                            ;
;   14.423 ;   0.267 ; FF ; CELL ; 1      ; FF_X34_Y35_N10            ; ascal:ascal|o_h_poly_pix.g[5]                                                        ;
+----------+---------+----+------+--------+---------------------------+--------------------------------------------------------------------------------------+

+-------------------------------------------------------------------------------------------------------------------------------------------------------------+
; Data Required Path                                                                                                                                          ;
+----------+----------+----+------+--------+---------------------------+--------------------------------------------------------------------------------------+
; Total    ; Incr     ; RF ; Type ; Fanout ; Location                  ; Element                                                                              ;
+----------+----------+----+------+--------+---------------------------+--------------------------------------------------------------------------------------+
; 6.732    ; 6.732    ;    ;      ;        ;                           ; latch edge time                                                                      ;
; 14.888   ; 8.156    ;    ;      ;        ;                           ; clock path                                                                           ;
;   6.732  ;   0.000  ;    ;      ;        ;                           ; source latency                                                                       ;
;   6.732  ;   0.000  ;    ;      ; 1      ; PIN_V11                   ; FPGA_CLK1_50                                                                         ;
;   6.732  ;   0.000  ; RR ; IC   ; 1      ; IOIBUF_X32_Y0_N1          ; FPGA_CLK1_50~input|i                                                                 ;
;   7.524  ;   0.792  ; RR ; CELL ; 2      ; IOIBUF_X32_Y0_N1          ; FPGA_CLK1_50~input|o                                                                 ;
;   8.697  ;   1.173  ; RR ; IC   ; 1      ; PLLREFCLKSELECT_X0_Y7_N0  ; pll_hdmi|pll_hdmi_inst|altera_pll_i|cyclonev_pll|fpll_0|REFCLK_SELECT|clkin[0]       ;
;   9.008  ;   0.311  ; RR ; CELL ; 1      ; PLLREFCLKSELECT_X0_Y7_N0  ; pll_hdmi|pll_hdmi_inst|altera_pll_i|cyclonev_pll|fpll_0|REFCLK_SELECT|clkout         ;
;   9.008  ;   0.000  ; RR ; IC   ; 10     ; FRACTIONALPLL_X0_Y1_N0    ; pll_hdmi|pll_hdmi_inst|altera_pll_i|cyclonev_pll|fpll_0|fpll|refclkin                ;
;   8.873  ;   -0.135 ; RR ; COMP ; 1      ; FRACTIONALPLL_X0_Y1_N0    ; pll_hdmi|pll_hdmi_inst|altera_pll_i|cyclonev_pll|fpll_0|fpll|vcoph[0]                ;
;   8.873  ;   0.000  ; RR ; IC   ; 1      ; PLLOUTPUTCOUNTER_X0_Y5_N1 ; pll_hdmi|pll_hdmi_inst|altera_pll_i|cyclonev_pll|counter[0].output_counter|vco0ph[0] ;
;   10.336 ;   1.463  ; RR ; CELL ; 3      ; PLLOUTPUTCOUNTER_X0_Y5_N1 ; pll_hdmi|pll_hdmi_inst|altera_pll_i|cyclonev_pll|counter[0].output_counter|divclk    ;
;   11.362 ;   1.026  ; RR ; IC   ; 1      ; CLKCTRL_G4                ; pll_hdmi|pll_hdmi_inst|altera_pll_i|cyclonev_pll|divclk[0]~CLKENA0|inclk             ;
;   11.675 ;   0.313  ; RR ; CELL ; 3637   ; CLKCTRL_G4                ; pll_hdmi|pll_hdmi_inst|altera_pll_i|cyclonev_pll|divclk[0]~CLKENA0|outclk            ;
;   13.645 ;   1.970  ; RR ; IC   ; 1      ; FF_X34_Y35_N10            ; ascal|o_h_poly_pix.g[5]|clk                                                          ;
;   14.111 ;   0.466  ; RR ; CELL ; 1      ; FF_X34_Y35_N10            ; ascal:ascal|o_h_poly_pix.g[5]                                                        ;
;   14.888 ;   0.777  ;    ;      ;        ;                           ; clock pessimism removed                                                              ;
; 14.688   ; -0.200   ;    ;      ;        ;                           ; clock uncertainty                                                                    ;
; 14.688   ; 0.000    ;    ; uTsu ; 1      ; FF_X34_Y35_N10            ; ascal:ascal|o_h_poly_pix.g[5]                                                        ;
+----------+----------+----+------+--------+---------------------------+--------------------------------------------------------------------------------------+

----------------------------
; Extra Fitter Information ;
----------------------------
HTML report is unavailable in plain text report export.


Path #5: Setup slack is 0.266 
===============================================================================
+--------------------------------------------------------------------------------------------------------+
; Path Summary                                                                                           ;
+--------------------+-----------------------------------------------------------------------------------+
; Property           ; Value                                                                             ;
+--------------------+-----------------------------------------------------------------------------------+
; From Node          ; ascal:ascal|o_h_poly_t.g1[16]                                                     ;
; To Node            ; ascal:ascal|o_h_poly_pix.g[3]                                                     ;
; Launch Clock       ; pll_hdmi|pll_hdmi_inst|altera_pll_i|cyclonev_pll|counter[0].output_counter|divclk ;
; Latch Clock        ; pll_hdmi|pll_hdmi_inst|altera_pll_i|cyclonev_pll|counter[0].output_counter|divclk ;
; Data Arrival Time  ; 14.422                                                                            ;
; Data Required Time ; 14.688                                                                            ;
; Slack              ; 0.266                                                                             ;
+--------------------+-----------------------------------------------------------------------------------+

+--------------------------------------------------------------------------------------+
; Statistics                                                                           ;
+------------------------+--------+-------+-------------+------------+--------+--------+
; Property               ; Value  ; Count ; Total Delay ; % of Total ; Min    ; Max    ;
+------------------------+--------+-------+-------------+------------+--------+--------+
; Setup Relationship     ; 6.732  ;       ;             ;            ;        ;        ;
; Clock Skew             ; -0.994 ;       ;             ;            ;        ;        ;
; Data Delay             ; 5.272  ;       ;             ;            ;        ;        ;
; Number of Logic Levels ;        ; 2     ;             ;            ;        ;        ;
; Physical Delays        ;        ;       ;             ;            ;        ;        ;
;  Arrival Path          ;        ;       ;             ;            ;        ;        ;
;   Clock                ;        ;       ;             ;            ;        ;        ;
;    IC                  ;        ; 6     ; 4.921       ; 54         ; 0.000  ; 2.469  ;
;    Cell                ;        ; 6     ; 4.229       ; 46         ; 0.150  ; 1.663  ;
;   Data                 ;        ;       ;             ;            ;        ;        ;
;    IC                  ;        ; 13    ; 1.854       ; 35         ; 0.000  ; 1.325  ;
;    Cell                ;        ; 14    ; 3.418       ; 65         ; 0.000  ; 1.029  ;
;    uTco                ;        ; 1     ; 0.000       ; 0          ; 0.000  ; 0.000  ;
;  Required Path         ;        ;       ;             ;            ;        ;        ;
;   Clock                ;        ;       ;             ;            ;        ;        ;
;    IC                  ;        ; 6     ; 4.169       ; 55         ; 0.000  ; 1.970  ;
;    Cell                ;        ; 5     ; 3.345       ; 45         ; 0.311  ; 1.463  ;
;    PLL Compensation    ;        ; 1     ; -0.135      ; 0          ; -0.135 ; -0.135 ;
+------------------------+--------+-------+-------------+------------+--------+--------+
Note: Negative delays are omitted from totals when calculating percentages

+------------------------------------------------------------------------------------------------------------------------------------------------------------+
; Data Arrival Path                                                                                                                                          ;
+----------+---------+----+------+--------+---------------------------+--------------------------------------------------------------------------------------+
; Total    ; Incr    ; RF ; Type ; Fanout ; Location                  ; Element                                                                              ;
+----------+---------+----+------+--------+---------------------------+--------------------------------------------------------------------------------------+
; 0.000    ; 0.000   ;    ;      ;        ;                           ; launch edge time                                                                     ;
; 9.150    ; 9.150   ;    ;      ;        ;                           ; clock path                                                                           ;
;   0.000  ;   0.000 ;    ;      ;        ;                           ; source latency                                                                       ;
;   0.000  ;   0.000 ;    ;      ; 1      ; PIN_V11                   ; FPGA_CLK1_50                                                                         ;
;   0.000  ;   0.000 ; RR ; IC   ; 1      ; IOIBUF_X32_Y0_N1          ; FPGA_CLK1_50~input|i                                                                 ;
;   0.792  ;   0.792 ; RR ; CELL ; 2      ; IOIBUF_X32_Y0_N1          ; FPGA_CLK1_50~input|o                                                                 ;
;   2.103  ;   1.311 ; RR ; IC   ; 1      ; PLLREFCLKSELECT_X0_Y7_N0  ; pll_hdmi|pll_hdmi_inst|altera_pll_i|cyclonev_pll|fpll_0|REFCLK_SELECT|clkin[0]       ;
;   2.433  ;   0.330 ; RR ; CELL ; 1      ; PLLREFCLKSELECT_X0_Y7_N0  ; pll_hdmi|pll_hdmi_inst|altera_pll_i|cyclonev_pll|fpll_0|REFCLK_SELECT|clkout         ;
;   2.433  ;   0.000 ; RR ; IC   ; 10     ; FRACTIONALPLL_X0_Y1_N0    ; pll_hdmi|pll_hdmi_inst|altera_pll_i|cyclonev_pll|fpll_0|fpll|refclkin                ;
;   2.583  ;   0.150 ; RR ; CELL ; 1      ; FRACTIONALPLL_X0_Y1_N0    ; pll_hdmi|pll_hdmi_inst|altera_pll_i|cyclonev_pll|fpll_0|fpll|vcoph[0]                ;
;   2.583  ;   0.000 ; RR ; IC   ; 1      ; PLLOUTPUTCOUNTER_X0_Y5_N1 ; pll_hdmi|pll_hdmi_inst|altera_pll_i|cyclonev_pll|counter[0].output_counter|vco0ph[0] ;
;   4.246  ;   1.663 ; RR ; CELL ; 3      ; PLLOUTPUTCOUNTER_X0_Y5_N1 ; pll_hdmi|pll_hdmi_inst|altera_pll_i|cyclonev_pll|counter[0].output_counter|divclk    ;
;   5.387  ;   1.141 ; RR ; IC   ; 1      ; CLKCTRL_G4                ; pll_hdmi|pll_hdmi_inst|altera_pll_i|cyclonev_pll|divclk[0]~CLKENA0|inclk             ;
;   5.720  ;   0.333 ; RR ; CELL ; 3637   ; CLKCTRL_G4                ; pll_hdmi|pll_hdmi_inst|altera_pll_i|cyclonev_pll|divclk[0]~CLKENA0|outclk            ;
;   8.189  ;   2.469 ; RR ; IC   ; 54     ; DSP_X32_Y37_N0            ; ascal|Add171~8|clk[0]                                                                ;
;   9.150  ;   0.961 ; RR ; CELL ; 1      ; DSP_X32_Y37_N0            ; ascal:ascal|o_h_poly_t.g1[16]                                                        ;
; 14.422   ; 5.272   ;    ;      ;        ;                           ; data path                                                                            ;
;   9.150  ;   0.000 ;    ; uTco ; 1      ; DSP_X32_Y37_N0            ; ascal:ascal|o_h_poly_t.g1[16]                                                        ;
;   9.938  ;   0.788 ; RF ; CELL ; 1      ; DSP_X32_Y37_N0            ; ascal|Add171~8|resulta[16]                                                           ;
;   11.263 ;   1.325 ; FF ; IC   ; 2      ; LABCELL_X33_Y35_N24       ; ascal|Add175~21|datac                                                                ;
;   12.292 ;   1.029 ; FF ; CELL ; 1      ; LABCELL_X33_Y35_N24       ; ascal|Add175~21|cout                                                                 ;
;   12.292 ;   0.000 ; FF ; IC   ; 2      ; LABCELL_X33_Y35_N27       ; ascal|Add175~25|cin                                                                  ;
;   12.292 ;   0.000 ; FF ; CELL ; 1      ; LABCELL_X33_Y35_N27       ; ascal|Add175~25|cout                                                                 ;
;   12.292 ;   0.000 ; FF ; IC   ; 2      ; LABCELL_X33_Y35_N30       ; ascal|Add175~29|cin                                                                  ;
;   12.425 ;   0.133 ; FF ; CELL ; 1      ; LABCELL_X33_Y35_N30       ; ascal|Add175~29|cout                                                                 ;
;   12.425 ;   0.000 ; FF ; IC   ; 2      ; LABCELL_X33_Y35_N33       ; ascal|Add175~33|cin                                                                  ;
;   12.425 ;   0.000 ; FF ; CELL ; 1      ; LABCELL_X33_Y35_N33       ; ascal|Add175~33|cout                                                                 ;
;   12.425 ;   0.000 ; FF ; IC   ; 2      ; LABCELL_X33_Y35_N36       ; ascal|Add175~37|cin                                                                  ;
;   12.479 ;   0.054 ; FF ; CELL ; 1      ; LABCELL_X33_Y35_N36       ; ascal|Add175~37|cout                                                                 ;
;   12.479 ;   0.000 ; FF ; IC   ; 2      ; LABCELL_X33_Y35_N39       ; ascal|Add175~41|cin                                                                  ;
;   12.479 ;   0.000 ; FF ; CELL ; 1      ; LABCELL_X33_Y35_N39       ; ascal|Add175~41|cout                                                                 ;
;   12.479 ;   0.000 ; FF ; IC   ; 2      ; LABCELL_X33_Y35_N42       ; ascal|Add175~45|cin                                                                  ;
;   12.533 ;   0.054 ; FF ; CELL ; 1      ; LABCELL_X33_Y35_N42       ; ascal|Add175~45|cout                                                                 ;
;   12.533 ;   0.000 ; FF ; IC   ; 2      ; LABCELL_X33_Y35_N45       ; ascal|Add175~1|cin                                                                   ;
;   12.533 ;   0.000 ; FF ; CELL ; 1      ; LABCELL_X33_Y35_N45       ; ascal|Add175~1|cout                                                                  ;
;   12.533 ;   0.000 ; FF ; IC   ; 2      ; LABCELL_X33_Y35_N48       ; ascal|Add175~5|cin                                                                   ;
;   12.587 ;   0.054 ; FF ; CELL ; 1      ; LABCELL_X33_Y35_N48       ; ascal|Add175~5|cout                                                                  ;
;   12.587 ;   0.000 ; FF ; IC   ; 2      ; LABCELL_X33_Y35_N51       ; ascal|Add175~9|cin                                                                   ;
;   12.587 ;   0.000 ; FF ; CELL ; 1      ; LABCELL_X33_Y35_N51       ; ascal|Add175~9|cout                                                                  ;
;   12.587 ;   0.000 ; FF ; IC   ; 1      ; LABCELL_X33_Y35_N54       ; ascal|Add175~13|cin                                                                  ;
;   13.029 ;   0.442 ; FF ; CELL ; 16     ; LABCELL_X33_Y35_N54       ; ascal|Add175~13|sumout                                                               ;
;   13.558 ;   0.529 ; FF ; IC   ; 1      ; MLABCELL_X34_Y35_N21      ; ascal|bound~35|datac                                                                 ;
;   14.155 ;   0.597 ; FF ; CELL ; 1      ; MLABCELL_X34_Y35_N21      ; ascal|bound~35|combout                                                               ;
;   14.155 ;   0.000 ; FF ; IC   ; 1      ; FF_X34_Y35_N22            ; ascal|o_h_poly_pix.g[3]|d                                                            ;
;   14.422 ;   0.267 ; FF ; CELL ; 1      ; FF_X34_Y35_N22            ; ascal:ascal|o_h_poly_pix.g[3]                                                        ;
+----------+---------+----+------+--------+---------------------------+--------------------------------------------------------------------------------------+

+-------------------------------------------------------------------------------------------------------------------------------------------------------------+
; Data Required Path                                                                                                                                          ;
+----------+----------+----+------+--------+---------------------------+--------------------------------------------------------------------------------------+
; Total    ; Incr     ; RF ; Type ; Fanout ; Location                  ; Element                                                                              ;
+----------+----------+----+------+--------+---------------------------+--------------------------------------------------------------------------------------+
; 6.732    ; 6.732    ;    ;      ;        ;                           ; latch edge time                                                                      ;
; 14.888   ; 8.156    ;    ;      ;        ;                           ; clock path                                                                           ;
;   6.732  ;   0.000  ;    ;      ;        ;                           ; source latency                                                                       ;
;   6.732  ;   0.000  ;    ;      ; 1      ; PIN_V11                   ; FPGA_CLK1_50                                                                         ;
;   6.732  ;   0.000  ; RR ; IC   ; 1      ; IOIBUF_X32_Y0_N1          ; FPGA_CLK1_50~input|i                                                                 ;
;   7.524  ;   0.792  ; RR ; CELL ; 2      ; IOIBUF_X32_Y0_N1          ; FPGA_CLK1_50~input|o                                                                 ;
;   8.697  ;   1.173  ; RR ; IC   ; 1      ; PLLREFCLKSELECT_X0_Y7_N0  ; pll_hdmi|pll_hdmi_inst|altera_pll_i|cyclonev_pll|fpll_0|REFCLK_SELECT|clkin[0]       ;
;   9.008  ;   0.311  ; RR ; CELL ; 1      ; PLLREFCLKSELECT_X0_Y7_N0  ; pll_hdmi|pll_hdmi_inst|altera_pll_i|cyclonev_pll|fpll_0|REFCLK_SELECT|clkout         ;
;   9.008  ;   0.000  ; RR ; IC   ; 10     ; FRACTIONALPLL_X0_Y1_N0    ; pll_hdmi|pll_hdmi_inst|altera_pll_i|cyclonev_pll|fpll_0|fpll|refclkin                ;
;   8.873  ;   -0.135 ; RR ; COMP ; 1      ; FRACTIONALPLL_X0_Y1_N0    ; pll_hdmi|pll_hdmi_inst|altera_pll_i|cyclonev_pll|fpll_0|fpll|vcoph[0]                ;
;   8.873  ;   0.000  ; RR ; IC   ; 1      ; PLLOUTPUTCOUNTER_X0_Y5_N1 ; pll_hdmi|pll_hdmi_inst|altera_pll_i|cyclonev_pll|counter[0].output_counter|vco0ph[0] ;
;   10.336 ;   1.463  ; RR ; CELL ; 3      ; PLLOUTPUTCOUNTER_X0_Y5_N1 ; pll_hdmi|pll_hdmi_inst|altera_pll_i|cyclonev_pll|counter[0].output_counter|divclk    ;
;   11.362 ;   1.026  ; RR ; IC   ; 1      ; CLKCTRL_G4                ; pll_hdmi|pll_hdmi_inst|altera_pll_i|cyclonev_pll|divclk[0]~CLKENA0|inclk             ;
;   11.675 ;   0.313  ; RR ; CELL ; 3637   ; CLKCTRL_G4                ; pll_hdmi|pll_hdmi_inst|altera_pll_i|cyclonev_pll|divclk[0]~CLKENA0|outclk            ;
;   13.645 ;   1.970  ; RR ; IC   ; 1      ; FF_X34_Y35_N22            ; ascal|o_h_poly_pix.g[3]|clk                                                          ;
;   14.111 ;   0.466  ; RR ; CELL ; 1      ; FF_X34_Y35_N22            ; ascal:ascal|o_h_poly_pix.g[3]                                                        ;
;   14.888 ;   0.777  ;    ;      ;        ;                           ; clock pessimism removed                                                              ;
; 14.688   ; -0.200   ;    ;      ;        ;                           ; clock uncertainty                                                                    ;
; 14.688   ; 0.000    ;    ; uTsu ; 1      ; FF_X34_Y35_N22            ; ascal:ascal|o_h_poly_pix.g[3]                                                        ;
+----------+----------+----+------+--------+---------------------------+--------------------------------------------------------------------------------------+

----------------------------
; Extra Fitter Information ;
----------------------------
HTML report is unavailable in plain text report export.


