----------------
; Command Info ;
----------------
Report Timing: Found 5 recovery paths (0 violated).  Worst case slack is 5.461 

Tcl Command:
    report_timing -recovery -file reports/quartus_corner_3_recovery.rpt -npaths 5 -detail full_path

Options:
    -recovery 
    -npaths 5 
    -detail full_path 
    -file {reports/quartus_corner_3_recovery.rpt} 

Delay Model:
    Fast 1100mV -40C Model

+-------------------------------------------------------------------------------------------------------------------------------------------------------------------------------------------------------------------------------------------------------------------------------------------+
; Summary of Paths                                                                                                                                                                                                                                                                          ;
+-------+------------------------+-----------------------------------------+-----------------------------------------------------------------------------------+-----------------------------------------------------------------------------------+--------------+------------+------------+
; Slack ; From Node              ; To Node                                 ; Launch Clock                                                                      ; Latch Clock                                                                       ; Relationship ; Clock Skew ; Data Delay ;
+-------+------------------------+-----------------------------------------+-----------------------------------------------------------------------------------+-----------------------------------------------------------------------------------+--------------+------------+------------+
; 5.461 ; ascal:ascal|o_reset_na ; ascal:ascal|o_state.sWAITREAD~DUPLICATE ; pll_hdmi|pll_hdmi_inst|altera_pll_i|cyclonev_pll|counter[0].output_counter|divclk ; pll_hdmi|pll_hdmi_inst|altera_pll_i|cyclonev_pll|counter[0].output_counter|divclk ; 6.732        ; -0.051     ; 1.020      ;
; 5.461 ; ascal:ascal|o_reset_na ; ascal:ascal|o_state.sWAITREAD           ; pll_hdmi|pll_hdmi_inst|altera_pll_i|cyclonev_pll|counter[0].output_counter|divclk ; pll_hdmi|pll_hdmi_inst|altera_pll_i|cyclonev_pll|counter[0].output_counter|divclk ; 6.732        ; -0.051     ; 1.020      ;
; 5.522 ; ascal:ascal|o_reset_na ; ascal:ascal|o_hsp                       ; pll_hdmi|pll_hdmi_inst|altera_pll_i|cyclonev_pll|counter[0].output_counter|divclk ; pll_hdmi|pll_hdmi_inst|altera_pll_i|cyclonev_pll|counter[0].output_counter|divclk ; 6.732        ; -0.054     ; 0.956      ;
; 5.522 ; ascal:ascal|o_reset_na ; ascal:ascal|o_state.sDISP               ; pll_hdmi|pll_hdmi_inst|altera_pll_i|cyclonev_pll|counter[0].output_counter|divclk ; pll_hdmi|pll_hdmi_inst|altera_pll_i|cyclonev_pll|counter[0].output_counter|divclk ; 6.732        ; -0.054     ; 0.956      ;
; 5.522 ; ascal:ascal|o_reset_na ; ascal:ascal|o_state.sHSYNC              ; pll_hdmi|pll_hdmi_inst|altera_pll_i|cyclonev_pll|counter[0].output_counter|divclk ; pll_hdmi|pll_hdmi_inst|altera_pll_i|cyclonev_pll|counter[0].output_counter|divclk ; 6.732        ; -0.054     ; 0.956      ;
+-------+------------------------+-----------------------------------------+-----------------------------------------------------------------------------------+-----------------------------------------------------------------------------------+--------------+------------+------------+

Path #1: Recovery slack is 5.461 
===============================================================================
+--------------------------------------------------------------------------------------------------------+
; Path Summary                                                                                           ;
+--------------------+-----------------------------------------------------------------------------------+
; Property           ; Value                                                                             ;
+--------------------+-----------------------------------------------------------------------------------+
; From Node          ; ascal:ascal|o_reset_na                                                            ;
; To Node            ; ascal:ascal|o_state.sWAITREAD~DUPLICATE                                           ;
; Launch Clock       ; pll_hdmi|pll_hdmi_inst|altera_pll_i|cyclonev_pll|counter[0].output_counter|divclk ;
; Latch Clock        ; pll_hdmi|pll_hdmi_inst|altera_pll_i|cyclonev_pll|counter[0].output_counter|divclk ;
; Data Arrival Time  ; 4.948                                                                             ;
; Data Required Time ; 10.409                                                                            ;
; Slack              ; 5.461                                                                             ;
+--------------------+-----------------------------------------------------------------------------------+

+--------------------------------------------------------------------------------------+
; Statistics                                                                           ;
+------------------------+--------+-------+-------------+------------+--------+--------+
; Property               ; Value  ; Count ; Total Delay ; % of Total ; Min    ; Max    ;
+------------------------+--------+-------+-------------+------------+--------+--------+
; Recovery Relationship  ; 6.732  ;       ;             ;            ;        ;        ;
; Clock Skew             ; -0.051 ;       ;             ;            ;        ;        ;
; Data Delay             ; 1.020  ;       ;             ;            ;        ;        ;
; Number of Logic Levels ;        ; 0     ;             ;            ;        ;        ;
; Physical Delays        ;        ;       ;             ;            ;        ;        ;
;  Arrival Path          ;        ;       ;             ;            ;        ;        ;
;   Clock                ;        ;       ;             ;            ;        ;        ;
;    IC                  ;        ; 6     ; 2.303       ; 59         ; 0.000  ; 1.176  ;
;    Cell                ;        ; 6     ; 1.625       ; 41         ; 0.015  ; 0.898  ;
;   Data                 ;        ;       ;             ;            ;        ;        ;
;    IC                  ;        ; 1     ; 0.815       ; 80         ; 0.815  ; 0.815  ;
;    Cell                ;        ; 2     ; 0.205       ; 20         ; 0.000  ; 0.205  ;
;    uTco                ;        ; 1     ; 0.000       ; 0          ; 0.000  ; 0.000  ;
;  Required Path         ;        ;       ;             ;            ;        ;        ;
;   Clock                ;        ;       ;             ;            ;        ;        ;
;    IC                  ;        ; 6     ; 2.004       ; 58         ; 0.000  ; 0.976  ;
;    Cell                ;        ; 5     ; 1.450       ; 42         ; 0.138  ; 0.781  ;
;    PLL Compensation    ;        ; 1     ; -0.101      ; 0          ; -0.101 ; -0.101 ;
+------------------------+--------+-------+-------------+------------+--------+--------+
Note: Negative delays are omitted from totals when calculating percentages

+-----------------------------------------------------------------------------------------------------------------------------------------------------------+
; Data Arrival Path                                                                                                                                         ;
+---------+---------+----+------+--------+---------------------------+--------------------------------------------------------------------------------------+
; Total   ; Incr    ; RF ; Type ; Fanout ; Location                  ; Element                                                                              ;
+---------+---------+----+------+--------+---------------------------+--------------------------------------------------------------------------------------+
; 0.000   ; 0.000   ;    ;      ;        ;                           ; launch edge time                                                                     ;
; 3.928   ; 3.928   ;    ;      ;        ;                           ; clock path                                                                           ;
;   0.000 ;   0.000 ;    ;      ;        ;                           ; source latency                                                                       ;
;   0.000 ;   0.000 ;    ;      ; 1      ; PIN_V11                   ; FPGA_CLK1_50                                                                         ;
;   0.000 ;   0.000 ; RR ; IC   ; 1      ; IOIBUF_X32_Y0_N1          ; FPGA_CLK1_50~input|i                                                                 ;
;   0.216 ;   0.216 ; RR ; CELL ; 2      ; IOIBUF_X32_Y0_N1          ; FPGA_CLK1_50~input|o                                                                 ;
;   0.818 ;   0.602 ; RR ; IC   ; 1      ; PLLREFCLKSELECT_X0_Y7_N0  ; pll_hdmi|pll_hdmi_inst|altera_pll_i|cyclonev_pll|fpll_0|REFCLK_SELECT|clkin[0]       ;
;   0.968 ;   0.150 ; RR ; CELL ; 1      ; PLLREFCLKSELECT_X0_Y7_N0  ; pll_hdmi|pll_hdmi_inst|altera_pll_i|cyclonev_pll|fpll_0|REFCLK_SELECT|clkout         ;
;   0.968 ;   0.000 ; RR ; IC   ; 10     ; FRACTIONALPLL_X0_Y1_N0    ; pll_hdmi|pll_hdmi_inst|altera_pll_i|cyclonev_pll|fpll_0|fpll|refclkin                ;
;   0.983 ;   0.015 ; RR ; CELL ; 1      ; FRACTIONALPLL_X0_Y1_N0    ; pll_hdmi|pll_hdmi_inst|altera_pll_i|cyclonev_pll|fpll_0|fpll|vcoph[0]                ;
;   0.983 ;   0.000 ; RR ; IC   ; 1      ; PLLOUTPUTCOUNTER_X0_Y5_N1 ; pll_hdmi|pll_hdmi_inst|altera_pll_i|cyclonev_pll|counter[0].output_counter|vco0ph[0] ;
;   1.881 ;   0.898 ; RR ; CELL ; 3      ; PLLOUTPUTCOUNTER_X0_Y5_N1 ; pll_hdmi|pll_hdmi_inst|altera_pll_i|cyclonev_pll|counter[0].output_counter|divclk    ;
;   2.406 ;   0.525 ; RR ; IC   ; 1      ; CLKCTRL_G4                ; pll_hdmi|pll_hdmi_inst|altera_pll_i|cyclonev_pll|divclk[0]~CLKENA0|inclk             ;
;   2.552 ;   0.146 ; RR ; CELL ; 3653   ; CLKCTRL_G4                ; pll_hdmi|pll_hdmi_inst|altera_pll_i|cyclonev_pll|divclk[0]~CLKENA0|outclk            ;
;   3.728 ;   1.176 ; RR ; IC   ; 1      ; FF_X37_Y47_N47            ; ascal|o_reset_na|clk                                                                 ;
;   3.928 ;   0.200 ; RR ; CELL ; 1      ; FF_X37_Y47_N47            ; ascal:ascal|o_reset_na                                                               ;
; 4.948   ; 1.020   ;    ;      ;        ;                           ; data path                                                                            ;
;   3.928 ;   0.000 ;    ; uTco ; 1      ; FF_X37_Y47_N47            ; ascal:ascal|o_reset_na                                                               ;
;   3.928 ;   0.000 ; FF ; CELL ; 431    ; FF_X37_Y47_N47            ; ascal|o_reset_na|q                                                                   ;
;   4.743 ;   0.815 ; FF ; IC   ; 1      ; FF_X36_Y43_N55            ; ascal|o_state.sWAITREAD~DUPLICATE|clrn                                               ;
;   4.948 ;   0.205 ; FF ; CELL ; 1      ; FF_X36_Y43_N55            ; ascal:ascal|o_state.sWAITREAD~DUPLICATE                                              ;
+---------+---------+----+------+--------+---------------------------+--------------------------------------------------------------------------------------+

+-------------------------------------------------------------------------------------------------------------------------------------------------------------+
; Data Required Path                                                                                                                                          ;
+----------+----------+----+------+--------+---------------------------+--------------------------------------------------------------------------------------+
; Total    ; Incr     ; RF ; Type ; Fanout ; Location                  ; Element                                                                              ;
+----------+----------+----+------+--------+---------------------------+--------------------------------------------------------------------------------------+
; 6.732    ; 6.732    ;    ;      ;        ;                           ; latch edge time                                                                      ;
; 10.609   ; 3.877    ;    ;      ;        ;                           ; clock path                                                                           ;
;   6.732  ;   0.000  ;    ;      ;        ;                           ; source latency                                                                       ;
;   6.732  ;   0.000  ;    ;      ; 1      ; PIN_V11                   ; FPGA_CLK1_50                                                                         ;
;   6.732  ;   0.000  ; RR ; IC   ; 1      ; IOIBUF_X32_Y0_N1          ; FPGA_CLK1_50~input|i                                                                 ;
;   6.948  ;   0.216  ; RR ; CELL ; 2      ; IOIBUF_X32_Y0_N1          ; FPGA_CLK1_50~input|o                                                                 ;
;   7.485  ;   0.537  ; RR ; IC   ; 1      ; PLLREFCLKSELECT_X0_Y7_N0  ; pll_hdmi|pll_hdmi_inst|altera_pll_i|cyclonev_pll|fpll_0|REFCLK_SELECT|clkin[0]       ;
;   7.625  ;   0.140  ; RR ; CELL ; 1      ; PLLREFCLKSELECT_X0_Y7_N0  ; pll_hdmi|pll_hdmi_inst|altera_pll_i|cyclonev_pll|fpll_0|REFCLK_SELECT|clkout         ;
;   7.625  ;   0.000  ; RR ; IC   ; 10     ; FRACTIONALPLL_X0_Y1_N0    ; pll_hdmi|pll_hdmi_inst|altera_pll_i|cyclonev_pll|fpll_0|fpll|refclkin                ;
;   7.524  ;   -0.101 ; RR ; COMP ; 1      ; FRACTIONALPLL_X0_Y1_N0    ; pll_hdmi|pll_hdmi_inst|altera_pll_i|cyclonev_pll|fpll_0|fpll|vcoph[0]                ;
;   7.524  ;   0.000  ; RR ; IC   ; 1      ; PLLOUTPUTCOUNTER_X0_Y5_N1 ; pll_hdmi|pll_hdmi_inst|altera_pll_i|cyclonev_pll|counter[0].output_counter|vco0ph[0] ;
;   8.305  ;   0.781  ; RR ; CELL ; 3      ; PLLOUTPUTCOUNTER_X0_Y5_N1 ; pll_hdmi|pll_hdmi_inst|altera_pll_i|cyclonev_pll|counter[0].output_counter|divclk    ;
;   8.796  ;   0.491  ; RR ; IC   ; 1      ; CLKCTRL_G4                ; pll_hdmi|pll_hdmi_inst|altera_pll_i|cyclonev_pll|divclk[0]~CLKENA0|inclk             ;
;   8.934  ;   0.138  ; RR ; CELL ; 3653   ; CLKCTRL_G4                ; pll_hdmi|pll_hdmi_inst|altera_pll_i|cyclonev_pll|divclk[0]~CLKENA0|outclk            ;
;   9.910  ;   0.976  ; RR ; IC   ; 1      ; FF_X36_Y43_N55            ; ascal|o_state.sWAITREAD~DUPLICATE|clk                                                ;
;   10.085 ;   0.175  ; RR ; CELL ; 1      ; FF_X36_Y43_N55            ; ascal:ascal|o_state.sWAITREAD~DUPLICATE                                              ;
;   10.609 ;   0.524  ;    ;      ;        ;                           ; clock pessimism removed                                                              ;
; 10.409   ; -0.200   ;    ;      ;        ;                           ; clock uncertainty                                                                    ;
; 10.409   ; 0.000    ;    ; uTsu ; 1      ; FF_X36_Y43_N55            ; ascal:ascal|o_state.sWAITREAD~DUPLICATE                                              ;
+----------+----------+----+------+--------+---------------------------+--------------------------------------------------------------------------------------+

----------------------------
; Extra Fitter Information ;
----------------------------
HTML report is unavailable in plain text report export.


Path #2: Recovery slack is 5.461 
===============================================================================
+--------------------------------------------------------------------------------------------------------+
; Path Summary                                                                                           ;
+--------------------+-----------------------------------------------------------------------------------+
; Property           ; Value                                                                             ;
+--------------------+-----------------------------------------------------------------------------------+
; From Node          ; ascal:ascal|o_reset_na                                                            ;
; To Node            ; ascal:ascal|o_state.sWAITREAD                                                     ;
; Launch Clock       ; pll_hdmi|pll_hdmi_inst|altera_pll_i|cyclonev_pll|counter[0].output_counter|divclk ;
; Latch Clock        ; pll_hdmi|pll_hdmi_inst|altera_pll_i|cyclonev_pll|counter[0].output_counter|divclk ;
; Data Arrival Time  ; 4.948                                                                             ;
; Data Required Time ; 10.409                                                                            ;
; Slack              ; 5.461                                                                             ;
+--------------------+-----------------------------------------------------------------------------------+

+--------------------------------------------------------------------------------------+
; Statistics                                                                           ;
+------------------------+--------+-------+-------------+------------+--------+--------+
; Property               ; Value  ; Count ; Total Delay ; % of Total ; Min    ; Max    ;
+------------------------+--------+-------+-------------+------------+--------+--------+
; Recovery Relationship  ; 6.732  ;       ;             ;            ;        ;        ;
; Clock Skew             ; -0.051 ;       ;             ;            ;        ;        ;
; Data Delay             ; 1.020  ;       ;             ;            ;        ;        ;
; Number of Logic Levels ;        ; 0     ;             ;            ;        ;        ;
; Physical Delays        ;        ;       ;             ;            ;        ;        ;
;  Arrival Path          ;        ;       ;             ;            ;        ;        ;
;   Clock                ;        ;       ;             ;            ;        ;        ;
;    IC                  ;        ; 6     ; 2.303       ; 59         ; 0.000  ; 1.176  ;
;    Cell                ;        ; 6     ; 1.625       ; 41         ; 0.015  ; 0.898  ;
;   Data                 ;        ;       ;             ;            ;        ;        ;
;    IC                  ;        ; 1     ; 0.815       ; 80         ; 0.815  ; 0.815  ;
;    Cell                ;        ; 2     ; 0.205       ; 20         ; 0.000  ; 0.205  ;
;    uTco                ;        ; 1     ; 0.000       ; 0          ; 0.000  ; 0.000  ;
;  Required Path         ;        ;       ;             ;            ;        ;        ;
;   Clock                ;        ;       ;             ;            ;        ;        ;
;    IC                  ;        ; 6     ; 2.004       ; 58         ; 0.000  ; 0.976  ;
;    Cell                ;        ; 5     ; 1.450       ; 42         ; 0.138  ; 0.781  ;
;    PLL Compensation    ;        ; 1     ; -0.101      ; 0          ; -0.101 ; -0.101 ;
+------------------------+--------+-------+-------------+------------+--------+--------+
Note: Negative delays are omitted from totals when calculating percentages

+-----------------------------------------------------------------------------------------------------------------------------------------------------------+
; Data Arrival Path                                                                                                                                         ;
+---------+---------+----+------+--------+---------------------------+--------------------------------------------------------------------------------------+
; Total   ; Incr    ; RF ; Type ; Fanout ; Location                  ; Element                                                                              ;
+---------+---------+----+------+--------+---------------------------+--------------------------------------------------------------------------------------+
; 0.000   ; 0.000   ;    ;      ;        ;                           ; launch edge time                                                                     ;
; 3.928   ; 3.928   ;    ;      ;        ;                           ; clock path                                                                           ;
;   0.000 ;   0.000 ;    ;      ;        ;                           ; source latency                                                                       ;
;   0.000 ;   0.000 ;    ;      ; 1      ; PIN_V11                   ; FPGA_CLK1_50                                                                         ;
;   0.000 ;   0.000 ; RR ; IC   ; 1      ; IOIBUF_X32_Y0_N1          ; FPGA_CLK1_50~input|i                                                                 ;
;   0.216 ;   0.216 ; RR ; CELL ; 2      ; IOIBUF_X32_Y0_N1          ; FPGA_CLK1_50~input|o                                                                 ;
;   0.818 ;   0.602 ; RR ; IC   ; 1      ; PLLREFCLKSELECT_X0_Y7_N0  ; pll_hdmi|pll_hdmi_inst|altera_pll_i|cyclonev_pll|fpll_0|REFCLK_SELECT|clkin[0]       ;
;   0.968 ;   0.150 ; RR ; CELL ; 1      ; PLLREFCLKSELECT_X0_Y7_N0  ; pll_hdmi|pll_hdmi_inst|altera_pll_i|cyclonev_pll|fpll_0|REFCLK_SELECT|clkout         ;
;   0.968 ;   0.000 ; RR ; IC   ; 10     ; FRACTIONALPLL_X0_Y1_N0    ; pll_hdmi|pll_hdmi_inst|altera_pll_i|cyclonev_pll|fpll_0|fpll|refclkin                ;
;   0.983 ;   0.015 ; RR ; CELL ; 1      ; FRACTIONALPLL_X0_Y1_N0    ; pll_hdmi|pll_hdmi_inst|altera_pll_i|cyclonev_pll|fpll_0|fpll|vcoph[0]                ;
;   0.983 ;   0.000 ; RR ; IC   ; 1      ; PLLOUTPUTCOUNTER_X0_Y5_N1 ; pll_hdmi|pll_hdmi_inst|altera_pll_i|cyclonev_pll|counter[0].output_counter|vco0ph[0] ;
;   1.881 ;   0.898 ; RR ; CELL ; 3      ; PLLOUTPUTCOUNTER_X0_Y5_N1 ; pll_hdmi|pll_hdmi_inst|altera_pll_i|cyclonev_pll|counter[0].output_counter|divclk    ;
;   2.406 ;   0.525 ; RR ; IC   ; 1      ; CLKCTRL_G4                ; pll_hdmi|pll_hdmi_inst|altera_pll_i|cyclonev_pll|divclk[0]~CLKENA0|inclk             ;
;   2.552 ;   0.146 ; RR ; CELL ; 3653   ; CLKCTRL_G4                ; pll_hdmi|pll_hdmi_inst|altera_pll_i|cyclonev_pll|divclk[0]~CLKENA0|outclk            ;
;   3.728 ;   1.176 ; RR ; IC   ; 1      ; FF_X37_Y47_N47            ; ascal|o_reset_na|clk                                                                 ;
;   3.928 ;   0.200 ; RR ; CELL ; 1      ; FF_X37_Y47_N47            ; ascal:ascal|o_reset_na                                                               ;
; 4.948   ; 1.020   ;    ;      ;        ;                           ; data path                                                                            ;
;   3.928 ;   0.000 ;    ; uTco ; 1      ; FF_X37_Y47_N47            ; ascal:ascal|o_reset_na                                                               ;
;   3.928 ;   0.000 ; FF ; CELL ; 431    ; FF_X37_Y47_N47            ; ascal|o_reset_na|q                                                                   ;
;   4.743 ;   0.815 ; FF ; IC   ; 1      ; FF_X36_Y43_N56            ; ascal|o_state.sWAITREAD|clrn                                                         ;
;   4.948 ;   0.205 ; FF ; CELL ; 1      ; FF_X36_Y43_N56            ; ascal:ascal|o_state.sWAITREAD                                                        ;
+---------+---------+----+------+--------+---------------------------+--------------------------------------------------------------------------------------+

+-------------------------------------------------------------------------------------------------------------------------------------------------------------+
; Data Required Path                                                                                                                                          ;
+----------+----------+----+------+--------+---------------------------+--------------------------------------------------------------------------------------+
; Total    ; Incr     ; RF ; Type ; Fanout ; Location                  ; Element                                                                              ;
+----------+----------+----+------+--------+---------------------------+--------------------------------------------------------------------------------------+
; 6.732    ; 6.732    ;    ;      ;        ;                           ; latch edge time                                                                      ;
; 10.609   ; 3.877    ;    ;      ;        ;                           ; clock path                                                                           ;
;   6.732  ;   0.000  ;    ;      ;        ;                           ; source latency                                                                       ;
;   6.732  ;   0.000  ;    ;      ; 1      ; PIN_V11                   ; FPGA_CLK1_50                                                                         ;
;   6.732  ;   0.000  ; RR ; IC   ; 1      ; IOIBUF_X32_Y0_N1          ; FPGA_CLK1_50~input|i                                                                 ;
;   6.948  ;   0.216  ; RR ; CELL ; 2      ; IOIBUF_X32_Y0_N1          ; FPGA_CLK1_50~input|o                                                                 ;
;   7.485  ;   0.537  ; RR ; IC   ; 1      ; PLLREFCLKSELECT_X0_Y7_N0  ; pll_hdmi|pll_hdmi_inst|altera_pll_i|cyclonev_pll|fpll_0|REFCLK_SELECT|clkin[0]       ;
;   7.625  ;   0.140  ; RR ; CELL ; 1      ; PLLREFCLKSELECT_X0_Y7_N0  ; pll_hdmi|pll_hdmi_inst|altera_pll_i|cyclonev_pll|fpll_0|REFCLK_SELECT|clkout         ;
;   7.625  ;   0.000  ; RR ; IC   ; 10     ; FRACTIONALPLL_X0_Y1_N0    ; pll_hdmi|pll_hdmi_inst|altera_pll_i|cyclonev_pll|fpll_0|fpll|refclkin                ;
;   7.524  ;   -0.101 ; RR ; COMP ; 1      ; FRACTIONALPLL_X0_Y1_N0    ; pll_hdmi|pll_hdmi_inst|altera_pll_i|cyclonev_pll|fpll_0|fpll|vcoph[0]                ;
;   7.524  ;   0.000  ; RR ; IC   ; 1      ; PLLOUTPUTCOUNTER_X0_Y5_N1 ; pll_hdmi|pll_hdmi_inst|altera_pll_i|cyclonev_pll|counter[0].output_counter|vco0ph[0] ;
;   8.305  ;   0.781  ; RR ; CELL ; 3      ; PLLOUTPUTCOUNTER_X0_Y5_N1 ; pll_hdmi|pll_hdmi_inst|altera_pll_i|cyclonev_pll|counter[0].output_counter|divclk    ;
;   8.796  ;   0.491  ; RR ; IC   ; 1      ; CLKCTRL_G4                ; pll_hdmi|pll_hdmi_inst|altera_pll_i|cyclonev_pll|divclk[0]~CLKENA0|inclk             ;
;   8.934  ;   0.138  ; RR ; CELL ; 3653   ; CLKCTRL_G4                ; pll_hdmi|pll_hdmi_inst|altera_pll_i|cyclonev_pll|divclk[0]~CLKENA0|outclk            ;
;   9.910  ;   0.976  ; RR ; IC   ; 1      ; FF_X36_Y43_N56            ; ascal|o_state.sWAITREAD|clk                                                          ;
;   10.085 ;   0.175  ; RR ; CELL ; 1      ; FF_X36_Y43_N56            ; ascal:ascal|o_state.sWAITREAD                                                        ;
;   10.609 ;   0.524  ;    ;      ;        ;                           ; clock pessimism removed                                                              ;
; 10.409   ; -0.200   ;    ;      ;        ;                           ; clock uncertainty                                                                    ;
; 10.409   ; 0.000    ;    ; uTsu ; 1      ; FF_X36_Y43_N56            ; ascal:ascal|o_state.sWAITREAD                                                        ;
+----------+----------+----+------+--------+---------------------------+--------------------------------------------------------------------------------------+

----------------------------
; Extra Fitter Information ;
----------------------------
HTML report is unavailable in plain text report export.


Path #3: Recovery slack is 5.522 
===============================================================================
+--------------------------------------------------------------------------------------------------------+
; Path Summary                                                                                           ;
+--------------------+-----------------------------------------------------------------------------------+
; Property           ; Value                                                                             ;
+--------------------+-----------------------------------------------------------------------------------+
; From Node          ; ascal:ascal|o_reset_na                                                            ;
; To Node            ; ascal:ascal|o_hsp                                                                 ;
; Launch Clock       ; pll_hdmi|pll_hdmi_inst|altera_pll_i|cyclonev_pll|counter[0].output_counter|divclk ;
; Latch Clock        ; pll_hdmi|pll_hdmi_inst|altera_pll_i|cyclonev_pll|counter[0].output_counter|divclk ;
; Data Arrival Time  ; 4.884                                                                             ;
; Data Required Time ; 10.406                                                                            ;
; Slack              ; 5.522                                                                             ;
+--------------------+-----------------------------------------------------------------------------------+

+--------------------------------------------------------------------------------------+
; Statistics                                                                           ;
+------------------------+--------+-------+-------------+------------+--------+--------+
; Property               ; Value  ; Count ; Total Delay ; % of Total ; Min    ; Max    ;
+------------------------+--------+-------+-------------+------------+--------+--------+
; Recovery Relationship  ; 6.732  ;       ;             ;            ;        ;        ;
; Clock Skew             ; -0.054 ;       ;             ;            ;        ;        ;
; Data Delay             ; 0.956  ;       ;             ;            ;        ;        ;
; Number of Logic Levels ;        ; 0     ;             ;            ;        ;        ;
; Physical Delays        ;        ;       ;             ;            ;        ;        ;
;  Arrival Path          ;        ;       ;             ;            ;        ;        ;
;   Clock                ;        ;       ;             ;            ;        ;        ;
;    IC                  ;        ; 6     ; 2.303       ; 59         ; 0.000  ; 1.176  ;
;    Cell                ;        ; 6     ; 1.625       ; 41         ; 0.015  ; 0.898  ;
;   Data                 ;        ;       ;             ;            ;        ;        ;
;    IC                  ;        ; 1     ; 0.838       ; 88         ; 0.838  ; 0.838  ;
;    Cell                ;        ; 2     ; 0.118       ; 12         ; 0.000  ; 0.118  ;
;    uTco                ;        ; 1     ; 0.000       ; 0          ; 0.000  ; 0.000  ;
;  Required Path         ;        ;       ;             ;            ;        ;        ;
;   Clock                ;        ;       ;             ;            ;        ;        ;
;    IC                  ;        ; 6     ; 1.998       ; 58         ; 0.000  ; 0.970  ;
;    Cell                ;        ; 5     ; 1.453       ; 42         ; 0.138  ; 0.781  ;
;    PLL Compensation    ;        ; 1     ; -0.101      ; 0          ; -0.101 ; -0.101 ;
+------------------------+--------+-------+-------------+------------+--------+--------+
Note: Negative delays are omitted from totals when calculating percentages

+-----------------------------------------------------------------------------------------------------------------------------------------------------------+
; Data Arrival Path                                                                                                                                         ;
+---------+---------+----+------+--------+---------------------------+--------------------------------------------------------------------------------------+
; Total   ; Incr    ; RF ; Type ; Fanout ; Location                  ; Element                                                                              ;
+---------+---------+----+------+--------+---------------------------+--------------------------------------------------------------------------------------+
; 0.000   ; 0.000   ;    ;      ;        ;                           ; launch edge time                                                                     ;
; 3.928   ; 3.928   ;    ;      ;        ;                           ; clock path                                                                           ;
;   0.000 ;   0.000 ;    ;      ;        ;                           ; source latency                                                                       ;
;   0.000 ;   0.000 ;    ;      ; 1      ; PIN_V11                   ; FPGA_CLK1_50                                                                         ;
;   0.000 ;   0.000 ; RR ; IC   ; 1      ; IOIBUF_X32_Y0_N1          ; FPGA_CLK1_50~input|i                                                                 ;
;   0.216 ;   0.216 ; RR ; CELL ; 2      ; IOIBUF_X32_Y0_N1          ; FPGA_CLK1_50~input|o                                                                 ;
;   0.818 ;   0.602 ; RR ; IC   ; 1      ; PLLREFCLKSELECT_X0_Y7_N0  ; pll_hdmi|pll_hdmi_inst|altera_pll_i|cyclonev_pll|fpll_0|REFCLK_SELECT|clkin[0]       ;
;   0.968 ;   0.150 ; RR ; CELL ; 1      ; PLLREFCLKSELECT_X0_Y7_N0  ; pll_hdmi|pll_hdmi_inst|altera_pll_i|cyclonev_pll|fpll_0|REFCLK_SELECT|clkout         ;
;   0.968 ;   0.000 ; RR ; IC   ; 10     ; FRACTIONALPLL_X0_Y1_N0    ; pll_hdmi|pll_hdmi_inst|altera_pll_i|cyclonev_pll|fpll_0|fpll|refclkin                ;
;   0.983 ;   0.015 ; RR ; CELL ; 1      ; FRACTIONALPLL_X0_Y1_N0    ; pll_hdmi|pll_hdmi_inst|altera_pll_i|cyclonev_pll|fpll_0|fpll|vcoph[0]                ;
;   0.983 ;   0.000 ; RR ; IC   ; 1      ; PLLOUTPUTCOUNTER_X0_Y5_N1 ; pll_hdmi|pll_hdmi_inst|altera_pll_i|cyclonev_pll|counter[0].output_counter|vco0ph[0] ;
;   1.881 ;   0.898 ; RR ; CELL ; 3      ; PLLOUTPUTCOUNTER_X0_Y5_N1 ; pll_hdmi|pll_hdmi_inst|altera_pll_i|cyclonev_pll|counter[0].output_counter|divclk    ;
;   2.406 ;   0.525 ; RR ; IC   ; 1      ; CLKCTRL_G4                ; pll_hdmi|pll_hdmi_inst|altera_pll_i|cyclonev_pll|divclk[0]~CLKENA0|inclk             ;
;   2.552 ;   0.146 ; RR ; CELL ; 3653   ; CLKCTRL_G4                ; pll_hdmi|pll_hdmi_inst|altera_pll_i|cyclonev_pll|divclk[0]~CLKENA0|outclk            ;
;   3.728 ;   1.176 ; RR ; IC   ; 1      ; FF_X37_Y47_N47            ; ascal|o_reset_na|clk                                                                 ;
;   3.928 ;   0.200 ; RR ; CELL ; 1      ; FF_X37_Y47_N47            ; ascal:ascal|o_reset_na                                                               ;
; 4.884   ; 0.956   ;    ;      ;        ;                           ; data path                                                                            ;
;   3.928 ;   0.000 ;    ; uTco ; 1      ; FF_X37_Y47_N47            ; ascal:ascal|o_reset_na                                                               ;
;   3.928 ;   0.000 ; FF ; CELL ; 431    ; FF_X37_Y47_N47            ; ascal|o_reset_na|q                                                                   ;
;   4.766 ;   0.838 ; FF ; IC   ; 1      ; FF_X36_Y40_N32            ; ascal|o_hsp|clrn                                                                     ;
;   4.884 ;   0.118 ; FF ; CELL ; 1      ; FF_X36_Y40_N32            ; ascal:ascal|o_hsp                                                                    ;
+---------+---------+----+------+--------+---------------------------+--------------------------------------------------------------------------------------+

+-------------------------------------------------------------------------------------------------------------------------------------------------------------+
; Data Required Path                                                                                                                                          ;
+----------+----------+----+------+--------+---------------------------+--------------------------------------------------------------------------------------+
; Total    ; Incr     ; RF ; Type ; Fanout ; Location                  ; Element                                                                              ;
+----------+----------+----+------+--------+---------------------------+--------------------------------------------------------------------------------------+
; 6.732    ; 6.732    ;    ;      ;        ;                           ; latch edge time                                                                      ;
; 10.606   ; 3.874    ;    ;      ;        ;                           ; clock path                                                                           ;
;   6.732  ;   0.000  ;    ;      ;        ;                           ; source latency                                                                       ;
;   6.732  ;   0.000  ;    ;      ; 1      ; PIN_V11                   ; FPGA_CLK1_50                                                                         ;
;   6.732  ;   0.000  ; RR ; IC   ; 1      ; IOIBUF_X32_Y0_N1          ; FPGA_CLK1_50~input|i                                                                 ;
;   6.948  ;   0.216  ; RR ; CELL ; 2      ; IOIBUF_X32_Y0_N1          ; FPGA_CLK1_50~input|o                                                                 ;
;   7.485  ;   0.537  ; RR ; IC   ; 1      ; PLLREFCLKSELECT_X0_Y7_N0  ; pll_hdmi|pll_hdmi_inst|altera_pll_i|cyclonev_pll|fpll_0|REFCLK_SELECT|clkin[0]       ;
;   7.625  ;   0.140  ; RR ; CELL ; 1      ; PLLREFCLKSELECT_X0_Y7_N0  ; pll_hdmi|pll_hdmi_inst|altera_pll_i|cyclonev_pll|fpll_0|REFCLK_SELECT|clkout         ;
;   7.625  ;   0.000  ; RR ; IC   ; 10     ; FRACTIONALPLL_X0_Y1_N0    ; pll_hdmi|pll_hdmi_inst|altera_pll_i|cyclonev_pll|fpll_0|fpll|refclkin                ;
;   7.524  ;   -0.101 ; RR ; COMP ; 1      ; FRACTIONALPLL_X0_Y1_N0    ; pll_hdmi|pll_hdmi_inst|altera_pll_i|cyclonev_pll|fpll_0|fpll|vcoph[0]                ;
;   7.524  ;   0.000  ; RR ; IC   ; 1      ; PLLOUTPUTCOUNTER_X0_Y5_N1 ; pll_hdmi|pll_hdmi_inst|altera_pll_i|cyclonev_pll|counter[0].output_counter|vco0ph[0] ;
;   8.305  ;   0.781  ; RR ; CELL ; 3      ; PLLOUTPUTCOUNTER_X0_Y5_N1 ; pll_hdmi|pll_hdmi_inst|altera_pll_i|cyclonev_pll|counter[0].output_counter|divclk    ;
;   8.796  ;   0.491  ; RR ; IC   ; 1      ; CLKCTRL_G4                ; pll_hdmi|pll_hdmi_inst|altera_pll_i|cyclonev_pll|divclk[0]~CLKENA0|inclk             ;
;   8.934  ;   0.138  ; RR ; CELL ; 3653   ; CLKCTRL_G4                ; pll_hdmi|pll_hdmi_inst|altera_pll_i|cyclonev_pll|divclk[0]~CLKENA0|outclk            ;
;   9.904  ;   0.970  ; RR ; IC   ; 1      ; FF_X36_Y40_N32            ; ascal|o_hsp|clk                                                                      ;
;   10.082 ;   0.178  ; RR ; CELL ; 1      ; FF_X36_Y40_N32            ; ascal:ascal|o_hsp                                                                    ;
;   10.606 ;   0.524  ;    ;      ;        ;                           ; clock pessimism removed                                                              ;
; 10.406   ; -0.200   ;    ;      ;        ;                           ; clock uncertainty                                                                    ;
; 10.406   ; 0.000    ;    ; uTsu ; 1      ; FF_X36_Y40_N32            ; ascal:ascal|o_hsp                                                                    ;
+----------+----------+----+------+--------+---------------------------+--------------------------------------------------------------------------------------+

----------------------------
; Extra Fitter Information ;
----------------------------
HTML report is unavailable in plain text report export.


Path #4: Recovery slack is 5.522 
===============================================================================
+--------------------------------------------------------------------------------------------------------+
; Path Summary                                                                                           ;
+--------------------+-----------------------------------------------------------------------------------+
; Property           ; Value                                                                             ;
+--------------------+-----------------------------------------------------------------------------------+
; From Node          ; ascal:ascal|o_reset_na                                                            ;
; To Node            ; ascal:ascal|o_state.sDISP                                                         ;
; Launch Clock       ; pll_hdmi|pll_hdmi_inst|altera_pll_i|cyclonev_pll|counter[0].output_counter|divclk ;
; Latch Clock        ; pll_hdmi|pll_hdmi_inst|altera_pll_i|cyclonev_pll|counter[0].output_counter|divclk ;
; Data Arrival Time  ; 4.884                                                                             ;
; Data Required Time ; 10.406                                                                            ;
; Slack              ; 5.522                                                                             ;
+--------------------+-----------------------------------------------------------------------------------+

+--------------------------------------------------------------------------------------+
; Statistics                                                                           ;
+------------------------+--------+-------+-------------+------------+--------+--------+
; Property               ; Value  ; Count ; Total Delay ; % of Total ; Min    ; Max    ;
+------------------------+--------+-------+-------------+------------+--------+--------+
; Recovery Relationship  ; 6.732  ;       ;             ;            ;        ;        ;
; Clock Skew             ; -0.054 ;       ;             ;            ;        ;        ;
; Data Delay             ; 0.956  ;       ;             ;            ;        ;        ;
; Number of Logic Levels ;        ; 0     ;             ;            ;        ;        ;
; Physical Delays        ;        ;       ;             ;            ;        ;        ;
;  Arrival Path          ;        ;       ;             ;            ;        ;        ;
;   Clock                ;        ;       ;             ;            ;        ;        ;
;    IC                  ;        ; 6     ; 2.303       ; 59         ; 0.000  ; 1.176  ;
;    Cell                ;        ; 6     ; 1.625       ; 41         ; 0.015  ; 0.898  ;
;   Data                 ;        ;       ;             ;            ;        ;        ;
;    IC                  ;        ; 1     ; 0.838       ; 88         ; 0.838  ; 0.838  ;
;    Cell                ;        ; 2     ; 0.118       ; 12         ; 0.000  ; 0.118  ;
;    uTco                ;        ; 1     ; 0.000       ; 0          ; 0.000  ; 0.000  ;
;  Required Path         ;        ;       ;             ;            ;        ;        ;
;   Clock                ;        ;       ;             ;            ;        ;        ;
;    IC                  ;        ; 6     ; 1.998       ; 58         ; 0.000  ; 0.970  ;
;    Cell                ;        ; 5     ; 1.453       ; 42         ; 0.138  ; 0.781  ;
;    PLL Compensation    ;        ; 1     ; -0.101      ; 0          ; -0.101 ; -0.101 ;
+------------------------+--------+-------+-------------+------------+--------+--------+
Note: Negative delays are omitted from totals when calculating percentages

+-----------------------------------------------------------------------------------------------------------------------------------------------------------+
; Data Arrival Path                                                                                                                                         ;
+---------+---------+----+------+--------+---------------------------+--------------------------------------------------------------------------------------+
; Total   ; Incr    ; RF ; Type ; Fanout ; Location                  ; Element                                                                              ;
+---------+---------+----+------+--------+---------------------------+--------------------------------------------------------------------------------------+
; 0.000   ; 0.000   ;    ;      ;        ;                           ; launch edge time                                                                     ;
; 3.928   ; 3.928   ;    ;      ;        ;                           ; clock path                                                                           ;
;   0.000 ;   0.000 ;    ;      ;        ;                           ; source latency                                                                       ;
;   0.000 ;   0.000 ;    ;      ; 1      ; PIN_V11                   ; FPGA_CLK1_50                                                                         ;
;   0.000 ;   0.000 ; RR ; IC   ; 1      ; IOIBUF_X32_Y0_N1          ; FPGA_CLK1_50~input|i                                                                 ;
;   0.216 ;   0.216 ; RR ; CELL ; 2      ; IOIBUF_X32_Y0_N1          ; FPGA_CLK1_50~input|o                                                                 ;
;   0.818 ;   0.602 ; RR ; IC   ; 1      ; PLLREFCLKSELECT_X0_Y7_N0  ; pll_hdmi|pll_hdmi_inst|altera_pll_i|cyclonev_pll|fpll_0|REFCLK_SELECT|clkin[0]       ;
;   0.968 ;   0.150 ; RR ; CELL ; 1      ; PLLREFCLKSELECT_X0_Y7_N0  ; pll_hdmi|pll_hdmi_inst|altera_pll_i|cyclonev_pll|fpll_0|REFCLK_SELECT|clkout         ;
;   0.968 ;   0.000 ; RR ; IC   ; 10     ; FRACTIONALPLL_X0_Y1_N0    ; pll_hdmi|pll_hdmi_inst|altera_pll_i|cyclonev_pll|fpll_0|fpll|refclkin                ;
;   0.983 ;   0.015 ; RR ; CELL ; 1      ; FRACTIONALPLL_X0_Y1_N0    ; pll_hdmi|pll_hdmi_inst|altera_pll_i|cyclonev_pll|fpll_0|fpll|vcoph[0]                ;
;   0.983 ;   0.000 ; RR ; IC   ; 1      ; PLLOUTPUTCOUNTER_X0_Y5_N1 ; pll_hdmi|pll_hdmi_inst|altera_pll_i|cyclonev_pll|counter[0].output_counter|vco0ph[0] ;
;   1.881 ;   0.898 ; RR ; CELL ; 3      ; PLLOUTPUTCOUNTER_X0_Y5_N1 ; pll_hdmi|pll_hdmi_inst|altera_pll_i|cyclonev_pll|counter[0].output_counter|divclk    ;
;   2.406 ;   0.525 ; RR ; IC   ; 1      ; CLKCTRL_G4                ; pll_hdmi|pll_hdmi_inst|altera_pll_i|cyclonev_pll|divclk[0]~CLKENA0|inclk             ;
;   2.552 ;   0.146 ; RR ; CELL ; 3653   ; CLKCTRL_G4                ; pll_hdmi|pll_hdmi_inst|altera_pll_i|cyclonev_pll|divclk[0]~CLKENA0|outclk            ;
;   3.728 ;   1.176 ; RR ; IC   ; 1      ; FF_X37_Y47_N47            ; ascal|o_reset_na|clk                                                                 ;
;   3.928 ;   0.200 ; RR ; CELL ; 1      ; FF_X37_Y47_N47            ; ascal:ascal|o_reset_na                                                               ;
; 4.884   ; 0.956   ;    ;      ;        ;                           ; data path                                                                            ;
;   3.928 ;   0.000 ;    ; uTco ; 1      ; FF_X37_Y47_N47            ; ascal:ascal|o_reset_na                                                               ;
;   3.928 ;   0.000 ; FF ; CELL ; 431    ; FF_X37_Y47_N47            ; ascal|o_reset_na|q                                                                   ;
;   4.766 ;   0.838 ; FF ; IC   ; 1      ; FF_X36_Y40_N8             ; ascal|o_state.sDISP|clrn                                                             ;
;   4.884 ;   0.118 ; FF ; CELL ; 1      ; FF_X36_Y40_N8             ; ascal:ascal|o_state.sDISP                                                            ;
+---------+---------+----+------+--------+---------------------------+--------------------------------------------------------------------------------------+

+-------------------------------------------------------------------------------------------------------------------------------------------------------------+
; Data Required Path                                                                                                                                          ;
+----------+----------+----+------+--------+---------------------------+--------------------------------------------------------------------------------------+
; Total    ; Incr     ; RF ; Type ; Fanout ; Location                  ; Element                                                                              ;
+----------+----------+----+------+--------+---------------------------+--------------------------------------------------------------------------------------+
; 6.732    ; 6.732    ;    ;      ;        ;                           ; latch edge time                                                                      ;
; 10.606   ; 3.874    ;    ;      ;        ;                           ; clock path                                                                           ;
;   6.732  ;   0.000  ;    ;      ;        ;                           ; source latency                                                                       ;
;   6.732  ;   0.000  ;    ;      ; 1      ; PIN_V11                   ; FPGA_CLK1_50                                                                         ;
;   6.732  ;   0.000  ; RR ; IC   ; 1      ; IOIBUF_X32_Y0_N1          ; FPGA_CLK1_50~input|i                                                                 ;
;   6.948  ;   0.216  ; RR ; CELL ; 2      ; IOIBUF_X32_Y0_N1          ; FPGA_CLK1_50~input|o                                                                 ;
;   7.485  ;   0.537  ; RR ; IC   ; 1      ; PLLREFCLKSELECT_X0_Y7_N0  ; pll_hdmi|pll_hdmi_inst|altera_pll_i|cyclonev_pll|fpll_0|REFCLK_SELECT|clkin[0]       ;
;   7.625  ;   0.140  ; RR ; CELL ; 1      ; PLLREFCLKSELECT_X0_Y7_N0  ; pll_hdmi|pll_hdmi_inst|altera_pll_i|cyclonev_pll|fpll_0|REFCLK_SELECT|clkout         ;
;   7.625  ;   0.000  ; RR ; IC   ; 10     ; FRACTIONALPLL_X0_Y1_N0    ; pll_hdmi|pll_hdmi_inst|altera_pll_i|cyclonev_pll|fpll_0|fpll|refclkin                ;
;   7.524  ;   -0.101 ; RR ; COMP ; 1      ; FRACTIONALPLL_X0_Y1_N0    ; pll_hdmi|pll_hdmi_inst|altera_pll_i|cyclonev_pll|fpll_0|fpll|vcoph[0]                ;
;   7.524  ;   0.000  ; RR ; IC   ; 1      ; PLLOUTPUTCOUNTER_X0_Y5_N1 ; pll_hdmi|pll_hdmi_inst|altera_pll_i|cyclonev_pll|counter[0].output_counter|vco0ph[0] ;
;   8.305  ;   0.781  ; RR ; CELL ; 3      ; PLLOUTPUTCOUNTER_X0_Y5_N1 ; pll_hdmi|pll_hdmi_inst|altera_pll_i|cyclonev_pll|counter[0].output_counter|divclk    ;
;   8.796  ;   0.491  ; RR ; IC   ; 1      ; CLKCTRL_G4                ; pll_hdmi|pll_hdmi_inst|altera_pll_i|cyclonev_pll|divclk[0]~CLKENA0|inclk             ;
;   8.934  ;   0.138  ; RR ; CELL ; 3653   ; CLKCTRL_G4                ; pll_hdmi|pll_hdmi_inst|altera_pll_i|cyclonev_pll|divclk[0]~CLKENA0|outclk            ;
;   9.904  ;   0.970  ; RR ; IC   ; 1      ; FF_X36_Y40_N8             ; ascal|o_state.sDISP|clk                                                              ;
;   10.082 ;   0.178  ; RR ; CELL ; 1      ; FF_X36_Y40_N8             ; ascal:ascal|o_state.sDISP                                                            ;
;   10.606 ;   0.524  ;    ;      ;        ;                           ; clock pessimism removed                                                              ;
; 10.406   ; -0.200   ;    ;      ;        ;                           ; clock uncertainty                                                                    ;
; 10.406   ; 0.000    ;    ; uTsu ; 1      ; FF_X36_Y40_N8             ; ascal:ascal|o_state.sDISP                                                            ;
+----------+----------+----+------+--------+---------------------------+--------------------------------------------------------------------------------------+

----------------------------
; Extra Fitter Information ;
----------------------------
HTML report is unavailable in plain text report export.


Path #5: Recovery slack is 5.522 
===============================================================================
+--------------------------------------------------------------------------------------------------------+
; Path Summary                                                                                           ;
+--------------------+-----------------------------------------------------------------------------------+
; Property           ; Value                                                                             ;
+--------------------+-----------------------------------------------------------------------------------+
; From Node          ; ascal:ascal|o_reset_na                                                            ;
; To Node            ; ascal:ascal|o_state.sHSYNC                                                        ;
; Launch Clock       ; pll_hdmi|pll_hdmi_inst|altera_pll_i|cyclonev_pll|counter[0].output_counter|divclk ;
; Latch Clock        ; pll_hdmi|pll_hdmi_inst|altera_pll_i|cyclonev_pll|counter[0].output_counter|divclk ;
; Data Arrival Time  ; 4.884                                                                             ;
; Data Required Time ; 10.406                                                                            ;
; Slack              ; 5.522                                                                             ;
+--------------------+-----------------------------------------------------------------------------------+

+--------------------------------------------------------------------------------------+
; Statistics                                                                           ;
+------------------------+--------+-------+-------------+------------+--------+--------+
; Property               ; Value  ; Count ; Total Delay ; % of Total ; Min    ; Max    ;
+------------------------+--------+-------+-------------+------------+--------+--------+
; Recovery Relationship  ; 6.732  ;       ;             ;            ;        ;        ;
; Clock Skew             ; -0.054 ;       ;             ;            ;        ;        ;
; Data Delay             ; 0.956  ;       ;             ;            ;        ;        ;
; Number of Logic Levels ;        ; 0     ;             ;            ;        ;        ;
; Physical Delays        ;        ;       ;             ;            ;        ;        ;
;  Arrival Path          ;        ;       ;             ;            ;        ;        ;
;   Clock                ;        ;       ;             ;            ;        ;        ;
;    IC                  ;        ; 6     ; 2.303       ; 59         ; 0.000  ; 1.176  ;
;    Cell                ;        ; 6     ; 1.625       ; 41         ; 0.015  ; 0.898  ;
;   Data                 ;        ;       ;             ;            ;        ;        ;
;    IC                  ;        ; 1     ; 0.838       ; 88         ; 0.838  ; 0.838  ;
;    Cell                ;        ; 2     ; 0.118       ; 12         ; 0.000  ; 0.118  ;
;    uTco                ;        ; 1     ; 0.000       ; 0          ; 0.000  ; 0.000  ;
;  Required Path         ;        ;       ;             ;            ;        ;        ;
;   Clock                ;        ;       ;             ;            ;        ;        ;
;    IC                  ;        ; 6     ; 1.998       ; 58         ; 0.000  ; 0.970  ;
;    Cell                ;        ; 5     ; 1.453       ; 42         ; 0.138  ; 0.781  ;
;    PLL Compensation    ;        ; 1     ; -0.101      ; 0          ; -0.101 ; -0.101 ;
+------------------------+--------+-------+-------------+------------+--------+--------+
Note: Negative delays are omitted from totals when calculating percentages

+-----------------------------------------------------------------------------------------------------------------------------------------------------------+
; Data Arrival Path                                                                                                                                         ;
+---------+---------+----+------+--------+---------------------------+--------------------------------------------------------------------------------------+
; Total   ; Incr    ; RF ; Type ; Fanout ; Location                  ; Element                                                                              ;
+---------+---------+----+------+--------+---------------------------+--------------------------------------------------------------------------------------+
; 0.000   ; 0.000   ;    ;      ;        ;                           ; launch edge time                                                                     ;
; 3.928   ; 3.928   ;    ;      ;        ;                           ; clock path                                                                           ;
;   0.000 ;   0.000 ;    ;      ;        ;                           ; source latency                                                                       ;
;   0.000 ;   0.000 ;    ;      ; 1      ; PIN_V11                   ; FPGA_CLK1_50                                                                         ;
;   0.000 ;   0.000 ; RR ; IC   ; 1      ; IOIBUF_X32_Y0_N1          ; FPGA_CLK1_50~input|i                                                                 ;
;   0.216 ;   0.216 ; RR ; CELL ; 2      ; IOIBUF_X32_Y0_N1          ; FPGA_CLK1_50~input|o                                                                 ;
;   0.818 ;   0.602 ; RR ; IC   ; 1      ; PLLREFCLKSELECT_X0_Y7_N0  ; pll_hdmi|pll_hdmi_inst|altera_pll_i|cyclonev_pll|fpll_0|REFCLK_SELECT|clkin[0]       ;
;   0.968 ;   0.150 ; RR ; CELL ; 1      ; PLLREFCLKSELECT_X0_Y7_N0  ; pll_hdmi|pll_hdmi_inst|altera_pll_i|cyclonev_pll|fpll_0|REFCLK_SELECT|clkout         ;
;   0.968 ;   0.000 ; RR ; IC   ; 10     ; FRACTIONALPLL_X0_Y1_N0    ; pll_hdmi|pll_hdmi_inst|altera_pll_i|cyclonev_pll|fpll_0|fpll|refclkin                ;
;   0.983 ;   0.015 ; RR ; CELL ; 1      ; FRACTIONALPLL_X0_Y1_N0    ; pll_hdmi|pll_hdmi_inst|altera_pll_i|cyclonev_pll|fpll_0|fpll|vcoph[0]                ;
;   0.983 ;   0.000 ; RR ; IC   ; 1      ; PLLOUTPUTCOUNTER_X0_Y5_N1 ; pll_hdmi|pll_hdmi_inst|altera_pll_i|cyclonev_pll|counter[0].output_counter|vco0ph[0] ;
;   1.881 ;   0.898 ; RR ; CELL ; 3      ; PLLOUTPUTCOUNTER_X0_Y5_N1 ; pll_hdmi|pll_hdmi_inst|altera_pll_i|cyclonev_pll|counter[0].output_counter|divclk    ;
;   2.406 ;   0.525 ; RR ; IC   ; 1      ; CLKCTRL_G4                ; pll_hdmi|pll_hdmi_inst|altera_pll_i|cyclonev_pll|divclk[0]~CLKENA0|inclk             ;
;   2.552 ;   0.146 ; RR ; CELL ; 3653   ; CLKCTRL_G4                ; pll_hdmi|pll_hdmi_inst|altera_pll_i|cyclonev_pll|divclk[0]~CLKENA0|outclk            ;
;   3.728 ;   1.176 ; RR ; IC   ; 1      ; FF_X37_Y47_N47            ; ascal|o_reset_na|clk                                                                 ;
;   3.928 ;   0.200 ; RR ; CELL ; 1      ; FF_X37_Y47_N47            ; ascal:ascal|o_reset_na                                                               ;
; 4.884   ; 0.956   ;    ;      ;        ;                           ; data path                                                                            ;
;   3.928 ;   0.000 ;    ; uTco ; 1      ; FF_X37_Y47_N47            ; ascal:ascal|o_reset_na                                                               ;
;   3.928 ;   0.000 ; FF ; CELL ; 431    ; FF_X37_Y47_N47            ; ascal|o_reset_na|q                                                                   ;
;   4.766 ;   0.838 ; FF ; IC   ; 1      ; FF_X36_Y40_N26            ; ascal|o_state.sHSYNC|clrn                                                            ;
;   4.884 ;   0.118 ; FF ; CELL ; 1      ; FF_X36_Y40_N26            ; ascal:ascal|o_state.sHSYNC                                                           ;
+---------+---------+----+------+--------+---------------------------+--------------------------------------------------------------------------------------+

+-------------------------------------------------------------------------------------------------------------------------------------------------------------+
; Data Required Path                                                                                                                                          ;
+----------+----------+----+------+--------+---------------------------+--------------------------------------------------------------------------------------+
; Total    ; Incr     ; RF ; Type ; Fanout ; Location                  ; Element                                                                              ;
+----------+----------+----+------+--------+---------------------------+--------------------------------------------------------------------------------------+
; 6.732    ; 6.732    ;    ;      ;        ;                           ; latch edge time                                                                      ;
; 10.606   ; 3.874    ;    ;      ;        ;                           ; clock path                                                                           ;
;   6.732  ;   0.000  ;    ;      ;        ;                           ; source latency                                                                       ;
;   6.732  ;   0.000  ;    ;      ; 1      ; PIN_V11                   ; FPGA_CLK1_50                                                                         ;
;   6.732  ;   0.000  ; RR ; IC   ; 1      ; IOIBUF_X32_Y0_N1          ; FPGA_CLK1_50~input|i                                                                 ;
;   6.948  ;   0.216  ; RR ; CELL ; 2      ; IOIBUF_X32_Y0_N1          ; FPGA_CLK1_50~input|o                                                                 ;
;   7.485  ;   0.537  ; RR ; IC   ; 1      ; PLLREFCLKSELECT_X0_Y7_N0  ; pll_hdmi|pll_hdmi_inst|altera_pll_i|cyclonev_pll|fpll_0|REFCLK_SELECT|clkin[0]       ;
;   7.625  ;   0.140  ; RR ; CELL ; 1      ; PLLREFCLKSELECT_X0_Y7_N0  ; pll_hdmi|pll_hdmi_inst|altera_pll_i|cyclonev_pll|fpll_0|REFCLK_SELECT|clkout         ;
;   7.625  ;   0.000  ; RR ; IC   ; 10     ; FRACTIONALPLL_X0_Y1_N0    ; pll_hdmi|pll_hdmi_inst|altera_pll_i|cyclonev_pll|fpll_0|fpll|refclkin                ;
;   7.524  ;   -0.101 ; RR ; COMP ; 1      ; FRACTIONALPLL_X0_Y1_N0    ; pll_hdmi|pll_hdmi_inst|altera_pll_i|cyclonev_pll|fpll_0|fpll|vcoph[0]                ;
;   7.524  ;   0.000  ; RR ; IC   ; 1      ; PLLOUTPUTCOUNTER_X0_Y5_N1 ; pll_hdmi|pll_hdmi_inst|altera_pll_i|cyclonev_pll|counter[0].output_counter|vco0ph[0] ;
;   8.305  ;   0.781  ; RR ; CELL ; 3      ; PLLOUTPUTCOUNTER_X0_Y5_N1 ; pll_hdmi|pll_hdmi_inst|altera_pll_i|cyclonev_pll|counter[0].output_counter|divclk    ;
;   8.796  ;   0.491  ; RR ; IC   ; 1      ; CLKCTRL_G4                ; pll_hdmi|pll_hdmi_inst|altera_pll_i|cyclonev_pll|divclk[0]~CLKENA0|inclk             ;
;   8.934  ;   0.138  ; RR ; CELL ; 3653   ; CLKCTRL_G4                ; pll_hdmi|pll_hdmi_inst|altera_pll_i|cyclonev_pll|divclk[0]~CLKENA0|outclk            ;
;   9.904  ;   0.970  ; RR ; IC   ; 1      ; FF_X36_Y40_N26            ; ascal|o_state.sHSYNC|clk                                                             ;
;   10.082 ;   0.178  ; RR ; CELL ; 1      ; FF_X36_Y40_N26            ; ascal:ascal|o_state.sHSYNC                                                           ;
;   10.606 ;   0.524  ;    ;      ;        ;                           ; clock pessimism removed                                                              ;
; 10.406   ; -0.200   ;    ;      ;        ;                           ; clock uncertainty                                                                    ;
; 10.406   ; 0.000    ;    ; uTsu ; 1      ; FF_X36_Y40_N26            ; ascal:ascal|o_state.sHSYNC                                                           ;
+----------+----------+----+------+--------+---------------------------+--------------------------------------------------------------------------------------+

----------------------------
; Extra Fitter Information ;
----------------------------
HTML report is unavailable in plain text report export.


