----------------
; Command Info ;
----------------
Report Timing: Found 5 setup paths (0 violated).  Worst case slack is 3.656 

Tcl Command:
    report_timing -setup -file reports/quartus_corner_3_setup.rpt -npaths 5 -detail full_path

Options:
    -setup 
    -npaths 5 
    -detail full_path 
    -file {reports/quartus_corner_3_setup.rpt} 

Delay Model:
    Fast 1100mV -40C Model

+---------------------------------------------------------------------------------------------------------------------------------------------------------------------------------------------------------------------------------------------------------------------------------------------------------------------------------------------------------------------------+
; Summary of Paths                                                                                                                                                                                                                                                                                                                                                          ;
+-------+---------------------------------------------------------------------------------------------------------------+----------------------------------+-----------------------------------------------------------------------------------+-----------------------------------------------------------------------------------+--------------+------------+------------+
; Slack ; From Node                                                                                                     ; To Node                          ; Launch Clock                                                                      ; Latch Clock                                                                       ; Relationship ; Clock Skew ; Data Delay ;
+-------+---------------------------------------------------------------------------------------------------------------+----------------------------------+-----------------------------------------------------------------------------------+-----------------------------------------------------------------------------------+--------------+------------+------------+
; 3.656 ; ascal:ascal|altsyncram:o_line3[0].r[7]__5|altsyncram_ccn1:auto_generated|ram_block1a4~PORT_B_WRITE_ENABLE_REG ; ascal:ascal|o_vpix_inner[0].r[1] ; pll_hdmi|pll_hdmi_inst|altera_pll_i|cyclonev_pll|counter[0].output_counter|divclk ; pll_hdmi|pll_hdmi_inst|altera_pll_i|cyclonev_pll|counter[0].output_counter|divclk ; 6.732        ; -0.784     ; 2.092      ;
; 3.677 ; ascal:ascal|altsyncram:o_linf0[0].r[7]__6|altsyncram_m6n1:auto_generated|ram_block1a0~PORT_B_WRITE_ENABLE_REG ; ascal:ascal|o_vpix_inner[0].r[7] ; pll_hdmi|pll_hdmi_inst|altera_pll_i|cyclonev_pll|counter[0].output_counter|divclk ; pll_hdmi|pll_hdmi_inst|altera_pll_i|cyclonev_pll|counter[0].output_counter|divclk ; 6.732        ; -1.237     ; 1.618      ;
; 3.693 ; ascal:ascal|altsyncram:o_linf0[0].r[7]__6|altsyncram_m6n1:auto_generated|ram_block1a0~PORT_B_WRITE_ENABLE_REG ; ascal:ascal|o_vpix_outer[1].r[7] ; pll_hdmi|pll_hdmi_inst|altera_pll_i|cyclonev_pll|counter[0].output_counter|divclk ; pll_hdmi|pll_hdmi_inst|altera_pll_i|cyclonev_pll|counter[0].output_counter|divclk ; 6.732        ; -1.236     ; 1.603      ;
; 3.740 ; ascal:ascal|altsyncram:o_line3[0].r[7]__5|altsyncram_ccn1:auto_generated|ram_block1a0~PORT_B_WRITE_ENABLE_REG ; ascal:ascal|o_vpix_inner[0].r[6] ; pll_hdmi|pll_hdmi_inst|altera_pll_i|cyclonev_pll|counter[0].output_counter|divclk ; pll_hdmi|pll_hdmi_inst|altera_pll_i|cyclonev_pll|counter[0].output_counter|divclk ; 6.732        ; -0.785     ; 2.007      ;
; 3.756 ; ascal:ascal|altsyncram:o_line3[0].r[7]__5|altsyncram_ccn1:auto_generated|ram_block1a0~PORT_B_WRITE_ENABLE_REG ; ascal:ascal|o_vpix_outer[1].r[6] ; pll_hdmi|pll_hdmi_inst|altera_pll_i|cyclonev_pll|counter[0].output_counter|divclk ; pll_hdmi|pll_hdmi_inst|altera_pll_i|cyclonev_pll|counter[0].output_counter|divclk ; 6.732        ; -0.784     ; 1.992      ;
+-------+---------------------------------------------------------------------------------------------------------------+----------------------------------+-----------------------------------------------------------------------------------+-----------------------------------------------------------------------------------+--------------+------------+------------+

Path #1: Setup slack is 3.656 
===============================================================================
+------------------------------------------------------------------------------------------------------------------------------------+
; Path Summary                                                                                                                       ;
+--------------------+---------------------------------------------------------------------------------------------------------------+
; Property           ; Value                                                                                                         ;
+--------------------+---------------------------------------------------------------------------------------------------------------+
; From Node          ; ascal:ascal|altsyncram:o_line3[0].r[7]__5|altsyncram_ccn1:auto_generated|ram_block1a4~PORT_B_WRITE_ENABLE_REG ;
; To Node            ; ascal:ascal|o_vpix_inner[0].r[1]                                                                              ;
; Launch Clock       ; pll_hdmi|pll_hdmi_inst|altera_pll_i|cyclonev_pll|counter[0].output_counter|divclk                             ;
; Latch Clock        ; pll_hdmi|pll_hdmi_inst|altera_pll_i|cyclonev_pll|counter[0].output_counter|divclk                             ;
; Data Arrival Time  ; 6.514                                                                                                         ;
; Data Required Time ; 10.170                                                                                                        ;
; Slack              ; 3.656                                                                                                         ;
+--------------------+---------------------------------------------------------------------------------------------------------------+

+--------------------------------------------------------------------------------------+
; Statistics                                                                           ;
+------------------------+--------+-------+-------------+------------+--------+--------+
; Property               ; Value  ; Count ; Total Delay ; % of Total ; Min    ; Max    ;
+------------------------+--------+-------+-------------+------------+--------+--------+
; Setup Relationship     ; 6.732  ;       ;             ;            ;        ;        ;
; Clock Skew             ; -0.784 ;       ;             ;            ;        ;        ;
; Data Delay             ; 2.092  ;       ;             ;            ;        ;        ;
; Number of Logic Levels ;        ; 2     ;             ;            ;        ;        ;
; Physical Delays        ;        ;       ;             ;            ;        ;        ;
;  Arrival Path          ;        ;       ;             ;            ;        ;        ;
;   Clock                ;        ;       ;             ;            ;        ;        ;
;    IC                  ;        ; 6     ; 2.218       ; 50         ; 0.000  ; 1.091  ;
;    Cell                ;        ; 6     ; 2.204       ; 50         ; 0.015  ; 0.898  ;
;   Data                 ;        ;       ;             ;            ;        ;        ;
;    IC                  ;        ; 3     ; 1.258       ; 60         ; 0.176  ; 0.825  ;
;    Cell                ;        ; 4     ; 0.834       ; 40         ; 0.040  ; 0.466  ;
;    uTco                ;        ; 1     ; 0.000       ; 0          ; 0.000  ; 0.000  ;
;  Required Path         ;        ;       ;             ;            ;        ;        ;
;   Clock                ;        ;       ;             ;            ;        ;        ;
;    IC                  ;        ; 6     ; 1.946       ; 57         ; 0.000  ; 0.918  ;
;    Cell                ;        ; 5     ; 1.443       ; 43         ; 0.138  ; 0.781  ;
;    PLL Compensation    ;        ; 1     ; -0.101      ; 0          ; -0.101 ; -0.101 ;
+------------------------+--------+-------+-------------+------------+--------+--------+
Note: Negative delays are omitted from totals when calculating percentages

+------------------------------------------------------------------------------------------------------------------------------------------------------------------------------------+
; Data Arrival Path                                                                                                                                                                  ;
+---------+---------+----+------+--------+---------------------------+---------------------------------------------------------------------------------------------------------------+
; Total   ; Incr    ; RF ; Type ; Fanout ; Location                  ; Element                                                                                                       ;
+---------+---------+----+------+--------+---------------------------+---------------------------------------------------------------------------------------------------------------+
; 0.000   ; 0.000   ;    ;      ;        ;                           ; launch edge time                                                                                              ;
; 4.422   ; 4.422   ;    ;      ;        ;                           ; clock path                                                                                                    ;
;   0.000 ;   0.000 ;    ;      ;        ;                           ; source latency                                                                                                ;
;   0.000 ;   0.000 ;    ;      ; 1      ; PIN_V11                   ; FPGA_CLK1_50                                                                                                  ;
;   0.000 ;   0.000 ; RR ; IC   ; 1      ; IOIBUF_X32_Y0_N1          ; FPGA_CLK1_50~input|i                                                                                          ;
;   0.216 ;   0.216 ; RR ; CELL ; 2      ; IOIBUF_X32_Y0_N1          ; FPGA_CLK1_50~input|o                                                                                          ;
;   0.818 ;   0.602 ; RR ; IC   ; 1      ; PLLREFCLKSELECT_X0_Y7_N0  ; pll_hdmi|pll_hdmi_inst|altera_pll_i|cyclonev_pll|fpll_0|REFCLK_SELECT|clkin[0]                                ;
;   0.968 ;   0.150 ; RR ; CELL ; 1      ; PLLREFCLKSELECT_X0_Y7_N0  ; pll_hdmi|pll_hdmi_inst|altera_pll_i|cyclonev_pll|fpll_0|REFCLK_SELECT|clkout                                  ;
;   0.968 ;   0.000 ; RR ; IC   ; 10     ; FRACTIONALPLL_X0_Y1_N0    ; pll_hdmi|pll_hdmi_inst|altera_pll_i|cyclonev_pll|fpll_0|fpll|refclkin                                         ;
;   0.983 ;   0.015 ; RR ; CELL ; 1      ; FRACTIONALPLL_X0_Y1_N0    ; pll_hdmi|pll_hdmi_inst|altera_pll_i|cyclonev_pll|fpll_0|fpll|vcoph[0]                                         ;
;   0.983 ;   0.000 ; RR ; IC   ; 1      ; PLLOUTPUTCOUNTER_X0_Y5_N1 ; pll_hdmi|pll_hdmi_inst|altera_pll_i|cyclonev_pll|counter[0].output_counter|vco0ph[0]                          ;
;   1.881 ;   0.898 ; RR ; CELL ; 3      ; PLLOUTPUTCOUNTER_X0_Y5_N1 ; pll_hdmi|pll_hdmi_inst|altera_pll_i|cyclonev_pll|counter[0].output_counter|divclk                             ;
;   2.406 ;   0.525 ; RR ; IC   ; 1      ; CLKCTRL_G4                ; pll_hdmi|pll_hdmi_inst|altera_pll_i|cyclonev_pll|divclk[0]~CLKENA0|inclk                                      ;
;   2.552 ;   0.146 ; RR ; CELL ; 3653   ; CLKCTRL_G4                ; pll_hdmi|pll_hdmi_inst|altera_pll_i|cyclonev_pll|divclk[0]~CLKENA0|outclk                                     ;
;   3.643 ;   1.091 ; RR ; IC   ; 45     ; M10K_X49_Y28_N0           ; ascal|o_line3[0].r[7]__5|auto_generated|ram_block1a4|clk0                                                     ;
;   4.422 ;   0.779 ; RR ; CELL ; 5      ; M10K_X49_Y28_N0           ; ascal:ascal|altsyncram:o_line3[0].r[7]__5|altsyncram_ccn1:auto_generated|ram_block1a4~PORT_B_WRITE_ENABLE_REG ;
; 6.514   ; 2.092   ;    ;      ;        ;                           ; data path                                                                                                     ;
;   4.422 ;   0.000 ;    ; uTco ; 5      ; M10K_X49_Y28_N0           ; ascal:ascal|altsyncram:o_line3[0].r[7]__5|altsyncram_ccn1:auto_generated|ram_block1a4~PORT_B_WRITE_ENABLE_REG ;
;   4.888 ;   0.466 ; RF ; CELL ; 1      ; M10K_X49_Y28_N0           ; ascal|o_line3[0].r[7]__5|auto_generated|ram_block1a4|portbdataout[2]                                          ;
;   5.713 ;   0.825 ; FF ; IC   ; 1      ; LABCELL_X40_Y28_N9        ; ascal|o_l3_v~17|dataf                                                                                         ;
;   5.753 ;   0.040 ; FF ; CELL ; 4      ; LABCELL_X40_Y28_N9        ; ascal|o_l3_v~17|combout                                                                                       ;
;   5.929 ;   0.176 ; FF ; IC   ; 1      ; LABCELL_X40_Y28_N54       ; ascal|Mux764~0|datae                                                                                          ;
;   6.012 ;   0.083 ; FF ; CELL ; 2      ; LABCELL_X40_Y28_N54       ; ascal|Mux764~0|combout                                                                                        ;
;   6.269 ;   0.257 ; FF ; IC   ; 1      ; FF_X40_Y28_N20            ; ascal|o_vpix_inner[0].r[1]|asdata                                                                             ;
;   6.514 ;   0.245 ; FF ; CELL ; 1      ; FF_X40_Y28_N20            ; ascal:ascal|o_vpix_inner[0].r[1]                                                                              ;
+---------+---------+----+------+--------+---------------------------+---------------------------------------------------------------------------------------------------------------+

+-------------------------------------------------------------------------------------------------------------------------------------------------------------+
; Data Required Path                                                                                                                                          ;
+----------+----------+----+------+--------+---------------------------+--------------------------------------------------------------------------------------+
; Total    ; Incr     ; RF ; Type ; Fanout ; Location                  ; Element                                                                              ;
+----------+----------+----+------+--------+---------------------------+--------------------------------------------------------------------------------------+
; 6.732    ; 6.732    ;    ;      ;        ;                           ; latch edge time                                                                      ;
; 10.370   ; 3.638    ;    ;      ;        ;                           ; clock path                                                                           ;
;   6.732  ;   0.000  ;    ;      ;        ;                           ; source latency                                                                       ;
;   6.732  ;   0.000  ;    ;      ; 1      ; PIN_V11                   ; FPGA_CLK1_50                                                                         ;
;   6.732  ;   0.000  ; RR ; IC   ; 1      ; IOIBUF_X32_Y0_N1          ; FPGA_CLK1_50~input|i                                                                 ;
;   6.948  ;   0.216  ; RR ; CELL ; 2      ; IOIBUF_X32_Y0_N1          ; FPGA_CLK1_50~input|o                                                                 ;
;   7.485  ;   0.537  ; RR ; IC   ; 1      ; PLLREFCLKSELECT_X0_Y7_N0  ; pll_hdmi|pll_hdmi_inst|altera_pll_i|cyclonev_pll|fpll_0|REFCLK_SELECT|clkin[0]       ;
;   7.625  ;   0.140  ; RR ; CELL ; 1      ; PLLREFCLKSELECT_X0_Y7_N0  ; pll_hdmi|pll_hdmi_inst|altera_pll_i|cyclonev_pll|fpll_0|REFCLK_SELECT|clkout         ;
;   7.625  ;   0.000  ; RR ; IC   ; 10     ; FRACTIONALPLL_X0_Y1_N0    ; pll_hdmi|pll_hdmi_inst|altera_pll_i|cyclonev_pll|fpll_0|fpll|refclkin                ;
;   7.524  ;   -0.101 ; RR ; COMP ; 1      ; FRACTIONALPLL_X0_Y1_N0    ; pll_hdmi|pll_hdmi_inst|altera_pll_i|cyclonev_pll|fpll_0|fpll|vcoph[0]                ;
;   7.524  ;   0.000  ; RR ; IC   ; 1      ; PLLOUTPUTCOUNTER_X0_Y5_N1 ; pll_hdmi|pll_hdmi_inst|altera_pll_i|cyclonev_pll|counter[0].output_counter|vco0ph[0] ;
;   8.305  ;   0.781  ; RR ; CELL ; 3      ; PLLOUTPUTCOUNTER_X0_Y5_N1 ; pll_hdmi|pll_hdmi_inst|altera_pll_i|cyclonev_pll|counter[0].output_counter|divclk    ;
;   8.796  ;   0.491  ; RR ; IC   ; 1      ; CLKCTRL_G4                ; pll_hdmi|pll_hdmi_inst|altera_pll_i|cyclonev_pll|divclk[0]~CLKENA0|inclk             ;
;   8.934  ;   0.138  ; RR ; CELL ; 3653   ; CLKCTRL_G4                ; pll_hdmi|pll_hdmi_inst|altera_pll_i|cyclonev_pll|divclk[0]~CLKENA0|outclk            ;
;   9.852  ;   0.918  ; RR ; IC   ; 1      ; FF_X40_Y28_N20            ; ascal|o_vpix_inner[0].r[1]|clk                                                       ;
;   10.020 ;   0.168  ; RR ; CELL ; 1      ; FF_X40_Y28_N20            ; ascal:ascal|o_vpix_inner[0].r[1]                                                     ;
;   10.370 ;   0.350  ;    ;      ;        ;                           ; clock pessimism removed                                                              ;
; 10.170   ; -0.200   ;    ;      ;        ;                           ; clock uncertainty                                                                    ;
; 10.170   ; 0.000    ;    ; uTsu ; 1      ; FF_X40_Y28_N20            ; ascal:ascal|o_vpix_inner[0].r[1]                                                     ;
+----------+----------+----+------+--------+---------------------------+--------------------------------------------------------------------------------------+

----------------------------
; Extra Fitter Information ;
----------------------------
HTML report is unavailable in plain text report export.


Path #2: Setup slack is 3.677 
===============================================================================
+------------------------------------------------------------------------------------------------------------------------------------+
; Path Summary                                                                                                                       ;
+--------------------+---------------------------------------------------------------------------------------------------------------+
; Property           ; Value                                                                                                         ;
+--------------------+---------------------------------------------------------------------------------------------------------------+
; From Node          ; ascal:ascal|altsyncram:o_linf0[0].r[7]__6|altsyncram_m6n1:auto_generated|ram_block1a0~PORT_B_WRITE_ENABLE_REG ;
; To Node            ; ascal:ascal|o_vpix_inner[0].r[7]                                                                              ;
; Launch Clock       ; pll_hdmi|pll_hdmi_inst|altera_pll_i|cyclonev_pll|counter[0].output_counter|divclk                             ;
; Latch Clock        ; pll_hdmi|pll_hdmi_inst|altera_pll_i|cyclonev_pll|counter[0].output_counter|divclk                             ;
; Data Arrival Time  ; 6.479                                                                                                         ;
; Data Required Time ; 10.156                                                                                                        ;
; Slack              ; 3.677                                                                                                         ;
+--------------------+---------------------------------------------------------------------------------------------------------------+

+--------------------------------------------------------------------------------------+
; Statistics                                                                           ;
+------------------------+--------+-------+-------------+------------+--------+--------+
; Property               ; Value  ; Count ; Total Delay ; % of Total ; Min    ; Max    ;
+------------------------+--------+-------+-------------+------------+--------+--------+
; Setup Relationship     ; 6.732  ;       ;             ;            ;        ;        ;
; Clock Skew             ; -1.237 ;       ;             ;            ;        ;        ;
; Data Delay             ; 1.618  ;       ;             ;            ;        ;        ;
; Number of Logic Levels ;        ; 2     ;             ;            ;        ;        ;
; Physical Delays        ;        ;       ;             ;            ;        ;        ;
;  Arrival Path          ;        ;       ;             ;            ;        ;        ;
;   Clock                ;        ;       ;             ;            ;        ;        ;
;    IC                  ;        ; 6     ; 2.234       ; 46         ; 0.000  ; 1.107  ;
;    Cell                ;        ; 6     ; 2.627       ; 54         ; 0.015  ; 1.202  ;
;   Data                 ;        ;       ;             ;            ;        ;        ;
;    IC                  ;        ; 3     ; 1.222       ; 76         ; 0.105  ; 0.948  ;
;    Cell                ;        ; 4     ; 0.396       ; 24         ; 0.039  ; 0.264  ;
;    uTco                ;        ; 1     ; 0.000       ; 0          ; 0.000  ; 0.000  ;
;  Required Path         ;        ;       ;             ;            ;        ;        ;
;   Clock                ;        ;       ;             ;            ;        ;        ;
;    IC                  ;        ; 6     ; 1.933       ; 57         ; 0.000  ; 0.905  ;
;    Cell                ;        ; 5     ; 1.442       ; 43         ; 0.138  ; 0.781  ;
;    PLL Compensation    ;        ; 1     ; -0.101      ; 0          ; -0.101 ; -0.101 ;
+------------------------+--------+-------+-------------+------------+--------+--------+
Note: Negative delays are omitted from totals when calculating percentages

+------------------------------------------------------------------------------------------------------------------------------------------------------------------------------------+
; Data Arrival Path                                                                                                                                                                  ;
+---------+---------+----+------+--------+---------------------------+---------------------------------------------------------------------------------------------------------------+
; Total   ; Incr    ; RF ; Type ; Fanout ; Location                  ; Element                                                                                                       ;
+---------+---------+----+------+--------+---------------------------+---------------------------------------------------------------------------------------------------------------+
; 0.000   ; 0.000   ;    ;      ;        ;                           ; launch edge time                                                                                              ;
; 4.861   ; 4.861   ;    ;      ;        ;                           ; clock path                                                                                                    ;
;   0.000 ;   0.000 ;    ;      ;        ;                           ; source latency                                                                                                ;
;   0.000 ;   0.000 ;    ;      ; 1      ; PIN_V11                   ; FPGA_CLK1_50                                                                                                  ;
;   0.000 ;   0.000 ; RR ; IC   ; 1      ; IOIBUF_X32_Y0_N1          ; FPGA_CLK1_50~input|i                                                                                          ;
;   0.216 ;   0.216 ; RR ; CELL ; 2      ; IOIBUF_X32_Y0_N1          ; FPGA_CLK1_50~input|o                                                                                          ;
;   0.818 ;   0.602 ; RR ; IC   ; 1      ; PLLREFCLKSELECT_X0_Y7_N0  ; pll_hdmi|pll_hdmi_inst|altera_pll_i|cyclonev_pll|fpll_0|REFCLK_SELECT|clkin[0]                                ;
;   0.968 ;   0.150 ; RR ; CELL ; 1      ; PLLREFCLKSELECT_X0_Y7_N0  ; pll_hdmi|pll_hdmi_inst|altera_pll_i|cyclonev_pll|fpll_0|REFCLK_SELECT|clkout                                  ;
;   0.968 ;   0.000 ; RR ; IC   ; 10     ; FRACTIONALPLL_X0_Y1_N0    ; pll_hdmi|pll_hdmi_inst|altera_pll_i|cyclonev_pll|fpll_0|fpll|refclkin                                         ;
;   0.983 ;   0.015 ; RR ; CELL ; 1      ; FRACTIONALPLL_X0_Y1_N0    ; pll_hdmi|pll_hdmi_inst|altera_pll_i|cyclonev_pll|fpll_0|fpll|vcoph[0]                                         ;
;   0.983 ;   0.000 ; RR ; IC   ; 1      ; PLLOUTPUTCOUNTER_X0_Y5_N1 ; pll_hdmi|pll_hdmi_inst|altera_pll_i|cyclonev_pll|counter[0].output_counter|vco0ph[0]                          ;
;   1.881 ;   0.898 ; RR ; CELL ; 3      ; PLLOUTPUTCOUNTER_X0_Y5_N1 ; pll_hdmi|pll_hdmi_inst|altera_pll_i|cyclonev_pll|counter[0].output_counter|divclk                             ;
;   2.406 ;   0.525 ; RR ; IC   ; 1      ; CLKCTRL_G4                ; pll_hdmi|pll_hdmi_inst|altera_pll_i|cyclonev_pll|divclk[0]~CLKENA0|inclk                                      ;
;   2.552 ;   0.146 ; RR ; CELL ; 3653   ; CLKCTRL_G4                ; pll_hdmi|pll_hdmi_inst|altera_pll_i|cyclonev_pll|divclk[0]~CLKENA0|outclk                                     ;
;   3.659 ;   1.107 ; RR ; IC   ; 43     ; M10K_X41_Y26_N0           ; ascal|o_linf0[0].r[7]__6|auto_generated|ram_block1a0|clk0                                                     ;
;   4.861 ;   1.202 ; RR ; CELL ; 24     ; M10K_X41_Y26_N0           ; ascal:ascal|altsyncram:o_linf0[0].r[7]__6|altsyncram_m6n1:auto_generated|ram_block1a0~PORT_B_WRITE_ENABLE_REG ;
; 6.479   ; 1.618   ;    ;      ;        ;                           ; data path                                                                                                     ;
;   4.861 ;   0.000 ;    ; uTco ; 24     ; M10K_X41_Y26_N0           ; ascal:ascal|altsyncram:o_linf0[0].r[7]__6|altsyncram_m6n1:auto_generated|ram_block1a0~PORT_B_WRITE_ENABLE_REG ;
;   4.913 ;   0.052 ; RF ; CELL ; 1      ; M10K_X41_Y26_N0           ; ascal|o_linf0[0].r[7]__6|auto_generated|ram_block1a0|portbdataout[0]                                          ;
;   5.861 ;   0.948 ; FF ; IC   ; 1      ; LABCELL_X45_Y29_N27       ; ascal|o_l0_v~23|dataf                                                                                         ;
;   5.900 ;   0.039 ; FF ; CELL ; 4      ; LABCELL_X45_Y29_N27       ; ascal|o_l0_v~23|combout                                                                                       ;
;   6.069 ;   0.169 ; FF ; IC   ; 1      ; LABCELL_X45_Y29_N48       ; ascal|Mux758~0|dataf                                                                                          ;
;   6.110 ;   0.041 ; FF ; CELL ; 2      ; LABCELL_X45_Y29_N48       ; ascal|Mux758~0|combout                                                                                        ;
;   6.215 ;   0.105 ; FF ; IC   ; 1      ; FF_X45_Y29_N10            ; ascal|o_vpix_inner[0].r[7]|asdata                                                                             ;
;   6.479 ;   0.264 ; FF ; CELL ; 1      ; FF_X45_Y29_N10            ; ascal:ascal|o_vpix_inner[0].r[7]                                                                              ;
+---------+---------+----+------+--------+---------------------------+---------------------------------------------------------------------------------------------------------------+

+-------------------------------------------------------------------------------------------------------------------------------------------------------------+
; Data Required Path                                                                                                                                          ;
+----------+----------+----+------+--------+---------------------------+--------------------------------------------------------------------------------------+
; Total    ; Incr     ; RF ; Type ; Fanout ; Location                  ; Element                                                                              ;
+----------+----------+----+------+--------+---------------------------+--------------------------------------------------------------------------------------+
; 6.732    ; 6.732    ;    ;      ;        ;                           ; latch edge time                                                                      ;
; 10.356   ; 3.624    ;    ;      ;        ;                           ; clock path                                                                           ;
;   6.732  ;   0.000  ;    ;      ;        ;                           ; source latency                                                                       ;
;   6.732  ;   0.000  ;    ;      ; 1      ; PIN_V11                   ; FPGA_CLK1_50                                                                         ;
;   6.732  ;   0.000  ; RR ; IC   ; 1      ; IOIBUF_X32_Y0_N1          ; FPGA_CLK1_50~input|i                                                                 ;
;   6.948  ;   0.216  ; RR ; CELL ; 2      ; IOIBUF_X32_Y0_N1          ; FPGA_CLK1_50~input|o                                                                 ;
;   7.485  ;   0.537  ; RR ; IC   ; 1      ; PLLREFCLKSELECT_X0_Y7_N0  ; pll_hdmi|pll_hdmi_inst|altera_pll_i|cyclonev_pll|fpll_0|REFCLK_SELECT|clkin[0]       ;
;   7.625  ;   0.140  ; RR ; CELL ; 1      ; PLLREFCLKSELECT_X0_Y7_N0  ; pll_hdmi|pll_hdmi_inst|altera_pll_i|cyclonev_pll|fpll_0|REFCLK_SELECT|clkout         ;
;   7.625  ;   0.000  ; RR ; IC   ; 10     ; FRACTIONALPLL_X0_Y1_N0    ; pll_hdmi|pll_hdmi_inst|altera_pll_i|cyclonev_pll|fpll_0|fpll|refclkin                ;
;   7.524  ;   -0.101 ; RR ; COMP ; 1      ; FRACTIONALPLL_X0_Y1_N0    ; pll_hdmi|pll_hdmi_inst|altera_pll_i|cyclonev_pll|fpll_0|fpll|vcoph[0]                ;
;   7.524  ;   0.000  ; RR ; IC   ; 1      ; PLLOUTPUTCOUNTER_X0_Y5_N1 ; pll_hdmi|pll_hdmi_inst|altera_pll_i|cyclonev_pll|counter[0].output_counter|vco0ph[0] ;
;   8.305  ;   0.781  ; RR ; CELL ; 3      ; PLLOUTPUTCOUNTER_X0_Y5_N1 ; pll_hdmi|pll_hdmi_inst|altera_pll_i|cyclonev_pll|counter[0].output_counter|divclk    ;
;   8.796  ;   0.491  ; RR ; IC   ; 1      ; CLKCTRL_G4                ; pll_hdmi|pll_hdmi_inst|altera_pll_i|cyclonev_pll|divclk[0]~CLKENA0|inclk             ;
;   8.934  ;   0.138  ; RR ; CELL ; 3653   ; CLKCTRL_G4                ; pll_hdmi|pll_hdmi_inst|altera_pll_i|cyclonev_pll|divclk[0]~CLKENA0|outclk            ;
;   9.839  ;   0.905  ; RR ; IC   ; 1      ; FF_X45_Y29_N10            ; ascal|o_vpix_inner[0].r[7]|clk                                                       ;
;   10.006 ;   0.167  ; RR ; CELL ; 1      ; FF_X45_Y29_N10            ; ascal:ascal|o_vpix_inner[0].r[7]                                                     ;
;   10.356 ;   0.350  ;    ;      ;        ;                           ; clock pessimism removed                                                              ;
; 10.156   ; -0.200   ;    ;      ;        ;                           ; clock uncertainty                                                                    ;
; 10.156   ; 0.000    ;    ; uTsu ; 1      ; FF_X45_Y29_N10            ; ascal:ascal|o_vpix_inner[0].r[7]                                                     ;
+----------+----------+----+------+--------+---------------------------+--------------------------------------------------------------------------------------+

----------------------------
; Extra Fitter Information ;
----------------------------
HTML report is unavailable in plain text report export.


Path #3: Setup slack is 3.693 
===============================================================================
+------------------------------------------------------------------------------------------------------------------------------------+
; Path Summary                                                                                                                       ;
+--------------------+---------------------------------------------------------------------------------------------------------------+
; Property           ; Value                                                                                                         ;
+--------------------+---------------------------------------------------------------------------------------------------------------+
; From Node          ; ascal:ascal|altsyncram:o_linf0[0].r[7]__6|altsyncram_m6n1:auto_generated|ram_block1a0~PORT_B_WRITE_ENABLE_REG ;
; To Node            ; ascal:ascal|o_vpix_outer[1].r[7]                                                                              ;
; Launch Clock       ; pll_hdmi|pll_hdmi_inst|altera_pll_i|cyclonev_pll|counter[0].output_counter|divclk                             ;
; Latch Clock        ; pll_hdmi|pll_hdmi_inst|altera_pll_i|cyclonev_pll|counter[0].output_counter|divclk                             ;
; Data Arrival Time  ; 6.464                                                                                                         ;
; Data Required Time ; 10.157                                                                                                        ;
; Slack              ; 3.693                                                                                                         ;
+--------------------+---------------------------------------------------------------------------------------------------------------+

+--------------------------------------------------------------------------------------+
; Statistics                                                                           ;
+------------------------+--------+-------+-------------+------------+--------+--------+
; Property               ; Value  ; Count ; Total Delay ; % of Total ; Min    ; Max    ;
+------------------------+--------+-------+-------------+------------+--------+--------+
; Setup Relationship     ; 6.732  ;       ;             ;            ;        ;        ;
; Clock Skew             ; -1.236 ;       ;             ;            ;        ;        ;
; Data Delay             ; 1.603  ;       ;             ;            ;        ;        ;
; Number of Logic Levels ;        ; 2     ;             ;            ;        ;        ;
; Physical Delays        ;        ;       ;             ;            ;        ;        ;
;  Arrival Path          ;        ;       ;             ;            ;        ;        ;
;   Clock                ;        ;       ;             ;            ;        ;        ;
;    IC                  ;        ; 6     ; 2.234       ; 46         ; 0.000  ; 1.107  ;
;    Cell                ;        ; 6     ; 2.627       ; 54         ; 0.015  ; 1.202  ;
;   Data                 ;        ;       ;             ;            ;        ;        ;
;    IC                  ;        ; 3     ; 1.227       ; 77         ; 0.105  ; 0.948  ;
;    Cell                ;        ; 4     ; 0.376       ; 23         ; 0.039  ; 0.245  ;
;    uTco                ;        ; 1     ; 0.000       ; 0          ; 0.000  ; 0.000  ;
;  Required Path         ;        ;       ;             ;            ;        ;        ;
;   Clock                ;        ;       ;             ;            ;        ;        ;
;    IC                  ;        ; 6     ; 1.933       ; 57         ; 0.000  ; 0.905  ;
;    Cell                ;        ; 5     ; 1.443       ; 43         ; 0.138  ; 0.781  ;
;    PLL Compensation    ;        ; 1     ; -0.101      ; 0          ; -0.101 ; -0.101 ;
+------------------------+--------+-------+-------------+------------+--------+--------+
Note: Negative delays are omitted from totals when calculating percentages

+------------------------------------------------------------------------------------------------------------------------------------------------------------------------------------+
; Data Arrival Path                                                                                                                                                                  ;
+---------+---------+----+------+--------+---------------------------+---------------------------------------------------------------------------------------------------------------+
; Total   ; Incr    ; RF ; Type ; Fanout ; Location                  ; Element                                                                                                       ;
+---------+---------+----+------+--------+---------------------------+---------------------------------------------------------------------------------------------------------------+
; 0.000   ; 0.000   ;    ;      ;        ;                           ; launch edge time                                                                                              ;
; 4.861   ; 4.861   ;    ;      ;        ;                           ; clock path                                                                                                    ;
;   0.000 ;   0.000 ;    ;      ;        ;                           ; source latency                                                                                                ;
;   0.000 ;   0.000 ;    ;      ; 1      ; PIN_V11                   ; FPGA_CLK1_50                                                                                                  ;
;   0.000 ;   0.000 ; RR ; IC   ; 1      ; IOIBUF_X32_Y0_N1          ; FPGA_CLK1_50~input|i                                                                                          ;
;   0.216 ;   0.216 ; RR ; CELL ; 2      ; IOIBUF_X32_Y0_N1          ; FPGA_CLK1_50~input|o                                                                                          ;
;   0.818 ;   0.602 ; RR ; IC   ; 1      ; PLLREFCLKSELECT_X0_Y7_N0  ; pll_hdmi|pll_hdmi_inst|altera_pll_i|cyclonev_pll|fpll_0|REFCLK_SELECT|clkin[0]                                ;
;   0.968 ;   0.150 ; RR ; CELL ; 1      ; PLLREFCLKSELECT_X0_Y7_N0  ; pll_hdmi|pll_hdmi_inst|altera_pll_i|cyclonev_pll|fpll_0|REFCLK_SELECT|clkout                                  ;
;   0.968 ;   0.000 ; RR ; IC   ; 10     ; FRACTIONALPLL_X0_Y1_N0    ; pll_hdmi|pll_hdmi_inst|altera_pll_i|cyclonev_pll|fpll_0|fpll|refclkin                                         ;
;   0.983 ;   0.015 ; RR ; CELL ; 1      ; FRACTIONALPLL_X0_Y1_N0    ; pll_hdmi|pll_hdmi_inst|altera_pll_i|cyclonev_pll|fpll_0|fpll|vcoph[0]                                         ;
;   0.983 ;   0.000 ; RR ; IC   ; 1      ; PLLOUTPUTCOUNTER_X0_Y5_N1 ; pll_hdmi|pll_hdmi_inst|altera_pll_i|cyclonev_pll|counter[0].output_counter|vco0ph[0]                          ;
;   1.881 ;   0.898 ; RR ; CELL ; 3      ; PLLOUTPUTCOUNTER_X0_Y5_N1 ; pll_hdmi|pll_hdmi_inst|altera_pll_i|cyclonev_pll|counter[0].output_counter|divclk                             ;
;   2.406 ;   0.525 ; RR ; IC   ; 1      ; CLKCTRL_G4                ; pll_hdmi|pll_hdmi_inst|altera_pll_i|cyclonev_pll|divclk[0]~CLKENA0|inclk                                      ;
;   2.552 ;   0.146 ; RR ; CELL ; 3653   ; CLKCTRL_G4                ; pll_hdmi|pll_hdmi_inst|altera_pll_i|cyclonev_pll|divclk[0]~CLKENA0|outclk                                     ;
;   3.659 ;   1.107 ; RR ; IC   ; 43     ; M10K_X41_Y26_N0           ; ascal|o_linf0[0].r[7]__6|auto_generated|ram_block1a0|clk0                                                     ;
;   4.861 ;   1.202 ; RR ; CELL ; 24     ; M10K_X41_Y26_N0           ; ascal:ascal|altsyncram:o_linf0[0].r[7]__6|altsyncram_m6n1:auto_generated|ram_block1a0~PORT_B_WRITE_ENABLE_REG ;
; 6.464   ; 1.603   ;    ;      ;        ;                           ; data path                                                                                                     ;
;   4.861 ;   0.000 ;    ; uTco ; 24     ; M10K_X41_Y26_N0           ; ascal:ascal|altsyncram:o_linf0[0].r[7]__6|altsyncram_m6n1:auto_generated|ram_block1a0~PORT_B_WRITE_ENABLE_REG ;
;   4.913 ;   0.052 ; RF ; CELL ; 1      ; M10K_X41_Y26_N0           ; ascal|o_linf0[0].r[7]__6|auto_generated|ram_block1a0|portbdataout[0]                                          ;
;   5.861 ;   0.948 ; FF ; IC   ; 1      ; LABCELL_X45_Y29_N27       ; ascal|o_l0_v~23|dataf                                                                                         ;
;   5.900 ;   0.039 ; FF ; CELL ; 4      ; LABCELL_X45_Y29_N27       ; ascal|o_l0_v~23|combout                                                                                       ;
;   6.074 ;   0.174 ; FF ; IC   ; 1      ; LABCELL_X45_Y29_N9        ; ascal|Mux758~1|dataf                                                                                          ;
;   6.114 ;   0.040 ; FF ; CELL ; 2      ; LABCELL_X45_Y29_N9        ; ascal|Mux758~1|combout                                                                                        ;
;   6.219 ;   0.105 ; FF ; IC   ; 1      ; FF_X45_Y29_N50            ; ascal|o_vpix_outer[1].r[7]|asdata                                                                             ;
;   6.464 ;   0.245 ; FF ; CELL ; 1      ; FF_X45_Y29_N50            ; ascal:ascal|o_vpix_outer[1].r[7]                                                                              ;
+---------+---------+----+------+--------+---------------------------+---------------------------------------------------------------------------------------------------------------+

+-------------------------------------------------------------------------------------------------------------------------------------------------------------+
; Data Required Path                                                                                                                                          ;
+----------+----------+----+------+--------+---------------------------+--------------------------------------------------------------------------------------+
; Total    ; Incr     ; RF ; Type ; Fanout ; Location                  ; Element                                                                              ;
+----------+----------+----+------+--------+---------------------------+--------------------------------------------------------------------------------------+
; 6.732    ; 6.732    ;    ;      ;        ;                           ; latch edge time                                                                      ;
; 10.357   ; 3.625    ;    ;      ;        ;                           ; clock path                                                                           ;
;   6.732  ;   0.000  ;    ;      ;        ;                           ; source latency                                                                       ;
;   6.732  ;   0.000  ;    ;      ; 1      ; PIN_V11                   ; FPGA_CLK1_50                                                                         ;
;   6.732  ;   0.000  ; RR ; IC   ; 1      ; IOIBUF_X32_Y0_N1          ; FPGA_CLK1_50~input|i                                                                 ;
;   6.948  ;   0.216  ; RR ; CELL ; 2      ; IOIBUF_X32_Y0_N1          ; FPGA_CLK1_50~input|o                                                                 ;
;   7.485  ;   0.537  ; RR ; IC   ; 1      ; PLLREFCLKSELECT_X0_Y7_N0  ; pll_hdmi|pll_hdmi_inst|altera_pll_i|cyclonev_pll|fpll_0|REFCLK_SELECT|clkin[0]       ;
;   7.625  ;   0.140  ; RR ; CELL ; 1      ; PLLREFCLKSELECT_X0_Y7_N0  ; pll_hdmi|pll_hdmi_inst|altera_pll_i|cyclonev_pll|fpll_0|REFCLK_SELECT|clkout         ;
;   7.625  ;   0.000  ; RR ; IC   ; 10     ; FRACTIONALPLL_X0_Y1_N0    ; pll_hdmi|pll_hdmi_inst|altera_pll_i|cyclonev_pll|fpll_0|fpll|refclkin                ;
;   7.524  ;   -0.101 ; RR ; COMP ; 1      ; FRACTIONALPLL_X0_Y1_N0    ; pll_hdmi|pll_hdmi_inst|altera_pll_i|cyclonev_pll|fpll_0|fpll|vcoph[0]                ;
;   7.524  ;   0.000  ; RR ; IC   ; 1      ; PLLOUTPUTCOUNTER_X0_Y5_N1 ; pll_hdmi|pll_hdmi_inst|altera_pll_i|cyclonev_pll|counter[0].output_counter|vco0ph[0] ;
;   8.305  ;   0.781  ; RR ; CELL ; 3      ; PLLOUTPUTCOUNTER_X0_Y5_N1 ; pll_hdmi|pll_hdmi_inst|altera_pll_i|cyclonev_pll|counter[0].output_counter|divclk    ;
;   8.796  ;   0.491  ; RR ; IC   ; 1      ; CLKCTRL_G4                ; pll_hdmi|pll_hdmi_inst|altera_pll_i|cyclonev_pll|divclk[0]~CLKENA0|inclk             ;
;   8.934  ;   0.138  ; RR ; CELL ; 3653   ; CLKCTRL_G4                ; pll_hdmi|pll_hdmi_inst|altera_pll_i|cyclonev_pll|divclk[0]~CLKENA0|outclk            ;
;   9.839  ;   0.905  ; RR ; IC   ; 1      ; FF_X45_Y29_N50            ; ascal|o_vpix_outer[1].r[7]|clk                                                       ;
;   10.007 ;   0.168  ; RR ; CELL ; 1      ; FF_X45_Y29_N50            ; ascal:ascal|o_vpix_outer[1].r[7]                                                     ;
;   10.357 ;   0.350  ;    ;      ;        ;                           ; clock pessimism removed                                                              ;
; 10.157   ; -0.200   ;    ;      ;        ;                           ; clock uncertainty                                                                    ;
; 10.157   ; 0.000    ;    ; uTsu ; 1      ; FF_X45_Y29_N50            ; ascal:ascal|o_vpix_outer[1].r[7]                                                     ;
+----------+----------+----+------+--------+---------------------------+--------------------------------------------------------------------------------------+

----------------------------
; Extra Fitter Information ;
----------------------------
HTML report is unavailable in plain text report export.


Path #4: Setup slack is 3.740 
===============================================================================
+------------------------------------------------------------------------------------------------------------------------------------+
; Path Summary                                                                                                                       ;
+--------------------+---------------------------------------------------------------------------------------------------------------+
; Property           ; Value                                                                                                         ;
+--------------------+---------------------------------------------------------------------------------------------------------------+
; From Node          ; ascal:ascal|altsyncram:o_line3[0].r[7]__5|altsyncram_ccn1:auto_generated|ram_block1a0~PORT_B_WRITE_ENABLE_REG ;
; To Node            ; ascal:ascal|o_vpix_inner[0].r[6]                                                                              ;
; Launch Clock       ; pll_hdmi|pll_hdmi_inst|altera_pll_i|cyclonev_pll|counter[0].output_counter|divclk                             ;
; Latch Clock        ; pll_hdmi|pll_hdmi_inst|altera_pll_i|cyclonev_pll|counter[0].output_counter|divclk                             ;
; Data Arrival Time  ; 6.430                                                                                                         ;
; Data Required Time ; 10.170                                                                                                        ;
; Slack              ; 3.740                                                                                                         ;
+--------------------+---------------------------------------------------------------------------------------------------------------+

+--------------------------------------------------------------------------------------+
; Statistics                                                                           ;
+------------------------+--------+-------+-------------+------------+--------+--------+
; Property               ; Value  ; Count ; Total Delay ; % of Total ; Min    ; Max    ;
+------------------------+--------+-------+-------------+------------+--------+--------+
; Setup Relationship     ; 6.732  ;       ;             ;            ;        ;        ;
; Clock Skew             ; -0.785 ;       ;             ;            ;        ;        ;
; Data Delay             ; 2.007  ;       ;             ;            ;        ;        ;
; Number of Logic Levels ;        ; 2     ;             ;            ;        ;        ;
; Physical Delays        ;        ;       ;             ;            ;        ;        ;
;  Arrival Path          ;        ;       ;             ;            ;        ;        ;
;   Clock                ;        ;       ;             ;            ;        ;        ;
;    IC                  ;        ; 6     ; 2.219       ; 50         ; 0.000  ; 1.092  ;
;    Cell                ;        ; 6     ; 2.204       ; 50         ; 0.015  ; 0.898  ;
;   Data                 ;        ;       ;             ;            ;        ;        ;
;    IC                  ;        ; 3     ; 1.031       ; 51         ; 0.109  ; 0.810  ;
;    Cell                ;        ; 4     ; 0.976       ; 49         ; 0.040  ; 0.466  ;
;    uTco                ;        ; 1     ; 0.000       ; 0          ; 0.000  ; 0.000  ;
;  Required Path         ;        ;       ;             ;            ;        ;        ;
;   Clock                ;        ;       ;             ;            ;        ;        ;
;    IC                  ;        ; 6     ; 1.947       ; 57         ; 0.000  ; 0.919  ;
;    Cell                ;        ; 5     ; 1.442       ; 43         ; 0.138  ; 0.781  ;
;    PLL Compensation    ;        ; 1     ; -0.101      ; 0          ; -0.101 ; -0.101 ;
+------------------------+--------+-------+-------------+------------+--------+--------+
Note: Negative delays are omitted from totals when calculating percentages

+------------------------------------------------------------------------------------------------------------------------------------------------------------------------------------+
; Data Arrival Path                                                                                                                                                                  ;
+---------+---------+----+------+--------+---------------------------+---------------------------------------------------------------------------------------------------------------+
; Total   ; Incr    ; RF ; Type ; Fanout ; Location                  ; Element                                                                                                       ;
+---------+---------+----+------+--------+---------------------------+---------------------------------------------------------------------------------------------------------------+
; 0.000   ; 0.000   ;    ;      ;        ;                           ; launch edge time                                                                                              ;
; 4.423   ; 4.423   ;    ;      ;        ;                           ; clock path                                                                                                    ;
;   0.000 ;   0.000 ;    ;      ;        ;                           ; source latency                                                                                                ;
;   0.000 ;   0.000 ;    ;      ; 1      ; PIN_V11                   ; FPGA_CLK1_50                                                                                                  ;
;   0.000 ;   0.000 ; RR ; IC   ; 1      ; IOIBUF_X32_Y0_N1          ; FPGA_CLK1_50~input|i                                                                                          ;
;   0.216 ;   0.216 ; RR ; CELL ; 2      ; IOIBUF_X32_Y0_N1          ; FPGA_CLK1_50~input|o                                                                                          ;
;   0.818 ;   0.602 ; RR ; IC   ; 1      ; PLLREFCLKSELECT_X0_Y7_N0  ; pll_hdmi|pll_hdmi_inst|altera_pll_i|cyclonev_pll|fpll_0|REFCLK_SELECT|clkin[0]                                ;
;   0.968 ;   0.150 ; RR ; CELL ; 1      ; PLLREFCLKSELECT_X0_Y7_N0  ; pll_hdmi|pll_hdmi_inst|altera_pll_i|cyclonev_pll|fpll_0|REFCLK_SELECT|clkout                                  ;
;   0.968 ;   0.000 ; RR ; IC   ; 10     ; FRACTIONALPLL_X0_Y1_N0    ; pll_hdmi|pll_hdmi_inst|altera_pll_i|cyclonev_pll|fpll_0|fpll|refclkin                                         ;
;   0.983 ;   0.015 ; RR ; CELL ; 1      ; FRACTIONALPLL_X0_Y1_N0    ; pll_hdmi|pll_hdmi_inst|altera_pll_i|cyclonev_pll|fpll_0|fpll|vcoph[0]                                         ;
;   0.983 ;   0.000 ; RR ; IC   ; 1      ; PLLOUTPUTCOUNTER_X0_Y5_N1 ; pll_hdmi|pll_hdmi_inst|altera_pll_i|cyclonev_pll|counter[0].output_counter|vco0ph[0]                          ;
;   1.881 ;   0.898 ; RR ; CELL ; 3      ; PLLOUTPUTCOUNTER_X0_Y5_N1 ; pll_hdmi|pll_hdmi_inst|altera_pll_i|cyclonev_pll|counter[0].output_counter|divclk                             ;
;   2.406 ;   0.525 ; RR ; IC   ; 1      ; CLKCTRL_G4                ; pll_hdmi|pll_hdmi_inst|altera_pll_i|cyclonev_pll|divclk[0]~CLKENA0|inclk                                      ;
;   2.552 ;   0.146 ; RR ; CELL ; 3653   ; CLKCTRL_G4                ; pll_hdmi|pll_hdmi_inst|altera_pll_i|cyclonev_pll|divclk[0]~CLKENA0|outclk                                     ;
;   3.644 ;   1.092 ; RR ; IC   ; 41     ; M10K_X49_Y26_N0           ; ascal|o_line3[0].r[7]__5|auto_generated|ram_block1a0|clk0                                                     ;
;   4.423 ;   0.779 ; RR ; CELL ; 4      ; M10K_X49_Y26_N0           ; ascal:ascal|altsyncram:o_line3[0].r[7]__5|altsyncram_ccn1:auto_generated|ram_block1a0~PORT_B_WRITE_ENABLE_REG ;
; 6.430   ; 2.007   ;    ;      ;        ;                           ; data path                                                                                                     ;
;   4.423 ;   0.000 ;    ; uTco ; 4      ; M10K_X49_Y26_N0           ; ascal:ascal|altsyncram:o_line3[0].r[7]__5|altsyncram_ccn1:auto_generated|ram_block1a0~PORT_B_WRITE_ENABLE_REG ;
;   4.889 ;   0.466 ; RF ; CELL ; 1      ; M10K_X49_Y26_N0           ; ascal|o_line3[0].r[7]__5|auto_generated|ram_block1a0|portbdataout[1]                                          ;
;   5.699 ;   0.810 ; FF ; IC   ; 1      ; LABCELL_X43_Y27_N51       ; ascal|o_l3_v~22|dataf                                                                                         ;
;   5.739 ;   0.040 ; FF ; CELL ; 4      ; LABCELL_X43_Y27_N51       ; ascal|o_l3_v~22|combout                                                                                       ;
;   5.848 ;   0.109 ; FF ; IC   ; 1      ; LABCELL_X43_Y27_N12       ; ascal|Mux759~0|datac                                                                                          ;
;   6.054 ;   0.206 ; FF ; CELL ; 2      ; LABCELL_X43_Y27_N12       ; ascal|Mux759~0|combout                                                                                        ;
;   6.166 ;   0.112 ; FF ; IC   ; 1      ; FF_X43_Y27_N34            ; ascal|o_vpix_inner[0].r[6]|asdata                                                                             ;
;   6.430 ;   0.264 ; FF ; CELL ; 1      ; FF_X43_Y27_N34            ; ascal:ascal|o_vpix_inner[0].r[6]                                                                              ;
+---------+---------+----+------+--------+---------------------------+---------------------------------------------------------------------------------------------------------------+

+-------------------------------------------------------------------------------------------------------------------------------------------------------------+
; Data Required Path                                                                                                                                          ;
+----------+----------+----+------+--------+---------------------------+--------------------------------------------------------------------------------------+
; Total    ; Incr     ; RF ; Type ; Fanout ; Location                  ; Element                                                                              ;
+----------+----------+----+------+--------+---------------------------+--------------------------------------------------------------------------------------+
; 6.732    ; 6.732    ;    ;      ;        ;                           ; latch edge time                                                                      ;
; 10.370   ; 3.638    ;    ;      ;        ;                           ; clock path                                                                           ;
;   6.732  ;   0.000  ;    ;      ;        ;                           ; source latency                                                                       ;
;   6.732  ;   0.000  ;    ;      ; 1      ; PIN_V11                   ; FPGA_CLK1_50                                                                         ;
;   6.732  ;   0.000  ; RR ; IC   ; 1      ; IOIBUF_X32_Y0_N1          ; FPGA_CLK1_50~input|i                                                                 ;
;   6.948  ;   0.216  ; RR ; CELL ; 2      ; IOIBUF_X32_Y0_N1          ; FPGA_CLK1_50~input|o                                                                 ;
;   7.485  ;   0.537  ; RR ; IC   ; 1      ; PLLREFCLKSELECT_X0_Y7_N0  ; pll_hdmi|pll_hdmi_inst|altera_pll_i|cyclonev_pll|fpll_0|REFCLK_SELECT|clkin[0]       ;
;   7.625  ;   0.140  ; RR ; CELL ; 1      ; PLLREFCLKSELECT_X0_Y7_N0  ; pll_hdmi|pll_hdmi_inst|altera_pll_i|cyclonev_pll|fpll_0|REFCLK_SELECT|clkout         ;
;   7.625  ;   0.000  ; RR ; IC   ; 10     ; FRACTIONALPLL_X0_Y1_N0    ; pll_hdmi|pll_hdmi_inst|altera_pll_i|cyclonev_pll|fpll_0|fpll|refclkin                ;
;   7.524  ;   -0.101 ; RR ; COMP ; 1      ; FRACTIONALPLL_X0_Y1_N0    ; pll_hdmi|pll_hdmi_inst|altera_pll_i|cyclonev_pll|fpll_0|fpll|vcoph[0]                ;
;   7.524  ;   0.000  ; RR ; IC   ; 1      ; PLLOUTPUTCOUNTER_X0_Y5_N1 ; pll_hdmi|pll_hdmi_inst|altera_pll_i|cyclonev_pll|counter[0].output_counter|vco0ph[0] ;
;   8.305  ;   0.781  ; RR ; CELL ; 3      ; PLLOUTPUTCOUNTER_X0_Y5_N1 ; pll_hdmi|pll_hdmi_inst|altera_pll_i|cyclonev_pll|counter[0].output_counter|divclk    ;
;   8.796  ;   0.491  ; RR ; IC   ; 1      ; CLKCTRL_G4                ; pll_hdmi|pll_hdmi_inst|altera_pll_i|cyclonev_pll|divclk[0]~CLKENA0|inclk             ;
;   8.934  ;   0.138  ; RR ; CELL ; 3653   ; CLKCTRL_G4                ; pll_hdmi|pll_hdmi_inst|altera_pll_i|cyclonev_pll|divclk[0]~CLKENA0|outclk            ;
;   9.853  ;   0.919  ; RR ; IC   ; 1      ; FF_X43_Y27_N34            ; ascal|o_vpix_inner[0].r[6]|clk                                                       ;
;   10.020 ;   0.167  ; RR ; CELL ; 1      ; FF_X43_Y27_N34            ; ascal:ascal|o_vpix_inner[0].r[6]                                                     ;
;   10.370 ;   0.350  ;    ;      ;        ;                           ; clock pessimism removed                                                              ;
; 10.170   ; -0.200   ;    ;      ;        ;                           ; clock uncertainty                                                                    ;
; 10.170   ; 0.000    ;    ; uTsu ; 1      ; FF_X43_Y27_N34            ; ascal:ascal|o_vpix_inner[0].r[6]                                                     ;
+----------+----------+----+------+--------+---------------------------+--------------------------------------------------------------------------------------+

----------------------------
; Extra Fitter Information ;
----------------------------
HTML report is unavailable in plain text report export.


Path #5: Setup slack is 3.756 
===============================================================================
+------------------------------------------------------------------------------------------------------------------------------------+
; Path Summary                                                                                                                       ;
+--------------------+---------------------------------------------------------------------------------------------------------------+
; Property           ; Value                                                                                                         ;
+--------------------+---------------------------------------------------------------------------------------------------------------+
; From Node          ; ascal:ascal|altsyncram:o_line3[0].r[7]__5|altsyncram_ccn1:auto_generated|ram_block1a0~PORT_B_WRITE_ENABLE_REG ;
; To Node            ; ascal:ascal|o_vpix_outer[1].r[6]                                                                              ;
; Launch Clock       ; pll_hdmi|pll_hdmi_inst|altera_pll_i|cyclonev_pll|counter[0].output_counter|divclk                             ;
; Latch Clock        ; pll_hdmi|pll_hdmi_inst|altera_pll_i|cyclonev_pll|counter[0].output_counter|divclk                             ;
; Data Arrival Time  ; 6.415                                                                                                         ;
; Data Required Time ; 10.171                                                                                                        ;
; Slack              ; 3.756                                                                                                         ;
+--------------------+---------------------------------------------------------------------------------------------------------------+

+--------------------------------------------------------------------------------------+
; Statistics                                                                           ;
+------------------------+--------+-------+-------------+------------+--------+--------+
; Property               ; Value  ; Count ; Total Delay ; % of Total ; Min    ; Max    ;
+------------------------+--------+-------+-------------+------------+--------+--------+
; Setup Relationship     ; 6.732  ;       ;             ;            ;        ;        ;
; Clock Skew             ; -0.784 ;       ;             ;            ;        ;        ;
; Data Delay             ; 1.992  ;       ;             ;            ;        ;        ;
; Number of Logic Levels ;        ; 2     ;             ;            ;        ;        ;
; Physical Delays        ;        ;       ;             ;            ;        ;        ;
;  Arrival Path          ;        ;       ;             ;            ;        ;        ;
;   Clock                ;        ;       ;             ;            ;        ;        ;
;    IC                  ;        ; 6     ; 2.219       ; 50         ; 0.000  ; 1.092  ;
;    Cell                ;        ; 6     ; 2.204       ; 50         ; 0.015  ; 0.898  ;
;   Data                 ;        ;       ;             ;            ;        ;        ;
;    IC                  ;        ; 3     ; 1.036       ; 52         ; 0.107  ; 0.810  ;
;    Cell                ;        ; 4     ; 0.956       ; 48         ; 0.040  ; 0.466  ;
;    uTco                ;        ; 1     ; 0.000       ; 0          ; 0.000  ; 0.000  ;
;  Required Path         ;        ;       ;             ;            ;        ;        ;
;   Clock                ;        ;       ;             ;            ;        ;        ;
;    IC                  ;        ; 6     ; 1.947       ; 57         ; 0.000  ; 0.919  ;
;    Cell                ;        ; 5     ; 1.443       ; 43         ; 0.138  ; 0.781  ;
;    PLL Compensation    ;        ; 1     ; -0.101      ; 0          ; -0.101 ; -0.101 ;
+------------------------+--------+-------+-------------+------------+--------+--------+
Note: Negative delays are omitted from totals when calculating percentages

+------------------------------------------------------------------------------------------------------------------------------------------------------------------------------------+
; Data Arrival Path                                                                                                                                                                  ;
+---------+---------+----+------+--------+---------------------------+---------------------------------------------------------------------------------------------------------------+
; Total   ; Incr    ; RF ; Type ; Fanout ; Location                  ; Element                                                                                                       ;
+---------+---------+----+------+--------+---------------------------+---------------------------------------------------------------------------------------------------------------+
; 0.000   ; 0.000   ;    ;      ;        ;                           ; launch edge time                                                                                              ;
; 4.423   ; 4.423   ;    ;      ;        ;                           ; clock path                                                                                                    ;
;   0.000 ;   0.000 ;    ;      ;        ;                           ; source latency                                                                                                ;
;   0.000 ;   0.000 ;    ;      ; 1      ; PIN_V11                   ; FPGA_CLK1_50                                                                                                  ;
;   0.000 ;   0.000 ; RR ; IC   ; 1      ; IOIBUF_X32_Y0_N1          ; FPGA_CLK1_50~input|i                                                                                          ;
;   0.216 ;   0.216 ; RR ; CELL ; 2      ; IOIBUF_X32_Y0_N1          ; FPGA_CLK1_50~input|o                                                                                          ;
;   0.818 ;   0.602 ; RR ; IC   ; 1      ; PLLREFCLKSELECT_X0_Y7_N0  ; pll_hdmi|pll_hdmi_inst|altera_pll_i|cyclonev_pll|fpll_0|REFCLK_SELECT|clkin[0]                                ;
;   0.968 ;   0.150 ; RR ; CELL ; 1      ; PLLREFCLKSELECT_X0_Y7_N0  ; pll_hdmi|pll_hdmi_inst|altera_pll_i|cyclonev_pll|fpll_0|REFCLK_SELECT|clkout                                  ;
;   0.968 ;   0.000 ; RR ; IC   ; 10     ; FRACTIONALPLL_X0_Y1_N0    ; pll_hdmi|pll_hdmi_inst|altera_pll_i|cyclonev_pll|fpll_0|fpll|refclkin                                         ;
;   0.983 ;   0.015 ; RR ; CELL ; 1      ; FRACTIONALPLL_X0_Y1_N0    ; pll_hdmi|pll_hdmi_inst|altera_pll_i|cyclonev_pll|fpll_0|fpll|vcoph[0]                                         ;
;   0.983 ;   0.000 ; RR ; IC   ; 1      ; PLLOUTPUTCOUNTER_X0_Y5_N1 ; pll_hdmi|pll_hdmi_inst|altera_pll_i|cyclonev_pll|counter[0].output_counter|vco0ph[0]                          ;
;   1.881 ;   0.898 ; RR ; CELL ; 3      ; PLLOUTPUTCOUNTER_X0_Y5_N1 ; pll_hdmi|pll_hdmi_inst|altera_pll_i|cyclonev_pll|counter[0].output_counter|divclk                             ;
;   2.406 ;   0.525 ; RR ; IC   ; 1      ; CLKCTRL_G4                ; pll_hdmi|pll_hdmi_inst|altera_pll_i|cyclonev_pll|divclk[0]~CLKENA0|inclk                                      ;
;   2.552 ;   0.146 ; RR ; CELL ; 3653   ; CLKCTRL_G4                ; pll_hdmi|pll_hdmi_inst|altera_pll_i|cyclonev_pll|divclk[0]~CLKENA0|outclk                                     ;
;   3.644 ;   1.092 ; RR ; IC   ; 41     ; M10K_X49_Y26_N0           ; ascal|o_line3[0].r[7]__5|auto_generated|ram_block1a0|clk0                                                     ;
;   4.423 ;   0.779 ; RR ; CELL ; 4      ; M10K_X49_Y26_N0           ; ascal:ascal|altsyncram:o_line3[0].r[7]__5|altsyncram_ccn1:auto_generated|ram_block1a0~PORT_B_WRITE_ENABLE_REG ;
; 6.415   ; 1.992   ;    ;      ;        ;                           ; data path                                                                                                     ;
;   4.423 ;   0.000 ;    ; uTco ; 4      ; M10K_X49_Y26_N0           ; ascal:ascal|altsyncram:o_line3[0].r[7]__5|altsyncram_ccn1:auto_generated|ram_block1a0~PORT_B_WRITE_ENABLE_REG ;
;   4.889 ;   0.466 ; RF ; CELL ; 1      ; M10K_X49_Y26_N0           ; ascal|o_line3[0].r[7]__5|auto_generated|ram_block1a0|portbdataout[1]                                          ;
;   5.699 ;   0.810 ; FF ; IC   ; 1      ; LABCELL_X43_Y27_N51       ; ascal|o_l3_v~22|dataf                                                                                         ;
;   5.739 ;   0.040 ; FF ; CELL ; 4      ; LABCELL_X43_Y27_N51       ; ascal|o_l3_v~22|combout                                                                                       ;
;   5.846 ;   0.107 ; FF ; IC   ; 1      ; LABCELL_X43_Y27_N33       ; ascal|Mux759~1|datad                                                                                          ;
;   6.051 ;   0.205 ; FF ; CELL ; 2      ; LABCELL_X43_Y27_N33       ; ascal|Mux759~1|combout                                                                                        ;
;   6.170 ;   0.119 ; FF ; IC   ; 1      ; FF_X43_Y27_N14            ; ascal|o_vpix_outer[1].r[6]|asdata                                                                             ;
;   6.415 ;   0.245 ; FF ; CELL ; 1      ; FF_X43_Y27_N14            ; ascal:ascal|o_vpix_outer[1].r[6]                                                                              ;
+---------+---------+----+------+--------+---------------------------+---------------------------------------------------------------------------------------------------------------+

+-------------------------------------------------------------------------------------------------------------------------------------------------------------+
; Data Required Path                                                                                                                                          ;
+----------+----------+----+------+--------+---------------------------+--------------------------------------------------------------------------------------+
; Total    ; Incr     ; RF ; Type ; Fanout ; Location                  ; Element                                                                              ;
+----------+----------+----+------+--------+---------------------------+--------------------------------------------------------------------------------------+
; 6.732    ; 6.732    ;    ;      ;        ;                           ; latch edge time                                                                      ;
; 10.371   ; 3.639    ;    ;      ;        ;                           ; clock path                                                                           ;
;   6.732  ;   0.000  ;    ;      ;        ;                           ; source latency                                                                       ;
;   6.732  ;   0.000  ;    ;      ; 1      ; PIN_V11                   ; FPGA_CLK1_50                                                                         ;
;   6.732  ;   0.000  ; RR ; IC   ; 1      ; IOIBUF_X32_Y0_N1          ; FPGA_CLK1_50~input|i                                                                 ;
;   6.948  ;   0.216  ; RR ; CELL ; 2      ; IOIBUF_X32_Y0_N1          ; FPGA_CLK1_50~input|o                                                                 ;
;   7.485  ;   0.537  ; RR ; IC   ; 1      ; PLLREFCLKSELECT_X0_Y7_N0  ; pll_hdmi|pll_hdmi_inst|altera_pll_i|cyclonev_pll|fpll_0|REFCLK_SELECT|clkin[0]       ;
;   7.625  ;   0.140  ; RR ; CELL ; 1      ; PLLREFCLKSELECT_X0_Y7_N0  ; pll_hdmi|pll_hdmi_inst|altera_pll_i|cyclonev_pll|fpll_0|REFCLK_SELECT|clkout         ;
;   7.625  ;   0.000  ; RR ; IC   ; 10     ; FRACTIONALPLL_X0_Y1_N0    ; pll_hdmi|pll_hdmi_inst|altera_pll_i|cyclonev_pll|fpll_0|fpll|refclkin                ;
;   7.524  ;   -0.101 ; RR ; COMP ; 1      ; FRACTIONALPLL_X0_Y1_N0    ; pll_hdmi|pll_hdmi_inst|altera_pll_i|cyclonev_pll|fpll_0|fpll|vcoph[0]                ;
;   7.524  ;   0.000  ; RR ; IC   ; 1      ; PLLOUTPUTCOUNTER_X0_Y5_N1 ; pll_hdmi|pll_hdmi_inst|altera_pll_i|cyclonev_pll|counter[0].output_counter|vco0ph[0] ;
;   8.305  ;   0.781  ; RR ; CELL ; 3      ; PLLOUTPUTCOUNTER_X0_Y5_N1 ; pll_hdmi|pll_hdmi_inst|altera_pll_i|cyclonev_pll|counter[0].output_counter|divclk    ;
;   8.796  ;   0.491  ; RR ; IC   ; 1      ; CLKCTRL_G4                ; pll_hdmi|pll_hdmi_inst|altera_pll_i|cyclonev_pll|divclk[0]~CLKENA0|inclk             ;
;   8.934  ;   0.138  ; RR ; CELL ; 3653   ; CLKCTRL_G4                ; pll_hdmi|pll_hdmi_inst|altera_pll_i|cyclonev_pll|divclk[0]~CLKENA0|outclk            ;
;   9.853  ;   0.919  ; RR ; IC   ; 1      ; FF_X43_Y27_N14            ; ascal|o_vpix_outer[1].r[6]|clk                                                       ;
;   10.021 ;   0.168  ; RR ; CELL ; 1      ; FF_X43_Y27_N14            ; ascal:ascal|o_vpix_outer[1].r[6]                                                     ;
;   10.371 ;   0.350  ;    ;      ;        ;                           ; clock pessimism removed                                                              ;
; 10.171   ; -0.200   ;    ;      ;        ;                           ; clock uncertainty                                                                    ;
; 10.171   ; 0.000    ;    ; uTsu ; 1      ; FF_X43_Y27_N14            ; ascal:ascal|o_vpix_outer[1].r[6]                                                     ;
+----------+----------+----+------+--------+---------------------------+--------------------------------------------------------------------------------------+

----------------------------
; Extra Fitter Information ;
----------------------------
HTML report is unavailable in plain text report export.


