+---------------------+
; Unconstrained Paths ;
+---------------------+
+------------------------------------------------+
; Unconstrained Paths Summary                    ;
+---------------------------------+-------+------+
; Property                        ; Setup ; Hold ;
+---------------------------------+-------+------+
; Illegal Clocks                  ; 0     ; 0    ;
; Unconstrained Clocks            ; 0     ; 0    ;
; Unconstrained Input Ports       ; 5     ; 5    ;
; Unconstrained Input Port Paths  ; 15    ; 15   ;
; Unconstrained Output Ports      ; 50    ; 50   ;
; Unconstrained Output Port Paths ; 83    ; 83   ;
+---------------------------------+-------+------+

+-------------------------------------------------------------------------------------------------------------------------------------------------------------------------------------------------+
; Clock Status Summary                                                                                                                                                                            ;
+-----------------------------------------------------------------------------------+-----------------------------------------------------------------------------------+-----------+-------------+
; Target                                                                            ; Clock                                                                             ; Type      ; Status      ;
+-----------------------------------------------------------------------------------+-----------------------------------------------------------------------------------+-----------+-------------+
; FPGA_CLK1_50                                                                      ; FPGA_CLK1_50                                                                      ; Base      ; Constrained ;
; FPGA_CLK2_50                                                                      ; FPGA_CLK2_50                                                                      ; Base      ; Constrained ;
; FPGA_CLK3_50                                                                      ; FPGA_CLK3_50                                                                      ; Base      ; Constrained ;
; hdmi_i2c|out_clk                                                                  ; hdmi_sck                                                                          ; Base      ; Constrained ;
; pll_audio|pll_audio_inst|altera_pll_i|general[0].gpll~FRACTIONAL_PLL|vcoph[0]     ; pll_audio|pll_audio_inst|altera_pll_i|general[0].gpll~FRACTIONAL_PLL|vcoph[0]     ; Generated ; Constrained ;
; pll_audio|pll_audio_inst|altera_pll_i|general[0].gpll~PLL_OUTPUT_COUNTER|divclk   ; pll_audio|pll_audio_inst|altera_pll_i|general[0].gpll~PLL_OUTPUT_COUNTER|divclk   ; Generated ; Constrained ;
; pll_hdmi|pll_hdmi_inst|altera_pll_i|cyclonev_pll|counter[0].output_counter|divclk ; pll_hdmi|pll_hdmi_inst|altera_pll_i|cyclonev_pll|counter[0].output_counter|divclk ; Generated ; Constrained ;
; pll_hdmi|pll_hdmi_inst|altera_pll_i|cyclonev_pll|fpll_0|fpll|vcoph[0]             ; pll_hdmi|pll_hdmi_inst|altera_pll_i|cyclonev_pll|fpll_0|fpll|vcoph[0]             ; Generated ; Constrained ;
; spi|sclk_out                                                                      ; spi_sck                                                                           ; Base      ; Constrained ;
; sysmem|fpga_interfaces|clocks_resets|h2f_user0_clk                                ; sysmem|fpga_interfaces|clocks_resets|h2f_user0_clk                                ; Base      ; Constrained ;
+-----------------------------------------------------------------------------------+-----------------------------------------------------------------------------------+-----------+-------------+

+----------------+
; Setup Analysis ;
+----------------+
+-----------------------------------------------------------------------------------------------------+
; Unconstrained Input Ports                                                                           ;
+--------------+--------------------------------------------------------------------------------------+
; Input Port   ; Comment                                                                              ;
+--------------+--------------------------------------------------------------------------------------+
; FPGA_CLK2_50 ; No input delay, min/max delays, false-path exceptions, or max skew assignments found ;
; HDMI_I2C_SDA ; No input delay, min/max delays, false-path exceptions, or max skew assignments found ;
; HDMI_TX_INT  ; No input delay, min/max delays, false-path exceptions, or max skew assignments found ;
; IO_SDA       ; No input delay, min/max delays, false-path exceptions, or max skew assignments found ;
; SDCD_SPDIF   ; No input delay, min/max delays, false-path exceptions, or max skew assignments found ;
+--------------+--------------------------------------------------------------------------------------+

+-------------------------------------------------------------------------------------------------------+
; Unconstrained Output Ports                                                                            ;
+---------------+---------------------------------------------------------------------------------------+
; Output Port   ; Comment                                                                               ;
+---------------+---------------------------------------------------------------------------------------+
; HDMI_I2C_SCL  ; No output delay, min/max delays, false-path exceptions, or max skew assignments found ;
; HDMI_I2C_SDA  ; No output delay, min/max delays, false-path exceptions, or max skew assignments found ;
; HDMI_I2S      ; No output delay, min/max delays, false-path exceptions, or max skew assignments found ;
; HDMI_LRCLK    ; No output delay, min/max delays, false-path exceptions, or max skew assignments found ;
; HDMI_MCLK     ; No output delay, min/max delays, false-path exceptions, or max skew assignments found ;
; HDMI_SCLK     ; No output delay, min/max delays, false-path exceptions, or max skew assignments found ;
; HDMI_TX_CLK   ; Partially constrained                                                                 ;
; HDMI_TX_DE    ; No output delay, min/max delays, false-path exceptions, or max skew assignments found ;
; HDMI_TX_D[0]  ; No output delay, min/max delays, false-path exceptions, or max skew assignments found ;
; HDMI_TX_D[1]  ; No output delay, min/max delays, false-path exceptions, or max skew assignments found ;
; HDMI_TX_D[2]  ; No output delay, min/max delays, false-path exceptions, or max skew assignments found ;
; HDMI_TX_D[3]  ; No output delay, min/max delays, false-path exceptions, or max skew assignments found ;
; HDMI_TX_D[4]  ; No output delay, min/max delays, false-path exceptions, or max skew assignments found ;
; HDMI_TX_D[5]  ; No output delay, min/max delays, false-path exceptions, or max skew assignments found ;
; HDMI_TX_D[6]  ; No output delay, min/max delays, false-path exceptions, or max skew assignments found ;
; HDMI_TX_D[7]  ; No output delay, min/max delays, false-path exceptions, or max skew assignments found ;
; HDMI_TX_D[8]  ; No output delay, min/max delays, false-path exceptions, or max skew assignments found ;
; HDMI_TX_D[9]  ; No output delay, min/max delays, false-path exceptions, or max skew assignments found ;
; HDMI_TX_D[10] ; No output delay, min/max delays, false-path exceptions, or max skew assignments found ;
; HDMI_TX_D[11] ; No output delay, min/max delays, false-path exceptions, or max skew assignments found ;
; HDMI_TX_D[12] ; No output delay, min/max delays, false-path exceptions, or max skew assignments found ;
; HDMI_TX_D[13] ; No output delay, min/max delays, false-path exceptions, or max skew assignments found ;
; HDMI_TX_D[14] ; No output delay, min/max delays, false-path exceptions, or max skew assignments found ;
; HDMI_TX_D[15] ; No output delay, min/max delays, false-path exceptions, or max skew assignments found ;
; HDMI_TX_D[16] ; No output delay, min/max delays, false-path exceptions, or max skew assignments found ;
; HDMI_TX_D[17] ; No output delay, min/max delays, false-path exceptions, or max skew assignments found ;
; HDMI_TX_D[18] ; No output delay, min/max delays, false-path exceptions, or max skew assignments found ;
; HDMI_TX_D[19] ; No output delay, min/max delays, false-path exceptions, or max skew assignments found ;
; HDMI_TX_D[20] ; No output delay, min/max delays, false-path exceptions, or max skew assignments found ;
; HDMI_TX_D[21] ; No output delay, min/max delays, false-path exceptions, or max skew assignments found ;
; HDMI_TX_D[22] ; No output delay, min/max delays, false-path exceptions, or max skew assignments found ;
; HDMI_TX_D[23] ; No output delay, min/max delays, false-path exceptions, or max skew assignments found ;
; HDMI_TX_HS    ; No output delay, min/max delays, false-path exceptions, or max skew assignments found ;
; HDMI_TX_VS    ; No output delay, min/max delays, false-path exceptions, or max skew assignments found ;
; IO_SCL        ; No output delay, min/max delays, false-path exceptions, or max skew assignments found ;
; IO_SDA        ; No output delay, min/max delays, false-path exceptions, or max skew assignments found ;
; LED[0]        ; Partially constrained                                                                 ;
; LED[2]        ; Partially constrained                                                                 ;
; LED[6]        ; Partially constrained                                                                 ;
; SDCD_SPDIF    ; Partially constrained                                                                 ;
; SDIO_CLK      ; Partially constrained                                                                 ;
; SDIO_CMD      ; Partially constrained                                                                 ;
; SDIO_DAT[0]   ; Partially constrained                                                                 ;
; SDIO_DAT[1]   ; Partially constrained                                                                 ;
; SDIO_DAT[2]   ; Partially constrained                                                                 ;
; SDIO_DAT[3]   ; Partially constrained                                                                 ;
; SD_SPI_CS     ; Partially constrained                                                                 ;
; USER_IO[2]    ; Partially constrained                                                                 ;
; USER_IO[4]    ; Partially constrained                                                                 ;
; USER_IO[5]    ; Partially constrained                                                                 ;
+---------------+---------------------------------------------------------------------------------------+

+-------------------------------------------------------------------+
; Unconstrained Input Port Paths                                    ;
+--------------+------------------------------------+---------------+
; From         ; To                                 ; To Clocks     ;
+--------------+------------------------------------+---------------+
; FPGA_CLK2_50 ; HDMI_TX_CLK                        ;               ;
; HDMI_I2C_SDA ; hdmi_i2c~FF_3392                   ;               ;
; HDMI_TX_INT  ; h2f_gp~FF_186                      ;               ;
; IO_SDA       ; mcp23009:mcp23009|i2c:i2c|ACK      ; FPGA_CLK2_50  ;
; IO_SDA       ; mcp23009:mcp23009|i2c:i2c|rdata[0] ; FPGA_CLK2_50  ;
; IO_SDA       ; mcp23009:mcp23009|i2c:i2c|rdata[1] ; FPGA_CLK2_50  ;
; IO_SDA       ; mcp23009:mcp23009|i2c:i2c|rdata[2] ; FPGA_CLK2_50  ;
; IO_SDA       ; mcp23009:mcp23009|i2c:i2c|rdata[3] ; FPGA_CLK2_50  ;
; IO_SDA       ; mcp23009:mcp23009|i2c:i2c|rdata[4] ; FPGA_CLK2_50  ;
; SDCD_SPDIF   ; SDIO_CLK                           ;               ;
; SDCD_SPDIF   ; SDIO_CMD                           ;               ;
; SDCD_SPDIF   ; SDIO_DAT[0]                        ;               ;
; SDCD_SPDIF   ; SDIO_DAT[1]                        ;               ;
; SDCD_SPDIF   ; SDIO_DAT[2]                        ;               ;
; SDCD_SPDIF   ; SDIO_DAT[3]                        ;               ;
+--------------+------------------------------------+---------------+

+------------------------------------------------------------------------------------------------------------------------------------------------------------------------------------------------------------------------------------------+
; Unconstrained Output Port Paths                                                                                                                                                                                                          ;
+------------------------------------------------------------------------------------------------------------------------+---------------+-------------------------------------------------------------------------------------------------+
; From                                                                                                                   ; To            ; From Clocks                                                                                     ;
+------------------------------------------------------------------------------------------------------------------------+---------------+-------------------------------------------------------------------------------------------------+
; hdmi_i2c|out_clk                                                                                                       ; HDMI_I2C_SCL  ;                                                                                                 ;
; hdmi_i2c~FF_4791                                                                                                       ; HDMI_I2C_SDA  ;                                                                                                 ;
; audio_out:audio_out|i2s:i2s|sdata                                                                                      ; HDMI_I2S      ; pll_audio|pll_audio_inst|altera_pll_i|general[0].gpll~PLL_OUTPUT_COUNTER|divclk                 ;
; audio_out:audio_out|i2s:i2s|lrclk                                                                                      ; HDMI_LRCLK    ; pll_audio|pll_audio_inst|altera_pll_i|general[0].gpll~PLL_OUTPUT_COUNTER|divclk                 ;
; pll_audio|pll_audio_inst|altera_pll_i|general[0].gpll~PLL_OUTPUT_COUNTER|divclk                                        ; HDMI_MCLK     ; pll_audio|pll_audio_inst|altera_pll_i|general[0].gpll~FRACTIONAL_PLL|vcoph[0]                   ;
; audio_out:audio_out|i2s:i2s|sclk                                                                                       ; HDMI_SCLK     ; pll_audio|pll_audio_inst|altera_pll_i|general[0].gpll~PLL_OUTPUT_COUNTER|divclk                 ;
; FPGA_CLK2_50                                                                                                           ; HDMI_TX_CLK   ;                                                                                                 ;
; pll_hdmi|pll_hdmi_inst|altera_pll_i|cyclonev_pll|counter[0].output_counter|divclk                                      ; HDMI_TX_CLK   ; pll_hdmi|pll_hdmi_inst|altera_pll_i|cyclonev_pll|fpll_0|fpll|vcoph[0]                           ;
; hdmi_out_de                                                                                                            ; HDMI_TX_DE    ; FPGA_CLK2_50 pll_hdmi|pll_hdmi_inst|altera_pll_i|cyclonev_pll|counter[0].output_counter|divclk  ;
; hdmi_out_d[0]                                                                                                          ; HDMI_TX_D[0]  ; FPGA_CLK2_50 pll_hdmi|pll_hdmi_inst|altera_pll_i|cyclonev_pll|counter[0].output_counter|divclk  ;
; hdmi_out_d[1]                                                                                                          ; HDMI_TX_D[1]  ; FPGA_CLK2_50 pll_hdmi|pll_hdmi_inst|altera_pll_i|cyclonev_pll|counter[0].output_counter|divclk  ;
; hdmi_out_d[2]                                                                                                          ; HDMI_TX_D[2]  ; FPGA_CLK2_50 pll_hdmi|pll_hdmi_inst|altera_pll_i|cyclonev_pll|counter[0].output_counter|divclk  ;
; hdmi_out_d[3]                                                                                                          ; HDMI_TX_D[3]  ; FPGA_CLK2_50 pll_hdmi|pll_hdmi_inst|altera_pll_i|cyclonev_pll|counter[0].output_counter|divclk  ;
; hdmi_out_d[4]                                                                                                          ; HDMI_TX_D[4]  ; FPGA_CLK2_50 pll_hdmi|pll_hdmi_inst|altera_pll_i|cyclonev_pll|counter[0].output_counter|divclk  ;
; hdmi_out_d[5]                                                                                                          ; HDMI_TX_D[5]  ; FPGA_CLK2_50 pll_hdmi|pll_hdmi_inst|altera_pll_i|cyclonev_pll|counter[0].output_counter|divclk  ;
; hdmi_out_d[6]                                                                                                          ; HDMI_TX_D[6]  ; FPGA_CLK2_50 pll_hdmi|pll_hdmi_inst|altera_pll_i|cyclonev_pll|counter[0].output_counter|divclk  ;
; hdmi_out_d[7]                                                                                                          ; HDMI_TX_D[7]  ; FPGA_CLK2_50 pll_hdmi|pll_hdmi_inst|altera_pll_i|cyclonev_pll|counter[0].output_counter|divclk  ;
; hdmi_out_d[8]                                                                                                          ; HDMI_TX_D[8]  ; FPGA_CLK2_50 pll_hdmi|pll_hdmi_inst|altera_pll_i|cyclonev_pll|counter[0].output_counter|divclk  ;
; hdmi_out_d[9]                                                                                                          ; HDMI_TX_D[9]  ; FPGA_CLK2_50 pll_hdmi|pll_hdmi_inst|altera_pll_i|cyclonev_pll|counter[0].output_counter|divclk  ;
; hdmi_out_d[10]                                                                                                         ; HDMI_TX_D[10] ; FPGA_CLK2_50 pll_hdmi|pll_hdmi_inst|altera_pll_i|cyclonev_pll|counter[0].output_counter|divclk  ;
; hdmi_out_d[11]                                                                                                         ; HDMI_TX_D[11] ; FPGA_CLK2_50 pll_hdmi|pll_hdmi_inst|altera_pll_i|cyclonev_pll|counter[0].output_counter|divclk  ;
; hdmi_out_d[12]                                                                                                         ; HDMI_TX_D[12] ; FPGA_CLK2_50 pll_hdmi|pll_hdmi_inst|altera_pll_i|cyclonev_pll|counter[0].output_counter|divclk  ;
; hdmi_out_d[13]                                                                                                         ; HDMI_TX_D[13] ; FPGA_CLK2_50 pll_hdmi|pll_hdmi_inst|altera_pll_i|cyclonev_pll|counter[0].output_counter|divclk  ;
; hdmi_out_d[14]                                                                                                         ; HDMI_TX_D[14] ; FPGA_CLK2_50 pll_hdmi|pll_hdmi_inst|altera_pll_i|cyclonev_pll|counter[0].output_counter|divclk  ;
; hdmi_out_d[15]                                                                                                         ; HDMI_TX_D[15] ; FPGA_CLK2_50 pll_hdmi|pll_hdmi_inst|altera_pll_i|cyclonev_pll|counter[0].output_counter|divclk  ;
; hdmi_out_d[16]                                                                                                         ; HDMI_TX_D[16] ; FPGA_CLK2_50 pll_hdmi|pll_hdmi_inst|altera_pll_i|cyclonev_pll|counter[0].output_counter|divclk  ;
; hdmi_out_d[17]                                                                                                         ; HDMI_TX_D[17] ; FPGA_CLK2_50 pll_hdmi|pll_hdmi_inst|altera_pll_i|cyclonev_pll|counter[0].output_counter|divclk  ;
; hdmi_out_d[18]                                                                                                         ; HDMI_TX_D[18] ; FPGA_CLK2_50 pll_hdmi|pll_hdmi_inst|altera_pll_i|cyclonev_pll|counter[0].output_counter|divclk  ;
; hdmi_out_d[19]                                                                                                         ; HDMI_TX_D[19] ; FPGA_CLK2_50 pll_hdmi|pll_hdmi_inst|altera_pll_i|cyclonev_pll|counter[0].output_counter|divclk  ;
; hdmi_out_d[20]                                                                                                         ; HDMI_TX_D[20] ; FPGA_CLK2_50 pll_hdmi|pll_hdmi_inst|altera_pll_i|cyclonev_pll|counter[0].output_counter|divclk  ;
; hdmi_out_d[21]                                                                                                         ; HDMI_TX_D[21] ; FPGA_CLK2_50 pll_hdmi|pll_hdmi_inst|altera_pll_i|cyclonev_pll|counter[0].output_counter|divclk  ;
; hdmi_out_d[22]                                                                                                         ; HDMI_TX_D[22] ; FPGA_CLK2_50 pll_hdmi|pll_hdmi_inst|altera_pll_i|cyclonev_pll|counter[0].output_counter|divclk  ;
; hdmi_out_d[23]                                                                                                         ; HDMI_TX_D[23] ; FPGA_CLK2_50 pll_hdmi|pll_hdmi_inst|altera_pll_i|cyclonev_pll|counter[0].output_counter|divclk  ;
; hdmi_out_hs                                                                                                            ; HDMI_TX_HS    ; FPGA_CLK2_50 pll_hdmi|pll_hdmi_inst|altera_pll_i|cyclonev_pll|counter[0].output_counter|divclk  ;
; hdmi_out_vs                                                                                                            ; HDMI_TX_VS    ; FPGA_CLK2_50 pll_hdmi|pll_hdmi_inst|altera_pll_i|cyclonev_pll|counter[0].output_counter|divclk  ;
; mcp23009:mcp23009|i2c:i2c|I2C_CLOCK                                                                                    ; IO_SCL        ; FPGA_CLK2_50                                                                                    ;
; mcp23009:mcp23009|i2c:i2c|SCLK                                                                                         ; IO_SCL        ; FPGA_CLK2_50                                                                                    ;
; mcp23009:mcp23009|i2c:i2c|SDO[3]                                                                                       ; IO_SDA        ; FPGA_CLK2_50                                                                                    ;
; emu:emu|drmicro_core:board|drmicro_rom_loader:loader|error                                                             ; LED[0]        ; FPGA_CLK2_50                                                                                    ;
; emu:emu|hps_io:hps|ioctl_download                                                                                      ; LED[0]        ; FPGA_CLK2_50                                                                                    ;
; h2f_gp~FF_2102                                                                                                         ; LED[2]        ;                                                                                                 ;
; pll_hdmi_adj:pll_hdmi_adj|locked                                                                                       ; LED[6]        ; FPGA_CLK1_50                                                                                    ;
; audio_out:audio_out|spdif:toslink|spdif_out_q~DUPLICATE                                                                ; SDCD_SPDIF    ; pll_audio|pll_audio_inst|altera_pll_i|general[0].gpll~PLL_OUTPUT_COUNTER|divclk                 ;
; SDCD_SPDIF                                                                                                             ; SDIO_CLK      ;                                                                                                 ;
; vga_out:vga_out|rgb[9]                                                                                                 ; SDIO_CLK      ; FPGA_CLK2_50                                                                                    ;
; vga_out:vga_out|y[1]                                                                                                   ; SDIO_CLK      ; FPGA_CLK2_50                                                                                    ;
; vga_out:vga_scaler_out|rgb[9]                                                                                          ; SDIO_CLK      ; pll_hdmi|pll_hdmi_inst|altera_pll_i|cyclonev_pll|counter[0].output_counter|divclk               ;
; vga_out:vga_scaler_out|y[1]                                                                                            ; SDIO_CLK      ; pll_hdmi|pll_hdmi_inst|altera_pll_i|cyclonev_pll|counter[0].output_counter|divclk               ;
; yc_out:yc_out|Y[1]                                                                                                     ; SDIO_CLK      ; FPGA_CLK2_50                                                                                    ;
; SDCD_SPDIF                                                                                                             ; SDIO_CMD      ;                                                                                                 ;
; vga_out:vga_out|rgb[8]                                                                                                 ; SDIO_CMD      ; FPGA_CLK2_50                                                                                    ;
; vga_out:vga_out|y[0]                                                                                                   ; SDIO_CMD      ; FPGA_CLK2_50                                                                                    ;
; vga_out:vga_scaler_out|rgb[8]                                                                                          ; SDIO_CMD      ; pll_hdmi|pll_hdmi_inst|altera_pll_i|cyclonev_pll|counter[0].output_counter|divclk               ;
; vga_out:vga_scaler_out|y[0]                                                                                            ; SDIO_CMD      ; pll_hdmi|pll_hdmi_inst|altera_pll_i|cyclonev_pll|counter[0].output_counter|divclk               ;
; yc_out:yc_out|Y[0]                                                                                                     ; SDIO_CMD      ; FPGA_CLK2_50                                                                                    ;
; SDCD_SPDIF                                                                                                             ; SDIO_DAT[0]   ;                                                                                                 ;
; vga_out:vga_out|pb[0]                                                                                                  ; SDIO_DAT[0]   ; FPGA_CLK2_50                                                                                    ;
; vga_out:vga_out|rgb[0]                                                                                                 ; SDIO_DAT[0]   ; FPGA_CLK2_50                                                                                    ;
; vga_out:vga_scaler_out|pb[0]                                                                                           ; SDIO_DAT[0]   ; pll_hdmi|pll_hdmi_inst|altera_pll_i|cyclonev_pll|counter[0].output_counter|divclk               ;
; vga_out:vga_scaler_out|rgb[0]                                                                                          ; SDIO_DAT[0]   ; pll_hdmi|pll_hdmi_inst|altera_pll_i|cyclonev_pll|counter[0].output_counter|divclk               ;
; SDCD_SPDIF                                                                                                             ; SDIO_DAT[1]   ;                                                                                                 ;
; vga_out:vga_out|pb[1]                                                                                                  ; SDIO_DAT[1]   ; FPGA_CLK2_50                                                                                    ;
; vga_out:vga_out|rgb[1]                                                                                                 ; SDIO_DAT[1]   ; FPGA_CLK2_50                                                                                    ;
; vga_out:vga_scaler_out|pb[1]                                                                                           ; SDIO_DAT[1]   ; pll_hdmi|pll_hdmi_inst|altera_pll_i|cyclonev_pll|counter[0].output_counter|divclk               ;
; vga_out:vga_scaler_out|rgb[1]                                                                                          ; SDIO_DAT[1]   ; pll_hdmi|pll_hdmi_inst|altera_pll_i|cyclonev_pll|counter[0].output_counter|divclk               ;
; SDCD_SPDIF                                                                                                             ; SDIO_DAT[2]   ;                                                                                                 ;
; vga_out:vga_out|pr[0]                                                                                                  ; SDIO_DAT[2]   ; FPGA_CLK2_50                                                                                    ;
; vga_out:vga_out|rgb[16]                                                                                                ; SDIO_DAT[2]   ; FPGA_CLK2_50                                                                                    ;
; vga_out:vga_scaler_out|pr[0]                                                                                           ; SDIO_DAT[2]   ; pll_hdmi|pll_hdmi_inst|altera_pll_i|cyclonev_pll|counter[0].output_counter|divclk               ;
; vga_out:vga_scaler_out|rgb[16]                                                                                         ; SDIO_DAT[2]   ; pll_hdmi|pll_hdmi_inst|altera_pll_i|cyclonev_pll|counter[0].output_counter|divclk               ;
; yc_out:yc_out|C[0]                                                                                                     ; SDIO_DAT[2]   ; FPGA_CLK2_50                                                                                    ;
; SDCD_SPDIF                                                                                                             ; SDIO_DAT[3]   ;                                                                                                 ;
; vga_out:vga_out|pr[1]                                                                                                  ; SDIO_DAT[3]   ; FPGA_CLK2_50                                                                                    ;
; vga_out:vga_out|rgb[17]                                                                                                ; SDIO_DAT[3]   ; FPGA_CLK2_50                                                                                    ;
; vga_out:vga_scaler_out|pr[1]                                                                                           ; SDIO_DAT[3]   ; pll_hdmi|pll_hdmi_inst|altera_pll_i|cyclonev_pll|counter[0].output_counter|divclk               ;
; vga_out:vga_scaler_out|rgb[17]                                                                                         ; SDIO_DAT[3]   ; pll_hdmi|pll_hdmi_inst|altera_pll_i|cyclonev_pll|counter[0].output_counter|divclk               ;
; yc_out:yc_out|C[1]                                                                                                     ; SDIO_DAT[3]   ; FPGA_CLK2_50                                                                                    ;
; vga_out:vga_out|csync_o                                                                                                ; SD_SPI_CS     ; FPGA_CLK2_50                                                                                    ;
; vga_out:vga_scaler_out|altshift_taps:din1_rtl_0|shift_taps_quu:auto_generated|altsyncram_dr91:altsyncram4|ram_block5a6 ; SD_SPI_CS     ; pll_hdmi|pll_hdmi_inst|altera_pll_i|cyclonev_pll|counter[0].output_counter|divclk               ;
; yc_out:yc_out|csync_o                                                                                                  ; SD_SPI_CS     ; FPGA_CLK2_50                                                                                    ;
; audio_out:audio_out|i2s:i2s|sdata                                                                                      ; USER_IO[2]    ; pll_audio|pll_audio_inst|altera_pll_i|general[0].gpll~PLL_OUTPUT_COUNTER|divclk                 ;
; audio_out:audio_out|i2s:i2s|sclk                                                                                       ; USER_IO[4]    ; pll_audio|pll_audio_inst|altera_pll_i|general[0].gpll~PLL_OUTPUT_COUNTER|divclk                 ;
; audio_out:audio_out|i2s:i2s|lrclk                                                                                      ; USER_IO[5]    ; pll_audio|pll_audio_inst|altera_pll_i|general[0].gpll~PLL_OUTPUT_COUNTER|divclk                 ;
+------------------------------------------------------------------------------------------------------------------------+---------------+-------------------------------------------------------------------------------------------------+

+---------------+
; Hold Analysis ;
+---------------+
+-----------------------------------------------------------------------------------------------------+
; Unconstrained Input Ports                                                                           ;
+--------------+--------------------------------------------------------------------------------------+
; Input Port   ; Comment                                                                              ;
+--------------+--------------------------------------------------------------------------------------+
; FPGA_CLK2_50 ; No input delay, min/max delays, false-path exceptions, or max skew assignments found ;
; HDMI_I2C_SDA ; No input delay, min/max delays, false-path exceptions, or max skew assignments found ;
; HDMI_TX_INT  ; No input delay, min/max delays, false-path exceptions, or max skew assignments found ;
; IO_SDA       ; No input delay, min/max delays, false-path exceptions, or max skew assignments found ;
; SDCD_SPDIF   ; No input delay, min/max delays, false-path exceptions, or max skew assignments found ;
+--------------+--------------------------------------------------------------------------------------+

+-------------------------------------------------------------------------------------------------------+
; Unconstrained Output Ports                                                                            ;
+---------------+---------------------------------------------------------------------------------------+
; Output Port   ; Comment                                                                               ;
+---------------+---------------------------------------------------------------------------------------+
; HDMI_I2C_SCL  ; No output delay, min/max delays, false-path exceptions, or max skew assignments found ;
; HDMI_I2C_SDA  ; No output delay, min/max delays, false-path exceptions, or max skew assignments found ;
; HDMI_I2S      ; No output delay, min/max delays, false-path exceptions, or max skew assignments found ;
; HDMI_LRCLK    ; No output delay, min/max delays, false-path exceptions, or max skew assignments found ;
; HDMI_MCLK     ; No output delay, min/max delays, false-path exceptions, or max skew assignments found ;
; HDMI_SCLK     ; No output delay, min/max delays, false-path exceptions, or max skew assignments found ;
; HDMI_TX_CLK   ; Partially constrained                                                                 ;
; HDMI_TX_DE    ; No output delay, min/max delays, false-path exceptions, or max skew assignments found ;
; HDMI_TX_D[0]  ; No output delay, min/max delays, false-path exceptions, or max skew assignments found ;
; HDMI_TX_D[1]  ; No output delay, min/max delays, false-path exceptions, or max skew assignments found ;
; HDMI_TX_D[2]  ; No output delay, min/max delays, false-path exceptions, or max skew assignments found ;
; HDMI_TX_D[3]  ; No output delay, min/max delays, false-path exceptions, or max skew assignments found ;
; HDMI_TX_D[4]  ; No output delay, min/max delays, false-path exceptions, or max skew assignments found ;
; HDMI_TX_D[5]  ; No output delay, min/max delays, false-path exceptions, or max skew assignments found ;
; HDMI_TX_D[6]  ; No output delay, min/max delays, false-path exceptions, or max skew assignments found ;
; HDMI_TX_D[7]  ; No output delay, min/max delays, false-path exceptions, or max skew assignments found ;
; HDMI_TX_D[8]  ; No output delay, min/max delays, false-path exceptions, or max skew assignments found ;
; HDMI_TX_D[9]  ; No output delay, min/max delays, false-path exceptions, or max skew assignments found ;
; HDMI_TX_D[10] ; No output delay, min/max delays, false-path exceptions, or max skew assignments found ;
; HDMI_TX_D[11] ; No output delay, min/max delays, false-path exceptions, or max skew assignments found ;
; HDMI_TX_D[12] ; No output delay, min/max delays, false-path exceptions, or max skew assignments found ;
; HDMI_TX_D[13] ; No output delay, min/max delays, false-path exceptions, or max skew assignments found ;
; HDMI_TX_D[14] ; No output delay, min/max delays, false-path exceptions, or max skew assignments found ;
; HDMI_TX_D[15] ; No output delay, min/max delays, false-path exceptions, or max skew assignments found ;
; HDMI_TX_D[16] ; No output delay, min/max delays, false-path exceptions, or max skew assignments found ;
; HDMI_TX_D[17] ; No output delay, min/max delays, false-path exceptions, or max skew assignments found ;
; HDMI_TX_D[18] ; No output delay, min/max delays, false-path exceptions, or max skew assignments found ;
; HDMI_TX_D[19] ; No output delay, min/max delays, false-path exceptions, or max skew assignments found ;
; HDMI_TX_D[20] ; No output delay, min/max delays, false-path exceptions, or max skew assignments found ;
; HDMI_TX_D[21] ; No output delay, min/max delays, false-path exceptions, or max skew assignments found ;
; HDMI_TX_D[22] ; No output delay, min/max delays, false-path exceptions, or max skew assignments found ;
; HDMI_TX_D[23] ; No output delay, min/max delays, false-path exceptions, or max skew assignments found ;
; HDMI_TX_HS    ; No output delay, min/max delays, false-path exceptions, or max skew assignments found ;
; HDMI_TX_VS    ; No output delay, min/max delays, false-path exceptions, or max skew assignments found ;
; IO_SCL        ; No output delay, min/max delays, false-path exceptions, or max skew assignments found ;
; IO_SDA        ; No output delay, min/max delays, false-path exceptions, or max skew assignments found ;
; LED[0]        ; Partially constrained                                                                 ;
; LED[2]        ; Partially constrained                                                                 ;
; LED[6]        ; Partially constrained                                                                 ;
; SDCD_SPDIF    ; Partially constrained                                                                 ;
; SDIO_CLK      ; Partially constrained                                                                 ;
; SDIO_CMD      ; Partially constrained                                                                 ;
; SDIO_DAT[0]   ; Partially constrained                                                                 ;
; SDIO_DAT[1]   ; Partially constrained                                                                 ;
; SDIO_DAT[2]   ; Partially constrained                                                                 ;
; SDIO_DAT[3]   ; Partially constrained                                                                 ;
; SD_SPI_CS     ; Partially constrained                                                                 ;
; USER_IO[2]    ; Partially constrained                                                                 ;
; USER_IO[4]    ; Partially constrained                                                                 ;
; USER_IO[5]    ; Partially constrained                                                                 ;
+---------------+---------------------------------------------------------------------------------------+

+-------------------------------------------------------------------+
; Unconstrained Input Port Paths                                    ;
+--------------+------------------------------------+---------------+
; From         ; To                                 ; To Clocks     ;
+--------------+------------------------------------+---------------+
; FPGA_CLK2_50 ; HDMI_TX_CLK                        ;               ;
; HDMI_I2C_SDA ; hdmi_i2c~FF_3392                   ;               ;
; HDMI_TX_INT  ; h2f_gp~FF_186                      ;               ;
; IO_SDA       ; mcp23009:mcp23009|i2c:i2c|ACK      ; FPGA_CLK2_50  ;
; IO_SDA       ; mcp23009:mcp23009|i2c:i2c|rdata[0] ; FPGA_CLK2_50  ;
; IO_SDA       ; mcp23009:mcp23009|i2c:i2c|rdata[1] ; FPGA_CLK2_50  ;
; IO_SDA       ; mcp23009:mcp23009|i2c:i2c|rdata[2] ; FPGA_CLK2_50  ;
; IO_SDA       ; mcp23009:mcp23009|i2c:i2c|rdata[3] ; FPGA_CLK2_50  ;
; IO_SDA       ; mcp23009:mcp23009|i2c:i2c|rdata[4] ; FPGA_CLK2_50  ;
; SDCD_SPDIF   ; SDIO_CLK                           ;               ;
; SDCD_SPDIF   ; SDIO_CMD                           ;               ;
; SDCD_SPDIF   ; SDIO_DAT[0]                        ;               ;
; SDCD_SPDIF   ; SDIO_DAT[1]                        ;               ;
; SDCD_SPDIF   ; SDIO_DAT[2]                        ;               ;
; SDCD_SPDIF   ; SDIO_DAT[3]                        ;               ;
+--------------+------------------------------------+---------------+

+------------------------------------------------------------------------------------------------------------------------------------------------------------------------------------------------------------------------------------------+
; Unconstrained Output Port Paths                                                                                                                                                                                                          ;
+------------------------------------------------------------------------------------------------------------------------+---------------+-------------------------------------------------------------------------------------------------+
; From                                                                                                                   ; To            ; From Clocks                                                                                     ;
+------------------------------------------------------------------------------------------------------------------------+---------------+-------------------------------------------------------------------------------------------------+
; hdmi_i2c|out_clk                                                                                                       ; HDMI_I2C_SCL  ;                                                                                                 ;
; hdmi_i2c~FF_4791                                                                                                       ; HDMI_I2C_SDA  ;                                                                                                 ;
; audio_out:audio_out|i2s:i2s|sdata                                                                                      ; HDMI_I2S      ; pll_audio|pll_audio_inst|altera_pll_i|general[0].gpll~PLL_OUTPUT_COUNTER|divclk                 ;
; audio_out:audio_out|i2s:i2s|lrclk                                                                                      ; HDMI_LRCLK    ; pll_audio|pll_audio_inst|altera_pll_i|general[0].gpll~PLL_OUTPUT_COUNTER|divclk                 ;
; pll_audio|pll_audio_inst|altera_pll_i|general[0].gpll~PLL_OUTPUT_COUNTER|divclk                                        ; HDMI_MCLK     ; pll_audio|pll_audio_inst|altera_pll_i|general[0].gpll~FRACTIONAL_PLL|vcoph[0]                   ;
; audio_out:audio_out|i2s:i2s|sclk                                                                                       ; HDMI_SCLK     ; pll_audio|pll_audio_inst|altera_pll_i|general[0].gpll~PLL_OUTPUT_COUNTER|divclk                 ;
; FPGA_CLK2_50                                                                                                           ; HDMI_TX_CLK   ;                                                                                                 ;
; pll_hdmi|pll_hdmi_inst|altera_pll_i|cyclonev_pll|counter[0].output_counter|divclk                                      ; HDMI_TX_CLK   ; pll_hdmi|pll_hdmi_inst|altera_pll_i|cyclonev_pll|fpll_0|fpll|vcoph[0]                           ;
; hdmi_out_de                                                                                                            ; HDMI_TX_DE    ; FPGA_CLK2_50 pll_hdmi|pll_hdmi_inst|altera_pll_i|cyclonev_pll|counter[0].output_counter|divclk  ;
; hdmi_out_d[0]                                                                                                          ; HDMI_TX_D[0]  ; FPGA_CLK2_50 pll_hdmi|pll_hdmi_inst|altera_pll_i|cyclonev_pll|counter[0].output_counter|divclk  ;
; hdmi_out_d[1]                                                                                                          ; HDMI_TX_D[1]  ; FPGA_CLK2_50 pll_hdmi|pll_hdmi_inst|altera_pll_i|cyclonev_pll|counter[0].output_counter|divclk  ;
; hdmi_out_d[2]                                                                                                          ; HDMI_TX_D[2]  ; FPGA_CLK2_50 pll_hdmi|pll_hdmi_inst|altera_pll_i|cyclonev_pll|counter[0].output_counter|divclk  ;
; hdmi_out_d[3]                                                                                                          ; HDMI_TX_D[3]  ; FPGA_CLK2_50 pll_hdmi|pll_hdmi_inst|altera_pll_i|cyclonev_pll|counter[0].output_counter|divclk  ;
; hdmi_out_d[4]                                                                                                          ; HDMI_TX_D[4]  ; FPGA_CLK2_50 pll_hdmi|pll_hdmi_inst|altera_pll_i|cyclonev_pll|counter[0].output_counter|divclk  ;
; hdmi_out_d[5]                                                                                                          ; HDMI_TX_D[5]  ; FPGA_CLK2_50 pll_hdmi|pll_hdmi_inst|altera_pll_i|cyclonev_pll|counter[0].output_counter|divclk  ;
; hdmi_out_d[6]                                                                                                          ; HDMI_TX_D[6]  ; FPGA_CLK2_50 pll_hdmi|pll_hdmi_inst|altera_pll_i|cyclonev_pll|counter[0].output_counter|divclk  ;
; hdmi_out_d[7]                                                                                                          ; HDMI_TX_D[7]  ; FPGA_CLK2_50 pll_hdmi|pll_hdmi_inst|altera_pll_i|cyclonev_pll|counter[0].output_counter|divclk  ;
; hdmi_out_d[8]                                                                                                          ; HDMI_TX_D[8]  ; FPGA_CLK2_50 pll_hdmi|pll_hdmi_inst|altera_pll_i|cyclonev_pll|counter[0].output_counter|divclk  ;
; hdmi_out_d[9]                                                                                                          ; HDMI_TX_D[9]  ; FPGA_CLK2_50 pll_hdmi|pll_hdmi_inst|altera_pll_i|cyclonev_pll|counter[0].output_counter|divclk  ;
; hdmi_out_d[10]                                                                                                         ; HDMI_TX_D[10] ; FPGA_CLK2_50 pll_hdmi|pll_hdmi_inst|altera_pll_i|cyclonev_pll|counter[0].output_counter|divclk  ;
; hdmi_out_d[11]                                                                                                         ; HDMI_TX_D[11] ; FPGA_CLK2_50 pll_hdmi|pll_hdmi_inst|altera_pll_i|cyclonev_pll|counter[0].output_counter|divclk  ;
; hdmi_out_d[12]                                                                                                         ; HDMI_TX_D[12] ; FPGA_CLK2_50 pll_hdmi|pll_hdmi_inst|altera_pll_i|cyclonev_pll|counter[0].output_counter|divclk  ;
; hdmi_out_d[13]                                                                                                         ; HDMI_TX_D[13] ; FPGA_CLK2_50 pll_hdmi|pll_hdmi_inst|altera_pll_i|cyclonev_pll|counter[0].output_counter|divclk  ;
; hdmi_out_d[14]                                                                                                         ; HDMI_TX_D[14] ; FPGA_CLK2_50 pll_hdmi|pll_hdmi_inst|altera_pll_i|cyclonev_pll|counter[0].output_counter|divclk  ;
; hdmi_out_d[15]                                                                                                         ; HDMI_TX_D[15] ; FPGA_CLK2_50 pll_hdmi|pll_hdmi_inst|altera_pll_i|cyclonev_pll|counter[0].output_counter|divclk  ;
; hdmi_out_d[16]                                                                                                         ; HDMI_TX_D[16] ; FPGA_CLK2_50 pll_hdmi|pll_hdmi_inst|altera_pll_i|cyclonev_pll|counter[0].output_counter|divclk  ;
; hdmi_out_d[17]                                                                                                         ; HDMI_TX_D[17] ; FPGA_CLK2_50 pll_hdmi|pll_hdmi_inst|altera_pll_i|cyclonev_pll|counter[0].output_counter|divclk  ;
; hdmi_out_d[18]                                                                                                         ; HDMI_TX_D[18] ; FPGA_CLK2_50 pll_hdmi|pll_hdmi_inst|altera_pll_i|cyclonev_pll|counter[0].output_counter|divclk  ;
; hdmi_out_d[19]                                                                                                         ; HDMI_TX_D[19] ; FPGA_CLK2_50 pll_hdmi|pll_hdmi_inst|altera_pll_i|cyclonev_pll|counter[0].output_counter|divclk  ;
; hdmi_out_d[20]                                                                                                         ; HDMI_TX_D[20] ; FPGA_CLK2_50 pll_hdmi|pll_hdmi_inst|altera_pll_i|cyclonev_pll|counter[0].output_counter|divclk  ;
; hdmi_out_d[21]                                                                                                         ; HDMI_TX_D[21] ; FPGA_CLK2_50 pll_hdmi|pll_hdmi_inst|altera_pll_i|cyclonev_pll|counter[0].output_counter|divclk  ;
; hdmi_out_d[22]                                                                                                         ; HDMI_TX_D[22] ; FPGA_CLK2_50 pll_hdmi|pll_hdmi_inst|altera_pll_i|cyclonev_pll|counter[0].output_counter|divclk  ;
; hdmi_out_d[23]                                                                                                         ; HDMI_TX_D[23] ; FPGA_CLK2_50 pll_hdmi|pll_hdmi_inst|altera_pll_i|cyclonev_pll|counter[0].output_counter|divclk  ;
; hdmi_out_hs                                                                                                            ; HDMI_TX_HS    ; FPGA_CLK2_50 pll_hdmi|pll_hdmi_inst|altera_pll_i|cyclonev_pll|counter[0].output_counter|divclk  ;
; hdmi_out_vs                                                                                                            ; HDMI_TX_VS    ; FPGA_CLK2_50 pll_hdmi|pll_hdmi_inst|altera_pll_i|cyclonev_pll|counter[0].output_counter|divclk  ;
; mcp23009:mcp23009|i2c:i2c|I2C_CLOCK                                                                                    ; IO_SCL        ; FPGA_CLK2_50                                                                                    ;
; mcp23009:mcp23009|i2c:i2c|SCLK                                                                                         ; IO_SCL        ; FPGA_CLK2_50                                                                                    ;
; mcp23009:mcp23009|i2c:i2c|SDO[3]                                                                                       ; IO_SDA        ; FPGA_CLK2_50                                                                                    ;
; emu:emu|drmicro_core:board|drmicro_rom_loader:loader|error                                                             ; LED[0]        ; FPGA_CLK2_50                                                                                    ;
; emu:emu|hps_io:hps|ioctl_download                                                                                      ; LED[0]        ; FPGA_CLK2_50                                                                                    ;
; h2f_gp~FF_2102                                                                                                         ; LED[2]        ;                                                                                                 ;
; pll_hdmi_adj:pll_hdmi_adj|locked                                                                                       ; LED[6]        ; FPGA_CLK1_50                                                                                    ;
; audio_out:audio_out|spdif:toslink|spdif_out_q~DUPLICATE                                                                ; SDCD_SPDIF    ; pll_audio|pll_audio_inst|altera_pll_i|general[0].gpll~PLL_OUTPUT_COUNTER|divclk                 ;
; SDCD_SPDIF                                                                                                             ; SDIO_CLK      ;                                                                                                 ;
; vga_out:vga_out|rgb[9]                                                                                                 ; SDIO_CLK      ; FPGA_CLK2_50                                                                                    ;
; vga_out:vga_out|y[1]                                                                                                   ; SDIO_CLK      ; FPGA_CLK2_50                                                                                    ;
; vga_out:vga_scaler_out|rgb[9]                                                                                          ; SDIO_CLK      ; pll_hdmi|pll_hdmi_inst|altera_pll_i|cyclonev_pll|counter[0].output_counter|divclk               ;
; vga_out:vga_scaler_out|y[1]                                                                                            ; SDIO_CLK      ; pll_hdmi|pll_hdmi_inst|altera_pll_i|cyclonev_pll|counter[0].output_counter|divclk               ;
; yc_out:yc_out|Y[1]                                                                                                     ; SDIO_CLK      ; FPGA_CLK2_50                                                                                    ;
; SDCD_SPDIF                                                                                                             ; SDIO_CMD      ;                                                                                                 ;
; vga_out:vga_out|rgb[8]                                                                                                 ; SDIO_CMD      ; FPGA_CLK2_50                                                                                    ;
; vga_out:vga_out|y[0]                                                                                                   ; SDIO_CMD      ; FPGA_CLK2_50                                                                                    ;
; vga_out:vga_scaler_out|rgb[8]                                                                                          ; SDIO_CMD      ; pll_hdmi|pll_hdmi_inst|altera_pll_i|cyclonev_pll|counter[0].output_counter|divclk               ;
; vga_out:vga_scaler_out|y[0]                                                                                            ; SDIO_CMD      ; pll_hdmi|pll_hdmi_inst|altera_pll_i|cyclonev_pll|counter[0].output_counter|divclk               ;
; yc_out:yc_out|Y[0]                                                                                                     ; SDIO_CMD      ; FPGA_CLK2_50                                                                                    ;
; SDCD_SPDIF                                                                                                             ; SDIO_DAT[0]   ;                                                                                                 ;
; vga_out:vga_out|pb[0]                                                                                                  ; SDIO_DAT[0]   ; FPGA_CLK2_50                                                                                    ;
; vga_out:vga_out|rgb[0]                                                                                                 ; SDIO_DAT[0]   ; FPGA_CLK2_50                                                                                    ;
; vga_out:vga_scaler_out|pb[0]                                                                                           ; SDIO_DAT[0]   ; pll_hdmi|pll_hdmi_inst|altera_pll_i|cyclonev_pll|counter[0].output_counter|divclk               ;
; vga_out:vga_scaler_out|rgb[0]                                                                                          ; SDIO_DAT[0]   ; pll_hdmi|pll_hdmi_inst|altera_pll_i|cyclonev_pll|counter[0].output_counter|divclk               ;
; SDCD_SPDIF                                                                                                             ; SDIO_DAT[1]   ;                                                                                                 ;
; vga_out:vga_out|pb[1]                                                                                                  ; SDIO_DAT[1]   ; FPGA_CLK2_50                                                                                    ;
; vga_out:vga_out|rgb[1]                                                                                                 ; SDIO_DAT[1]   ; FPGA_CLK2_50                                                                                    ;
; vga_out:vga_scaler_out|pb[1]                                                                                           ; SDIO_DAT[1]   ; pll_hdmi|pll_hdmi_inst|altera_pll_i|cyclonev_pll|counter[0].output_counter|divclk               ;
; vga_out:vga_scaler_out|rgb[1]                                                                                          ; SDIO_DAT[1]   ; pll_hdmi|pll_hdmi_inst|altera_pll_i|cyclonev_pll|counter[0].output_counter|divclk               ;
; SDCD_SPDIF                                                                                                             ; SDIO_DAT[2]   ;                                                                                                 ;
; vga_out:vga_out|pr[0]                                                                                                  ; SDIO_DAT[2]   ; FPGA_CLK2_50                                                                                    ;
; vga_out:vga_out|rgb[16]                                                                                                ; SDIO_DAT[2]   ; FPGA_CLK2_50                                                                                    ;
; vga_out:vga_scaler_out|pr[0]                                                                                           ; SDIO_DAT[2]   ; pll_hdmi|pll_hdmi_inst|altera_pll_i|cyclonev_pll|counter[0].output_counter|divclk               ;
; vga_out:vga_scaler_out|rgb[16]                                                                                         ; SDIO_DAT[2]   ; pll_hdmi|pll_hdmi_inst|altera_pll_i|cyclonev_pll|counter[0].output_counter|divclk               ;
; yc_out:yc_out|C[0]                                                                                                     ; SDIO_DAT[2]   ; FPGA_CLK2_50                                                                                    ;
; SDCD_SPDIF                                                                                                             ; SDIO_DAT[3]   ;                                                                                                 ;
; vga_out:vga_out|pr[1]                                                                                                  ; SDIO_DAT[3]   ; FPGA_CLK2_50                                                                                    ;
; vga_out:vga_out|rgb[17]                                                                                                ; SDIO_DAT[3]   ; FPGA_CLK2_50                                                                                    ;
; vga_out:vga_scaler_out|pr[1]                                                                                           ; SDIO_DAT[3]   ; pll_hdmi|pll_hdmi_inst|altera_pll_i|cyclonev_pll|counter[0].output_counter|divclk               ;
; vga_out:vga_scaler_out|rgb[17]                                                                                         ; SDIO_DAT[3]   ; pll_hdmi|pll_hdmi_inst|altera_pll_i|cyclonev_pll|counter[0].output_counter|divclk               ;
; yc_out:yc_out|C[1]                                                                                                     ; SDIO_DAT[3]   ; FPGA_CLK2_50                                                                                    ;
; vga_out:vga_out|csync_o                                                                                                ; SD_SPI_CS     ; FPGA_CLK2_50                                                                                    ;
; vga_out:vga_scaler_out|altshift_taps:din1_rtl_0|shift_taps_quu:auto_generated|altsyncram_dr91:altsyncram4|ram_block5a6 ; SD_SPI_CS     ; pll_hdmi|pll_hdmi_inst|altera_pll_i|cyclonev_pll|counter[0].output_counter|divclk               ;
; yc_out:yc_out|csync_o                                                                                                  ; SD_SPI_CS     ; FPGA_CLK2_50                                                                                    ;
; audio_out:audio_out|i2s:i2s|sdata                                                                                      ; USER_IO[2]    ; pll_audio|pll_audio_inst|altera_pll_i|general[0].gpll~PLL_OUTPUT_COUNTER|divclk                 ;
; audio_out:audio_out|i2s:i2s|sclk                                                                                       ; USER_IO[4]    ; pll_audio|pll_audio_inst|altera_pll_i|general[0].gpll~PLL_OUTPUT_COUNTER|divclk                 ;
; audio_out:audio_out|i2s:i2s|lrclk                                                                                      ; USER_IO[5]    ; pll_audio|pll_audio_inst|altera_pll_i|general[0].gpll~PLL_OUTPUT_COUNTER|divclk                 ;
+------------------------------------------------------------------------------------------------------------------------+---------------+-------------------------------------------------------------------------------------------------+

