----------------
; Command Info ;
----------------
Report Timing: Found 5 removal paths (0 violated).  Worst case slack is 0.889 

Tcl Command:
    report_timing -removal -file reports/quartus_corner_0_removal.rpt -npaths 5 -detail full_path

Options:
    -removal 
    -npaths 5 
    -detail full_path 
    -file {reports/quartus_corner_0_removal.rpt} 

Delay Model:
    Slow 1100mV 100C Model

+-----------------------------------------------------------------------------------------------------------------------------------------------------------------------------------------------------------------------------------------------------------------------------+
; Summary of Paths                                                                                                                                                                                                                                                            ;
+-------+------------------------+---------------------------+-----------------------------------------------------------------------------------+-----------------------------------------------------------------------------------+--------------+------------+------------+
; Slack ; From Node              ; To Node                   ; Launch Clock                                                                      ; Latch Clock                                                                       ; Relationship ; Clock Skew ; Data Delay ;
+-------+------------------------+---------------------------+-----------------------------------------------------------------------------------+-----------------------------------------------------------------------------------+--------------+------------+------------+
; 0.889 ; ascal:ascal|o_reset_na ; ascal:ascal|o_copy.sCOPY  ; pll_hdmi|pll_hdmi_inst|altera_pll_i|cyclonev_pll|counter[0].output_counter|divclk ; pll_hdmi|pll_hdmi_inst|altera_pll_i|cyclonev_pll|counter[0].output_counter|divclk ; 0.000        ; 0.102      ; 0.991      ;
; 0.889 ; ascal:ascal|o_reset_na ; ascal:ascal|o_readlev[1]  ; pll_hdmi|pll_hdmi_inst|altera_pll_i|cyclonev_pll|counter[0].output_counter|divclk ; pll_hdmi|pll_hdmi_inst|altera_pll_i|cyclonev_pll|counter[0].output_counter|divclk ; 0.000        ; 0.102      ; 0.991      ;
; 0.895 ; ascal:ascal|o_reset_na ; ascal:ascal|o_copy.sSHIFT ; pll_hdmi|pll_hdmi_inst|altera_pll_i|cyclonev_pll|counter[0].output_counter|divclk ; pll_hdmi|pll_hdmi_inst|altera_pll_i|cyclonev_pll|counter[0].output_counter|divclk ; 0.000        ; 0.096      ; 0.991      ;
; 0.895 ; ascal:ascal|o_reset_na ; ascal:ascal|o_copy.sWAIT  ; pll_hdmi|pll_hdmi_inst|altera_pll_i|cyclonev_pll|counter[0].output_counter|divclk ; pll_hdmi|pll_hdmi_inst|altera_pll_i|cyclonev_pll|counter[0].output_counter|divclk ; 0.000        ; 0.096      ; 0.991      ;
; 0.895 ; ascal:ascal|o_reset_na ; ascal:ascal|o_readlev[0]  ; pll_hdmi|pll_hdmi_inst|altera_pll_i|cyclonev_pll|counter[0].output_counter|divclk ; pll_hdmi|pll_hdmi_inst|altera_pll_i|cyclonev_pll|counter[0].output_counter|divclk ; 0.000        ; 0.096      ; 0.991      ;
+-------+------------------------+---------------------------+-----------------------------------------------------------------------------------+-----------------------------------------------------------------------------------+--------------+------------+------------+

Path #1: Removal slack is 0.889 
===============================================================================
+--------------------------------------------------------------------------------------------------------+
; Path Summary                                                                                           ;
+--------------------+-----------------------------------------------------------------------------------+
; Property           ; Value                                                                             ;
+--------------------+-----------------------------------------------------------------------------------+
; From Node          ; ascal:ascal|o_reset_na                                                            ;
; To Node            ; ascal:ascal|o_copy.sCOPY                                                          ;
; Launch Clock       ; pll_hdmi|pll_hdmi_inst|altera_pll_i|cyclonev_pll|counter[0].output_counter|divclk ;
; Latch Clock        ; pll_hdmi|pll_hdmi_inst|altera_pll_i|cyclonev_pll|counter[0].output_counter|divclk ;
; Data Arrival Time  ; 8.319                                                                             ;
; Data Required Time ; 7.430                                                                             ;
; Slack              ; 0.889                                                                             ;
+--------------------+-----------------------------------------------------------------------------------+

+-------------------------------------------------------------------------------------+
; Statistics                                                                          ;
+------------------------+-------+-------+-------------+------------+--------+--------+
; Property               ; Value ; Count ; Total Delay ; % of Total ; Min    ; Max    ;
+------------------------+-------+-------+-------------+------------+--------+--------+
; Removal Relationship   ; 0.000 ;       ;             ;            ;        ;        ;
; Clock Skew             ; 0.102 ;       ;             ;            ;        ;        ;
; Data Delay             ; 0.991 ;       ;             ;            ;        ;        ;
; Number of Logic Levels ;       ; 0     ;             ;            ;        ;        ;
; Physical Delays        ;       ;       ;             ;            ;        ;        ;
;  Arrival Path          ;       ;       ;             ;            ;        ;        ;
;   Clock                ;       ;       ;             ;            ;        ;        ;
;    IC                  ;       ; 6     ; 4.144       ; 55         ; 0.000  ; 1.978  ;
;    Cell                ;       ; 5     ; 3.335       ; 45         ; 0.279  ; 1.466  ;
;    PLL Compensation    ;       ; 1     ; -0.151      ; 0          ; -0.151 ; -0.151 ;
;   Data                 ;       ;       ;             ;            ;        ;        ;
;    IC                  ;       ; 1     ; 0.747       ; 75         ; 0.747  ; 0.747  ;
;    Cell                ;       ; 2     ; 0.244       ; 25         ; 0.000  ; 0.244  ;
;    uTco                ;       ; 1     ; 0.000       ; 0          ; 0.000  ; 0.000  ;
;  Required Path         ;       ;       ;             ;            ;        ;        ;
;   Clock                ;       ;       ;             ;            ;        ;        ;
;    IC                  ;       ; 6     ; 4.861       ; 55         ; 0.000  ; 2.394  ;
;    Cell                ;       ; 6     ; 3.925       ; 45         ; 0.185  ; 1.745  ;
+------------------------+-------+-------+-------------+------------+--------+--------+
Note: Negative delays are omitted from totals when calculating percentages

+------------------------------------------------------------------------------------------------------------------------------------------------------------+
; Data Arrival Path                                                                                                                                          ;
+---------+----------+----+------+--------+---------------------------+--------------------------------------------------------------------------------------+
; Total   ; Incr     ; RF ; Type ; Fanout ; Location                  ; Element                                                                              ;
+---------+----------+----+------+--------+---------------------------+--------------------------------------------------------------------------------------+
; 0.000   ; 0.000    ;    ;      ;        ;                           ; launch edge time                                                                     ;
; 7.328   ; 7.328    ;    ;      ;        ;                           ; clock path                                                                           ;
;   0.000 ;   0.000  ;    ;      ;        ;                           ; source latency                                                                       ;
;   0.000 ;   0.000  ;    ;      ; 1      ; PIN_V11                   ; FPGA_CLK1_50                                                                         ;
;   0.000 ;   0.000  ; RR ; IC   ; 1      ; IOIBUF_X32_Y0_N1          ; FPGA_CLK1_50~input|i                                                                 ;
;   0.761 ;   0.761  ; RR ; CELL ; 2      ; IOIBUF_X32_Y0_N1          ; FPGA_CLK1_50~input|o                                                                 ;
;   1.922 ;   1.161  ; RR ; IC   ; 1      ; PLLREFCLKSELECT_X0_Y7_N0  ; pll_hdmi|pll_hdmi_inst|altera_pll_i|cyclonev_pll|fpll_0|REFCLK_SELECT|clkin[0]       ;
;   2.230 ;   0.308  ; RR ; CELL ; 1      ; PLLREFCLKSELECT_X0_Y7_N0  ; pll_hdmi|pll_hdmi_inst|altera_pll_i|cyclonev_pll|fpll_0|REFCLK_SELECT|clkout         ;
;   2.230 ;   0.000  ; RR ; IC   ; 10     ; FRACTIONALPLL_X0_Y1_N0    ; pll_hdmi|pll_hdmi_inst|altera_pll_i|cyclonev_pll|fpll_0|fpll|refclkin                ;
;   2.079 ;   -0.151 ; RR ; COMP ; 1      ; FRACTIONALPLL_X0_Y1_N0    ; pll_hdmi|pll_hdmi_inst|altera_pll_i|cyclonev_pll|fpll_0|fpll|vcoph[0]                ;
;   2.079 ;   0.000  ; RR ; IC   ; 1      ; PLLOUTPUTCOUNTER_X0_Y5_N1 ; pll_hdmi|pll_hdmi_inst|altera_pll_i|cyclonev_pll|counter[0].output_counter|vco0ph[0] ;
;   3.545 ;   1.466  ; RR ; CELL ; 3      ; PLLOUTPUTCOUNTER_X0_Y5_N1 ; pll_hdmi|pll_hdmi_inst|altera_pll_i|cyclonev_pll|counter[0].output_counter|divclk    ;
;   4.550 ;   1.005  ; RR ; IC   ; 1      ; CLKCTRL_G4                ; pll_hdmi|pll_hdmi_inst|altera_pll_i|cyclonev_pll|divclk[0]~CLKENA0|inclk             ;
;   4.829 ;   0.279  ; RR ; CELL ; 3653   ; CLKCTRL_G4                ; pll_hdmi|pll_hdmi_inst|altera_pll_i|cyclonev_pll|divclk[0]~CLKENA0|outclk            ;
;   6.807 ;   1.978  ; RR ; IC   ; 1      ; FF_X37_Y47_N47            ; ascal|o_reset_na|clk                                                                 ;
;   7.328 ;   0.521  ; RR ; CELL ; 1      ; FF_X37_Y47_N47            ; ascal:ascal|o_reset_na                                                               ;
; 8.319   ; 0.991    ;    ;      ;        ;                           ; data path                                                                            ;
;   7.328 ;   0.000  ;    ; uTco ; 1      ; FF_X37_Y47_N47            ; ascal:ascal|o_reset_na                                                               ;
;   7.328 ;   0.000  ; FF ; CELL ; 431    ; FF_X37_Y47_N47            ; ascal|o_reset_na|q                                                                   ;
;   8.075 ;   0.747  ; FF ; IC   ; 1      ; FF_X35_Y47_N35            ; ascal|o_copy.sCOPY|clrn                                                              ;
;   8.319 ;   0.244  ; FF ; CELL ; 1      ; FF_X35_Y47_N35            ; ascal:ascal|o_copy.sCOPY                                                             ;
+---------+----------+----+------+--------+---------------------------+--------------------------------------------------------------------------------------+

+------------------------------------------------------------------------------------------------------------------------------------------------------------+
; Data Required Path                                                                                                                                         ;
+---------+----------+----+------+--------+---------------------------+--------------------------------------------------------------------------------------+
; Total   ; Incr     ; RF ; Type ; Fanout ; Location                  ; Element                                                                              ;
+---------+----------+----+------+--------+---------------------------+--------------------------------------------------------------------------------------+
; 0.000   ; 0.000    ;    ;      ;        ;                           ; latch edge time                                                                      ;
; 7.430   ; 7.430    ;    ;      ;        ;                           ; clock path                                                                           ;
;   0.000 ;   0.000  ;    ;      ;        ;                           ; source latency                                                                       ;
;   0.000 ;   0.000  ;    ;      ; 1      ; PIN_V11                   ; FPGA_CLK1_50                                                                         ;
;   0.000 ;   0.000  ; RR ; IC   ; 1      ; IOIBUF_X32_Y0_N1          ; FPGA_CLK1_50~input|i                                                                 ;
;   0.761 ;   0.761  ; RR ; CELL ; 2      ; IOIBUF_X32_Y0_N1          ; FPGA_CLK1_50~input|o                                                                 ;
;   2.086 ;   1.325  ; RR ; IC   ; 1      ; PLLREFCLKSELECT_X0_Y7_N0  ; pll_hdmi|pll_hdmi_inst|altera_pll_i|cyclonev_pll|fpll_0|REFCLK_SELECT|clkin[0]       ;
;   2.419 ;   0.333  ; RR ; CELL ; 1      ; PLLREFCLKSELECT_X0_Y7_N0  ; pll_hdmi|pll_hdmi_inst|altera_pll_i|cyclonev_pll|fpll_0|REFCLK_SELECT|clkout         ;
;   2.419 ;   0.000  ; RR ; IC   ; 10     ; FRACTIONALPLL_X0_Y1_N0    ; pll_hdmi|pll_hdmi_inst|altera_pll_i|cyclonev_pll|fpll_0|fpll|refclkin                ;
;   2.604 ;   0.185  ; RR ; CELL ; 1      ; FRACTIONALPLL_X0_Y1_N0    ; pll_hdmi|pll_hdmi_inst|altera_pll_i|cyclonev_pll|fpll_0|fpll|vcoph[0]                ;
;   2.604 ;   0.000  ; RR ; IC   ; 1      ; PLLOUTPUTCOUNTER_X0_Y5_N1 ; pll_hdmi|pll_hdmi_inst|altera_pll_i|cyclonev_pll|counter[0].output_counter|vco0ph[0] ;
;   4.349 ;   1.745  ; RR ; CELL ; 3      ; PLLOUTPUTCOUNTER_X0_Y5_N1 ; pll_hdmi|pll_hdmi_inst|altera_pll_i|cyclonev_pll|counter[0].output_counter|divclk    ;
;   5.491 ;   1.142  ; RR ; IC   ; 1      ; CLKCTRL_G4                ; pll_hdmi|pll_hdmi_inst|altera_pll_i|cyclonev_pll|divclk[0]~CLKENA0|inclk             ;
;   5.795 ;   0.304  ; RR ; CELL ; 3653   ; CLKCTRL_G4                ; pll_hdmi|pll_hdmi_inst|altera_pll_i|cyclonev_pll|divclk[0]~CLKENA0|outclk            ;
;   8.189 ;   2.394  ; RR ; IC   ; 1      ; FF_X35_Y47_N35            ; ascal|o_copy.sCOPY|clk                                                               ;
;   8.786 ;   0.597  ; RR ; CELL ; 1      ; FF_X35_Y47_N35            ; ascal:ascal|o_copy.sCOPY                                                             ;
;   7.430 ;   -1.356 ;    ;      ;        ;                           ; clock pessimism removed                                                              ;
; 7.430   ; 0.000    ;    ;      ;        ;                           ; clock uncertainty                                                                    ;
; 7.430   ; 0.000    ;    ; uTh  ; 1      ; FF_X35_Y47_N35            ; ascal:ascal|o_copy.sCOPY                                                             ;
+---------+----------+----+------+--------+---------------------------+--------------------------------------------------------------------------------------+

----------------------------
; Extra Fitter Information ;
----------------------------
HTML report is unavailable in plain text report export.


Path #2: Removal slack is 0.889 
===============================================================================
+--------------------------------------------------------------------------------------------------------+
; Path Summary                                                                                           ;
+--------------------+-----------------------------------------------------------------------------------+
; Property           ; Value                                                                             ;
+--------------------+-----------------------------------------------------------------------------------+
; From Node          ; ascal:ascal|o_reset_na                                                            ;
; To Node            ; ascal:ascal|o_readlev[1]                                                          ;
; Launch Clock       ; pll_hdmi|pll_hdmi_inst|altera_pll_i|cyclonev_pll|counter[0].output_counter|divclk ;
; Latch Clock        ; pll_hdmi|pll_hdmi_inst|altera_pll_i|cyclonev_pll|counter[0].output_counter|divclk ;
; Data Arrival Time  ; 8.319                                                                             ;
; Data Required Time ; 7.430                                                                             ;
; Slack              ; 0.889                                                                             ;
+--------------------+-----------------------------------------------------------------------------------+

+-------------------------------------------------------------------------------------+
; Statistics                                                                          ;
+------------------------+-------+-------+-------------+------------+--------+--------+
; Property               ; Value ; Count ; Total Delay ; % of Total ; Min    ; Max    ;
+------------------------+-------+-------+-------------+------------+--------+--------+
; Removal Relationship   ; 0.000 ;       ;             ;            ;        ;        ;
; Clock Skew             ; 0.102 ;       ;             ;            ;        ;        ;
; Data Delay             ; 0.991 ;       ;             ;            ;        ;        ;
; Number of Logic Levels ;       ; 0     ;             ;            ;        ;        ;
; Physical Delays        ;       ;       ;             ;            ;        ;        ;
;  Arrival Path          ;       ;       ;             ;            ;        ;        ;
;   Clock                ;       ;       ;             ;            ;        ;        ;
;    IC                  ;       ; 6     ; 4.144       ; 55         ; 0.000  ; 1.978  ;
;    Cell                ;       ; 5     ; 3.335       ; 45         ; 0.279  ; 1.466  ;
;    PLL Compensation    ;       ; 1     ; -0.151      ; 0          ; -0.151 ; -0.151 ;
;   Data                 ;       ;       ;             ;            ;        ;        ;
;    IC                  ;       ; 1     ; 0.747       ; 75         ; 0.747  ; 0.747  ;
;    Cell                ;       ; 2     ; 0.244       ; 25         ; 0.000  ; 0.244  ;
;    uTco                ;       ; 1     ; 0.000       ; 0          ; 0.000  ; 0.000  ;
;  Required Path         ;       ;       ;             ;            ;        ;        ;
;   Clock                ;       ;       ;             ;            ;        ;        ;
;    IC                  ;       ; 6     ; 4.861       ; 55         ; 0.000  ; 2.394  ;
;    Cell                ;       ; 6     ; 3.925       ; 45         ; 0.185  ; 1.745  ;
+------------------------+-------+-------+-------------+------------+--------+--------+
Note: Negative delays are omitted from totals when calculating percentages

+------------------------------------------------------------------------------------------------------------------------------------------------------------+
; Data Arrival Path                                                                                                                                          ;
+---------+----------+----+------+--------+---------------------------+--------------------------------------------------------------------------------------+
; Total   ; Incr     ; RF ; Type ; Fanout ; Location                  ; Element                                                                              ;
+---------+----------+----+------+--------+---------------------------+--------------------------------------------------------------------------------------+
; 0.000   ; 0.000    ;    ;      ;        ;                           ; launch edge time                                                                     ;
; 7.328   ; 7.328    ;    ;      ;        ;                           ; clock path                                                                           ;
;   0.000 ;   0.000  ;    ;      ;        ;                           ; source latency                                                                       ;
;   0.000 ;   0.000  ;    ;      ; 1      ; PIN_V11                   ; FPGA_CLK1_50                                                                         ;
;   0.000 ;   0.000  ; RR ; IC   ; 1      ; IOIBUF_X32_Y0_N1          ; FPGA_CLK1_50~input|i                                                                 ;
;   0.761 ;   0.761  ; RR ; CELL ; 2      ; IOIBUF_X32_Y0_N1          ; FPGA_CLK1_50~input|o                                                                 ;
;   1.922 ;   1.161  ; RR ; IC   ; 1      ; PLLREFCLKSELECT_X0_Y7_N0  ; pll_hdmi|pll_hdmi_inst|altera_pll_i|cyclonev_pll|fpll_0|REFCLK_SELECT|clkin[0]       ;
;   2.230 ;   0.308  ; RR ; CELL ; 1      ; PLLREFCLKSELECT_X0_Y7_N0  ; pll_hdmi|pll_hdmi_inst|altera_pll_i|cyclonev_pll|fpll_0|REFCLK_SELECT|clkout         ;
;   2.230 ;   0.000  ; RR ; IC   ; 10     ; FRACTIONALPLL_X0_Y1_N0    ; pll_hdmi|pll_hdmi_inst|altera_pll_i|cyclonev_pll|fpll_0|fpll|refclkin                ;
;   2.079 ;   -0.151 ; RR ; COMP ; 1      ; FRACTIONALPLL_X0_Y1_N0    ; pll_hdmi|pll_hdmi_inst|altera_pll_i|cyclonev_pll|fpll_0|fpll|vcoph[0]                ;
;   2.079 ;   0.000  ; RR ; IC   ; 1      ; PLLOUTPUTCOUNTER_X0_Y5_N1 ; pll_hdmi|pll_hdmi_inst|altera_pll_i|cyclonev_pll|counter[0].output_counter|vco0ph[0] ;
;   3.545 ;   1.466  ; RR ; CELL ; 3      ; PLLOUTPUTCOUNTER_X0_Y5_N1 ; pll_hdmi|pll_hdmi_inst|altera_pll_i|cyclonev_pll|counter[0].output_counter|divclk    ;
;   4.550 ;   1.005  ; RR ; IC   ; 1      ; CLKCTRL_G4                ; pll_hdmi|pll_hdmi_inst|altera_pll_i|cyclonev_pll|divclk[0]~CLKENA0|inclk             ;
;   4.829 ;   0.279  ; RR ; CELL ; 3653   ; CLKCTRL_G4                ; pll_hdmi|pll_hdmi_inst|altera_pll_i|cyclonev_pll|divclk[0]~CLKENA0|outclk            ;
;   6.807 ;   1.978  ; RR ; IC   ; 1      ; FF_X37_Y47_N47            ; ascal|o_reset_na|clk                                                                 ;
;   7.328 ;   0.521  ; RR ; CELL ; 1      ; FF_X37_Y47_N47            ; ascal:ascal|o_reset_na                                                               ;
; 8.319   ; 0.991    ;    ;      ;        ;                           ; data path                                                                            ;
;   7.328 ;   0.000  ;    ; uTco ; 1      ; FF_X37_Y47_N47            ; ascal:ascal|o_reset_na                                                               ;
;   7.328 ;   0.000  ; FF ; CELL ; 431    ; FF_X37_Y47_N47            ; ascal|o_reset_na|q                                                                   ;
;   8.075 ;   0.747  ; FF ; IC   ; 1      ; FF_X35_Y47_N17            ; ascal|o_readlev[1]|clrn                                                              ;
;   8.319 ;   0.244  ; FF ; CELL ; 1      ; FF_X35_Y47_N17            ; ascal:ascal|o_readlev[1]                                                             ;
+---------+----------+----+------+--------+---------------------------+--------------------------------------------------------------------------------------+

+------------------------------------------------------------------------------------------------------------------------------------------------------------+
; Data Required Path                                                                                                                                         ;
+---------+----------+----+------+--------+---------------------------+--------------------------------------------------------------------------------------+
; Total   ; Incr     ; RF ; Type ; Fanout ; Location                  ; Element                                                                              ;
+---------+----------+----+------+--------+---------------------------+--------------------------------------------------------------------------------------+
; 0.000   ; 0.000    ;    ;      ;        ;                           ; latch edge time                                                                      ;
; 7.430   ; 7.430    ;    ;      ;        ;                           ; clock path                                                                           ;
;   0.000 ;   0.000  ;    ;      ;        ;                           ; source latency                                                                       ;
;   0.000 ;   0.000  ;    ;      ; 1      ; PIN_V11                   ; FPGA_CLK1_50                                                                         ;
;   0.000 ;   0.000  ; RR ; IC   ; 1      ; IOIBUF_X32_Y0_N1          ; FPGA_CLK1_50~input|i                                                                 ;
;   0.761 ;   0.761  ; RR ; CELL ; 2      ; IOIBUF_X32_Y0_N1          ; FPGA_CLK1_50~input|o                                                                 ;
;   2.086 ;   1.325  ; RR ; IC   ; 1      ; PLLREFCLKSELECT_X0_Y7_N0  ; pll_hdmi|pll_hdmi_inst|altera_pll_i|cyclonev_pll|fpll_0|REFCLK_SELECT|clkin[0]       ;
;   2.419 ;   0.333  ; RR ; CELL ; 1      ; PLLREFCLKSELECT_X0_Y7_N0  ; pll_hdmi|pll_hdmi_inst|altera_pll_i|cyclonev_pll|fpll_0|REFCLK_SELECT|clkout         ;
;   2.419 ;   0.000  ; RR ; IC   ; 10     ; FRACTIONALPLL_X0_Y1_N0    ; pll_hdmi|pll_hdmi_inst|altera_pll_i|cyclonev_pll|fpll_0|fpll|refclkin                ;
;   2.604 ;   0.185  ; RR ; CELL ; 1      ; FRACTIONALPLL_X0_Y1_N0    ; pll_hdmi|pll_hdmi_inst|altera_pll_i|cyclonev_pll|fpll_0|fpll|vcoph[0]                ;
;   2.604 ;   0.000  ; RR ; IC   ; 1      ; PLLOUTPUTCOUNTER_X0_Y5_N1 ; pll_hdmi|pll_hdmi_inst|altera_pll_i|cyclonev_pll|counter[0].output_counter|vco0ph[0] ;
;   4.349 ;   1.745  ; RR ; CELL ; 3      ; PLLOUTPUTCOUNTER_X0_Y5_N1 ; pll_hdmi|pll_hdmi_inst|altera_pll_i|cyclonev_pll|counter[0].output_counter|divclk    ;
;   5.491 ;   1.142  ; RR ; IC   ; 1      ; CLKCTRL_G4                ; pll_hdmi|pll_hdmi_inst|altera_pll_i|cyclonev_pll|divclk[0]~CLKENA0|inclk             ;
;   5.795 ;   0.304  ; RR ; CELL ; 3653   ; CLKCTRL_G4                ; pll_hdmi|pll_hdmi_inst|altera_pll_i|cyclonev_pll|divclk[0]~CLKENA0|outclk            ;
;   8.189 ;   2.394  ; RR ; IC   ; 1      ; FF_X35_Y47_N17            ; ascal|o_readlev[1]|clk                                                               ;
;   8.786 ;   0.597  ; RR ; CELL ; 1      ; FF_X35_Y47_N17            ; ascal:ascal|o_readlev[1]                                                             ;
;   7.430 ;   -1.356 ;    ;      ;        ;                           ; clock pessimism removed                                                              ;
; 7.430   ; 0.000    ;    ;      ;        ;                           ; clock uncertainty                                                                    ;
; 7.430   ; 0.000    ;    ; uTh  ; 1      ; FF_X35_Y47_N17            ; ascal:ascal|o_readlev[1]                                                             ;
+---------+----------+----+------+--------+---------------------------+--------------------------------------------------------------------------------------+

----------------------------
; Extra Fitter Information ;
----------------------------
HTML report is unavailable in plain text report export.


Path #3: Removal slack is 0.895 
===============================================================================
+--------------------------------------------------------------------------------------------------------+
; Path Summary                                                                                           ;
+--------------------+-----------------------------------------------------------------------------------+
; Property           ; Value                                                                             ;
+--------------------+-----------------------------------------------------------------------------------+
; From Node          ; ascal:ascal|o_reset_na                                                            ;
; To Node            ; ascal:ascal|o_copy.sSHIFT                                                         ;
; Launch Clock       ; pll_hdmi|pll_hdmi_inst|altera_pll_i|cyclonev_pll|counter[0].output_counter|divclk ;
; Latch Clock        ; pll_hdmi|pll_hdmi_inst|altera_pll_i|cyclonev_pll|counter[0].output_counter|divclk ;
; Data Arrival Time  ; 8.319                                                                             ;
; Data Required Time ; 7.424                                                                             ;
; Slack              ; 0.895                                                                             ;
+--------------------+-----------------------------------------------------------------------------------+

+-------------------------------------------------------------------------------------+
; Statistics                                                                          ;
+------------------------+-------+-------+-------------+------------+--------+--------+
; Property               ; Value ; Count ; Total Delay ; % of Total ; Min    ; Max    ;
+------------------------+-------+-------+-------------+------------+--------+--------+
; Removal Relationship   ; 0.000 ;       ;             ;            ;        ;        ;
; Clock Skew             ; 0.096 ;       ;             ;            ;        ;        ;
; Data Delay             ; 0.991 ;       ;             ;            ;        ;        ;
; Number of Logic Levels ;       ; 0     ;             ;            ;        ;        ;
; Physical Delays        ;       ;       ;             ;            ;        ;        ;
;  Arrival Path          ;       ;       ;             ;            ;        ;        ;
;   Clock                ;       ;       ;             ;            ;        ;        ;
;    IC                  ;       ; 6     ; 4.144       ; 55         ; 0.000  ; 1.978  ;
;    Cell                ;       ; 5     ; 3.335       ; 45         ; 0.279  ; 1.466  ;
;    PLL Compensation    ;       ; 1     ; -0.151      ; 0          ; -0.151 ; -0.151 ;
;   Data                 ;       ;       ;             ;            ;        ;        ;
;    IC                  ;       ; 1     ; 0.747       ; 75         ; 0.747  ; 0.747  ;
;    Cell                ;       ; 2     ; 0.244       ; 25         ; 0.000  ; 0.244  ;
;    uTco                ;       ; 1     ; 0.000       ; 0          ; 0.000  ; 0.000  ;
;  Required Path         ;       ;       ;             ;            ;        ;        ;
;   Clock                ;       ;       ;             ;            ;        ;        ;
;    IC                  ;       ; 6     ; 4.861       ; 55         ; 0.000  ; 2.394  ;
;    Cell                ;       ; 6     ; 3.919       ; 45         ; 0.185  ; 1.745  ;
+------------------------+-------+-------+-------------+------------+--------+--------+
Note: Negative delays are omitted from totals when calculating percentages

+------------------------------------------------------------------------------------------------------------------------------------------------------------+
; Data Arrival Path                                                                                                                                          ;
+---------+----------+----+------+--------+---------------------------+--------------------------------------------------------------------------------------+
; Total   ; Incr     ; RF ; Type ; Fanout ; Location                  ; Element                                                                              ;
+---------+----------+----+------+--------+---------------------------+--------------------------------------------------------------------------------------+
; 0.000   ; 0.000    ;    ;      ;        ;                           ; launch edge time                                                                     ;
; 7.328   ; 7.328    ;    ;      ;        ;                           ; clock path                                                                           ;
;   0.000 ;   0.000  ;    ;      ;        ;                           ; source latency                                                                       ;
;   0.000 ;   0.000  ;    ;      ; 1      ; PIN_V11                   ; FPGA_CLK1_50                                                                         ;
;   0.000 ;   0.000  ; RR ; IC   ; 1      ; IOIBUF_X32_Y0_N1          ; FPGA_CLK1_50~input|i                                                                 ;
;   0.761 ;   0.761  ; RR ; CELL ; 2      ; IOIBUF_X32_Y0_N1          ; FPGA_CLK1_50~input|o                                                                 ;
;   1.922 ;   1.161  ; RR ; IC   ; 1      ; PLLREFCLKSELECT_X0_Y7_N0  ; pll_hdmi|pll_hdmi_inst|altera_pll_i|cyclonev_pll|fpll_0|REFCLK_SELECT|clkin[0]       ;
;   2.230 ;   0.308  ; RR ; CELL ; 1      ; PLLREFCLKSELECT_X0_Y7_N0  ; pll_hdmi|pll_hdmi_inst|altera_pll_i|cyclonev_pll|fpll_0|REFCLK_SELECT|clkout         ;
;   2.230 ;   0.000  ; RR ; IC   ; 10     ; FRACTIONALPLL_X0_Y1_N0    ; pll_hdmi|pll_hdmi_inst|altera_pll_i|cyclonev_pll|fpll_0|fpll|refclkin                ;
;   2.079 ;   -0.151 ; RR ; COMP ; 1      ; FRACTIONALPLL_X0_Y1_N0    ; pll_hdmi|pll_hdmi_inst|altera_pll_i|cyclonev_pll|fpll_0|fpll|vcoph[0]                ;
;   2.079 ;   0.000  ; RR ; IC   ; 1      ; PLLOUTPUTCOUNTER_X0_Y5_N1 ; pll_hdmi|pll_hdmi_inst|altera_pll_i|cyclonev_pll|counter[0].output_counter|vco0ph[0] ;
;   3.545 ;   1.466  ; RR ; CELL ; 3      ; PLLOUTPUTCOUNTER_X0_Y5_N1 ; pll_hdmi|pll_hdmi_inst|altera_pll_i|cyclonev_pll|counter[0].output_counter|divclk    ;
;   4.550 ;   1.005  ; RR ; IC   ; 1      ; CLKCTRL_G4                ; pll_hdmi|pll_hdmi_inst|altera_pll_i|cyclonev_pll|divclk[0]~CLKENA0|inclk             ;
;   4.829 ;   0.279  ; RR ; CELL ; 3653   ; CLKCTRL_G4                ; pll_hdmi|pll_hdmi_inst|altera_pll_i|cyclonev_pll|divclk[0]~CLKENA0|outclk            ;
;   6.807 ;   1.978  ; RR ; IC   ; 1      ; FF_X37_Y47_N47            ; ascal|o_reset_na|clk                                                                 ;
;   7.328 ;   0.521  ; RR ; CELL ; 1      ; FF_X37_Y47_N47            ; ascal:ascal|o_reset_na                                                               ;
; 8.319   ; 0.991    ;    ;      ;        ;                           ; data path                                                                            ;
;   7.328 ;   0.000  ;    ; uTco ; 1      ; FF_X37_Y47_N47            ; ascal:ascal|o_reset_na                                                               ;
;   7.328 ;   0.000  ; FF ; CELL ; 431    ; FF_X37_Y47_N47            ; ascal|o_reset_na|q                                                                   ;
;   8.075 ;   0.747  ; FF ; IC   ; 1      ; FF_X35_Y47_N26            ; ascal|o_copy.sSHIFT|clrn                                                             ;
;   8.319 ;   0.244  ; FF ; CELL ; 1      ; FF_X35_Y47_N26            ; ascal:ascal|o_copy.sSHIFT                                                            ;
+---------+----------+----+------+--------+---------------------------+--------------------------------------------------------------------------------------+

+------------------------------------------------------------------------------------------------------------------------------------------------------------+
; Data Required Path                                                                                                                                         ;
+---------+----------+----+------+--------+---------------------------+--------------------------------------------------------------------------------------+
; Total   ; Incr     ; RF ; Type ; Fanout ; Location                  ; Element                                                                              ;
+---------+----------+----+------+--------+---------------------------+--------------------------------------------------------------------------------------+
; 0.000   ; 0.000    ;    ;      ;        ;                           ; latch edge time                                                                      ;
; 7.424   ; 7.424    ;    ;      ;        ;                           ; clock path                                                                           ;
;   0.000 ;   0.000  ;    ;      ;        ;                           ; source latency                                                                       ;
;   0.000 ;   0.000  ;    ;      ; 1      ; PIN_V11                   ; FPGA_CLK1_50                                                                         ;
;   0.000 ;   0.000  ; RR ; IC   ; 1      ; IOIBUF_X32_Y0_N1          ; FPGA_CLK1_50~input|i                                                                 ;
;   0.761 ;   0.761  ; RR ; CELL ; 2      ; IOIBUF_X32_Y0_N1          ; FPGA_CLK1_50~input|o                                                                 ;
;   2.086 ;   1.325  ; RR ; IC   ; 1      ; PLLREFCLKSELECT_X0_Y7_N0  ; pll_hdmi|pll_hdmi_inst|altera_pll_i|cyclonev_pll|fpll_0|REFCLK_SELECT|clkin[0]       ;
;   2.419 ;   0.333  ; RR ; CELL ; 1      ; PLLREFCLKSELECT_X0_Y7_N0  ; pll_hdmi|pll_hdmi_inst|altera_pll_i|cyclonev_pll|fpll_0|REFCLK_SELECT|clkout         ;
;   2.419 ;   0.000  ; RR ; IC   ; 10     ; FRACTIONALPLL_X0_Y1_N0    ; pll_hdmi|pll_hdmi_inst|altera_pll_i|cyclonev_pll|fpll_0|fpll|refclkin                ;
;   2.604 ;   0.185  ; RR ; CELL ; 1      ; FRACTIONALPLL_X0_Y1_N0    ; pll_hdmi|pll_hdmi_inst|altera_pll_i|cyclonev_pll|fpll_0|fpll|vcoph[0]                ;
;   2.604 ;   0.000  ; RR ; IC   ; 1      ; PLLOUTPUTCOUNTER_X0_Y5_N1 ; pll_hdmi|pll_hdmi_inst|altera_pll_i|cyclonev_pll|counter[0].output_counter|vco0ph[0] ;
;   4.349 ;   1.745  ; RR ; CELL ; 3      ; PLLOUTPUTCOUNTER_X0_Y5_N1 ; pll_hdmi|pll_hdmi_inst|altera_pll_i|cyclonev_pll|counter[0].output_counter|divclk    ;
;   5.491 ;   1.142  ; RR ; IC   ; 1      ; CLKCTRL_G4                ; pll_hdmi|pll_hdmi_inst|altera_pll_i|cyclonev_pll|divclk[0]~CLKENA0|inclk             ;
;   5.795 ;   0.304  ; RR ; CELL ; 3653   ; CLKCTRL_G4                ; pll_hdmi|pll_hdmi_inst|altera_pll_i|cyclonev_pll|divclk[0]~CLKENA0|outclk            ;
;   8.189 ;   2.394  ; RR ; IC   ; 1      ; FF_X35_Y47_N26            ; ascal|o_copy.sSHIFT|clk                                                              ;
;   8.780 ;   0.591  ; RR ; CELL ; 1      ; FF_X35_Y47_N26            ; ascal:ascal|o_copy.sSHIFT                                                            ;
;   7.424 ;   -1.356 ;    ;      ;        ;                           ; clock pessimism removed                                                              ;
; 7.424   ; 0.000    ;    ;      ;        ;                           ; clock uncertainty                                                                    ;
; 7.424   ; 0.000    ;    ; uTh  ; 1      ; FF_X35_Y47_N26            ; ascal:ascal|o_copy.sSHIFT                                                            ;
+---------+----------+----+------+--------+---------------------------+--------------------------------------------------------------------------------------+

----------------------------
; Extra Fitter Information ;
----------------------------
HTML report is unavailable in plain text report export.


Path #4: Removal slack is 0.895 
===============================================================================
+--------------------------------------------------------------------------------------------------------+
; Path Summary                                                                                           ;
+--------------------+-----------------------------------------------------------------------------------+
; Property           ; Value                                                                             ;
+--------------------+-----------------------------------------------------------------------------------+
; From Node          ; ascal:ascal|o_reset_na                                                            ;
; To Node            ; ascal:ascal|o_copy.sWAIT                                                          ;
; Launch Clock       ; pll_hdmi|pll_hdmi_inst|altera_pll_i|cyclonev_pll|counter[0].output_counter|divclk ;
; Latch Clock        ; pll_hdmi|pll_hdmi_inst|altera_pll_i|cyclonev_pll|counter[0].output_counter|divclk ;
; Data Arrival Time  ; 8.319                                                                             ;
; Data Required Time ; 7.424                                                                             ;
; Slack              ; 0.895                                                                             ;
+--------------------+-----------------------------------------------------------------------------------+

+-------------------------------------------------------------------------------------+
; Statistics                                                                          ;
+------------------------+-------+-------+-------------+------------+--------+--------+
; Property               ; Value ; Count ; Total Delay ; % of Total ; Min    ; Max    ;
+------------------------+-------+-------+-------------+------------+--------+--------+
; Removal Relationship   ; 0.000 ;       ;             ;            ;        ;        ;
; Clock Skew             ; 0.096 ;       ;             ;            ;        ;        ;
; Data Delay             ; 0.991 ;       ;             ;            ;        ;        ;
; Number of Logic Levels ;       ; 0     ;             ;            ;        ;        ;
; Physical Delays        ;       ;       ;             ;            ;        ;        ;
;  Arrival Path          ;       ;       ;             ;            ;        ;        ;
;   Clock                ;       ;       ;             ;            ;        ;        ;
;    IC                  ;       ; 6     ; 4.144       ; 55         ; 0.000  ; 1.978  ;
;    Cell                ;       ; 5     ; 3.335       ; 45         ; 0.279  ; 1.466  ;
;    PLL Compensation    ;       ; 1     ; -0.151      ; 0          ; -0.151 ; -0.151 ;
;   Data                 ;       ;       ;             ;            ;        ;        ;
;    IC                  ;       ; 1     ; 0.747       ; 75         ; 0.747  ; 0.747  ;
;    Cell                ;       ; 2     ; 0.244       ; 25         ; 0.000  ; 0.244  ;
;    uTco                ;       ; 1     ; 0.000       ; 0          ; 0.000  ; 0.000  ;
;  Required Path         ;       ;       ;             ;            ;        ;        ;
;   Clock                ;       ;       ;             ;            ;        ;        ;
;    IC                  ;       ; 6     ; 4.861       ; 55         ; 0.000  ; 2.394  ;
;    Cell                ;       ; 6     ; 3.919       ; 45         ; 0.185  ; 1.745  ;
+------------------------+-------+-------+-------------+------------+--------+--------+
Note: Negative delays are omitted from totals when calculating percentages

+------------------------------------------------------------------------------------------------------------------------------------------------------------+
; Data Arrival Path                                                                                                                                          ;
+---------+----------+----+------+--------+---------------------------+--------------------------------------------------------------------------------------+
; Total   ; Incr     ; RF ; Type ; Fanout ; Location                  ; Element                                                                              ;
+---------+----------+----+------+--------+---------------------------+--------------------------------------------------------------------------------------+
; 0.000   ; 0.000    ;    ;      ;        ;                           ; launch edge time                                                                     ;
; 7.328   ; 7.328    ;    ;      ;        ;                           ; clock path                                                                           ;
;   0.000 ;   0.000  ;    ;      ;        ;                           ; source latency                                                                       ;
;   0.000 ;   0.000  ;    ;      ; 1      ; PIN_V11                   ; FPGA_CLK1_50                                                                         ;
;   0.000 ;   0.000  ; RR ; IC   ; 1      ; IOIBUF_X32_Y0_N1          ; FPGA_CLK1_50~input|i                                                                 ;
;   0.761 ;   0.761  ; RR ; CELL ; 2      ; IOIBUF_X32_Y0_N1          ; FPGA_CLK1_50~input|o                                                                 ;
;   1.922 ;   1.161  ; RR ; IC   ; 1      ; PLLREFCLKSELECT_X0_Y7_N0  ; pll_hdmi|pll_hdmi_inst|altera_pll_i|cyclonev_pll|fpll_0|REFCLK_SELECT|clkin[0]       ;
;   2.230 ;   0.308  ; RR ; CELL ; 1      ; PLLREFCLKSELECT_X0_Y7_N0  ; pll_hdmi|pll_hdmi_inst|altera_pll_i|cyclonev_pll|fpll_0|REFCLK_SELECT|clkout         ;
;   2.230 ;   0.000  ; RR ; IC   ; 10     ; FRACTIONALPLL_X0_Y1_N0    ; pll_hdmi|pll_hdmi_inst|altera_pll_i|cyclonev_pll|fpll_0|fpll|refclkin                ;
;   2.079 ;   -0.151 ; RR ; COMP ; 1      ; FRACTIONALPLL_X0_Y1_N0    ; pll_hdmi|pll_hdmi_inst|altera_pll_i|cyclonev_pll|fpll_0|fpll|vcoph[0]                ;
;   2.079 ;   0.000  ; RR ; IC   ; 1      ; PLLOUTPUTCOUNTER_X0_Y5_N1 ; pll_hdmi|pll_hdmi_inst|altera_pll_i|cyclonev_pll|counter[0].output_counter|vco0ph[0] ;
;   3.545 ;   1.466  ; RR ; CELL ; 3      ; PLLOUTPUTCOUNTER_X0_Y5_N1 ; pll_hdmi|pll_hdmi_inst|altera_pll_i|cyclonev_pll|counter[0].output_counter|divclk    ;
;   4.550 ;   1.005  ; RR ; IC   ; 1      ; CLKCTRL_G4                ; pll_hdmi|pll_hdmi_inst|altera_pll_i|cyclonev_pll|divclk[0]~CLKENA0|inclk             ;
;   4.829 ;   0.279  ; RR ; CELL ; 3653   ; CLKCTRL_G4                ; pll_hdmi|pll_hdmi_inst|altera_pll_i|cyclonev_pll|divclk[0]~CLKENA0|outclk            ;
;   6.807 ;   1.978  ; RR ; IC   ; 1      ; FF_X37_Y47_N47            ; ascal|o_reset_na|clk                                                                 ;
;   7.328 ;   0.521  ; RR ; CELL ; 1      ; FF_X37_Y47_N47            ; ascal:ascal|o_reset_na                                                               ;
; 8.319   ; 0.991    ;    ;      ;        ;                           ; data path                                                                            ;
;   7.328 ;   0.000  ;    ; uTco ; 1      ; FF_X37_Y47_N47            ; ascal:ascal|o_reset_na                                                               ;
;   7.328 ;   0.000  ; FF ; CELL ; 431    ; FF_X37_Y47_N47            ; ascal|o_reset_na|q                                                                   ;
;   8.075 ;   0.747  ; FF ; IC   ; 1      ; FF_X35_Y47_N20            ; ascal|o_copy.sWAIT|clrn                                                              ;
;   8.319 ;   0.244  ; FF ; CELL ; 1      ; FF_X35_Y47_N20            ; ascal:ascal|o_copy.sWAIT                                                             ;
+---------+----------+----+------+--------+---------------------------+--------------------------------------------------------------------------------------+

+------------------------------------------------------------------------------------------------------------------------------------------------------------+
; Data Required Path                                                                                                                                         ;
+---------+----------+----+------+--------+---------------------------+--------------------------------------------------------------------------------------+
; Total   ; Incr     ; RF ; Type ; Fanout ; Location                  ; Element                                                                              ;
+---------+----------+----+------+--------+---------------------------+--------------------------------------------------------------------------------------+
; 0.000   ; 0.000    ;    ;      ;        ;                           ; latch edge time                                                                      ;
; 7.424   ; 7.424    ;    ;      ;        ;                           ; clock path                                                                           ;
;   0.000 ;   0.000  ;    ;      ;        ;                           ; source latency                                                                       ;
;   0.000 ;   0.000  ;    ;      ; 1      ; PIN_V11                   ; FPGA_CLK1_50                                                                         ;
;   0.000 ;   0.000  ; RR ; IC   ; 1      ; IOIBUF_X32_Y0_N1          ; FPGA_CLK1_50~input|i                                                                 ;
;   0.761 ;   0.761  ; RR ; CELL ; 2      ; IOIBUF_X32_Y0_N1          ; FPGA_CLK1_50~input|o                                                                 ;
;   2.086 ;   1.325  ; RR ; IC   ; 1      ; PLLREFCLKSELECT_X0_Y7_N0  ; pll_hdmi|pll_hdmi_inst|altera_pll_i|cyclonev_pll|fpll_0|REFCLK_SELECT|clkin[0]       ;
;   2.419 ;   0.333  ; RR ; CELL ; 1      ; PLLREFCLKSELECT_X0_Y7_N0  ; pll_hdmi|pll_hdmi_inst|altera_pll_i|cyclonev_pll|fpll_0|REFCLK_SELECT|clkout         ;
;   2.419 ;   0.000  ; RR ; IC   ; 10     ; FRACTIONALPLL_X0_Y1_N0    ; pll_hdmi|pll_hdmi_inst|altera_pll_i|cyclonev_pll|fpll_0|fpll|refclkin                ;
;   2.604 ;   0.185  ; RR ; CELL ; 1      ; FRACTIONALPLL_X0_Y1_N0    ; pll_hdmi|pll_hdmi_inst|altera_pll_i|cyclonev_pll|fpll_0|fpll|vcoph[0]                ;
;   2.604 ;   0.000  ; RR ; IC   ; 1      ; PLLOUTPUTCOUNTER_X0_Y5_N1 ; pll_hdmi|pll_hdmi_inst|altera_pll_i|cyclonev_pll|counter[0].output_counter|vco0ph[0] ;
;   4.349 ;   1.745  ; RR ; CELL ; 3      ; PLLOUTPUTCOUNTER_X0_Y5_N1 ; pll_hdmi|pll_hdmi_inst|altera_pll_i|cyclonev_pll|counter[0].output_counter|divclk    ;
;   5.491 ;   1.142  ; RR ; IC   ; 1      ; CLKCTRL_G4                ; pll_hdmi|pll_hdmi_inst|altera_pll_i|cyclonev_pll|divclk[0]~CLKENA0|inclk             ;
;   5.795 ;   0.304  ; RR ; CELL ; 3653   ; CLKCTRL_G4                ; pll_hdmi|pll_hdmi_inst|altera_pll_i|cyclonev_pll|divclk[0]~CLKENA0|outclk            ;
;   8.189 ;   2.394  ; RR ; IC   ; 1      ; FF_X35_Y47_N20            ; ascal|o_copy.sWAIT|clk                                                               ;
;   8.780 ;   0.591  ; RR ; CELL ; 1      ; FF_X35_Y47_N20            ; ascal:ascal|o_copy.sWAIT                                                             ;
;   7.424 ;   -1.356 ;    ;      ;        ;                           ; clock pessimism removed                                                              ;
; 7.424   ; 0.000    ;    ;      ;        ;                           ; clock uncertainty                                                                    ;
; 7.424   ; 0.000    ;    ; uTh  ; 1      ; FF_X35_Y47_N20            ; ascal:ascal|o_copy.sWAIT                                                             ;
+---------+----------+----+------+--------+---------------------------+--------------------------------------------------------------------------------------+

----------------------------
; Extra Fitter Information ;
----------------------------
HTML report is unavailable in plain text report export.


Path #5: Removal slack is 0.895 
===============================================================================
+--------------------------------------------------------------------------------------------------------+
; Path Summary                                                                                           ;
+--------------------+-----------------------------------------------------------------------------------+
; Property           ; Value                                                                             ;
+--------------------+-----------------------------------------------------------------------------------+
; From Node          ; ascal:ascal|o_reset_na                                                            ;
; To Node            ; ascal:ascal|o_readlev[0]                                                          ;
; Launch Clock       ; pll_hdmi|pll_hdmi_inst|altera_pll_i|cyclonev_pll|counter[0].output_counter|divclk ;
; Latch Clock        ; pll_hdmi|pll_hdmi_inst|altera_pll_i|cyclonev_pll|counter[0].output_counter|divclk ;
; Data Arrival Time  ; 8.319                                                                             ;
; Data Required Time ; 7.424                                                                             ;
; Slack              ; 0.895                                                                             ;
+--------------------+-----------------------------------------------------------------------------------+

+-------------------------------------------------------------------------------------+
; Statistics                                                                          ;
+------------------------+-------+-------+-------------+------------+--------+--------+
; Property               ; Value ; Count ; Total Delay ; % of Total ; Min    ; Max    ;
+------------------------+-------+-------+-------------+------------+--------+--------+
; Removal Relationship   ; 0.000 ;       ;             ;            ;        ;        ;
; Clock Skew             ; 0.096 ;       ;             ;            ;        ;        ;
; Data Delay             ; 0.991 ;       ;             ;            ;        ;        ;
; Number of Logic Levels ;       ; 0     ;             ;            ;        ;        ;
; Physical Delays        ;       ;       ;             ;            ;        ;        ;
;  Arrival Path          ;       ;       ;             ;            ;        ;        ;
;   Clock                ;       ;       ;             ;            ;        ;        ;
;    IC                  ;       ; 6     ; 4.144       ; 55         ; 0.000  ; 1.978  ;
;    Cell                ;       ; 5     ; 3.335       ; 45         ; 0.279  ; 1.466  ;
;    PLL Compensation    ;       ; 1     ; -0.151      ; 0          ; -0.151 ; -0.151 ;
;   Data                 ;       ;       ;             ;            ;        ;        ;
;    IC                  ;       ; 1     ; 0.747       ; 75         ; 0.747  ; 0.747  ;
;    Cell                ;       ; 2     ; 0.244       ; 25         ; 0.000  ; 0.244  ;
;    uTco                ;       ; 1     ; 0.000       ; 0          ; 0.000  ; 0.000  ;
;  Required Path         ;       ;       ;             ;            ;        ;        ;
;   Clock                ;       ;       ;             ;            ;        ;        ;
;    IC                  ;       ; 6     ; 4.861       ; 55         ; 0.000  ; 2.394  ;
;    Cell                ;       ; 6     ; 3.919       ; 45         ; 0.185  ; 1.745  ;
+------------------------+-------+-------+-------------+------------+--------+--------+
Note: Negative delays are omitted from totals when calculating percentages

+------------------------------------------------------------------------------------------------------------------------------------------------------------+
; Data Arrival Path                                                                                                                                          ;
+---------+----------+----+------+--------+---------------------------+--------------------------------------------------------------------------------------+
; Total   ; Incr     ; RF ; Type ; Fanout ; Location                  ; Element                                                                              ;
+---------+----------+----+------+--------+---------------------------+--------------------------------------------------------------------------------------+
; 0.000   ; 0.000    ;    ;      ;        ;                           ; launch edge time                                                                     ;
; 7.328   ; 7.328    ;    ;      ;        ;                           ; clock path                                                                           ;
;   0.000 ;   0.000  ;    ;      ;        ;                           ; source latency                                                                       ;
;   0.000 ;   0.000  ;    ;      ; 1      ; PIN_V11                   ; FPGA_CLK1_50                                                                         ;
;   0.000 ;   0.000  ; RR ; IC   ; 1      ; IOIBUF_X32_Y0_N1          ; FPGA_CLK1_50~input|i                                                                 ;
;   0.761 ;   0.761  ; RR ; CELL ; 2      ; IOIBUF_X32_Y0_N1          ; FPGA_CLK1_50~input|o                                                                 ;
;   1.922 ;   1.161  ; RR ; IC   ; 1      ; PLLREFCLKSELECT_X0_Y7_N0  ; pll_hdmi|pll_hdmi_inst|altera_pll_i|cyclonev_pll|fpll_0|REFCLK_SELECT|clkin[0]       ;
;   2.230 ;   0.308  ; RR ; CELL ; 1      ; PLLREFCLKSELECT_X0_Y7_N0  ; pll_hdmi|pll_hdmi_inst|altera_pll_i|cyclonev_pll|fpll_0|REFCLK_SELECT|clkout         ;
;   2.230 ;   0.000  ; RR ; IC   ; 10     ; FRACTIONALPLL_X0_Y1_N0    ; pll_hdmi|pll_hdmi_inst|altera_pll_i|cyclonev_pll|fpll_0|fpll|refclkin                ;
;   2.079 ;   -0.151 ; RR ; COMP ; 1      ; FRACTIONALPLL_X0_Y1_N0    ; pll_hdmi|pll_hdmi_inst|altera_pll_i|cyclonev_pll|fpll_0|fpll|vcoph[0]                ;
;   2.079 ;   0.000  ; RR ; IC   ; 1      ; PLLOUTPUTCOUNTER_X0_Y5_N1 ; pll_hdmi|pll_hdmi_inst|altera_pll_i|cyclonev_pll|counter[0].output_counter|vco0ph[0] ;
;   3.545 ;   1.466  ; RR ; CELL ; 3      ; PLLOUTPUTCOUNTER_X0_Y5_N1 ; pll_hdmi|pll_hdmi_inst|altera_pll_i|cyclonev_pll|counter[0].output_counter|divclk    ;
;   4.550 ;   1.005  ; RR ; IC   ; 1      ; CLKCTRL_G4                ; pll_hdmi|pll_hdmi_inst|altera_pll_i|cyclonev_pll|divclk[0]~CLKENA0|inclk             ;
;   4.829 ;   0.279  ; RR ; CELL ; 3653   ; CLKCTRL_G4                ; pll_hdmi|pll_hdmi_inst|altera_pll_i|cyclonev_pll|divclk[0]~CLKENA0|outclk            ;
;   6.807 ;   1.978  ; RR ; IC   ; 1      ; FF_X37_Y47_N47            ; ascal|o_reset_na|clk                                                                 ;
;   7.328 ;   0.521  ; RR ; CELL ; 1      ; FF_X37_Y47_N47            ; ascal:ascal|o_reset_na                                                               ;
; 8.319   ; 0.991    ;    ;      ;        ;                           ; data path                                                                            ;
;   7.328 ;   0.000  ;    ; uTco ; 1      ; FF_X37_Y47_N47            ; ascal:ascal|o_reset_na                                                               ;
;   7.328 ;   0.000  ; FF ; CELL ; 431    ; FF_X37_Y47_N47            ; ascal|o_reset_na|q                                                                   ;
;   8.075 ;   0.747  ; FF ; IC   ; 1      ; FF_X35_Y47_N38            ; ascal|o_readlev[0]|clrn                                                              ;
;   8.319 ;   0.244  ; FF ; CELL ; 1      ; FF_X35_Y47_N38            ; ascal:ascal|o_readlev[0]                                                             ;
+---------+----------+----+------+--------+---------------------------+--------------------------------------------------------------------------------------+

+------------------------------------------------------------------------------------------------------------------------------------------------------------+
; Data Required Path                                                                                                                                         ;
+---------+----------+----+------+--------+---------------------------+--------------------------------------------------------------------------------------+
; Total   ; Incr     ; RF ; Type ; Fanout ; Location                  ; Element                                                                              ;
+---------+----------+----+------+--------+---------------------------+--------------------------------------------------------------------------------------+
; 0.000   ; 0.000    ;    ;      ;        ;                           ; latch edge time                                                                      ;
; 7.424   ; 7.424    ;    ;      ;        ;                           ; clock path                                                                           ;
;   0.000 ;   0.000  ;    ;      ;        ;                           ; source latency                                                                       ;
;   0.000 ;   0.000  ;    ;      ; 1      ; PIN_V11                   ; FPGA_CLK1_50                                                                         ;
;   0.000 ;   0.000  ; RR ; IC   ; 1      ; IOIBUF_X32_Y0_N1          ; FPGA_CLK1_50~input|i                                                                 ;
;   0.761 ;   0.761  ; RR ; CELL ; 2      ; IOIBUF_X32_Y0_N1          ; FPGA_CLK1_50~input|o                                                                 ;
;   2.086 ;   1.325  ; RR ; IC   ; 1      ; PLLREFCLKSELECT_X0_Y7_N0  ; pll_hdmi|pll_hdmi_inst|altera_pll_i|cyclonev_pll|fpll_0|REFCLK_SELECT|clkin[0]       ;
;   2.419 ;   0.333  ; RR ; CELL ; 1      ; PLLREFCLKSELECT_X0_Y7_N0  ; pll_hdmi|pll_hdmi_inst|altera_pll_i|cyclonev_pll|fpll_0|REFCLK_SELECT|clkout         ;
;   2.419 ;   0.000  ; RR ; IC   ; 10     ; FRACTIONALPLL_X0_Y1_N0    ; pll_hdmi|pll_hdmi_inst|altera_pll_i|cyclonev_pll|fpll_0|fpll|refclkin                ;
;   2.604 ;   0.185  ; RR ; CELL ; 1      ; FRACTIONALPLL_X0_Y1_N0    ; pll_hdmi|pll_hdmi_inst|altera_pll_i|cyclonev_pll|fpll_0|fpll|vcoph[0]                ;
;   2.604 ;   0.000  ; RR ; IC   ; 1      ; PLLOUTPUTCOUNTER_X0_Y5_N1 ; pll_hdmi|pll_hdmi_inst|altera_pll_i|cyclonev_pll|counter[0].output_counter|vco0ph[0] ;
;   4.349 ;   1.745  ; RR ; CELL ; 3      ; PLLOUTPUTCOUNTER_X0_Y5_N1 ; pll_hdmi|pll_hdmi_inst|altera_pll_i|cyclonev_pll|counter[0].output_counter|divclk    ;
;   5.491 ;   1.142  ; RR ; IC   ; 1      ; CLKCTRL_G4                ; pll_hdmi|pll_hdmi_inst|altera_pll_i|cyclonev_pll|divclk[0]~CLKENA0|inclk             ;
;   5.795 ;   0.304  ; RR ; CELL ; 3653   ; CLKCTRL_G4                ; pll_hdmi|pll_hdmi_inst|altera_pll_i|cyclonev_pll|divclk[0]~CLKENA0|outclk            ;
;   8.189 ;   2.394  ; RR ; IC   ; 1      ; FF_X35_Y47_N38            ; ascal|o_readlev[0]|clk                                                               ;
;   8.780 ;   0.591  ; RR ; CELL ; 1      ; FF_X35_Y47_N38            ; ascal:ascal|o_readlev[0]                                                             ;
;   7.424 ;   -1.356 ;    ;      ;        ;                           ; clock pessimism removed                                                              ;
; 7.424   ; 0.000    ;    ;      ;        ;                           ; clock uncertainty                                                                    ;
; 7.424   ; 0.000    ;    ; uTh  ; 1      ; FF_X35_Y47_N38            ; ascal:ascal|o_readlev[0]                                                             ;
+---------+----------+----+------+--------+---------------------------+--------------------------------------------------------------------------------------+

----------------------------
; Extra Fitter Information ;
----------------------------
HTML report is unavailable in plain text report export.


