----------------
; Command Info ;
----------------
Report Timing: Found 5 removal paths (0 violated).  Worst case slack is 0.996 

Tcl Command:
    report_timing -removal -file reports/quartus_corner_1_removal.rpt -npaths 5 -detail full_path

Options:
    -removal 
    -npaths 5 
    -detail full_path 
    -file {reports/quartus_corner_1_removal.rpt} 

Delay Model:
    Slow 1100mV -40C Model

+----------------------------------------------------------------------------------------------------------------------------------------------------------------------------------------------------------------------------------+
; Summary of Paths                                                                                                                                                                                                                 ;
+-------+-------------------------------------------------------------------------+-------------------------------------------------------------------------+--------------+--------------+--------------+------------+------------+
; Slack ; From Node                                                               ; To Node                                                                 ; Launch Clock ; Latch Clock  ; Relationship ; Clock Skew ; Data Delay ;
+-------+-------------------------------------------------------------------------+-------------------------------------------------------------------------+--------------+--------------+--------------+------------+------------+
; 0.996 ; pll_cfg_hdmi:pll_cfg_hdmi|fpll_dprio_init:fpll_dprio_init_inst|rst_n[1] ; pll_cfg_hdmi:pll_cfg_hdmi|fpll_dprio_init:fpll_dprio_init_inst|count[0] ; FPGA_CLK1_50 ; FPGA_CLK1_50 ; 0.000        ; 0.111      ; 1.107      ;
; 1.028 ; pll_cfg_hdmi:pll_cfg_hdmi|fpll_dprio_init:fpll_dprio_init_inst|rst_n[1] ; pll_cfg_hdmi:pll_cfg_hdmi|fpll_dprio_init:fpll_dprio_init_inst|count[6] ; FPGA_CLK1_50 ; FPGA_CLK1_50 ; 0.000        ; 0.079      ; 1.107      ;
; 1.028 ; pll_cfg_hdmi:pll_cfg_hdmi|fpll_dprio_init:fpll_dprio_init_inst|rst_n[1] ; pll_cfg_hdmi:pll_cfg_hdmi|fpll_dprio_init:fpll_dprio_init_inst|count[2] ; FPGA_CLK1_50 ; FPGA_CLK1_50 ; 0.000        ; 0.079      ; 1.107      ;
; 1.030 ; pll_cfg_hdmi:pll_cfg_hdmi|fpll_dprio_init:fpll_dprio_init_inst|rst_n[1] ; pll_cfg_hdmi:pll_cfg_hdmi|fpll_dprio_init:fpll_dprio_init_inst|count[5] ; FPGA_CLK1_50 ; FPGA_CLK1_50 ; 0.000        ; 0.077      ; 1.107      ;
; 1.030 ; pll_cfg_hdmi:pll_cfg_hdmi|fpll_dprio_init:fpll_dprio_init_inst|rst_n[1] ; pll_cfg_hdmi:pll_cfg_hdmi|fpll_dprio_init:fpll_dprio_init_inst|count[4] ; FPGA_CLK1_50 ; FPGA_CLK1_50 ; 0.000        ; 0.077      ; 1.107      ;
+-------+-------------------------------------------------------------------------+-------------------------------------------------------------------------+--------------+--------------+--------------+------------+------------+

Path #1: Removal slack is 0.996 
===============================================================================
+----------------------------------------------------------------------------------------------+
; Path Summary                                                                                 ;
+--------------------+-------------------------------------------------------------------------+
; Property           ; Value                                                                   ;
+--------------------+-------------------------------------------------------------------------+
; From Node          ; pll_cfg_hdmi:pll_cfg_hdmi|fpll_dprio_init:fpll_dprio_init_inst|rst_n[1] ;
; To Node            ; pll_cfg_hdmi:pll_cfg_hdmi|fpll_dprio_init:fpll_dprio_init_inst|count[0] ;
; Launch Clock       ; FPGA_CLK1_50                                                            ;
; Latch Clock        ; FPGA_CLK1_50                                                            ;
; Data Arrival Time  ; 6.168                                                                   ;
; Data Required Time ; 5.172                                                                   ;
; Slack              ; 0.996                                                                   ;
+--------------------+-------------------------------------------------------------------------+

+-----------------------------------------------------------------------------------+
; Statistics                                                                        ;
+------------------------+-------+-------+-------------+------------+-------+-------+
; Property               ; Value ; Count ; Total Delay ; % of Total ; Min   ; Max   ;
+------------------------+-------+-------+-------------+------------+-------+-------+
; Removal Relationship   ; 0.000 ;       ;             ;            ;       ;       ;
; Clock Skew             ; 0.111 ;       ;             ;            ;       ;       ;
; Data Delay             ; 1.107 ;       ;             ;            ;       ;       ;
; Number of Logic Levels ;       ; 0     ;             ;            ;       ;       ;
; Physical Delays        ;       ;       ;             ;            ;       ;       ;
;  Arrival Path          ;       ;       ;             ;            ;       ;       ;
;   Clock                ;       ;       ;             ;            ;       ;       ;
;    IC                  ;       ; 3     ; 3.342       ; 66         ; 0.000 ; 2.074 ;
;    Cell                ;       ; 3     ; 1.719       ; 34         ; 0.452 ; 0.792 ;
;   Data                 ;       ;       ;             ;            ;       ;       ;
;    IC                  ;       ; 1     ; 0.602       ; 54         ; 0.602 ; 0.602 ;
;    Cell                ;       ; 2     ; 0.505       ; 46         ; 0.000 ; 0.505 ;
;    uTco                ;       ; 1     ; 0.000       ; 0          ; 0.000 ; 0.000 ;
;  Required Path         ;       ;       ;             ;            ;       ;       ;
;   Clock                ;       ;       ;             ;            ;       ;       ;
;    IC                  ;       ; 3     ; 3.995       ; 69         ; 0.000 ; 2.522 ;
;    Cell                ;       ; 3     ; 1.821       ; 31         ; 0.476 ; 0.792 ;
+------------------------+-------+-------+-------------+------------+-------+-------+
Note: Negative delays are omitted from totals when calculating percentages

+-------------------------------------------------------------------------------------------------------------------------------------+
; Data Arrival Path                                                                                                                   ;
+---------+---------+----+------+--------+------------------+-------------------------------------------------------------------------+
; Total   ; Incr    ; RF ; Type ; Fanout ; Location         ; Element                                                                 ;
+---------+---------+----+------+--------+------------------+-------------------------------------------------------------------------+
; 0.000   ; 0.000   ;    ;      ;        ;                  ; launch edge time                                                        ;
; 5.061   ; 5.061   ;    ;      ;        ;                  ; clock path                                                              ;
;   0.000 ;   0.000 ;    ;      ;        ;                  ; source latency                                                          ;
;   0.000 ;   0.000 ;    ;      ; 1      ; PIN_V11          ; FPGA_CLK1_50                                                            ;
;   0.000 ;   0.000 ; RR ; IC   ; 1      ; IOIBUF_X32_Y0_N1 ; FPGA_CLK1_50~input|i                                                    ;
;   0.792 ;   0.792 ; RR ; CELL ; 2      ; IOIBUF_X32_Y0_N1 ; FPGA_CLK1_50~input|o                                                    ;
;   2.060 ;   1.268 ; RR ; IC   ; 1      ; CLKCTRL_G0       ; FPGA_CLK1_50~inputCLKENA0|inclk                                         ;
;   2.512 ;   0.452 ; RR ; CELL ; 706    ; CLKCTRL_G0       ; FPGA_CLK1_50~inputCLKENA0|outclk                                        ;
;   4.586 ;   2.074 ; RR ; IC   ; 1      ; FF_X1_Y4_N17     ; pll_cfg_hdmi|fpll_dprio_init_inst|rst_n[1]|clk                          ;
;   5.061 ;   0.475 ; RR ; CELL ; 1      ; FF_X1_Y4_N17     ; pll_cfg_hdmi:pll_cfg_hdmi|fpll_dprio_init:fpll_dprio_init_inst|rst_n[1] ;
; 6.168   ; 1.107   ;    ;      ;        ;                  ; data path                                                               ;
;   5.061 ;   0.000 ;    ; uTco ; 1      ; FF_X1_Y4_N17     ; pll_cfg_hdmi:pll_cfg_hdmi|fpll_dprio_init:fpll_dprio_init_inst|rst_n[1] ;
;   5.061 ;   0.000 ; FF ; CELL ; 9      ; FF_X1_Y4_N17     ; pll_cfg_hdmi|fpll_dprio_init_inst|rst_n[1]|q                            ;
;   5.663 ;   0.602 ; FF ; IC   ; 1      ; FF_X6_Y4_N31     ; pll_cfg_hdmi|fpll_dprio_init_inst|count[0]|clrn                         ;
;   6.168 ;   0.505 ; FF ; CELL ; 1      ; FF_X6_Y4_N31     ; pll_cfg_hdmi:pll_cfg_hdmi|fpll_dprio_init:fpll_dprio_init_inst|count[0] ;
+---------+---------+----+------+--------+------------------+-------------------------------------------------------------------------+

+--------------------------------------------------------------------------------------------------------------------------------------+
; Data Required Path                                                                                                                   ;
+---------+----------+----+------+--------+------------------+-------------------------------------------------------------------------+
; Total   ; Incr     ; RF ; Type ; Fanout ; Location         ; Element                                                                 ;
+---------+----------+----+------+--------+------------------+-------------------------------------------------------------------------+
; 0.000   ; 0.000    ;    ;      ;        ;                  ; latch edge time                                                         ;
; 5.172   ; 5.172    ;    ;      ;        ;                  ; clock path                                                              ;
;   0.000 ;   0.000  ;    ;      ;        ;                  ; source latency                                                          ;
;   0.000 ;   0.000  ;    ;      ; 1      ; PIN_V11          ; FPGA_CLK1_50                                                            ;
;   0.000 ;   0.000  ; RR ; IC   ; 1      ; IOIBUF_X32_Y0_N1 ; FPGA_CLK1_50~input|i                                                    ;
;   0.792 ;   0.792  ; RR ; CELL ; 2      ; IOIBUF_X32_Y0_N1 ; FPGA_CLK1_50~input|o                                                    ;
;   2.265 ;   1.473  ; RR ; IC   ; 1      ; CLKCTRL_G0       ; FPGA_CLK1_50~inputCLKENA0|inclk                                         ;
;   2.741 ;   0.476  ; RR ; CELL ; 706    ; CLKCTRL_G0       ; FPGA_CLK1_50~inputCLKENA0|outclk                                        ;
;   5.263 ;   2.522  ; RR ; IC   ; 1      ; FF_X6_Y4_N31     ; pll_cfg_hdmi|fpll_dprio_init_inst|count[0]|clk                          ;
;   5.816 ;   0.553  ; RR ; CELL ; 1      ; FF_X6_Y4_N31     ; pll_cfg_hdmi:pll_cfg_hdmi|fpll_dprio_init:fpll_dprio_init_inst|count[0] ;
;   5.172 ;   -0.644 ;    ;      ;        ;                  ; clock pessimism removed                                                 ;
; 5.172   ; 0.000    ;    ;      ;        ;                  ; clock uncertainty                                                       ;
; 5.172   ; 0.000    ;    ; uTh  ; 1      ; FF_X6_Y4_N31     ; pll_cfg_hdmi:pll_cfg_hdmi|fpll_dprio_init:fpll_dprio_init_inst|count[0] ;
+---------+----------+----+------+--------+------------------+-------------------------------------------------------------------------+

----------------------------
; Extra Fitter Information ;
----------------------------
HTML report is unavailable in plain text report export.


Path #2: Removal slack is 1.028 
===============================================================================
+----------------------------------------------------------------------------------------------+
; Path Summary                                                                                 ;
+--------------------+-------------------------------------------------------------------------+
; Property           ; Value                                                                   ;
+--------------------+-------------------------------------------------------------------------+
; From Node          ; pll_cfg_hdmi:pll_cfg_hdmi|fpll_dprio_init:fpll_dprio_init_inst|rst_n[1] ;
; To Node            ; pll_cfg_hdmi:pll_cfg_hdmi|fpll_dprio_init:fpll_dprio_init_inst|count[6] ;
; Launch Clock       ; FPGA_CLK1_50                                                            ;
; Latch Clock        ; FPGA_CLK1_50                                                            ;
; Data Arrival Time  ; 6.168                                                                   ;
; Data Required Time ; 5.140                                                                   ;
; Slack              ; 1.028                                                                   ;
+--------------------+-------------------------------------------------------------------------+

+-----------------------------------------------------------------------------------+
; Statistics                                                                        ;
+------------------------+-------+-------+-------------+------------+-------+-------+
; Property               ; Value ; Count ; Total Delay ; % of Total ; Min   ; Max   ;
+------------------------+-------+-------+-------------+------------+-------+-------+
; Removal Relationship   ; 0.000 ;       ;             ;            ;       ;       ;
; Clock Skew             ; 0.079 ;       ;             ;            ;       ;       ;
; Data Delay             ; 1.107 ;       ;             ;            ;       ;       ;
; Number of Logic Levels ;       ; 0     ;             ;            ;       ;       ;
; Physical Delays        ;       ;       ;             ;            ;       ;       ;
;  Arrival Path          ;       ;       ;             ;            ;       ;       ;
;   Clock                ;       ;       ;             ;            ;       ;       ;
;    IC                  ;       ; 3     ; 3.342       ; 66         ; 0.000 ; 2.074 ;
;    Cell                ;       ; 3     ; 1.719       ; 34         ; 0.452 ; 0.792 ;
;   Data                 ;       ;       ;             ;            ;       ;       ;
;    IC                  ;       ; 1     ; 0.602       ; 54         ; 0.602 ; 0.602 ;
;    Cell                ;       ; 2     ; 0.505       ; 46         ; 0.000 ; 0.505 ;
;    uTco                ;       ; 1     ; 0.000       ; 0          ; 0.000 ; 0.000 ;
;  Required Path         ;       ;       ;             ;            ;       ;       ;
;   Clock                ;       ;       ;             ;            ;       ;       ;
;    IC                  ;       ; 3     ; 3.995       ; 69         ; 0.000 ; 2.522 ;
;    Cell                ;       ; 3     ; 1.789       ; 31         ; 0.476 ; 0.792 ;
+------------------------+-------+-------+-------------+------------+-------+-------+
Note: Negative delays are omitted from totals when calculating percentages

+-------------------------------------------------------------------------------------------------------------------------------------+
; Data Arrival Path                                                                                                                   ;
+---------+---------+----+------+--------+------------------+-------------------------------------------------------------------------+
; Total   ; Incr    ; RF ; Type ; Fanout ; Location         ; Element                                                                 ;
+---------+---------+----+------+--------+------------------+-------------------------------------------------------------------------+
; 0.000   ; 0.000   ;    ;      ;        ;                  ; launch edge time                                                        ;
; 5.061   ; 5.061   ;    ;      ;        ;                  ; clock path                                                              ;
;   0.000 ;   0.000 ;    ;      ;        ;                  ; source latency                                                          ;
;   0.000 ;   0.000 ;    ;      ; 1      ; PIN_V11          ; FPGA_CLK1_50                                                            ;
;   0.000 ;   0.000 ; RR ; IC   ; 1      ; IOIBUF_X32_Y0_N1 ; FPGA_CLK1_50~input|i                                                    ;
;   0.792 ;   0.792 ; RR ; CELL ; 2      ; IOIBUF_X32_Y0_N1 ; FPGA_CLK1_50~input|o                                                    ;
;   2.060 ;   1.268 ; RR ; IC   ; 1      ; CLKCTRL_G0       ; FPGA_CLK1_50~inputCLKENA0|inclk                                         ;
;   2.512 ;   0.452 ; RR ; CELL ; 706    ; CLKCTRL_G0       ; FPGA_CLK1_50~inputCLKENA0|outclk                                        ;
;   4.586 ;   2.074 ; RR ; IC   ; 1      ; FF_X1_Y4_N17     ; pll_cfg_hdmi|fpll_dprio_init_inst|rst_n[1]|clk                          ;
;   5.061 ;   0.475 ; RR ; CELL ; 1      ; FF_X1_Y4_N17     ; pll_cfg_hdmi:pll_cfg_hdmi|fpll_dprio_init:fpll_dprio_init_inst|rst_n[1] ;
; 6.168   ; 1.107   ;    ;      ;        ;                  ; data path                                                               ;
;   5.061 ;   0.000 ;    ; uTco ; 1      ; FF_X1_Y4_N17     ; pll_cfg_hdmi:pll_cfg_hdmi|fpll_dprio_init:fpll_dprio_init_inst|rst_n[1] ;
;   5.061 ;   0.000 ; FF ; CELL ; 9      ; FF_X1_Y4_N17     ; pll_cfg_hdmi|fpll_dprio_init_inst|rst_n[1]|q                            ;
;   5.663 ;   0.602 ; FF ; IC   ; 1      ; FF_X6_Y4_N17     ; pll_cfg_hdmi|fpll_dprio_init_inst|count[6]|clrn                         ;
;   6.168 ;   0.505 ; FF ; CELL ; 1      ; FF_X6_Y4_N17     ; pll_cfg_hdmi:pll_cfg_hdmi|fpll_dprio_init:fpll_dprio_init_inst|count[6] ;
+---------+---------+----+------+--------+------------------+-------------------------------------------------------------------------+

+--------------------------------------------------------------------------------------------------------------------------------------+
; Data Required Path                                                                                                                   ;
+---------+----------+----+------+--------+------------------+-------------------------------------------------------------------------+
; Total   ; Incr     ; RF ; Type ; Fanout ; Location         ; Element                                                                 ;
+---------+----------+----+------+--------+------------------+-------------------------------------------------------------------------+
; 0.000   ; 0.000    ;    ;      ;        ;                  ; latch edge time                                                         ;
; 5.140   ; 5.140    ;    ;      ;        ;                  ; clock path                                                              ;
;   0.000 ;   0.000  ;    ;      ;        ;                  ; source latency                                                          ;
;   0.000 ;   0.000  ;    ;      ; 1      ; PIN_V11          ; FPGA_CLK1_50                                                            ;
;   0.000 ;   0.000  ; RR ; IC   ; 1      ; IOIBUF_X32_Y0_N1 ; FPGA_CLK1_50~input|i                                                    ;
;   0.792 ;   0.792  ; RR ; CELL ; 2      ; IOIBUF_X32_Y0_N1 ; FPGA_CLK1_50~input|o                                                    ;
;   2.265 ;   1.473  ; RR ; IC   ; 1      ; CLKCTRL_G0       ; FPGA_CLK1_50~inputCLKENA0|inclk                                         ;
;   2.741 ;   0.476  ; RR ; CELL ; 706    ; CLKCTRL_G0       ; FPGA_CLK1_50~inputCLKENA0|outclk                                        ;
;   5.263 ;   2.522  ; RR ; IC   ; 1      ; FF_X6_Y4_N17     ; pll_cfg_hdmi|fpll_dprio_init_inst|count[6]|clk                          ;
;   5.784 ;   0.521  ; RR ; CELL ; 1      ; FF_X6_Y4_N17     ; pll_cfg_hdmi:pll_cfg_hdmi|fpll_dprio_init:fpll_dprio_init_inst|count[6] ;
;   5.140 ;   -0.644 ;    ;      ;        ;                  ; clock pessimism removed                                                 ;
; 5.140   ; 0.000    ;    ;      ;        ;                  ; clock uncertainty                                                       ;
; 5.140   ; 0.000    ;    ; uTh  ; 1      ; FF_X6_Y4_N17     ; pll_cfg_hdmi:pll_cfg_hdmi|fpll_dprio_init:fpll_dprio_init_inst|count[6] ;
+---------+----------+----+------+--------+------------------+-------------------------------------------------------------------------+

----------------------------
; Extra Fitter Information ;
----------------------------
HTML report is unavailable in plain text report export.


Path #3: Removal slack is 1.028 
===============================================================================
+----------------------------------------------------------------------------------------------+
; Path Summary                                                                                 ;
+--------------------+-------------------------------------------------------------------------+
; Property           ; Value                                                                   ;
+--------------------+-------------------------------------------------------------------------+
; From Node          ; pll_cfg_hdmi:pll_cfg_hdmi|fpll_dprio_init:fpll_dprio_init_inst|rst_n[1] ;
; To Node            ; pll_cfg_hdmi:pll_cfg_hdmi|fpll_dprio_init:fpll_dprio_init_inst|count[2] ;
; Launch Clock       ; FPGA_CLK1_50                                                            ;
; Latch Clock        ; FPGA_CLK1_50                                                            ;
; Data Arrival Time  ; 6.168                                                                   ;
; Data Required Time ; 5.140                                                                   ;
; Slack              ; 1.028                                                                   ;
+--------------------+-------------------------------------------------------------------------+

+-----------------------------------------------------------------------------------+
; Statistics                                                                        ;
+------------------------+-------+-------+-------------+------------+-------+-------+
; Property               ; Value ; Count ; Total Delay ; % of Total ; Min   ; Max   ;
+------------------------+-------+-------+-------------+------------+-------+-------+
; Removal Relationship   ; 0.000 ;       ;             ;            ;       ;       ;
; Clock Skew             ; 0.079 ;       ;             ;            ;       ;       ;
; Data Delay             ; 1.107 ;       ;             ;            ;       ;       ;
; Number of Logic Levels ;       ; 0     ;             ;            ;       ;       ;
; Physical Delays        ;       ;       ;             ;            ;       ;       ;
;  Arrival Path          ;       ;       ;             ;            ;       ;       ;
;   Clock                ;       ;       ;             ;            ;       ;       ;
;    IC                  ;       ; 3     ; 3.342       ; 66         ; 0.000 ; 2.074 ;
;    Cell                ;       ; 3     ; 1.719       ; 34         ; 0.452 ; 0.792 ;
;   Data                 ;       ;       ;             ;            ;       ;       ;
;    IC                  ;       ; 1     ; 0.602       ; 54         ; 0.602 ; 0.602 ;
;    Cell                ;       ; 2     ; 0.505       ; 46         ; 0.000 ; 0.505 ;
;    uTco                ;       ; 1     ; 0.000       ; 0          ; 0.000 ; 0.000 ;
;  Required Path         ;       ;       ;             ;            ;       ;       ;
;   Clock                ;       ;       ;             ;            ;       ;       ;
;    IC                  ;       ; 3     ; 3.995       ; 69         ; 0.000 ; 2.522 ;
;    Cell                ;       ; 3     ; 1.789       ; 31         ; 0.476 ; 0.792 ;
+------------------------+-------+-------+-------------+------------+-------+-------+
Note: Negative delays are omitted from totals when calculating percentages

+-------------------------------------------------------------------------------------------------------------------------------------+
; Data Arrival Path                                                                                                                   ;
+---------+---------+----+------+--------+------------------+-------------------------------------------------------------------------+
; Total   ; Incr    ; RF ; Type ; Fanout ; Location         ; Element                                                                 ;
+---------+---------+----+------+--------+------------------+-------------------------------------------------------------------------+
; 0.000   ; 0.000   ;    ;      ;        ;                  ; launch edge time                                                        ;
; 5.061   ; 5.061   ;    ;      ;        ;                  ; clock path                                                              ;
;   0.000 ;   0.000 ;    ;      ;        ;                  ; source latency                                                          ;
;   0.000 ;   0.000 ;    ;      ; 1      ; PIN_V11          ; FPGA_CLK1_50                                                            ;
;   0.000 ;   0.000 ; RR ; IC   ; 1      ; IOIBUF_X32_Y0_N1 ; FPGA_CLK1_50~input|i                                                    ;
;   0.792 ;   0.792 ; RR ; CELL ; 2      ; IOIBUF_X32_Y0_N1 ; FPGA_CLK1_50~input|o                                                    ;
;   2.060 ;   1.268 ; RR ; IC   ; 1      ; CLKCTRL_G0       ; FPGA_CLK1_50~inputCLKENA0|inclk                                         ;
;   2.512 ;   0.452 ; RR ; CELL ; 706    ; CLKCTRL_G0       ; FPGA_CLK1_50~inputCLKENA0|outclk                                        ;
;   4.586 ;   2.074 ; RR ; IC   ; 1      ; FF_X1_Y4_N17     ; pll_cfg_hdmi|fpll_dprio_init_inst|rst_n[1]|clk                          ;
;   5.061 ;   0.475 ; RR ; CELL ; 1      ; FF_X1_Y4_N17     ; pll_cfg_hdmi:pll_cfg_hdmi|fpll_dprio_init:fpll_dprio_init_inst|rst_n[1] ;
; 6.168   ; 1.107   ;    ;      ;        ;                  ; data path                                                               ;
;   5.061 ;   0.000 ;    ; uTco ; 1      ; FF_X1_Y4_N17     ; pll_cfg_hdmi:pll_cfg_hdmi|fpll_dprio_init:fpll_dprio_init_inst|rst_n[1] ;
;   5.061 ;   0.000 ; FF ; CELL ; 9      ; FF_X1_Y4_N17     ; pll_cfg_hdmi|fpll_dprio_init_inst|rst_n[1]|q                            ;
;   5.663 ;   0.602 ; FF ; IC   ; 1      ; FF_X6_Y4_N5      ; pll_cfg_hdmi|fpll_dprio_init_inst|count[2]|clrn                         ;
;   6.168 ;   0.505 ; FF ; CELL ; 1      ; FF_X6_Y4_N5      ; pll_cfg_hdmi:pll_cfg_hdmi|fpll_dprio_init:fpll_dprio_init_inst|count[2] ;
+---------+---------+----+------+--------+------------------+-------------------------------------------------------------------------+

+--------------------------------------------------------------------------------------------------------------------------------------+
; Data Required Path                                                                                                                   ;
+---------+----------+----+------+--------+------------------+-------------------------------------------------------------------------+
; Total   ; Incr     ; RF ; Type ; Fanout ; Location         ; Element                                                                 ;
+---------+----------+----+------+--------+------------------+-------------------------------------------------------------------------+
; 0.000   ; 0.000    ;    ;      ;        ;                  ; latch edge time                                                         ;
; 5.140   ; 5.140    ;    ;      ;        ;                  ; clock path                                                              ;
;   0.000 ;   0.000  ;    ;      ;        ;                  ; source latency                                                          ;
;   0.000 ;   0.000  ;    ;      ; 1      ; PIN_V11          ; FPGA_CLK1_50                                                            ;
;   0.000 ;   0.000  ; RR ; IC   ; 1      ; IOIBUF_X32_Y0_N1 ; FPGA_CLK1_50~input|i                                                    ;
;   0.792 ;   0.792  ; RR ; CELL ; 2      ; IOIBUF_X32_Y0_N1 ; FPGA_CLK1_50~input|o                                                    ;
;   2.265 ;   1.473  ; RR ; IC   ; 1      ; CLKCTRL_G0       ; FPGA_CLK1_50~inputCLKENA0|inclk                                         ;
;   2.741 ;   0.476  ; RR ; CELL ; 706    ; CLKCTRL_G0       ; FPGA_CLK1_50~inputCLKENA0|outclk                                        ;
;   5.263 ;   2.522  ; RR ; IC   ; 1      ; FF_X6_Y4_N5      ; pll_cfg_hdmi|fpll_dprio_init_inst|count[2]|clk                          ;
;   5.784 ;   0.521  ; RR ; CELL ; 1      ; FF_X6_Y4_N5      ; pll_cfg_hdmi:pll_cfg_hdmi|fpll_dprio_init:fpll_dprio_init_inst|count[2] ;
;   5.140 ;   -0.644 ;    ;      ;        ;                  ; clock pessimism removed                                                 ;
; 5.140   ; 0.000    ;    ;      ;        ;                  ; clock uncertainty                                                       ;
; 5.140   ; 0.000    ;    ; uTh  ; 1      ; FF_X6_Y4_N5      ; pll_cfg_hdmi:pll_cfg_hdmi|fpll_dprio_init:fpll_dprio_init_inst|count[2] ;
+---------+----------+----+------+--------+------------------+-------------------------------------------------------------------------+

----------------------------
; Extra Fitter Information ;
----------------------------
HTML report is unavailable in plain text report export.


Path #4: Removal slack is 1.030 
===============================================================================
+----------------------------------------------------------------------------------------------+
; Path Summary                                                                                 ;
+--------------------+-------------------------------------------------------------------------+
; Property           ; Value                                                                   ;
+--------------------+-------------------------------------------------------------------------+
; From Node          ; pll_cfg_hdmi:pll_cfg_hdmi|fpll_dprio_init:fpll_dprio_init_inst|rst_n[1] ;
; To Node            ; pll_cfg_hdmi:pll_cfg_hdmi|fpll_dprio_init:fpll_dprio_init_inst|count[5] ;
; Launch Clock       ; FPGA_CLK1_50                                                            ;
; Latch Clock        ; FPGA_CLK1_50                                                            ;
; Data Arrival Time  ; 6.168                                                                   ;
; Data Required Time ; 5.138                                                                   ;
; Slack              ; 1.030                                                                   ;
+--------------------+-------------------------------------------------------------------------+

+-----------------------------------------------------------------------------------+
; Statistics                                                                        ;
+------------------------+-------+-------+-------------+------------+-------+-------+
; Property               ; Value ; Count ; Total Delay ; % of Total ; Min   ; Max   ;
+------------------------+-------+-------+-------------+------------+-------+-------+
; Removal Relationship   ; 0.000 ;       ;             ;            ;       ;       ;
; Clock Skew             ; 0.077 ;       ;             ;            ;       ;       ;
; Data Delay             ; 1.107 ;       ;             ;            ;       ;       ;
; Number of Logic Levels ;       ; 0     ;             ;            ;       ;       ;
; Physical Delays        ;       ;       ;             ;            ;       ;       ;
;  Arrival Path          ;       ;       ;             ;            ;       ;       ;
;   Clock                ;       ;       ;             ;            ;       ;       ;
;    IC                  ;       ; 3     ; 3.342       ; 66         ; 0.000 ; 2.074 ;
;    Cell                ;       ; 3     ; 1.719       ; 34         ; 0.452 ; 0.792 ;
;   Data                 ;       ;       ;             ;            ;       ;       ;
;    IC                  ;       ; 1     ; 0.602       ; 54         ; 0.602 ; 0.602 ;
;    Cell                ;       ; 2     ; 0.505       ; 46         ; 0.000 ; 0.505 ;
;    uTco                ;       ; 1     ; 0.000       ; 0          ; 0.000 ; 0.000 ;
;  Required Path         ;       ;       ;             ;            ;       ;       ;
;   Clock                ;       ;       ;             ;            ;       ;       ;
;    IC                  ;       ; 3     ; 3.995       ; 69         ; 0.000 ; 2.522 ;
;    Cell                ;       ; 3     ; 1.787       ; 31         ; 0.476 ; 0.792 ;
+------------------------+-------+-------+-------------+------------+-------+-------+
Note: Negative delays are omitted from totals when calculating percentages

+-------------------------------------------------------------------------------------------------------------------------------------+
; Data Arrival Path                                                                                                                   ;
+---------+---------+----+------+--------+------------------+-------------------------------------------------------------------------+
; Total   ; Incr    ; RF ; Type ; Fanout ; Location         ; Element                                                                 ;
+---------+---------+----+------+--------+------------------+-------------------------------------------------------------------------+
; 0.000   ; 0.000   ;    ;      ;        ;                  ; launch edge time                                                        ;
; 5.061   ; 5.061   ;    ;      ;        ;                  ; clock path                                                              ;
;   0.000 ;   0.000 ;    ;      ;        ;                  ; source latency                                                          ;
;   0.000 ;   0.000 ;    ;      ; 1      ; PIN_V11          ; FPGA_CLK1_50                                                            ;
;   0.000 ;   0.000 ; RR ; IC   ; 1      ; IOIBUF_X32_Y0_N1 ; FPGA_CLK1_50~input|i                                                    ;
;   0.792 ;   0.792 ; RR ; CELL ; 2      ; IOIBUF_X32_Y0_N1 ; FPGA_CLK1_50~input|o                                                    ;
;   2.060 ;   1.268 ; RR ; IC   ; 1      ; CLKCTRL_G0       ; FPGA_CLK1_50~inputCLKENA0|inclk                                         ;
;   2.512 ;   0.452 ; RR ; CELL ; 706    ; CLKCTRL_G0       ; FPGA_CLK1_50~inputCLKENA0|outclk                                        ;
;   4.586 ;   2.074 ; RR ; IC   ; 1      ; FF_X1_Y4_N17     ; pll_cfg_hdmi|fpll_dprio_init_inst|rst_n[1]|clk                          ;
;   5.061 ;   0.475 ; RR ; CELL ; 1      ; FF_X1_Y4_N17     ; pll_cfg_hdmi:pll_cfg_hdmi|fpll_dprio_init:fpll_dprio_init_inst|rst_n[1] ;
; 6.168   ; 1.107   ;    ;      ;        ;                  ; data path                                                               ;
;   5.061 ;   0.000 ;    ; uTco ; 1      ; FF_X1_Y4_N17     ; pll_cfg_hdmi:pll_cfg_hdmi|fpll_dprio_init:fpll_dprio_init_inst|rst_n[1] ;
;   5.061 ;   0.000 ; FF ; CELL ; 9      ; FF_X1_Y4_N17     ; pll_cfg_hdmi|fpll_dprio_init_inst|rst_n[1]|q                            ;
;   5.663 ;   0.602 ; FF ; IC   ; 1      ; FF_X6_Y4_N14     ; pll_cfg_hdmi|fpll_dprio_init_inst|count[5]|clrn                         ;
;   6.168 ;   0.505 ; FF ; CELL ; 1      ; FF_X6_Y4_N14     ; pll_cfg_hdmi:pll_cfg_hdmi|fpll_dprio_init:fpll_dprio_init_inst|count[5] ;
+---------+---------+----+------+--------+------------------+-------------------------------------------------------------------------+

+--------------------------------------------------------------------------------------------------------------------------------------+
; Data Required Path                                                                                                                   ;
+---------+----------+----+------+--------+------------------+-------------------------------------------------------------------------+
; Total   ; Incr     ; RF ; Type ; Fanout ; Location         ; Element                                                                 ;
+---------+----------+----+------+--------+------------------+-------------------------------------------------------------------------+
; 0.000   ; 0.000    ;    ;      ;        ;                  ; latch edge time                                                         ;
; 5.138   ; 5.138    ;    ;      ;        ;                  ; clock path                                                              ;
;   0.000 ;   0.000  ;    ;      ;        ;                  ; source latency                                                          ;
;   0.000 ;   0.000  ;    ;      ; 1      ; PIN_V11          ; FPGA_CLK1_50                                                            ;
;   0.000 ;   0.000  ; RR ; IC   ; 1      ; IOIBUF_X32_Y0_N1 ; FPGA_CLK1_50~input|i                                                    ;
;   0.792 ;   0.792  ; RR ; CELL ; 2      ; IOIBUF_X32_Y0_N1 ; FPGA_CLK1_50~input|o                                                    ;
;   2.265 ;   1.473  ; RR ; IC   ; 1      ; CLKCTRL_G0       ; FPGA_CLK1_50~inputCLKENA0|inclk                                         ;
;   2.741 ;   0.476  ; RR ; CELL ; 706    ; CLKCTRL_G0       ; FPGA_CLK1_50~inputCLKENA0|outclk                                        ;
;   5.263 ;   2.522  ; RR ; IC   ; 1      ; FF_X6_Y4_N14     ; pll_cfg_hdmi|fpll_dprio_init_inst|count[5]|clk                          ;
;   5.782 ;   0.519  ; RR ; CELL ; 1      ; FF_X6_Y4_N14     ; pll_cfg_hdmi:pll_cfg_hdmi|fpll_dprio_init:fpll_dprio_init_inst|count[5] ;
;   5.138 ;   -0.644 ;    ;      ;        ;                  ; clock pessimism removed                                                 ;
; 5.138   ; 0.000    ;    ;      ;        ;                  ; clock uncertainty                                                       ;
; 5.138   ; 0.000    ;    ; uTh  ; 1      ; FF_X6_Y4_N14     ; pll_cfg_hdmi:pll_cfg_hdmi|fpll_dprio_init:fpll_dprio_init_inst|count[5] ;
+---------+----------+----+------+--------+------------------+-------------------------------------------------------------------------+

----------------------------
; Extra Fitter Information ;
----------------------------
HTML report is unavailable in plain text report export.


Path #5: Removal slack is 1.030 
===============================================================================
+----------------------------------------------------------------------------------------------+
; Path Summary                                                                                 ;
+--------------------+-------------------------------------------------------------------------+
; Property           ; Value                                                                   ;
+--------------------+-------------------------------------------------------------------------+
; From Node          ; pll_cfg_hdmi:pll_cfg_hdmi|fpll_dprio_init:fpll_dprio_init_inst|rst_n[1] ;
; To Node            ; pll_cfg_hdmi:pll_cfg_hdmi|fpll_dprio_init:fpll_dprio_init_inst|count[4] ;
; Launch Clock       ; FPGA_CLK1_50                                                            ;
; Latch Clock        ; FPGA_CLK1_50                                                            ;
; Data Arrival Time  ; 6.168                                                                   ;
; Data Required Time ; 5.138                                                                   ;
; Slack              ; 1.030                                                                   ;
+--------------------+-------------------------------------------------------------------------+

+-----------------------------------------------------------------------------------+
; Statistics                                                                        ;
+------------------------+-------+-------+-------------+------------+-------+-------+
; Property               ; Value ; Count ; Total Delay ; % of Total ; Min   ; Max   ;
+------------------------+-------+-------+-------------+------------+-------+-------+
; Removal Relationship   ; 0.000 ;       ;             ;            ;       ;       ;
; Clock Skew             ; 0.077 ;       ;             ;            ;       ;       ;
; Data Delay             ; 1.107 ;       ;             ;            ;       ;       ;
; Number of Logic Levels ;       ; 0     ;             ;            ;       ;       ;
; Physical Delays        ;       ;       ;             ;            ;       ;       ;
;  Arrival Path          ;       ;       ;             ;            ;       ;       ;
;   Clock                ;       ;       ;             ;            ;       ;       ;
;    IC                  ;       ; 3     ; 3.342       ; 66         ; 0.000 ; 2.074 ;
;    Cell                ;       ; 3     ; 1.719       ; 34         ; 0.452 ; 0.792 ;
;   Data                 ;       ;       ;             ;            ;       ;       ;
;    IC                  ;       ; 1     ; 0.602       ; 54         ; 0.602 ; 0.602 ;
;    Cell                ;       ; 2     ; 0.505       ; 46         ; 0.000 ; 0.505 ;
;    uTco                ;       ; 1     ; 0.000       ; 0          ; 0.000 ; 0.000 ;
;  Required Path         ;       ;       ;             ;            ;       ;       ;
;   Clock                ;       ;       ;             ;            ;       ;       ;
;    IC                  ;       ; 3     ; 3.995       ; 69         ; 0.000 ; 2.522 ;
;    Cell                ;       ; 3     ; 1.787       ; 31         ; 0.476 ; 0.792 ;
+------------------------+-------+-------+-------------+------------+-------+-------+
Note: Negative delays are omitted from totals when calculating percentages

+-------------------------------------------------------------------------------------------------------------------------------------+
; Data Arrival Path                                                                                                                   ;
+---------+---------+----+------+--------+------------------+-------------------------------------------------------------------------+
; Total   ; Incr    ; RF ; Type ; Fanout ; Location         ; Element                                                                 ;
+---------+---------+----+------+--------+------------------+-------------------------------------------------------------------------+
; 0.000   ; 0.000   ;    ;      ;        ;                  ; launch edge time                                                        ;
; 5.061   ; 5.061   ;    ;      ;        ;                  ; clock path                                                              ;
;   0.000 ;   0.000 ;    ;      ;        ;                  ; source latency                                                          ;
;   0.000 ;   0.000 ;    ;      ; 1      ; PIN_V11          ; FPGA_CLK1_50                                                            ;
;   0.000 ;   0.000 ; RR ; IC   ; 1      ; IOIBUF_X32_Y0_N1 ; FPGA_CLK1_50~input|i                                                    ;
;   0.792 ;   0.792 ; RR ; CELL ; 2      ; IOIBUF_X32_Y0_N1 ; FPGA_CLK1_50~input|o                                                    ;
;   2.060 ;   1.268 ; RR ; IC   ; 1      ; CLKCTRL_G0       ; FPGA_CLK1_50~inputCLKENA0|inclk                                         ;
;   2.512 ;   0.452 ; RR ; CELL ; 706    ; CLKCTRL_G0       ; FPGA_CLK1_50~inputCLKENA0|outclk                                        ;
;   4.586 ;   2.074 ; RR ; IC   ; 1      ; FF_X1_Y4_N17     ; pll_cfg_hdmi|fpll_dprio_init_inst|rst_n[1]|clk                          ;
;   5.061 ;   0.475 ; RR ; CELL ; 1      ; FF_X1_Y4_N17     ; pll_cfg_hdmi:pll_cfg_hdmi|fpll_dprio_init:fpll_dprio_init_inst|rst_n[1] ;
; 6.168   ; 1.107   ;    ;      ;        ;                  ; data path                                                               ;
;   5.061 ;   0.000 ;    ; uTco ; 1      ; FF_X1_Y4_N17     ; pll_cfg_hdmi:pll_cfg_hdmi|fpll_dprio_init:fpll_dprio_init_inst|rst_n[1] ;
;   5.061 ;   0.000 ; FF ; CELL ; 9      ; FF_X1_Y4_N17     ; pll_cfg_hdmi|fpll_dprio_init_inst|rst_n[1]|q                            ;
;   5.663 ;   0.602 ; FF ; IC   ; 1      ; FF_X6_Y4_N10     ; pll_cfg_hdmi|fpll_dprio_init_inst|count[4]|clrn                         ;
;   6.168 ;   0.505 ; FF ; CELL ; 1      ; FF_X6_Y4_N10     ; pll_cfg_hdmi:pll_cfg_hdmi|fpll_dprio_init:fpll_dprio_init_inst|count[4] ;
+---------+---------+----+------+--------+------------------+-------------------------------------------------------------------------+

+--------------------------------------------------------------------------------------------------------------------------------------+
; Data Required Path                                                                                                                   ;
+---------+----------+----+------+--------+------------------+-------------------------------------------------------------------------+
; Total   ; Incr     ; RF ; Type ; Fanout ; Location         ; Element                                                                 ;
+---------+----------+----+------+--------+------------------+-------------------------------------------------------------------------+
; 0.000   ; 0.000    ;    ;      ;        ;                  ; latch edge time                                                         ;
; 5.138   ; 5.138    ;    ;      ;        ;                  ; clock path                                                              ;
;   0.000 ;   0.000  ;    ;      ;        ;                  ; source latency                                                          ;
;   0.000 ;   0.000  ;    ;      ; 1      ; PIN_V11          ; FPGA_CLK1_50                                                            ;
;   0.000 ;   0.000  ; RR ; IC   ; 1      ; IOIBUF_X32_Y0_N1 ; FPGA_CLK1_50~input|i                                                    ;
;   0.792 ;   0.792  ; RR ; CELL ; 2      ; IOIBUF_X32_Y0_N1 ; FPGA_CLK1_50~input|o                                                    ;
;   2.265 ;   1.473  ; RR ; IC   ; 1      ; CLKCTRL_G0       ; FPGA_CLK1_50~inputCLKENA0|inclk                                         ;
;   2.741 ;   0.476  ; RR ; CELL ; 706    ; CLKCTRL_G0       ; FPGA_CLK1_50~inputCLKENA0|outclk                                        ;
;   5.263 ;   2.522  ; RR ; IC   ; 1      ; FF_X6_Y4_N10     ; pll_cfg_hdmi|fpll_dprio_init_inst|count[4]|clk                          ;
;   5.782 ;   0.519  ; RR ; CELL ; 1      ; FF_X6_Y4_N10     ; pll_cfg_hdmi:pll_cfg_hdmi|fpll_dprio_init:fpll_dprio_init_inst|count[4] ;
;   5.138 ;   -0.644 ;    ;      ;        ;                  ; clock pessimism removed                                                 ;
; 5.138   ; 0.000    ;    ;      ;        ;                  ; clock uncertainty                                                       ;
; 5.138   ; 0.000    ;    ; uTh  ; 1      ; FF_X6_Y4_N10     ; pll_cfg_hdmi:pll_cfg_hdmi|fpll_dprio_init:fpll_dprio_init_inst|count[4] ;
+---------+----------+----+------+--------+------------------+-------------------------------------------------------------------------+

----------------------------
; Extra Fitter Information ;
----------------------------
HTML report is unavailable in plain text report export.


