%Warning-IMPLICITSTATIC: sys\arcade_video.v:270:13: Variable's lifetime implicitly set to static (IEEE 1800-2023 6.21)
                                                  : ... The initializer value will only be set once
                                                  : ... Suggest use 'static' before variable declaration'
  270 |  reg [11:0] hcnt = 0, vcnt = 0;
      |             ^~~~
                         ... For warning description see https://verilator.org/warn/IMPLICITSTATIC?v=5.051
                         ... Use "/* verilator lint_off IMPLICITSTATIC */" and lint_on around source to disable this message.
%Warning-IMPLICITSTATIC: sys\arcade_video.v:270:23: Variable's lifetime implicitly set to static (IEEE 1800-2023 6.21)
                                                  : ... The initializer value will only be set once
                                                  : ... Suggest use 'static' before variable declaration'
  270 |  reg [11:0] hcnt = 0, vcnt = 0;
      |                       ^~~~
%Warning-IMPLICITSTATIC: sys\arcade_video.v:302:13: Variable's lifetime implicitly set to static (IEEE 1800-2023 6.21)
                                                  : ... The initializer value will only be set once
                                                  : ... Suggest use 'static' before variable declaration'
  302 |  reg [13:0] hcnt = 0;
      |             ^~~~
%Warning-WIDTHEXPAND: sys\arcade_video.v:284:33: Operator ADD expects 12 bits on the RHS, but RHS's CONST '2'h3' generates 2 bits.
                                               : ... note: In instance 'screen_rotate'
  284 |    if( do_flip ) bwidth <= hcnt + 2'd3;
      |                                 ^
                      ... For warning description see https://verilator.org/warn/WIDTHEXPAND?v=5.051
                      ... Use "/* verilator lint_off WIDTHEXPAND */" and lint_on around source to disable this message.
%Warning-WIDTHEXPAND: sys\arcade_video.v:288:34: Operator ADD expects 12 bits on the RHS, but RHS's CONST '2'h3' generates 2 bits.
                                               : ... note: In instance 'screen_rotate'
  288 |    if( !do_flip ) bwidth <= vcnt + 2'd3;
      |                                  ^
%Warning-WIDTHEXPAND: sys\arcade_video.v:292:44: Operator COND expects 23 bits on the Conditional True, but Conditional True's VARREF 'vsz' generates 12 bits.
                                               : ... note: In instance 'screen_rotate'
  292 |   if(old_vs & ~VGA_VS) bufsize <= (do_flip ? vsz : hsz ) * stride;
      |                                            ^
%Warning-WIDTHEXPAND: sys\arcade_video.v:292:44: Operator COND expects 23 bits on the Conditional False, but Conditional False's VARREF 'hsz' generates 12 bits.
                                               : ... note: In instance 'screen_rotate'
  292 |   if(old_vs & ~VGA_VS) bufsize <= (do_flip ? vsz : hsz ) * stride;
      |                                            ^
%Warning-WIDTHEXPAND: sys\arcade_video.v:312:25: Operator SUB expects 23 bits on the RHS, but RHS's CONST '3'h4' generates 3 bits.
                                               : ... note: In instance 'screen_rotate'
  312 |     do_flip    ? bufsize-3'd4 :
      |                         ^
%Warning-WIDTHEXPAND: sys\arcade_video.v:313:27: Operator SUB expects 23 bits on the RHS, but RHS's VARREF 'stride' generates 14 bits.
                                               : ... note: In instance 'screen_rotate'
  313 |     rotate_ccw ? (bufsize - stride) : {vsz-1'd1, 2'b00};
      |                           ^
%Warning-WIDTHEXPAND: sys\arcade_video.v:313:16: Operator COND expects 23 bits on the Conditional False, but Conditional False's REPLICATE generates 14 bits.
                                               : ... note: In instance 'screen_rotate'
  313 |     rotate_ccw ? (bufsize - stride) : {vsz-1'd1, 2'b00};
      |                ^
%Warning-WIDTHEXPAND: sys\arcade_video.v:314:36: Operator SUB expects 12 bits on the RHS, but RHS's CONST '2'h2' generates 2 bits.
                                               : ... note: In instance 'screen_rotate'
  314 |    hcnt <= rotate_ccw ? 3'd4 : {vsz-2'd2, 2'b00};
      |                                    ^
%Warning-WIDTHEXPAND: sys\arcade_video.v:314:23: Operator COND expects 14 bits on the Conditional True, but Conditional True's CONST '3'h4' generates 3 bits.
                                               : ... note: In instance 'screen_rotate'
  314 |    hcnt <= rotate_ccw ? 3'd4 : {vsz-2'd2, 2'b00};
      |                       ^
%Warning-WIDTHEXPAND: sys\arcade_video.v:321:27: Operator SUB expects 23 bits on the RHS, but RHS's CONST '3'h4' generates 3 bits.
                                               : ... note: In instance 'screen_rotate'
  321 |     do_flip    ? next_addr-3'd4 :
      |                           ^
%Warning-WIDTHEXPAND: sys\arcade_video.v:322:29: Operator SUB expects 23 bits on the RHS, but RHS's VARREF 'stride' generates 14 bits.
                                               : ... note: In instance 'screen_rotate'
  322 |     rotate_ccw ? (next_addr - stride) : (next_addr + stride);
      |                             ^
%Warning-WIDTHEXPAND: sys\arcade_video.v:322:52: Operator ADD expects 23 bits on the RHS, but RHS's VARREF 'stride' generates 14 bits.
                                               : ... note: In instance 'screen_rotate'
  322 |     rotate_ccw ? (next_addr - stride) : (next_addr + stride);
      |                                                    ^
%Warning-WIDTHEXPAND: sys\arcade_video.v:325:39: Operator SUB expects 23 bits on the RHS, but RHS's VARREF 'stride' generates 14 bits.
                                               : ... note: In instance 'screen_rotate'
  325 |    next_addr <= rotate_ccw ? (bufsize - stride + hcnt) : hcnt;
      |                                       ^
%Warning-WIDTHEXPAND: sys\arcade_video.v:325:48: Operator ADD expects 23 bits on the RHS, but RHS's VARREF 'hcnt' generates 14 bits.
                                               : ... note: In instance 'screen_rotate'
  325 |    next_addr <= rotate_ccw ? (bufsize - stride + hcnt) : hcnt;
      |                                                ^
%Warning-WIDTHEXPAND: sys\arcade_video.v:325:28: Operator COND expects 23 bits on the Conditional False, but Conditional False's VARREF 'hcnt' generates 14 bits.
                                               : ... note: In instance 'screen_rotate'
  325 |    next_addr <= rotate_ccw ? (bufsize - stride + hcnt) : hcnt;
      |                            ^
%Warning-WIDTHEXPAND: sys\arcade_video.v:326:31: Operator ADD expects 14 bits on the RHS, but RHS's CONST '3'h4' generates 3 bits.
                                               : ... note: In instance 'screen_rotate'
  326 |    hcnt <= rotate_ccw ? (hcnt + 3'd4) : (hcnt - 3'd4);
      |                               ^
%Warning-WIDTHEXPAND: sys\arcade_video.v:326:47: Operator SUB expects 14 bits on the RHS, but RHS's CONST '3'h4' generates 3 bits.
                                               : ... note: In instance 'screen_rotate'
  326 |    hcnt <= rotate_ccw ? (hcnt + 3'd4) : (hcnt - 3'd4);
      |                                               ^
- V e r i l a t i o n   R e p o r t: Verilator 5.051 devel rev v5.050-312-gb1c06fdb0 (mod)
- Verilator: Built from 0.043 MB sources in 5 modules, into 0.067 MB in 5 C++ files needing 0.000 MB
- Verilator: Walltime 0.020 s (elab=0.002, cvt=0.007, bld=0.000); cpu 0.000 s on 1 threads; allocated 15.508 MB
