rtl/drmicro_video.sv:57: sorry: constant selects in always_* processes are not fully supported (the process will be sensitive to all bits in 'tile_y[7:0]').
rtl/drmicro_video.sv:57: sorry: constant selects in always_* processes are not fully supported (the process will be sensitive to all bits in 'tile_y[7:0]').
rtl/drmicro_video.sv:58: sorry: constant selects in always_* processes are not fully supported (the process will be sensitive to all bits in 'tile_y[7:0]').
rtl/drmicro_video.sv:58: sorry: constant selects in always_* processes are not fully supported (the process will be sensitive to all bits in 'tile_y[7:0]').
rtl/drmicro_video.sv:59: sorry: constant selects in always_* processes are not fully supported (the process will be sensitive to all bits in 'sp[3:0]').
rtl/drmicro_video.sv:59: sorry: constant selects in always_* processes are not fully supported (the process will be sensitive to all bits in 'sp[3:0]').
rtl/drmicro_video.sv:60: sorry: constant selects in always_* processes are not fully supported (the process will be sensitive to all bits in 'sp[3:0]').
rtl/drmicro_video.sv:60: sorry: constant selects in always_* processes are not fully supported (the process will be sensitive to all bits in 'sp[3:0]').
rtl/drmicro_video.sv:61: sorry: constant selects in always_* processes are not fully supported (the process will be sensitive to all bits in 'sp[3:0]').
rtl/drmicro_video.sv:61: sorry: constant selects in always_* processes are not fully supported (the process will be sensitive to all bits in 'sp[3:0]').
rtl/drmicro_video.sv:62: sorry: constant selects in always_* processes are not fully supported (the process will be sensitive to all bits in 'sp[3:0]').
rtl/drmicro_video.sv:62: sorry: constant selects in always_* processes are not fully supported (the process will be sensitive to all bits in 'sp[3:0]').
rtl/drmicro_video.sv:65: sorry: constant selects in always_* processes are not fully supported (the process will be sensitive to all bits in 'attr[7:0]').
rtl/drmicro_video.sv:66: sorry: constant selects in always_* processes are not fully supported (the process will be sensitive to all bits in 'sattr[7:0]').
rtl/drmicro_video.sv:66: sorry: constant selects in always_* processes are not fully supported (the process will be sensitive to all bits in 'schr[7:0]').
rtl/drmicro_video.sv:66: sorry: constant selects in always_* processes are not fully supported (the process will be sensitive to all bits in 'row[3:0]').
rtl/drmicro_video.sv:66: sorry: constant selects in always_* processes are not fully supported (the process will be sensitive to all bits in 'schr[7:0]').
rtl/drmicro_video.sv:66: sorry: constant selects in always_* processes are not fully supported (the process will be sensitive to all bits in 'row[3:0]').
rtl/drmicro_video.sv:68: sorry: constant selects in always_* processes are not fully supported (the process will be sensitive to all bits in 'sample_x[3:0]').
rtl/drmicro_video.sv:68: sorry: constant selects in always_* processes are not fully supported (the process will be sensitive to all bits in 'sample_x[3:0]').
rtl/drmicro_video.sv:68: sorry: constant selects in always_* processes are not fully supported (the process will be sensitive to all bits in 'sample_x[3:0]').
rtl/drmicro_video.sv:69: sorry: constant selects in always_* processes are not fully supported (the process will be sensitive to all bits in 'sample_x[3:0]').
rtl/drmicro_video.sv:69: sorry: constant selects in always_* processes are not fully supported (the process will be sensitive to all bits in 'sample_x[3:0]').
rtl/drmicro_video.sv:71: sorry: constant selects in always_* processes are not fully supported (the process will be sensitive to all bits in 'target[7:0]').
rtl/drmicro_video.sv:72: sorry: constant selects in always_* processes are not fully supported (the process will be sensitive to all bits in 'attr[7:0]').
rtl/drmicro_video.sv:72: sorry: constant selects in always_* processes are not fully supported (the process will be sensitive to all bits in 'attr[7:0]').
rtl/drmicro_video.sv:72: sorry: constant selects in always_* processes are not fully supported (the process will be sensitive to all bits in 'raw[2:0]').
rtl/drmicro_video.sv:74: sorry: constant selects in always_* processes are not fully supported (the process will be sensitive to all bits in 'target[7:0]').
rtl/drmicro_video.sv:75: sorry: constant selects in always_* processes are not fully supported (the process will be sensitive to all bits in 'sattr[7:0]').
rtl/drmicro_video.sv:75: sorry: constant selects in always_* processes are not fully supported (the process will be sensitive to all bits in 'sattr[7:0]').
rtl/drmicro_video.sv:75: sorry: constant selects in always_* processes are not fully supported (the process will be sensitive to all bits in 'raw[2:0]').
